11-20 02:52:32.093  2947  2947 D ApplicationLoaders: ignored Vulkan layer search path /system/priv-app/GmsCore/lib/arm64:/system/fake-libs64:/system/priv-app/GmsCore/GmsCore.apk!/lib/arm64-v8a:/system/lib64:/vendor/lib64 for namespace 0x7fa31210f0
11-20 02:52:32.108  2947  2947 I DynamiteModule: Considering local module com.google.android.gms.googlecertificates:0 and remote module com.google.android.gms.googlecertificates:4
11-20 02:52:32.108  2947  2947 I DynamiteModule: Selected remote version of com.google.android.gms.googlecertificates, version >= 4
11-20 02:52:32.109  1436  2335 I ActivityManager: Setting hasTopUi=false for pid=1677
11-20 02:52:32.111  1677  1677 D PhoneStatusBar: disable: < expand icons* alerts system_info* back home recent clock search quick_settings >
11-20 02:52:32.118  2947  2947 W System  : ClassLoader referenced unknown path: 
11-20 02:52:32.119  2947  2947 W System  : ClassLoader referenced unknown path: /system/priv-app/GmsCore/lib/arm64
11-20 02:52:32.120  2947  2947 D ApplicationLoaders: ignored Vulkan layer search path /system/priv-app/GmsCore/lib/arm64:/system/fake-libs64:/system/priv-app/GmsCore/GmsCore.apk!/lib/arm64-v8a:/system/lib64:/vendor/lib64 for namespace 0x7fa3121160
11-20 02:52:32.138  2987  2987 I CarrierServices: [1] CarrierServicesReleaseApp.onCreate: Primes set up successful
11-20 02:52:32.141  2947  2947 W System  : ClassLoader referenced unknown path: /data/user_de/0/com.google.android.gms/app_chimera/m/00000001/n/arm64-v8a
11-20 02:52:32.151  2947  2947 D GoogleCertificates: com.google.android.gms.googlecertificates module is loaded
11-20 02:52:32.176  2987  2987 W Bugle   : Factory.getPhoneUtils: invalid subId = -1
11-20 02:52:32.177  2987  3015 D CrashMetricService: onPrimesInitialize
11-20 02:52:32.179  2987  2987 V RcsProvisioning: No legacy config file found, migration not necessary
11-20 02:52:32.179  2987  2987 W Bugle   : Factory.getPhoneUtils: invalid subId = -1
11-20 02:52:32.180  2966  2971 I art     : Do partial code cache collection, code=0B, data=15KB
11-20 02:52:32.181  2966  2971 I art     : After code cache collection, code=0B, data=15KB
11-20 02:52:32.181  2966  2971 I art     : Increasing code cache capacity to 128KB
11-20 02:52:32.184  2987  2987 W RcsProvisioning: Failed to read configuration: /data/user/0/com.google.android.ims/files/hvconfig (No such file or directory)
11-20 02:52:32.184  2987  2987 D RcsProvisioning: Retrieving backup token
11-20 02:52:32.184  2987  2987 W Bugle   : Factory.getPhoneUtils: invalid subId = -1
11-20 02:52:32.224  2947  2947 D CarrierServices: log_saver already enabled
11-20 02:52:32.288  2987  2987 D RcsProvisioning: No backup token found
11-20 02:52:32.306  2987  2987 I CarrierServices: [1] CarrierServicesReleaseApp.onCreate: CarrierServices.apk is not sim call manager. Not enabling MMTel.
11-20 02:52:32.364  1436  2291 I ActivityManager: Start proc 3026:com.google.android.calendar/u0a47 for broadcast com.google.android.calendar/.alerts.AlertReceiver
11-20 02:52:32.380  1436  1963 I ActivityManager: Killing 2362:com.qualcomm.location.XT/1000 (adj 906): empty #17
11-20 02:52:32.391  1436  1935 D ActivityManager: cleanUpApplicationRecord -- 2362
11-20 02:52:32.393  3026  3026 W System  : ClassLoader referenced unknown path: /system/app/CalendarGoogle/lib/arm64
11-20 02:52:32.401   749   749 I MSM-irqbalance: Discovered a new IRQ: 193
11-20 02:52:32.401   749   749 I MSM-irqbalance: Discovered a new IRQ: 194
11-20 02:52:32.403   749   749 I MSM-irqbalance: Decided to move IRQ3 from CPU1 [P:0] to CPU5 [P:1] (banned)
11-20 02:52:32.403   749   749 I MSM-irqbalance: Decided to move IRQ5 from CPU1 [P:0] to CPU7 [P:1] (banned)
11-20 02:52:32.403   749   749 I MSM-irqbalance: Decided to move IRQ3 from CPU2 [P:0] to CPU4 [P:1] (banned)
11-20 02:52:32.403   749   749 I MSM-irqbalance: Decided to move IRQ5 from CPU2 [P:0] to CPU6 [P:1] (banned)
11-20 02:52:32.404   749   749 I MSM-irqbalance: Decided to move IRQ194 from CPU0 [P:0] to CPU5 [P:1] (banned)
11-20 02:52:32.404   749   749 I MSM-irqbalance: Decided to move IRQ193 from CPU0 [P:0] to CPU7 [P:1] (banned)
11-20 02:52:32.404   749   749 I MSM-irqbalance: Decided to move IRQ3 from CPU0 [P:0] to CPU4 [P:1] (banned)
11-20 02:52:32.404   749   749 I MSM-irqbalance: Decided to move IRQ5 from CPU0 [P:0] to CPU6 [P:1] (banned)
11-20 02:52:32.404   749   749 I MSM-irqbalance: Decided to move IRQ3 from CPU3 [P:0] to CPU5 [P:1] (banned)
11-20 02:52:32.404   749   749 I MSM-irqbalance: Decided to move IRQ5 from CPU3 [P:0] to CPU7 [P:1] (banned)
11-20 02:52:32.426  1641  1641 W WifiStateMachin: type=1400 audit(0.0:50): avc: denied { syslog_read } for scontext=u:r:system_server:s0 tcontext=u:r:kernel:s0 tclass=system permissive=0
11-20 02:52:32.531  1436  2336 I ActivityManager: Setting hasTopUi=true for pid=1677
11-20 02:52:32.532  1677  1677 D PhoneStatusBar: disable: < expand ICONS* alerts SYSTEM_INFO* back home recent clock search quick_settings >
11-20 02:52:32.596   603  1705 D NuPlayerDriver: stop(0xefd13000)
11-20 02:52:32.596   603  1705 D NuPlayerDriver: notifyListener_l(0xefd13000), (8, 0, 0), loop setting(0, 0)
11-20 02:52:32.598  1677  1689 W MessageQueue: Handler (android.media.MediaPlayer$EventHandler) {f69b47a} sending message to a Handler on a dead thread
11-20 02:52:32.598  1677  1689 W MessageQueue: java.lang.IllegalStateException: Handler (android.media.MediaPlayer$EventHandler) {f69b47a} sending message to a Handler on a dead thread
11-20 02:52:32.598  1677  1689 W MessageQueue: 	at android.os.MessageQueue.enqueueMessage(MessageQueue.java:543)
11-20 02:52:32.598  1677  1689 W MessageQueue: 	at android.os.Handler.enqueueMessage(Handler.java:643)
11-20 02:52:32.598  1677  1689 W MessageQueue: 	at android.os.Handler.sendMessageAtTime(Handler.java:612)
11-20 02:52:32.598  1677  1689 W MessageQueue: 	at android.os.Handler.sendMessageDelayed(Handler.java:582)
11-20 02:52:32.598  1677  1689 W MessageQueue: 	at android.os.Handler.sendMessage(Handler.java:519)
11-20 02:52:32.598  1677  1689 W MessageQueue: 	at android.media.MediaPlayer.postEventFromNative(MediaPlayer.java:3060)
11-20 02:52:32.598   603   603 D NuPlayerDriver: reset(0xefd13000) at state 8
11-20 02:52:32.610   603  2112 W AMessage: failed to post message as target looper for handler 0 is gone.
11-20 02:52:32.611   603  2112 D NuPlayerDriver: notifyResetComplete(0xefd13000)
11-20 02:52:32.725  1326  1396 W XTCC-5.1.0.23-d: [LOWIUtils] to_eScanTypeResponse - default case
11-20 02:52:32.739  1436  2336 I ActivityManager: Start proc 3068:com.google.android.configupdater/u0a7 for broadcast com.google.android.configupdater/.CertPin.CertPinUpdateRequestReceiver
11-20 02:52:32.742  1326  1396 W XTCC-5.1.0.23-d: [LOWIUtils] to_eScanTypeResponse - default case
11-20 02:52:32.742  1326  1396 W XTCC-5.1.0.23-d: [WifiScanner] WiFi scan result : [43] AP's
11-20 02:52:32.773  3068  3068 W System  : ClassLoader referenced unknown path: /system/priv-app/ConfigUpdater/lib/arm64
11-20 02:52:32.822  3068  3068 E ConfigUpdater: ignoring update request
11-20 02:52:32.827  3068  3068 E ConfigUpdater: ignoring update request
11-20 02:52:32.830  3068  3068 E ConfigUpdater: ignoring update request
11-20 02:52:32.832  3068  3068 E ConfigUpdater: ignoring update request
11-20 02:52:32.835  3068  3068 E ConfigUpdater: ignoring update request
11-20 02:52:32.837  3068  3068 E ConfigUpdater: ignoring update request
11-20 02:52:32.839  3068  3068 E ConfigUpdater: ignoring update request
11-20 02:52:32.852  1436  2339 I ActivityManager: Start proc 3100:com.google.android.contacts/u0a19 for broadcast com.google.android.contacts/com.google.android.apps.contacts.interactions.OnBootOrUpgradeReceiver
11-20 02:52:32.892  3100  3100 W System  : ClassLoader referenced unknown path: /system/priv-app/GoogleContacts/lib/arm64
11-20 02:52:33.018  3100  3100 I GAv4    : Google Analytics 10.2.98 is starting up. To enable debug logging on a device run:
11-20 02:52:33.018  3100  3100 I GAv4    :   adb shell setprop log.tag.GAv4 DEBUG
11-20 02:52:33.018  3100  3100 I GAv4    :   adb logcat -s GAv4
11-20 02:52:33.031  3100  3120 W GAv4    : AnalyticsReceiver is not registered or is disabled. Register the receiver for reliable dispatching on non-Google Play devices. See http://goo.gl/8Rd3yj for instructions.
11-20 02:52:33.036  3100  3120 W GAv4    : CampaignTrackingReceiver is not registered, not exported or is disabled. Installation campaign tracking is not possible. See http://goo.gl/8Rd3yj for instructions.
11-20 02:52:33.037  3100  3120 W GAv4    : AnalyticsService not registered in the app manifest. Hits might not be delivered reliably. See http://goo.gl/8Rd3yj for instructions.
11-20 02:52:33.105  1436  1935 I ActivityManager: Start proc 3127:com.google.android.deskclock/u0a46 for broadcast com.google.android.deskclock/com.android.deskclock.AlarmInitReceiver
11-20 02:52:33.111  1436  1487 I ActivityManager: Killing 2306:com.android.keychain/1000 (adj 906): empty #17
11-20 02:52:33.125  1436  2335 D ActivityManager: cleanUpApplicationRecord -- 2306
11-20 02:52:33.137  3127  3127 W System  : ClassLoader referenced unknown path: /system/app/DeskClockGoogle/lib/arm64
11-20 02:52:33.168   610   610 I ServiceManager: Waiting for service AtCmdFwd...
11-20 02:52:33.178  3127  3127 I GAv4    : Google Analytics 10.0.84 is starting up. To enable debug logging on a device run:
11-20 02:52:33.178  3127  3127 I GAv4    :   adb shell setprop log.tag.GAv4 DEBUG
11-20 02:52:33.178  3127  3127 I GAv4    :   adb logcat -s GAv4
11-20 02:52:33.186  3127  3145 W GAv4    : AnalyticsReceiver is not registered or is disabled. Register the receiver for reliable dispatching on non-Google Play devices. See http://goo.gl/8Rd3yj for instructions.
11-20 02:52:33.189  3127  3145 W GAv4    : CampaignTrackingReceiver is not registered, not exported or is disabled. Installation campaign tracking is not possible. See http://goo.gl/8Rd3yj for instructions.
11-20 02:52:33.191  3127  3145 W GAv4    : AnalyticsService not registered in the app manifest. Hits might not be delivered reliably. See http://goo.gl/8Rd3yj for instructions.
11-20 02:52:33.192  3127  3127 I AlarmClock: AlarmInitReceiver android.intent.action.BOOT_COMPLETED
11-20 02:52:33.207  2600  2600 I Dialer  : VoicemailModule.provideVoicemailClient - SDK below O
11-20 02:52:33.224  1436  1963 I ActivityManager: Start proc 3148:com.google.android.gm/u0a58 for broadcast com.google.android.gm/.GoogleMailDeviceStartupReceiver
11-20 02:52:33.230  1436  1963 I ActivityManager: Killing 2092:org.codeaurora.ims/1001 (adj 906): empty #17
11-20 02:52:33.250  1436  1942 D ActivityManager: cleanUpApplicationRecord -- 2092
11-20 02:52:33.281  3148  3148 W System  : ClassLoader referenced unknown path: /system/app/Gmail2/lib/arm64
11-20 02:52:33.312  2779  2779 W Finsky  : [1] com.google.android.finsky.application.d.cd(807): No account configured on this device.
11-20 02:52:33.398  3127  3163 I AlarmClock: Started indexing all application data.
11-20 02:52:33.419  3127  3163 W RingtoneManager: No READ_EXTERNAL_STORAGE permission, ignoring ringtones on ext storage
11-20 02:52:33.430  3127  3163 E ExtMediaPlayer-JNI: env->IsInstanceOf fails
11-20 02:52:33.430  3127  3163 E MediaPlayer-JNI: JNIMediaPlayerFactory: bIsQCMediaPlayerPresent 0
11-20 02:52:33.430  3127  3163 E ExtMediaPlayer-JNI: env->IsInstanceOf fails
11-20 02:52:33.430  3127  3163 E MediaPlayer-JNI: JNIMediaPlayerFactory: bIsQCMediaPlayerPresent 0
11-20 02:52:33.439   603  1717 I ExtendedNuUtils: printFileName fd(7) -> /data/system_de/0/ringtones/alarm_alert_cache
11-20 02:52:33.447   601   756 I ExtendedExtractor: QTIParser is prefered .. flags 2
11-20 02:52:33.448   601   756 D MMParserExtractor: setExtraFlags called with flags 2 for paser instance f1c2df00
11-20 02:52:33.448   601   756 D MMParserExtractor: using bigger parser buffers
11-20 02:52:33.448   601   756 I ExtendedExtractor: ExtendedExtractor::create 0xf1c2df00
11-20 02:52:33.451   603  3164 D NuPlayerDriver: notifyListener_l(0xf152ade0), (1, 0, 0), loop setting(0, 0)
11-20 02:52:33.451  3127  3163 D MediaPlayer: setSubtitleAnchor in MediaPlayer
11-20 02:52:33.454  3127  3163 D Ringtone: Successfully created local player
11-20 02:52:33.485  3127  3163 D AppIndexApi: Logging objectbis@264fe03
11-20 02:52:33.504  2203  2553 I chatty  : uid=10012(com.google.android.gms) lowpool[1] expire 1 line
11-20 02:52:33.506  3127  3163 I AlarmClock: Finished indexing all application data.
11-20 02:52:33.538  3148  3148 W EasBundling: in EasBundling.init, isBundlingEnabled=true
11-20 02:52:33.564  3148  3172 D ActivityThread: Loading provider com.google.android.gmail.provider;com.android.mail.notifier;com.google.android.gm.email.provider;com.google.android.gm.tasks.provider;com.google.android.gm.email.notifier: com.android.email.provider.EmailProvider
11-20 02:52:33.567  2203  2203 I chatty  : uid=10012 com.google.android.gms.persistent expire 1 line
11-20 02:52:33.733  1436  1486 W ActivityManager: Unable to start service Intent { cmp=com.google.android.gm/com.android.email.service.AttachmentService } U=0: not found
11-20 02:52:33.745  3148  3148 W GAV2    : Thread[main,5,main]: Need to call initialize() and be in fallback mode to start dispatch.
11-20 02:52:33.820  1436  1693 W ActivityManager: Unable to start service Intent { cmp=com.google.android.gm.exchange/com.android.exchange.service.EasService } U=0: not found
11-20 02:52:33.839  2203  3188 I chatty  : uid=10012 com.google.android.gms.persistent expire 3 lines
11-20 02:52:33.855  3148  3148 W EasBundling: ExchangeUpgradeReceiver: action=android.intent.action.BOOT_COMPLETED data=null
11-20 02:52:33.856  3148  3148 W EasBundling: ExchangeUpgradeUtils: isExchangeLegacy=false
11-20 02:52:33.886  1436  1963 W ActivityManager: Unable to start service Intent { cmp=com.google.android.gm.exchange/com.android.exchange.service.EasService } U=0: not found
11-20 02:52:33.903  1436  2338 I ActivityManager: Killing 2573:com.android.timerswitch/1000 (adj 906): empty #17
11-20 02:52:33.913  1436  1511 W libprocessgroup: failed to kill pid 2573: No such process
11-20 02:52:33.920  3148  3148 W Gmail   : ExperimentSnapshot: Didn't fetch remote config update
11-20 02:52:33.921  1436  1487 D ActivityManager: cleanUpApplicationRecord -- 2573
11-20 02:52:33.969  2477  3200 I chatty  : uid=10012(com.google.android.gms) expire 1 line
11-20 02:52:34.000  2441  2441 I SpeakerIdMUpgradeTask: App version upgraded to 300750616: running speaker ID model upgrade tasks.
11-20 02:52:34.003  2441  2441 I UtteranceUpgradeTask: App version upgraded to 300750616: running speaker utterance upgrade tasks.
11-20 02:52:34.021  1436  2337 I ActivityManager: Start proc 3205:com.android.chrome/u0a53 for service com.android.chrome/org.chromium.chrome.browser.customtabs.CustomTabsConnectionService
11-20 02:52:34.047  2441  2441 I SpeakerIdMUpgradeTaskV2: App version upgraded to 300750616: running speaker ID model upgrade tasks v2.
11-20 02:52:34.061  2987  2987 I CarrierServices: [1] BootCompletedReceiver.onReceive: Boot completed, Triggering provisioning if needed.
11-20 02:52:34.063  3205  3205 W System  : ClassLoader referenced unknown path: /system/app/Chrome/lib/arm
11-20 02:52:34.067  2987  2987 I CarrierServices: [1] ProvisioningService.a: Cs.apk is not sim call manager. Not scheduling provisioning.
11-20 02:52:34.086  2477  3218 I chatty  : uid=10012(com.google.android.gms) expire 1 line
11-20 02:52:34.094  2203  3224 I chatty  : uid=10012 com.google.android.gms.persistent expire 1 line
11-20 02:52:34.100  2987  2987 I CarrierServices: [1] RcsAutoStartReceiver.onReceive: carrierServicesJibeServiceEnabled changed from false to false
11-20 02:52:34.102  2987  2987 I CarrierServices: [1] RcsAutoStartReceiver.onReceive: enableRcs changed from false to false
11-20 02:52:34.103  2987  2987 I CarrierServices: [1] RcsAutoStartReceiver.onReceive: RcsAutoStartReceiver triggered. Fetching RCS State. Action: android.intent.action.BOOT_COMPLETED
11-20 02:52:34.116  1436  1963 I ActivityManager: Start proc 3229:com.google.android.inputmethod.japanese/u0a61 for broadcast com.google.android.inputmethod.japanese/com.google.android.apps.inputmethod.libs.framework.core.LauncherIconVisibilityInitializer
11-20 02:52:34.147  2203  2592 I chatty  : uid=10012(com.google.android.gms) Binder:2203_4 expire 1 line
11-20 02:52:34.163  3229  3229 W System  : ClassLoader referenced unknown path: /system/app/JapaneseIME/lib/arm64
11-20 02:52:34.168   610   610 I ServiceManager: Waiting for service AtCmdFwd...
11-20 02:52:34.217  2477  3200 I chatty  : uid=10012(com.google.android.gms) expire 1 line
11-20 02:52:34.221  1436  2291 W InputMethodManagerService: Window already focused, ignoring focus gain of: com.android.internal.view.IInputMethodClient$Stub$Proxy@5f6f50d attribute=null, token = android.os.BinderProxy@df24f68
11-20 02:52:34.230  1436  2338 I ActivityManager: Setting hasTopUi=false for pid=1677
11-20 02:52:34.231  1677  1677 D PhoneStatusBar: disable: < expand icons* alerts system_info* back home recent clock search quick_settings >
11-20 02:52:34.244  2477  3248 I chatty  : uid=10012(com.google.android.gms) expire 2 lines
11-20 02:52:34.246  2477  3255 I chatty  : uid=10012(com.google.android.gms) highpool[0] expire 2 lines
11-20 02:52:34.252  2477  3200 I chatty  : uid=10012(com.google.android.gms) expire 1 line
11-20 02:52:34.267  2477  3248 I chatty  : uid=10012(com.google.android.gms) expire 2 lines
11-20 02:52:34.269  3205  3205 W DynamiteModule: Local module descriptor class for com.google.android.gms.googlecertificates not found.
11-20 02:52:34.284  3205  3205 I DynamiteModule: Considering local module com.google.android.gms.googlecertificates:0 and remote module com.google.android.gms.googlecertificates:4
11-20 02:52:34.284  3205  3205 I DynamiteModule: Selected remote version of com.google.android.gms.googlecertificates, version >= 4
11-20 02:52:34.289  2477  3200 I chatty  : uid=10012(com.google.android.gms) expire 1 line
11-20 02:52:34.292  2477  3219 I chatty  : uid=10012(com.google.android.gms) expire 5 lines
11-20 02:52:34.299  2477  3267 I chatty  : uid=10012(com.google.android.gms) expire 3 lines
11-20 02:52:34.305  3229  3229 I AndroidIME: com.google.android.apps.inputmethod.libs.framework.core.LauncherIconVisibilityInitializerBase: android.intent.action.BOOT_COMPLETED
11-20 02:52:34.307  3205  3205 W System  : ClassLoader referenced unknown path: 
11-20 02:52:34.307  3205  3205 W System  : ClassLoader referenced unknown path: /system/priv-app/GmsCore/lib/arm
11-20 02:52:34.308  3205  3205 D ApplicationLoaders: ignored Vulkan layer search path /system/priv-app/GmsCore/lib/arm:/system/fake-libs:/system/priv-app/GmsCore/GmsCore.apk!/lib/armeabi-v7a:/system/lib:/vendor/lib for namespace 0xf3cc5090
11-20 02:52:34.320  1436  2291 I ActivityManager: Start proc 3270:com.google.android.inputmethod.korean/u0a65 for broadcast com.google.android.inputmethod.korean/com.google.android.apps.inputmethod.libs.framework.core.LauncherIconVisibilityInitializer
11-20 02:52:34.327  1436  2291 I ActivityManager: Killing 2656:com.qualcomm.display/1000 (adj 906): empty #17
11-20 02:52:34.345  2477  3266 I chatty  : uid=10012(com.google.android.gms) expire 7 lines
11-20 02:52:34.349  2477  3197 I chatty  : uid=10012(com.google.android.gms) expire 1 line
11-20 02:52:34.356  1436  1963 D ActivityManager: cleanUpApplicationRecord -- 2656
11-20 02:52:34.357  3205  3205 W System  : ClassLoader referenced unknown path: /data/user_de/0/com.google.android.gms/app_chimera/m/00000001/n/armeabi-v7a
11-20 02:52:34.357  3205  3205 W System  : ClassLoader referenced unknown path: /data/user_de/0/com.google.android.gms/app_chimera/m/00000001/n/armeabi
11-20 02:52:34.370  3270  3270 W System  : ClassLoader referenced unknown path: /system/app/KoreanIME/lib/arm64
11-20 02:52:34.382  2203  3201 I chatty  : uid=10012 com.google.android.gms.persistent expire 7 lines
11-20 02:52:34.412  2203  2216 I chatty  : uid=10012(com.google.android.gms) Binder:2203_2 expire 2 lines
11-20 02:52:34.413  2477  3265 I chatty  : uid=10012(com.google.android.gms) lowpool[3] expire 1 line
11-20 02:52:34.454  2477  3285 I chatty  : uid=10012(com.google.android.gms) expire 3 lines
11-20 02:52:34.503  2477  3290 I chatty  : uid=10012(com.google.android.gms) highpool[1] expire 8 lines
11-20 02:52:34.515  2477  3200 I chatty  : uid=10012(com.google.android.gms) expire 5 lines
11-20 02:52:34.518  3205  3205 W art     : Verification of void j.<clinit>() took 126.787ms
11-20 02:52:34.584  2203  2203 I chatty  : uid=10012 com.google.android.gms.persistent expire 4 lines
11-20 02:52:34.630  3270  3270 I ContactsDataManager: onContentChanged()
11-20 02:52:34.636  1436  1693 I ActivityManager: Killing 2184:com.google.android.marvin.talkback/u0a85 (adj 906): empty #17
11-20 02:52:34.637  3270  3270 I ShortcutsDataManager: onContentChanged()
11-20 02:52:34.648  3270  3270 I AndroidIME: android.app.ActivityThread: android.intent.action.BOOT_COMPLETED
11-20 02:52:34.653  1436  1963 I ActivityManager: Killing 2706:com.android.carrierconfig/u0a1 (adj 906): empty #17
11-20 02:52:34.657  1664  1664 I AndroidIME: android.app.ActivityThread: android.intent.action.BOOT_COMPLETED
11-20 02:52:34.678  1436  2334 I ActivityManager: Start proc 3313:com.google.android.inputmethod.pinyin/u0a56 for broadcast com.google.android.inputmethod.pinyin/com.google.android.apps.inputmethod.libs.framework.core.LauncherIconVisibilityInitializer
11-20 02:52:34.681  1436  2338 D ActivityManager: cleanUpApplicationRecord -- 2184
11-20 02:52:34.684  1436  2336 D ActivityManager: cleanUpApplicationRecord -- 2706
11-20 02:52:34.693  1436  2291 I ActivityManager: Setting hasTopUi=true for pid=1677
11-20 02:52:34.700  1677  1677 D PhoneStatusBar: disable: < expand ICONS* alerts SYSTEM_INFO* back home recent clock search quick_settings >
11-20 02:52:34.726  3313  3313 W System  : ClassLoader referenced unknown path: /system/app/GooglePinyinIME/lib/arm64
11-20 02:52:34.736  1436  2336 I ActivityManager: Start proc 3329:com.google.android.gms.ui/u0a12 for service com.google.android.gms/.chimera.UiIntentOperationService
11-20 02:52:34.795  3329  3329 I chatty  : uid=10012 com.google.android.gms.ui expire 9 lines
11-20 02:52:34.888  2477  3351 I chatty  : uid=10012(com.google.android.gms) expire 1 line
11-20 02:52:34.932  2477  3218 I chatty  : uid=10012(com.google.android.gms) expire 2 lines
11-20 02:52:34.934  3313  3313 E native  : data_manager.cc:521 Unable to load build-in data at: pinyin_system_emoji_dictionary with bundle library file: 'libpinyin_data_bundle_preload.so'.
11-20 02:52:34.948  3313  3313 E AndroidIME: com.google.android.apps.inputmethod.libs.hmm.AbstractHmmEngineFactory: Enroll data scheme failed.
11-20 02:52:34.963  2779  2791 W Finsky  : [22] com.google.android.finsky.application.d.cd(807): No account configured on this device.
11-20 02:52:34.967  2779  2791 I Finsky  : [22] com.google.android.finsky.contentfilterui.m.a(8): Received content filters request from sharedUserId=com.google.uid.shared:10012
11-20 02:52:34.968  3313  3313 I ContactsDataManager: onContentChanged()
11-20 02:52:34.971  3313  3313 I ShortcutsDataManager: onContentChanged()
11-20 02:52:34.973  2779  2791 W Finsky  : [22] com.google.android.finsky.application.d.cd(807): No account configured on this device.
11-20 02:52:34.974  2477  2477 I chatty  : uid=10012(com.google.android.gms) expire 1 line
11-20 02:52:34.975  3313  3313 I ContactsDataManager: onContentChanged()
11-20 02:52:34.977  3313  3313 I ShortcutsDataManager: onContentChanged()
11-20 02:52:34.980  2203  2215 I chatty  : uid=10012(com.google.android.gms) Binder:2203_1 expire 2 lines
11-20 02:52:34.996  3313  3313 I AndroidIME: android.app.ActivityThread: android.intent.action.BOOT_COMPLETED
11-20 02:52:35.010  1436  1486 I ActivityManager: Start proc 3363:com.google.android.keep/u0a64 for broadcast com.google.android.keep/.notification.ReminderNotificationReceiver
11-20 02:52:35.024  1436  1486 I ActivityManager: Killing 2740:com.android.managedprovisioning/u0a21 (adj 906): empty #17
11-20 02:52:35.039  1436  1942 D ActivityManager: cleanUpApplicationRecord -- 2740
11-20 02:52:35.084  3363  3363 W System  : ClassLoader referenced unknown path: /system/app/Keep/lib/arm64
11-20 02:52:35.103  2477  3228 I chatty  : uid=10012(com.google.android.gms) expire 2 lines
11-20 02:52:35.114  3329  3378 I chatty  : uid=10012 com.google.android.gms.ui expire 1 line
11-20 02:52:35.158  2203  2538 I chatty  : uid=10012(com.google.android.gms) Binder:2203_3 expire 2 lines
11-20 02:52:35.169   610   610 I ServiceManager: Waiting for service AtCmdFwd...
11-20 02:52:35.187  2477  3386 I chatty  : uid=10012(com.google.android.gms) expire 1 line
11-20 02:52:35.191  2477  3398 I chatty  : uid=10012(com.google.android.gms) expire 2 lines
11-20 02:52:35.265  2477  3251 I chatty  : uid=10012(com.google.android.gms) lowpool[2] expire 2 lines
11-20 02:52:35.280  2477  3381 I chatty  : uid=10012(com.google.android.gms) expire 1 line
11-20 02:52:35.291  2203  2561 I chatty  : uid=10012(com.google.android.gms) lowpool[3] expire 1 line
11-20 02:52:35.315  2203  3405 I chatty  : uid=10012(com.google.android.gms) NearbyDiscovery expire 1 line
11-20 02:52:35.536  1436  2292 I ActivityManager: Start proc 3441:com.google.android.onetimeinitializer/u0a17 for broadcast com.google.android.onetimeinitializer/.OneTimeInitializerReceiver
11-20 02:52:35.545  2203  2214 I chatty  : uid=10012(com.google.android.gms) HeapTaskDaemon expire 1 line
11-20 02:52:35.584  2477  3290 E ActivityThread: Failed to find provider info for com.google.android.wearable.settings
11-20 02:52:35.597  3441  3441 W System  : ClassLoader referenced unknown path: /system/priv-app/GoogleOneTimeInitializer/lib/arm64
11-20 02:52:35.606  1436  1487 I ActivityManager: Killing 2847:com.google.android.apps.inputmethod.hindi/u0a57 (adj 906): empty #17
11-20 02:52:35.617  1436  2292 D ActivityManager: cleanUpApplicationRecord -- 2847
11-20 02:52:35.622  3441  3441 V OneTimeInitializerReceiver: OneTimeInitializerReceiver.onReceive
11-20 02:52:35.627  3441  3465 V OneTimeService: OneTimeService.onHandleIntent
11-20 02:52:35.632  3441  3465 V OneTimeService: Already run, doing nothing.
11-20 02:52:35.637  1436  1963 I ActivityManager: Killing 2885:com.google.android.apps.maps/u0a79 (adj 906): empty #17
11-20 02:52:35.651  1436  1935 D ActivityManager: cleanUpApplicationRecord -- 2885
11-20 02:52:35.658  1436  2334 I BroadcastQueue: Delay finish: com.google.android.partnersetup/.RlzPingBroadcastReceiver
11-20 02:52:35.666  1436  1486 I BroadcastQueue: Resuming delayed broadcast
11-20 02:52:35.677  1436  1486 I ActivityManager: Start proc 3474:com.google.process.gapps/u0a51 for broadcast com.google.android.syncadapters.contacts/.ContactsSyncAdapterBroadcastReceiver
11-20 02:52:35.715  2539  3473 I RlzPingService: Setting next ping for 1511589177565
11-20 02:52:35.733  3474  3474 W System  : ClassLoader referenced unknown path: /system/app/GoogleContactsSyncAdapter/lib/arm64
11-20 02:52:35.756  2477  3290 I chatty  : uid=10012(com.google.android.gms) highpool[1] expire 2 lines
11-20 02:52:35.803  3474  3474 I GoogleHttpClient: GMS http client unavailable, use old client
11-20 02:52:35.824  3474  3474 I DpmTcmClient: RegisterTcmMonitor from: org.apache.http.impl.conn.TcmIdleTimerMonitor
11-20 02:52:35.840  2203  2557 I chatty  : uid=10012 com.google.android.gms.persistent expire 5 lines
11-20 02:52:35.854  1436  2334 I ActivityManager: Start proc 3496:com.google.android.talk/u0a86 for broadcast com.google.android.talk/com.google.android.apps.hangouts.service.broadcastreceiver.BootReceiver
11-20 02:52:35.882  2203  2203 I chatty  : uid=10012 com.google.android.gms.persistent expire 8 lines
11-20 02:52:35.882  3474  3501 I GoogleHttpClient: GMS http client unavailable, use old client
11-20 02:52:35.884  3474  3501 I DpmTcmClient: RegisterTcmMonitor from: org.apache.http.impl.conn.TcmIdleTimerMonitor
11-20 02:52:35.899  1436  2335 I ActivityManager: Start proc 3514:com.google.android.gms.unstable/u0a12 for service com.google.android.gms/.droidguard.DroidGuardService
11-20 02:52:35.904  3496  3496 W System  : ClassLoader referenced unknown path: /system/app/Hangouts/lib/arm64
11-20 02:52:35.918  1436  2337 I ActivityManager: Killing 2923:com.google.android.apps.messaging/u0a80 (adj 906): empty #17
11-20 02:52:35.926  2203  2537 I chatty  : uid=10012(com.google.android.gms) lowpool[0] expire 1 line
11-20 02:52:35.936  1436  1942 D ActivityManager: cleanUpApplicationRecord -- 2923
11-20 02:52:35.943  2203  2203 I chatty  : uid=10012 com.google.android.gms.persistent expire 2 lines
11-20 02:52:35.946  3514  3514 I chatty  : uid=10012 com.google.android.gms.unstable expire 1 line
11-20 02:52:35.948  2203  3462 I chatty  : uid=10012(com.google.android.gms) NearbyMessages expire 1 line
11-20 02:52:35.968  2203  2203 I chatty  : uid=10012 com.google.android.gms.persistent expire 3 lines
11-20 02:52:35.973  3514  3514 I chatty  : uid=10012 com.google.android.gms.unstable expire 4 lines
11-20 02:52:36.004  3514  3514 W System  : ClassLoader referenced unknown path: /system/priv-app/GmsCore/lib/arm64
11-20 02:52:36.010  3514  3514 V NativeCrypto: Registering com/google/android/gms/org/conscrypt/NativeCrypto's 259 native methods...
11-20 02:52:36.018  2203  2537 I GCoreUlr: Unregistering for aliased place alerts.
11-20 02:52:36.029  3514  3514 D NetworkSecurityConfig: No Network Security Config specified, using platform default
11-20 02:52:36.031  3514  3514 I ProviderInstaller: Installed default security provider GmsCore_OpenSSL
11-20 02:52:36.143  2203  2203 I GeofencerStateMachine: removeGeofences: removeRequest=RemoveGeofencingRequest[REMOVE_BY_PENDING_INTENT pendingIntent=PendingIntent[creatorPackage=com.google.android.gms], packageName=null]
11-20 02:52:36.144  2203  2203 I GeofencerStateMachine: removeGeofences: removeRequest=RemoveGeofencingRequest[REMOVE_BY_PENDING_INTENT pendingIntent=PendingIntent[creatorPackage=com.google.android.gms], packageName=null]
11-20 02:52:36.163  2203  2203 I GeofencerStateMachine: removeGeofences: removeRequest=RemoveGeofencingRequest[REMOVE_BY_PENDING_INTENT pendingIntent=PendingIntent[creatorPackage=com.google.android.gms], packageName=null]
11-20 02:52:36.169   610   610 I ServiceManager: Waiting for service AtCmdFwd...
11-20 02:52:36.183   600   754 D WVCdm   : Instantiating CDM.
11-20 02:52:36.189   600   754 I WVCdm   : CdmEngine::OpenSession
11-20 02:52:36.189   600   754 I WVCdm   : Level3 Library 4445 Mar 30 2016 13:23:54
11-20 02:52:36.195  2203  2532 W art     : Before Android 4.1, method double java.util.concurrent.ThreadLocalRandom.internalNextDouble(double, double) would have incorrectly overridden the package-private method in java.util.Random
11-20 02:52:36.195  2203  2203 I GeofencerStateMachine: removeGeofences: removeRequest=RemoveGeofencingRequest[REMOVE_BY_PENDING_INTENT pendingIntent=PendingIntent[creatorPackage=com.google.android.gms], packageName=null]
11-20 02:52:36.195  2203  2532 W art     : Before Android 4.1, method int java.util.concurrent.ThreadLocalRandom.internalNextInt(int, int) would have incorrectly overridden the package-private method in java.util.Random
11-20 02:52:36.195  2203  2532 W art     : Before Android 4.1, method long java.util.concurrent.ThreadLocalRandom.internalNextLong(long, long) would have incorrectly overridden the package-private method in java.util.Random
11-20 02:52:36.197  2203  2203 I GeofencerStateMachine: removeGeofences: removeRequest=RemoveGeofencingRequest[REMOVE_BY_PENDING_INTENT pendingIntent=PendingIntent[creatorPackage=com.google.android.gms], packageName=null]
11-20 02:52:36.199  2203  3415 W GCoreFlp: No location to return for getLastLocation()
11-20 02:52:36.200  2203  2203 I GeofencerStateMachine: removeGeofences: removeRequest=RemoveGeofencingRequest[REMOVE_BY_PENDING_INTENT pendingIntent=PendingIntent[creatorPackage=com.google.android.gms], packageName=null]
11-20 02:52:36.206  2203  3462 W NearbyMessages: LocationProvider returns null
11-20 02:52:36.213   600   754 W WVCdm   : Could not load liboemcrypto.so. Falling back to L3.  dlopen failed: library "liboemcrypto.so" not found
11-20 02:52:36.226  2203  3494 I BeaconBle: 'L' hardware scan: scan stopped, no clients
11-20 02:52:36.226  2203  3494 I BeaconBle: Scan canceled successfully.
11-20 02:52:36.234  2203  3494 I NearbyDirect: MagicPairScanner: BluetoothLeScanner is null, Bluetooth might be off. Enabled=false
11-20 02:52:36.235   600   754 I WVCdm   : CdmEngine::QueryKeyControlInfo
11-20 02:52:36.237   600   600 I WVCdm   : CdmEngine::GenerateKeyRequest
11-20 02:52:36.237   600   600 D WVCdm   : PrepareKeyRequest: nonce=1290043070
11-20 02:52:36.301  3514  3526 I DynamiteModule: Considering local module com.google.android.gms.googlecertificates:4 and remote module com.google.android.gms.googlecertificates:4
11-20 02:52:36.301  3514  3526 I DynamiteModule: Selected local version of com.google.android.gms.googlecertificates
11-20 02:52:36.337   600   754 I WVCdm   : CdmEngine::CloseSession
11-20 02:52:36.531  3496  3496 I Babel_telephony: TeleModule.onApplicationCreate
11-20 02:52:36.533  3496  3570 I Babel_SMS: MmsConfig: mnc/mcc: 0/0
11-20 02:52:36.534  3496  3570 I Babel_SMS: MmsConfig.loadMmsSettings
11-20 02:52:36.534  3496  3570 I Babel_SMS: MmsConfig.loadDeviceMmsSettings from API: userAgent=Android-Mms/2.0, uaProfUrl=http://www.google.com/oha/rdf/ua-profile-kila.xml
11-20 02:52:36.534  3496  3570 I Babel_SMS: MmsConfig.loadFromDatabase
11-20 02:52:36.542  3496  3570 E Babel_SMS: canonicalizeMccMnc: invalid mccmnc 
11-20 02:52:36.542  3496  3570 I Babel_SMS: MmsConfig.loadFromResources
11-20 02:52:36.543  3496  3570 E Babel_SMS: canonicalizeMccMnc: invalid mccmnc nullnull
11-20 02:52:36.543  3496  3570 I Babel_SMS: MmsConfig.loadMmsSettings: userAgent=Android-Mms/2.0, uaProfUrl=http://www.google.com/oha/rdf/ua-profile-kila.xml
11-20 02:52:36.543  3496  3496 I Babel_App: Startup - clean
11-20 02:52:36.550  3566  3566 I dex2oat : /system/bin/dex2oat --dex-file=/data/user/0/com.google.android.gms/app_fb/f.apk --oat-fd=47 --oat-location=/data/user/0/com.google.android.gms/app_fb/f.dex --compiler-filter=speed
11-20 02:52:36.563  3496  3496 D Babel_SmsDep: disabled
11-20 02:52:36.568  3496  3496 D Babel_SmsDepStand: count:2
11-20 02:52:36.571  3496  3496 D Babel_SmsDep: disabled
11-20 02:52:36.581  3496  3496 D Babel   : Scheduling babel db cleanup after reboot
11-20 02:52:36.592  3496  3496 D Babel_SmsDep: disabled
11-20 02:52:36.597  3496  3496 D Babel_SmsDepStand: count:2
11-20 02:52:36.601  3496  3496 D Babel_SmsDep: disabled
11-20 02:52:36.608  3496  3496 D Babel_SmsDep: disabled
11-20 02:52:36.612  3496  3496 W Babel   : On boot, found 0 ready accounts
11-20 02:52:36.627  3496  3496 I Babel_ConcService: Binding ConcurrentService
11-20 02:52:36.632  1436  1693 I ActivityManager: Start proc 3581:com.google.android.videos/u0a84 for broadcast com.google.android.videos/.service.drm.RefreshLicenseTaskService$Initializer
11-20 02:52:36.640  1436  2338 I ActivityManager: Killing 2233:com.android.printspooler/u0a71 (adj 906): empty #17
11-20 02:52:36.650  1436  1963 D ActivityManager: cleanUpApplicationRecord -- 2233
11-20 02:52:36.669  3496  3580 I Babel_ConcService: Scheduling delay with GcmNetworkManager of 284975 s for task fuuaccount_reg_renewal_23795_7 and tag network_connectivity_wakeup:persisted
11-20 02:52:36.674  3496  3580 I Babel_ConcService: Scheduling delay with GcmNetworkManager of 249234 s for task fxmDB_CLEANUP_245657790_3 and tag :persisted
11-20 02:52:36.678  3496  3596 I Babel_ConcService: Acquired partial wake lock to keep ConcurrentService alive
11-20 02:52:36.679  3581  3581 W System  : ClassLoader referenced unknown path: /system/app/Videos/lib/arm
11-20 02:52:36.683  3496  3596 D Babel_SmsDep: disabled
11-20 02:52:36.743  3496  3580 I Babel_ConcService: Scheduling delay with GcmNetworkManager of 3599 s for task fxmDB_CLEANUP_23244_3 and tag :persisted
11-20 02:52:36.746  3496  3599 D Babel_SmsDep: disabled
11-20 02:52:36.750  3496  3602 D Babel_SmsDepStand: count:2
11-20 02:52:36.750  3496  3602 D Babel_SmsDepNotif: not sms
11-20 02:52:36.750  3496  3602 D Babel_SmsDepUtil: imp:-1:3686
11-20 02:52:36.783  3496  3602 D Babel_Notif_Persistent: PersistentMessageNotifier.cancelOngoingNotification
11-20 02:52:36.785  3496  3602 D Babel_Notif_SMS: cancelOngoingNotification
11-20 02:52:36.786  3496  3596 I Babel_ConcService: Scheduling delay with GcmNetworkManager of 284974 s for task fuuaccount_reg_renewal_23423_6 and tag network_connectivity_wakeup:persisted
11-20 02:52:36.844  3566  3566 I dex2oat : dex2oat took 296.028ms (threads: 8) arena alloc=1059KB (1085320B) java alloc=101KB (104080B) native alloc=986KB (1010376B) free=4MB (4232504B)
11-20 02:52:36.852  3514  3526 W System  : ClassLoader referenced unknown path: 
11-20 02:52:36.858  3514  3526 I Adreno  : QUALCOMM build                   : d5ec573, Ib21c509e1c
11-20 02:52:36.858  3514  3526 I Adreno  : Build Date                       : 06/14/17
11-20 02:52:36.858  3514  3526 I Adreno  : OpenGL ES Shader Compiler Version: XE031.09.00.04
11-20 02:52:36.858  3514  3526 I Adreno  : Local Branch                     : 
11-20 02:52:36.858  3514  3526 I Adreno  : Remote Branch                    : 
11-20 02:52:36.858  3514  3526 I Adreno  : Remote Branch                    : 
11-20 02:52:36.858  3514  3526 I Adreno  : Reconstruct Branch               : 
11-20 02:52:36.869  3496  3602 I Babel_ConcService: Released partial wake lock as ConcurrentService became idle
11-20 02:52:36.905  3514  3526 I Adreno  : QUALCOMM build                   : d5ec573, Ib21c509e1c
11-20 02:52:36.905  3514  3526 I Adreno  : Build Date                       : 06/14/17
11-20 02:52:36.905  3514  3526 I Adreno  : OpenGL ES Shader Compiler Version: XE031.09.00.04
11-20 02:52:36.905  3514  3526 I Adreno  : Local Branch                     : 
11-20 02:52:36.905  3514  3526 I Adreno  : Remote Branch                    : 
11-20 02:52:36.905  3514  3526 I Adreno  : Remote Branch                    : 
11-20 02:52:36.905  3514  3526 I Adreno  : Reconstruct Branch               : 
11-20 02:52:36.925  3581  3581 I DpmTcmClient: RegisterTcmMonitor from: org.apache.http.impl.conn.TcmIdleTimerMonitor
11-20 02:52:36.935  3581  3581 I DpmTcmClient: RegisterTcmMonitor from: org.apache.http.impl.conn.TcmIdleTimerMonitor
11-20 02:52:37.148  3514  3526 I Adreno  : QUALCOMM build                   : d5ec573, Ib21c509e1c
11-20 02:52:37.148  3514  3526 I Adreno  : Build Date                       : 06/14/17
11-20 02:52:37.148  3514  3526 I Adreno  : OpenGL ES Shader Compiler Version: XE031.09.00.04
11-20 02:52:37.148  3514  3526 I Adreno  : Local Branch                     : 
11-20 02:52:37.148  3514  3526 I Adreno  : Remote Branch                    : 
11-20 02:52:37.148  3514  3526 I Adreno  : Remote Branch                    : 
11-20 02:52:37.148  3514  3526 I Adreno  : Reconstruct Branch               : 
11-20 02:52:37.170   610   610 W Atfwd_Sendcmd: AtCmdFwd service not published, waiting... retryCnt : 2
11-20 02:52:37.190  2779  2792 W Finsky  : [23] com.google.android.finsky.application.d.cd(807): No account configured on this device.
11-20 02:52:37.193  2779  2792 I Finsky  : [23] com.google.android.finsky.cn.a.a(72): Will not allow first-party apps signed by test keys
11-20 02:52:37.195  2779  2792 I Finsky  : [23] com.google.android.finsky.contentfilterui.m.a(8): Received content filters request from com.google.android.videos
11-20 02:52:37.197  2779  2792 W Finsky  : [23] com.google.android.finsky.application.d.cd(807): No account configured on this device.
11-20 02:52:37.217  2477  3290 I CheckinUtil: Classify the device as Phone.
11-20 02:52:37.226  1436  1963 I ActivityManager: Start proc 3646:com.google.android.youtube/u0a88 for broadcast com.google.android.youtube/com.google.android.libraries.youtube.mdx.background.MdxBackgroundScanBootReceiver
11-20 02:52:37.228  2477  3290 I EventLogChimeraService: Opted in for usage reporting
11-20 02:52:37.261  1436  1486 I ActivityManager: Killing 3068:com.google.android.configupdater/u0a7 (adj 906): empty #17
11-20 02:52:37.273  3646  3646 W System  : ClassLoader referenced unknown path: /system/app/YouTube/lib/arm64
11-20 02:52:37.274  1436  1693 D ActivityManager: cleanUpApplicationRecord -- 3068
11-20 02:52:37.285  2477  3290 I DpmTcmClient: RegisterTcmMonitor from: com.android.okhttp.TcmIdleTimerMonitor
11-20 02:52:37.287  2477  3290 I ProcessCheckinRequest: cookie is null
11-20 02:52:37.291  2477  3290 E ProcessCheckinRequest: CheckinNowTaskTag : Checkin failed: https://android.clients.google.com/checkin (request #0): java.net.UnknownHostException: Unable to resolve host "android.clients.google.com": No address associated with hostname
11-20 02:52:37.403   749   749 I MSM-irqbalance: Decided to move IRQ3 from CPU1 [P:0] to CPU5 [P:1] (banned)
11-20 02:52:37.404   749   749 I MSM-irqbalance: Decided to move IRQ5 from CPU1 [P:0] to CPU7 [P:1] (banned)
11-20 02:52:37.404   749   749 I MSM-irqbalance: Decided to move IRQ3 from CPU2 [P:0] to CPU4 [P:1] (banned)
11-20 02:52:37.404   749   749 I MSM-irqbalance: Decided to move IRQ5 from CPU2 [P:0] to CPU6 [P:1] (banned)
11-20 02:52:37.404   749   749 I MSM-irqbalance: Decided to move IRQ3 from CPU0 [P:0] to CPU5 [P:1] (banned)
11-20 02:52:37.404   749   749 I MSM-irqbalance: Decided to move IRQ5 from CPU0 [P:0] to CPU7 [P:1] (banned)
11-20 02:52:37.404   749   749 I MSM-irqbalance: Decided to move IRQ194 from CPU0 [P:0] to CPU4 [P:1] (banned)
11-20 02:52:37.405   749   749 I MSM-irqbalance: Decided to move IRQ3 from CPU3 [P:0] to CPU6 [P:1] (banned)
11-20 02:52:37.405   749   749 I MSM-irqbalance: Decided to move IRQ5 from CPU3 [P:0] to CPU5 [P:1] (banned)
11-20 02:52:37.562  3646  3669 W System  : ClassLoader referenced unknown path: /system/priv-app/GmsCore/lib/arm64
11-20 02:52:37.564  3646  3669 D ApplicationLoaders: ignored Vulkan layer search path /system/priv-app/GmsCore/lib/arm64:/system/fake-libs64:/system/priv-app/GmsCore/GmsCore.apk!/lib/arm64-v8a:/system/lib64:/vendor/lib64 for namespace 0x7fa31210f0
11-20 02:52:37.578  3646  3669 W System  : ClassLoader referenced unknown path: /system/priv-app/GmsCore/lib/arm64
11-20 02:52:37.579  3646  3669 W System  : ClassLoader referenced unknown path: /system/priv-app/GmsCore/lib/arm64
11-20 02:52:37.584  3646  3669 W System  : ClassLoader referenced unknown path: /system/priv-app/GmsCore/lib/arm64
11-20 02:52:37.585  3646  3669 W System  : ClassLoader referenced unknown path: /system/priv-app/GmsCore/lib/arm64
11-20 02:52:37.586  2477  2477 I GAv4-SVC: Google Analytics 11.5.18 is starting up.
11-20 02:52:37.601  3646  3669 V NativeCrypto: Registering com/google/android/gms/org/conscrypt/NativeCrypto's 259 native methods...
11-20 02:52:37.623  3646  3669 D NetworkSecurityConfig: No Network Security Config specified, using platform default
11-20 02:52:37.625  3646  3669 I ProviderInstaller: Installed default security provider GmsCore_OpenSSL
11-20 02:52:37.641  3646  3671 W System  : ClassLoader referenced unknown path: 
11-20 02:52:37.641  3646  3671 W System  : ClassLoader referenced unknown path: /system/priv-app/GmsCore/lib/arm64
11-20 02:52:37.643  3646  3671 D ApplicationLoaders: ignored Vulkan layer search path /system/priv-app/GmsCore/lib/arm64:/system/fake-libs64:/system/priv-app/GmsCore/GmsCore.apk!/lib/arm64-v8a:/system/lib64:/vendor/lib64 for namespace 0x7fa3121160
11-20 02:52:37.663  3646  3671 W System  : ClassLoader referenced unknown path: /data/user_de/0/com.google.android.gms/app_chimera/m/00000002/n/arm64-v8a
11-20 02:52:37.677  3646  3671 D DynamitePackage: Instantiated singleton DynamitePackage.
11-20 02:52:37.677  3646  3671 D DynamitePackage: Instantiating com.google.android.gms.ads.adshield.ChimeraAdShieldCreatorImpl
11-20 02:52:37.756  3646  3671 W art     : Before Android 4.1, method double java.util.concurrent.ThreadLocalRandom.internalNextDouble(double, double) would have incorrectly overridden the package-private method in java.util.Random
11-20 02:52:37.756  3646  3671 W art     : Before Android 4.1, method int java.util.concurrent.ThreadLocalRandom.internalNextInt(int, int) would have incorrectly overridden the package-private method in java.util.Random
11-20 02:52:37.756  3646  3671 W art     : Before Android 4.1, method long java.util.concurrent.ThreadLocalRandom.internalNextLong(long, long) would have incorrectly overridden the package-private method in java.util.Random
11-20 02:52:37.826  3646  3674 W YouTube : ECatcher disabled: level: ERROR, category: logging, message: Failed delayed event dispatch, no dispatchers.
11-20 02:52:37.826  3646  3674 W YouTube : java.lang.Exception
11-20 02:52:37.826  3646  3674 W YouTube : 	at xeb.a(SourceFile:3)
11-20 02:52:37.826  3646  3674 W YouTube : 	at xbt.c(SourceFile:97)
11-20 02:52:37.826  3646  3674 W YouTube : 	at xcb.run(Unknown Source)
11-20 02:52:37.826  3646  3674 W YouTube : 	at java.util.concurrent.Executors$RunnableAdapter.call(Executors.java:428)
11-20 02:52:37.826  3646  3674 W YouTube : 	at java.util.concurrent.FutureTask.run(FutureTask.java:237)
11-20 02:52:37.826  3646  3674 W YouTube : 	at java.util.concurrent.ScheduledThreadPoolExecutor$ScheduledFutureTask.run(ScheduledThreadPoolExecutor.java:272)
11-20 02:52:37.826  3646  3674 W YouTube : 	at java.util.concurrent.ThreadPoolExecutor.runWorker(ThreadPoolExecutor.java:1133)
11-20 02:52:37.826  3646  3674 W YouTube : 	at java.util.concurrent.ThreadPoolExecutor$Worker.run(ThreadPoolExecutor.java:607)
11-20 02:52:37.826  3646  3674 W YouTube : 	at quh.run(SourceFile:24)
11-20 02:52:37.826  3646  3674 W YouTube : 	at java.lang.Thread.run(Thread.java:761)
11-20 02:52:37.984  1436  2336 I ActivityManager: Killing 3100:com.google.android.contacts/u0a19 (adj 906): empty #17
11-20 02:52:37.996  1436  1487 D ActivityManager: cleanUpApplicationRecord -- 3100
11-20 02:52:38.000  1907  1907 W System  : ClassLoader referenced unknown path: /system/priv-app/dpmserviceapp/lib/arm64
11-20 02:52:38.001  1907  1907 D ApplicationLoaders: ignored Vulkan layer search path /system/priv-app/dpmserviceapp/lib/arm64:/system/priv-app/dpmserviceapp/dpmserviceapp.apk!/lib/arm64-v8a:/system/lib64:/vendor/lib64 for namespace 0x7fa31220f0
11-20 02:52:38.004  1907  1907 D DpmServiceAppReceiver: Received Intent Intent { act=android.intent.action.BOOT_COMPLETED flg=0x9000010 cmp=com.qti.dpmserviceapp/.DpmServiceAppReceiver (has extras) }
11-20 02:52:38.005  1907  1907 W ContextImpl: Calling a method in the system process without a qualified user: android.app.ContextImpl.startService:1357 android.content.ContextWrapper.startService:613 android.content.ContextWrapper.startService:613 com.qti.dpmserviceapp.DpmServiceAppReceiver.onReceive:33 android.app.ActivityThread.handleReceiver:3041 
11-20 02:52:38.007  1907  1907 D DpmServiceAppReceiver: DpmService Auto Boot Started Successfully
11-20 02:52:38.008  1907  1907 D DpmServiceApp: start dpm
11-20 02:52:38.010  2260  2260 I BootCompletReceiver: onreceive : Intent { act=android.intent.action.BOOT_COMPLETED flg=0x9000010 cmp=com.qti.launcherunreadservice/.BootCompletReceiver (has extras) }
11-20 02:52:38.011  2260  2260 W ContextImpl: Calling a method in the system process without a qualified user: android.app.ContextImpl.startService:1357 android.content.ContextWrapper.startService:613 android.content.ContextWrapper.startService:613 com.qti.launcherunreadservice.BootCompletReceiver.onReceive:41 android.app.ActivityThread.handleReceiver:3041 
11-20 02:52:38.013  1907  1907 E DPMJ    : |SERVICE| DPM SERVICE REGISTER SERVICE FOR NETWORK CHANGE.
11-20 02:52:38.016  2260  2260 D LauncherUnreadService: onStartCommand Intent { cmp=com.qti.launcherunreadservice/.LauncherUnreadService }
11-20 02:52:38.019  1907  1907 E DPMJ    : |SERVICE| dpmd : No internet connection
11-20 02:52:38.022  1907  3764 I DPMJ    : |REQ:RCVR| DPM creating socket
11-20 02:52:38.023  1907  3764 I DPMJ    : |REQ:RCVR| Connected to 'dpmd' socket
11-20 02:52:38.024  1907  3764 I DPMJ    : |SERVICE| DPM_D_REQ_REQUEST_GET_APP_INFO_LIST
11-20 02:52:38.028  1926  1926 W System  : ClassLoader referenced unknown path: /system/app/datastatusnotification/lib/arm64
11-20 02:52:38.029  1926  1926 D ApplicationLoaders: ignored Vulkan layer search path /system/app/datastatusnotification/lib/arm64:/system/app/datastatusnotification/datastatusnotification.apk!/lib/arm64-v8a:/system/lib64:/vendor/lib64 for namespace 0x7fa33b42b0
11-20 02:52:38.034  1436  2334 I chatty  : uid=1000(system) Binder:1436_9 expire 2 lines
11-20 02:52:38.038  1926  1926 D QcDataStatusNotification BootReceiver: Successfully started service
11-20 02:52:38.044  1926  1926 D QcDataStatusNotification Service: onStartCommand
11-20 02:52:38.044  2260  2260 I LauncherUnreadService: getMissMmsCount 0
11-20 02:52:38.045  1926  1926 D QC_RIL_OEM_HOOK: Starting QcrilMsgTunnel Service
11-20 02:52:38.049  1907  3764 I DPMJ    : |SERVICE| DPM_S_RSP_GET_FEATURE_STATUS
11-20 02:52:38.049  1907  3764 I DPMJ    : |SERVICE| DPM_S_RSP_GET_FEATURE_STATUS
11-20 02:52:38.049  1926  1926 D QC_RIL_OEM_HOOK: The QcrilMsgTunnelService will be connected soon 
11-20 02:52:38.049  2260  2260 W ContextImpl: Calling a method in the system process without a qualified user: android.app.ContextImpl.sendBroadcast:877 android.content.ContextWrapper.sendBroadcast:421 com.qti.launcherunreadservice.LauncherUnreadService.sendUnreadChangedBroadcast:310 com.qti.launcherunreadservice.LauncherUnreadService.onStartCommand:167 android.app.ActivityThread.handleServiceArgs:3327 
11-20 02:52:38.050  1436  2336 I chatty  : uid=1000(system) Binder:1436_B expire 2 lines
