11-20 11:45:00.102   659   794 E OMXNodeInstance: getParameter(293001a:qcom.decoder.h263, ??(0x7f000044)) ERROR: UnsupportedSetting(0x80001019)
11-20 11:45:00.103   659  1791 E OMXNodeInstance: getParameter(293001a:qcom.decoder.h263, ??(0x7f000044)) ERROR: UnsupportedSetting(0x80001019)
11-20 11:45:00.105  1733  1733 D KeyguardUpdateMonitor: received broadcast android.media.RINGER_MODE_CHANGED
11-20 11:45:00.105   659  1791 E OMX-VDEC-1080P: Extension: OMX.google.android.index.configureVideoTunnelMode not implemented
11-20 11:45:00.105   659  1791 E OMXNodeInstance: getExtensionIndex(293001a:qcom.decoder.h263, OMX.google.android.index.configureVideoTunnelMode) ERROR: NotImplemented(0x80001006)
11-20 11:45:00.107   659  1767 E OMX-VDEC-1080P: Extension: OMX.google.android.index.storeANWBufferInMetadata not implemented
11-20 11:45:00.108   659  1790 I OMX-VDEC-1080P: omx_vdec::component_deinit() complete
11-20 11:45:00.110   659  1790 I OMX-VDEC-1080P: Exit OMX vdec Destructor: fd=7
11-20 11:45:00.110   659  1790 I OMX-VDEC-1080P: Video slvp perflock released
11-20 11:45:00.112   678   678 I MediaPlayerService: MediaPlayerService::getOMX
11-20 11:45:00.112   678   678 I OMXClient: MuxOMX ctor
11-20 11:45:00.113   659   659 I OMXMaster: makeComponentInstance(OMX.qcom.video.decoder.wmv) in mediacodec process
11-20 11:45:00.116   659   659 I OMX-VDEC-1080P: Video slvp perflock acquired
11-20 11:45:00.117   659   659 I OMX-VDEC-1080P: component_init: OMX.qcom.video.decoder.wmv : fd=7
11-20 11:45:00.121   659   659 I OMX-VDEC-1080P: omx_vdec::component_init() success : fd=7
11-20 11:45:00.122   659  1767 E OMX-VDEC-1080P: get_parameter: OMX_IndexParamVideoProfileLevelQuerySupported ret NoMore for codec: OMX.qcom.video.decoder.wmv
11-20 11:45:00.123   659   659 E OMX-VDEC-1080P: Extension: OMX.google.android.index.storeANWBufferInMetadata not implemented
11-20 11:45:00.123   659   659 E OMX-VDEC-1080P: Extension: OMX.google.android.index.configureVideoTunnelMode not implemented
11-20 11:45:00.123   659   659 E OMX-VDEC-1080P: Extension: OMX.google.android.index.useAndroidNativeBuffer is supported
11-20 11:45:00.125   659  1791 E OMXNodeInstance: getParameter(293001b:qcom.decoder.wmv, ??(0x7f000044)) ERROR: UnsupportedSetting(0x80001019)
11-20 11:45:00.126   659   794 E OMXNodeInstance: getParameter(293001b:qcom.decoder.wmv, ??(0x7f000044)) ERROR: UnsupportedSetting(0x80001019)
11-20 11:45:00.127   659  1767 E OMX-VDEC-1080P: Extension: OMX.google.android.index.configureVideoTunnelMode not implemented
11-20 11:45:00.127   659  1767 E OMXNodeInstance: getExtensionIndex(293001b:qcom.decoder.wmv, OMX.google.android.index.configureVideoTunnelMode) ERROR: NotImplemented(0x80001006)
11-20 11:45:00.127   659   659 E OMX-VDEC-1080P: Extension: OMX.google.android.index.storeANWBufferInMetadata not implemented
11-20 11:45:00.128   659  1791 I OMX-VDEC-1080P: omx_vdec::component_deinit() complete
11-20 11:45:00.130   659  1791 I OMX-VDEC-1080P: Exit OMX vdec Destructor: fd=7
11-20 11:45:00.130   659  1791 I OMX-VDEC-1080P: Video slvp perflock released
11-20 11:45:00.132   678   678 I MediaPlayerService: MediaPlayerService::getOMX
11-20 11:45:00.133   678   678 I OMXClient: MuxOMX ctor
11-20 11:45:00.133   659   794 I OMXMaster: makeComponentInstance(OMX.qcom.video.decoder.wmv.secure) in mediacodec process
11-20 11:45:00.136   659   794 I OMX-VDEC-1080P: Video slvp perflock acquired
11-20 11:45:00.137   659   794 I OMX-VDEC-1080P: component_init: OMX.qcom.video.decoder.wmv : fd=7
11-20 11:45:00.141   659   794 I OMX-VDEC-1080P: omx_vdec::component_init() success : fd=7
11-20 11:45:00.141   659   659 E OMX-VDEC-1080P: get_parameter: OMX_IndexParamVideoProfileLevelQuerySupported ret NoMore for codec: OMX.qcom.video.decoder.wmv
11-20 11:45:00.141  1360  1749 I StatusBarManagerService: registerStatusBar bar=com.android.internal.statusbar.IStatusBar$Stub$Proxy@f952e6a
11-20 11:45:00.142   659   794 E OMX-VDEC-1080P: Extension: OMX.google.android.index.storeANWBufferInMetadata not implemented
11-20 11:45:00.142   659   794 E OMX-VDEC-1080P: Extension: OMX.google.android.index.configureVideoTunnelMode not implemented
11-20 11:45:00.142   659   794 E OMX-VDEC-1080P: Extension: OMX.google.android.index.useAndroidNativeBuffer is supported
11-20 11:45:00.144   659  1767 E OMXNodeInstance: getParameter(293001c:qcom.decoder.wmv.secure, ??(0x7f000044)) ERROR: UnsupportedSetting(0x80001019)
11-20 11:45:00.144   659   659 E OMXNodeInstance: getParameter(293001c:qcom.decoder.wmv.secure, ??(0x7f000044)) ERROR: UnsupportedSetting(0x80001019)
11-20 11:45:00.145   659   659 E OMX-VDEC-1080P: Extension: OMX.google.android.index.configureVideoTunnelMode not implemented
11-20 11:45:00.145   659   659 E OMXNodeInstance: getExtensionIndex(293001c:qcom.decoder.wmv.secure, OMX.google.android.index.configureVideoTunnelMode) ERROR: NotImplemented(0x80001006)
11-20 11:45:00.145   659   794 E OMX-VDEC-1080P: Extension: OMX.google.android.index.storeANWBufferInMetadata not implemented
11-20 11:45:00.145   659  1791 I OMX-VDEC-1080P: omx_vdec::component_deinit() complete
11-20 11:45:00.147   659  1791 I OMX-VDEC-1080P: Exit OMX vdec Destructor: fd=7
11-20 11:45:00.147   659  1791 I OMX-VDEC-1080P: Video slvp perflock released
11-20 11:45:00.149   678   678 I MediaPlayerService: MediaPlayerService::getOMX
11-20 11:45:00.149   678   678 I OMXClient: MuxOMX ctor
11-20 11:45:00.153   659  1790 I OMXMaster: makeComponentInstance(OMX.qcom.video.decoder.vc1) in mediacodec process
11-20 11:45:00.156   659  1790 I OMX-VDEC-1080P: Video slvp perflock acquired
11-20 11:45:00.157   659  1790 I OMX-VDEC-1080P: component_init: OMX.qcom.video.decoder.vc1 : fd=7
11-20 11:45:00.160   659  1790 I OMX-VDEC-1080P: omx_vdec::component_init() success : fd=7
11-20 11:45:00.160   659   794 E OMX-VDEC-1080P: get_parameter: OMX_IndexParamVideoProfileLevelQuerySupported ret NoMore for codec: OMX.qcom.video.decoder.vc1
11-20 11:45:00.161   659  1790 E OMX-VDEC-1080P: Extension: OMX.google.android.index.storeANWBufferInMetadata not implemented
11-20 11:45:00.161   659  1790 E OMX-VDEC-1080P: Extension: OMX.google.android.index.configureVideoTunnelMode not implemented
11-20 11:45:00.161   659  1790 E OMX-VDEC-1080P: Extension: OMX.google.android.index.useAndroidNativeBuffer is supported
11-20 11:45:00.162   659   659 E OMXNodeInstance: getParameter(293001d:qcom.decoder.vc1, ??(0x7f000044)) ERROR: UnsupportedSetting(0x80001019)
11-20 11:45:00.163   659  1767 E OMXNodeInstance: getParameter(293001d:qcom.decoder.vc1, ??(0x7f000044)) ERROR: UnsupportedSetting(0x80001019)
11-20 11:45:00.165   659  1767 E OMX-VDEC-1080P: Extension: OMX.google.android.index.configureVideoTunnelMode not implemented
11-20 11:45:00.165   659  1767 E OMXNodeInstance: getExtensionIndex(293001d:qcom.decoder.vc1, OMX.google.android.index.configureVideoTunnelMode) ERROR: NotImplemented(0x80001006)
11-20 11:45:00.165   659  1790 E OMX-VDEC-1080P: Extension: OMX.google.android.index.storeANWBufferInMetadata not implemented
11-20 11:45:00.165   659   659 I OMX-VDEC-1080P: omx_vdec::component_deinit() complete
11-20 11:45:00.167   659   659 I OMX-VDEC-1080P: Exit OMX vdec Destructor: fd=7
11-20 11:45:00.168   659   659 I OMX-VDEC-1080P: Video slvp perflock released
11-20 11:45:00.169   678   678 I MediaPlayerService: MediaPlayerService::getOMX
11-20 11:45:00.170   678   678 I OMXClient: MuxOMX ctor
11-20 11:45:00.170   659  1791 I OMXMaster: makeComponentInstance(OMX.qcom.video.decoder.vc1.secure) in mediacodec process
11-20 11:45:00.173   659  1791 I OMX-VDEC-1080P: Video slvp perflock acquired
11-20 11:45:00.175   659  1791 I OMX-VDEC-1080P: component_init: OMX.qcom.video.decoder.vc1 : fd=7
11-20 11:45:00.178   659  1791 I OMX-VDEC-1080P: omx_vdec::component_init() success : fd=7
11-20 11:45:00.179   659   659 E OMX-VDEC-1080P: get_parameter: OMX_IndexParamVideoProfileLevelQuerySupported ret NoMore for codec: OMX.qcom.video.decoder.vc1
11-20 11:45:00.180   659  1791 E OMX-VDEC-1080P: Extension: OMX.google.android.index.storeANWBufferInMetadata not implemented
11-20 11:45:00.180   659  1791 E OMX-VDEC-1080P: Extension: OMX.google.android.index.configureVideoTunnelMode not implemented
11-20 11:45:00.180   659  1791 E OMX-VDEC-1080P: Extension: OMX.google.android.index.useAndroidNativeBuffer is supported
11-20 11:45:00.181   659  1791 E OMXNodeInstance: getParameter(293001e:qcom.decoder.vc1.secure, ??(0x7f000044)) ERROR: UnsupportedSetting(0x80001019)
11-20 11:45:00.181   659   794 E OMXNodeInstance: getParameter(293001e:qcom.decoder.vc1.secure, ??(0x7f000044)) ERROR: UnsupportedSetting(0x80001019)
11-20 11:45:00.182   659   659 E OMX-VDEC-1080P: Extension: OMX.google.android.index.configureVideoTunnelMode not implemented
11-20 11:45:00.182   659   659 E OMXNodeInstance: getExtensionIndex(293001e:qcom.decoder.vc1.secure, OMX.google.android.index.configureVideoTunnelMode) ERROR: NotImplemented(0x80001006)
11-20 11:45:00.182   659  1791 E OMX-VDEC-1080P: Extension: OMX.google.android.index.storeANWBufferInMetadata not implemented
11-20 11:45:00.183   659  1767 I OMX-VDEC-1080P: omx_vdec::component_deinit() complete
11-20 11:45:00.187   659  1767 I OMX-VDEC-1080P: Exit OMX vdec Destructor: fd=7
11-20 11:45:00.187   659  1767 I OMX-VDEC-1080P: Video slvp perflock released
11-20 11:45:00.189   678   678 I MediaPlayerService: MediaPlayerService::getOMX
11-20 11:45:00.189   678   678 I OMXClient: MuxOMX ctor
11-20 11:45:00.189   659  1790 I OMXMaster: makeComponentInstance(OMX.qcom.video.decoder.divx) in mediacodec process
11-20 11:45:00.192   659  1790 I OMX-VDEC-1080P: Video slvp perflock acquired
11-20 11:45:00.193   659  1790 I OMX-VDEC-1080P: component_init: OMX.qcom.video.decoder.divx : fd=7
11-20 11:45:00.194   659  1790 E OMX-VDEC-1080P: DIVX 5/6 Decoder selected
11-20 11:45:00.196   659  1790 I OMX-VDEC-1080P: omx_vdec::component_init() success : fd=7
11-20 11:45:00.197   659  1791 E OMX-VDEC-1080P: get_parameter: OMX_IndexParamVideoProfileLevelQuerySupported ret NoMore for codec: OMX.qcom.video.decoder.divx
11-20 11:45:00.198   659  1790 E OMX-VDEC-1080P: Extension: OMX.google.android.index.storeANWBufferInMetadata not implemented
11-20 11:45:00.198   659  1790 E OMX-VDEC-1080P: Extension: OMX.google.android.index.configureVideoTunnelMode not implemented
11-20 11:45:00.198   659  1790 E OMX-VDEC-1080P: Extension: OMX.google.android.index.useAndroidNativeBuffer is supported
11-20 11:45:00.200   659   659 E OMXNodeInstance: getParameter(293001f:qcom.decoder.divx, ??(0x7f000044)) ERROR: UnsupportedSetting(0x80001019)
11-20 11:45:00.201   659   794 E OMXNodeInstance: getParameter(293001f:qcom.decoder.divx, ??(0x7f000044)) ERROR: UnsupportedSetting(0x80001019)
11-20 11:45:00.201   659   794 E OMX-VDEC-1080P: Extension: OMX.google.android.index.configureVideoTunnelMode not implemented
11-20 11:45:00.201   659   794 E OMXNodeInstance: getExtensionIndex(293001f:qcom.decoder.divx, OMX.google.android.index.configureVideoTunnelMode) ERROR: NotImplemented(0x80001006)
11-20 11:45:00.202   659   794 E OMX-VDEC-1080P: Extension: OMX.google.android.index.storeANWBufferInMetadata not implemented
11-20 11:45:00.202   659   794 I OMX-VDEC-1080P: omx_vdec::component_deinit() complete
11-20 11:45:00.203   659   794 I OMX-VDEC-1080P: Exit OMX vdec Destructor: fd=7
11-20 11:45:00.204   659   794 I OMX-VDEC-1080P: Video slvp perflock released
11-20 11:45:00.206   678   678 I MediaPlayerService: MediaPlayerService::getOMX
11-20 11:45:00.206   678   678 I OMXClient: MuxOMX ctor
11-20 11:45:00.206   659  1791 I OMXMaster: makeComponentInstance(OMX.qcom.video.decoder.divx311) in mediacodec process
11-20 11:45:00.209   659  1791 I OMX-VDEC-1080P: Video slvp perflock acquired
11-20 11:45:00.210   659  1791 I OMX-VDEC-1080P: component_init: OMX.qcom.video.decoder.divx311 : fd=7
11-20 11:45:00.212   659  1791 I OMX-VDEC-1080P: omx_vdec::component_init() success : fd=7
11-20 11:45:00.213   659  1790 E OMX-VDEC-1080P: get_parameter: OMX_IndexParamVideoProfileLevelQuerySupported ret NoMore for codec: OMX.qcom.video.decoder.divx311
11-20 11:45:00.214   659  1791 E OMX-VDEC-1080P: Extension: OMX.google.android.index.storeANWBufferInMetadata not implemented
11-20 11:45:00.214   659  1791 E OMX-VDEC-1080P: Extension: OMX.google.android.index.configureVideoTunnelMode not implemented
11-20 11:45:00.214   659  1791 E OMX-VDEC-1080P: Extension: OMX.google.android.index.useAndroidNativeBuffer is supported
11-20 11:45:00.215   659  1790 E OMXNodeInstance: getParameter(2930020:qcom.decoder.divx311, ??(0x7f000044)) ERROR: UnsupportedSetting(0x80001019)
11-20 11:45:00.215   659   794 E OMXNodeInstance: getParameter(2930020:qcom.decoder.divx311, ??(0x7f000044)) ERROR: UnsupportedSetting(0x80001019)
11-20 11:45:00.216   659  1791 E OMX-VDEC-1080P: Extension: OMX.google.android.index.configureVideoTunnelMode not implemented
11-20 11:45:00.216   659  1791 E OMXNodeInstance: getExtensionIndex(2930020:qcom.decoder.divx311, OMX.google.android.index.configureVideoTunnelMode) ERROR: NotImplemented(0x80001006)
11-20 11:45:00.216   659   659 E OMX-VDEC-1080P: Extension: OMX.google.android.index.storeANWBufferInMetadata not implemented
11-20 11:45:00.217   659   659 I OMX-VDEC-1080P: omx_vdec::component_deinit() complete
11-20 11:45:00.218   659   659 I OMX-VDEC-1080P: Exit OMX vdec Destructor: fd=7
11-20 11:45:00.219   659   659 I OMX-VDEC-1080P: Video slvp perflock released
11-20 11:45:00.220   678   678 I MediaPlayerService: MediaPlayerService::getOMX
11-20 11:45:00.221   678   678 I OMXClient: MuxOMX ctor
11-20 11:45:00.221   659  1767 I OMXMaster: makeComponentInstance(OMX.qcom.video.decoder.divx4) in mediacodec process
11-20 11:45:00.224   659  1767 I OMX-VDEC-1080P: Video slvp perflock acquired
11-20 11:45:00.225   659  1767 I OMX-VDEC-1080P: component_init: OMX.qcom.video.decoder.divx4 : fd=7
11-20 11:45:00.226   659  1767 E OMX-VDEC-1080P: DIVX 4 Decoder selected
11-20 11:45:00.228   659  1767 I OMX-VDEC-1080P: omx_vdec::component_init() success : fd=7
11-20 11:45:00.229   659  1790 E OMX-VDEC-1080P: get_parameter: OMX_IndexParamVideoProfileLevelQuerySupported ret NoMore for codec: OMX.qcom.video.decoder.divx4
11-20 11:45:00.229   659  1767 E OMX-VDEC-1080P: Extension: OMX.google.android.index.storeANWBufferInMetadata not implemented
11-20 11:45:00.230   659  1767 E OMX-VDEC-1080P: Extension: OMX.google.android.index.configureVideoTunnelMode not implemented
11-20 11:45:00.230   659  1767 E OMX-VDEC-1080P: Extension: OMX.google.android.index.useAndroidNativeBuffer is supported
11-20 11:45:00.231   659  1767 E OMXNodeInstance: getParameter(2930021:qcom.decoder.divx4, ??(0x7f000044)) ERROR: UnsupportedSetting(0x80001019)
11-20 11:45:00.231   659   659 E OMXNodeInstance: getParameter(2930021:qcom.decoder.divx4, ??(0x7f000044)) ERROR: UnsupportedSetting(0x80001019)
11-20 11:45:00.233   659   659 E OMX-VDEC-1080P: Extension: OMX.google.android.index.configureVideoTunnelMode not implemented
11-20 11:45:00.233   659   659 E OMXNodeInstance: getExtensionIndex(2930021:qcom.decoder.divx4, OMX.google.android.index.configureVideoTunnelMode) ERROR: NotImplemented(0x80001006)
11-20 11:45:00.233   659   659 E OMX-VDEC-1080P: Extension: OMX.google.android.index.storeANWBufferInMetadata not implemented
11-20 11:45:00.234   659  1790 I OMX-VDEC-1080P: omx_vdec::component_deinit() complete
11-20 11:45:00.235   659  1790 I OMX-VDEC-1080P: Exit OMX vdec Destructor: fd=7
11-20 11:45:00.235   659  1790 I OMX-VDEC-1080P: Video slvp perflock released
11-20 11:45:00.237   678   678 I MediaPlayerService: MediaPlayerService::getOMX
11-20 11:45:00.238   678   678 I OMXClient: MuxOMX ctor
11-20 11:45:00.238   659   794 I OMXMaster: makeComponentInstance(OMX.qcom.video.decoder.vp8) in mediacodec process
11-20 11:45:00.239  1733  1733 V KeyguardStatusView: Disable transport text marquee
11-20 11:45:00.241   659   794 I OMX-VDEC-1080P: Video slvp perflock acquired
11-20 11:45:00.242   659   794 I OMX-VDEC-1080P: component_init: OMX.qcom.video.decoder.vp8 : fd=7
11-20 11:45:00.245   659   794 I OMX-VDEC-1080P: omx_vdec::component_init() success : fd=7
11-20 11:45:00.246   659  1767 E OMX-VDEC-1080P: Extension: OMX.google.android.index.storeANWBufferInMetadata not implemented
11-20 11:45:00.246   659  1767 E OMX-VDEC-1080P: Extension: OMX.google.android.index.configureVideoTunnelMode not implemented
11-20 11:45:00.246   659  1767 E OMX-VDEC-1080P: Extension: OMX.google.android.index.useAndroidNativeBuffer is supported
11-20 11:45:00.247   659  1790 E OMXNodeInstance: getParameter(2930022:qcom.decoder.vp8, ??(0x7f000044)) ERROR: UnsupportedSetting(0x80001019)
11-20 11:45:00.247   659  1767 E OMXNodeInstance: getParameter(2930022:qcom.decoder.vp8, ??(0x7f000044)) ERROR: UnsupportedSetting(0x80001019)
11-20 11:45:00.250   659  1767 E OMX-VDEC-1080P: Extension: OMX.google.android.index.configureVideoTunnelMode not implemented
11-20 11:45:00.250   659  1767 E OMXNodeInstance: getExtensionIndex(2930022:qcom.decoder.vp8, OMX.google.android.index.configureVideoTunnelMode) ERROR: NotImplemented(0x80001006)
11-20 11:45:00.251   659  1767 E OMX-VDEC-1080P: Extension: OMX.google.android.index.storeANWBufferInMetadata not implemented
11-20 11:45:00.251   659  1790 I OMX-VDEC-1080P: omx_vdec::component_deinit() complete
11-20 11:45:00.252   659  1790 I OMX-VDEC-1080P: Exit OMX vdec Destructor: fd=7
11-20 11:45:00.253   659  1790 I OMX-VDEC-1080P: Video slvp perflock released
11-20 11:45:00.254   678   678 I MediaPlayerService: MediaPlayerService::getOMX
11-20 11:45:00.255   678   678 I OMXClient: MuxOMX ctor
11-20 11:45:00.255   659   794 I OMXMaster: makeComponentInstance(OMX.qcom.video.decoder.vp9) in mediacodec process
11-20 11:45:00.258   659   794 I OMX-VDEC-1080P: Video slvp perflock acquired
11-20 11:45:00.259   659   794 I OMX-VDEC-1080P: component_init: OMX.qcom.video.decoder.vp9 : fd=7
11-20 11:45:00.262   659   794 I OMX-VDEC-1080P: omx_vdec::component_init() success : fd=7
11-20 11:45:00.264   659   659 E OMX-VDEC-1080P: Extension: OMX.google.android.index.storeANWBufferInMetadata not implemented
11-20 11:45:00.264   659   659 E OMX-VDEC-1080P: Extension: OMX.google.android.index.configureVideoTunnelMode not implemented
11-20 11:45:00.264   659   659 E OMX-VDEC-1080P: Extension: OMX.google.android.index.useAndroidNativeBuffer is supported
11-20 11:45:00.264   659  1767 E OMXNodeInstance: getParameter(2930023:qcom.decoder.vp9, ??(0x7f000044)) ERROR: UnsupportedSetting(0x80001019)
11-20 11:45:00.267   659  1767 E OMXNodeInstance: getParameter(2930023:qcom.decoder.vp9, ??(0x7f000044)) ERROR: UnsupportedSetting(0x80001019)
11-20 11:45:00.267  1733  1733 V BoostFramework: BoostFramework() : mPerf = com.qualcomm.qti.Performance@8087bec
11-20 11:45:00.268   659  1767 E OMX-VDEC-1080P: Extension: OMX.google.android.index.configureVideoTunnelMode not implemented
11-20 11:45:00.268   659  1767 E OMXNodeInstance: getExtensionIndex(2930023:qcom.decoder.vp9, OMX.google.android.index.configureVideoTunnelMode) ERROR: NotImplemented(0x80001006)
11-20 11:45:00.268   659  1767 E OMX-VDEC-1080P: Extension: OMX.google.android.index.storeANWBufferInMetadata not implemented
11-20 11:45:00.268   659  1767 I OMX-VDEC-1080P: omx_vdec::component_deinit() complete
11-20 11:45:00.270   659  1767 I OMX-VDEC-1080P: Exit OMX vdec Destructor: fd=7
11-20 11:45:00.270   659  1767 I OMX-VDEC-1080P: Video slvp perflock released
11-20 11:45:00.272   678   678 I MediaPlayerService: MediaPlayerService::getOMX
11-20 11:45:00.272   678   678 I OMXClient: MuxOMX ctor
11-20 11:45:00.272   659  1790 I OMXMaster: makeComponentInstance(OMX.qcom.video.decoder.hevc) in mediacodec process
11-20 11:45:00.276   659  1790 I OMX-VDEC-1080P: Video slvp perflock acquired
11-20 11:45:00.277   659  1790 I OMX-VDEC-1080P: component_init: OMX.qcom.video.decoder.hevc : fd=7
11-20 11:45:00.284   659  1790 I OMX-VDEC-1080P: omx_vdec::component_init() success : fd=7
11-20 11:45:00.285   659  1767 E OMX-VDEC-1080P: Extension: OMX.google.android.index.storeANWBufferInMetadata not implemented
11-20 11:45:00.285   659  1767 E OMX-VDEC-1080P: Extension: OMX.google.android.index.configureVideoTunnelMode not implemented
11-20 11:45:00.285   659  1767 E OMX-VDEC-1080P: Extension: OMX.google.android.index.useAndroidNativeBuffer is supported
11-20 11:45:00.286   659  1767 E OMXNodeInstance: getParameter(2930024:qcom.decoder.hevc, ??(0x7f000044)) ERROR: UnsupportedSetting(0x80001019)
11-20 11:45:00.287   659  1791 E OMXNodeInstance: getParameter(2930024:qcom.decoder.hevc, ??(0x7f000044)) ERROR: UnsupportedSetting(0x80001019)
11-20 11:45:00.288   659  1791 E OMX-VDEC-1080P: Extension: OMX.google.android.index.configureVideoTunnelMode not implemented
11-20 11:45:00.288   659  1791 E OMXNodeInstance: getExtensionIndex(2930024:qcom.decoder.hevc, OMX.google.android.index.configureVideoTunnelMode) ERROR: NotImplemented(0x80001006)
11-20 11:45:00.289   659  1791 E OMX-VDEC-1080P: Extension: OMX.google.android.index.storeANWBufferInMetadata not implemented
11-20 11:45:00.293   659   659 I OMX-VDEC-1080P: omx_vdec::component_deinit() complete
11-20 11:45:00.295   659   659 I OMX-VDEC-1080P: Exit OMX vdec Destructor: fd=7
11-20 11:45:00.295   659   659 I OMX-VDEC-1080P: Video slvp perflock released
11-20 11:45:00.297   678   678 I MediaPlayerService: MediaPlayerService::getOMX
11-20 11:45:00.297   678   678 I OMXClient: MuxOMX ctor
11-20 11:45:00.297   659   794 I OMXMaster: makeComponentInstance(OMX.qcom.video.decoder.hevc.secure) in mediacodec process
11-20 11:45:00.301   659   794 I OMX-VDEC-1080P: Video slvp perflock acquired
11-20 11:45:00.302   659   794 I OMX-VDEC-1080P: component_init: OMX.qcom.video.decoder.hevc : fd=7
11-20 11:45:00.308   659   794 I OMX-VDEC-1080P: omx_vdec::component_init() success : fd=7
11-20 11:45:00.310   659  1791 E OMX-VDEC-1080P: Extension: OMX.google.android.index.storeANWBufferInMetadata not implemented
11-20 11:45:00.310   659  1791 E OMX-VDEC-1080P: Extension: OMX.google.android.index.configureVideoTunnelMode not implemented
11-20 11:45:00.310   659  1791 E OMX-VDEC-1080P: Extension: OMX.google.android.index.useAndroidNativeBuffer is supported
11-20 11:45:00.311   659  1767 E OMXNodeInstance: getParameter(2930025:qcom.decoder.hevc.secure, ??(0x7f000044)) ERROR: UnsupportedSetting(0x80001019)
11-20 11:45:00.312   659   659 E OMXNodeInstance: getParameter(2930025:qcom.decoder.hevc.secure, ??(0x7f000044)) ERROR: UnsupportedSetting(0x80001019)
11-20 11:45:00.313  1733  1733 V BoostFramework: BoostFramework() : mPerf = com.qualcomm.qti.Performance@ecddbbd
11-20 11:45:00.313   659   659 E OMX-VDEC-1080P: Extension: OMX.google.android.index.configureVideoTunnelMode not implemented
11-20 11:45:00.313   659   659 E OMXNodeInstance: getExtensionIndex(2930025:qcom.decoder.hevc.secure, OMX.google.android.index.configureVideoTunnelMode) ERROR: NotImplemented(0x80001006)
11-20 11:45:00.313   659  1791 E OMX-VDEC-1080P: Extension: OMX.google.android.index.storeANWBufferInMetadata not implemented
11-20 11:45:00.314   659  1767 I OMX-VDEC-1080P: omx_vdec::component_deinit() complete
11-20 11:45:00.316   659  1767 I OMX-VDEC-1080P: Exit OMX vdec Destructor: fd=7
11-20 11:45:00.316   659  1767 I OMX-VDEC-1080P: Video slvp perflock released
11-20 11:45:00.318   678   678 I MediaPlayerService: MediaPlayerService::getOMX
11-20 11:45:00.319   678   678 I OMXClient: MuxOMX ctor
11-20 11:45:00.319   659   794 I OMXMaster: makeComponentInstance(OMX.google.mpeg4.decoder) in mediacodec process
11-20 11:45:00.326   659  1791 E OMXNodeInstance: getExtensionIndex(2930026:google.mpeg4.decoder, OMX.google.android.index.configureVideoTunnelMode) ERROR: UnsupportedIndex(0x8000101a)
11-20 11:45:00.326   659  1791 W OMXNodeInstance: [2930026:google.mpeg4.decoder] component does not support metadata mode; using fallback
11-20 11:45:00.326  1360  1458 W WindowManager: Keyguard drawn timeout. Setting mKeyguardDrawComplete
11-20 11:45:00.329   678   678 I MediaPlayerService: MediaPlayerService::getOMX
11-20 11:45:00.329   678   678 I OMXClient: MuxOMX ctor
11-20 11:45:00.329   659   659 I OMXMaster: makeComponentInstance(OMX.google.mpeg4.decoder) in mediacodec process
11-20 11:45:00.333   659   794 E OMXNodeInstance: getExtensionIndex(2930027:google.mpeg4.decoder, OMX.google.android.index.configureVideoTunnelMode) ERROR: UnsupportedIndex(0x8000101a)
11-20 11:45:00.334   659  1790 W OMXNodeInstance: [2930027:google.mpeg4.decoder] component does not support metadata mode; using fallback
11-20 11:45:00.335   678   678 I MediaPlayerService: MediaPlayerService::getOMX
11-20 11:45:00.336  1733  1733 V BoostFramework: BoostFramework() : mPerf = com.qualcomm.qti.Performance@4d60ee0
11-20 11:45:00.336  1733  1733 V BoostFramework: BoostFramework() : mPerf = com.qualcomm.qti.Performance@8ecc599
11-20 11:45:00.336   678   678 I OMXClient: MuxOMX ctor
11-20 11:45:00.336   659   794 I OMXMaster: makeComponentInstance(OMX.google.h263.decoder) in mediacodec process
11-20 11:45:00.340   659   794 E OMXNodeInstance: getExtensionIndex(2930028:google.h263.decoder, OMX.google.android.index.configureVideoTunnelMode) ERROR: UnsupportedIndex(0x8000101a)
11-20 11:45:00.340   659  1791 W OMXNodeInstance: [2930028:google.h263.decoder] component does not support metadata mode; using fallback
11-20 11:45:00.342   678   678 I MediaPlayerService: MediaPlayerService::getOMX
11-20 11:45:00.343   678   678 I OMXClient: MuxOMX ctor
11-20 11:45:00.343   659   794 I OMXMaster: makeComponentInstance(OMX.google.h264.decoder) in mediacodec process
11-20 11:45:00.353  1733  1733 V BoostFramework: BoostFramework() : mPerf = com.qualcomm.qti.Performance@b0ad9f8
11-20 11:45:00.353  1733  1733 V BoostFramework: BoostFramework() : mPerf = com.qualcomm.qti.Performance@fd88ed1
11-20 11:45:00.353  1360  1693 I chatty  : uid=1000(system) NetworkPolicy expire 1 line
11-20 11:45:00.361   678   678 W ACodec  : [OMX.google.h264.decoder] stopping checking profiles after 32: 2/8000
11-20 11:45:00.362   659  1767 E OMXNodeInstance: getExtensionIndex(2930029:google.h264.decoder, OMX.google.android.index.configureVideoTunnelMode) ERROR: UnsupportedIndex(0x8000101a)
11-20 11:45:00.362   659   794 W OMXNodeInstance: [2930029:google.h264.decoder] component does not support metadata mode; using fallback
11-20 11:45:00.364   678   678 I MediaPlayerService: MediaPlayerService::getOMX
11-20 11:45:00.364   678   678 I OMXClient: MuxOMX ctor
11-20 11:45:00.365   659  1767 I OMXMaster: makeComponentInstance(OMX.google.hevc.decoder) in mediacodec process
11-20 11:45:00.368  1733  1733 V BoostFramework: BoostFramework() : mPerf = com.qualcomm.qti.Performance@f9da4
11-20 11:45:00.369  1733  1733 V BoostFramework: BoostFramework() : mPerf = com.qualcomm.qti.Performance@986470d
11-20 11:45:00.373  1360  1360 I SystemServiceManager: Starting phase 600
11-20 11:45:00.385  1360  1360 D GestureLauncherService: Gesture launcher mEmergencyNumber = 112 hits = 3
11-20 11:45:00.386  1360  1691 I chatty  : uid=1000(system) NetworkStats expire 2 lines
11-20 11:45:00.386  1360  1360 D SensorNotificationService: Cannot obtain dynamic meta sensor, not supported.
11-20 11:45:00.386   659   794 E OMXNodeInstance: getExtensionIndex(293002a:google.hevc.decoder, OMX.google.android.index.configureVideoTunnelMode) ERROR: UnsupportedIndex(0x8000101a)
11-20 11:45:00.386   659  1791 W OMXNodeInstance: [293002a:google.hevc.decoder] component does not support metadata mode; using fallback
11-20 11:45:00.389   678   678 I MediaPlayerService: MediaPlayerService::getOMX
11-20 11:45:00.390   678   678 I OMXClient: MuxOMX ctor
11-20 11:45:00.390   659  1767 I OMXMaster: makeComponentInstance(OMX.google.vp8.decoder) in mediacodec process
11-20 11:45:00.391  1733  1733 W TelecomManager: Telecom Service not found.
11-20 11:45:00.392  1733  1733 W TelecomManager: Telecom Service not found.
11-20 11:45:00.410   659  1767 E OMXNodeInstance: getExtensionIndex(293002b:google.vp8.decoder, OMX.google.android.index.configureVideoTunnelMode) ERROR: UnsupportedIndex(0x8000101a)
11-20 11:45:00.410   659  1790 W OMXNodeInstance: [293002b:google.vp8.decoder] component does not support metadata mode; using fallback
11-20 11:45:00.411   678   678 I MediaPlayerService: MediaPlayerService::getOMX
11-20 11:45:00.412   678   678 I OMXClient: MuxOMX ctor
11-20 11:45:00.412   659  1767 I OMXMaster: makeComponentInstance(OMX.google.vp9.decoder) in mediacodec process
11-20 11:45:00.416   659   659 E OMXNodeInstance: getExtensionIndex(293002c:google.vp9.decoder, OMX.google.android.index.configureVideoTunnelMode) ERROR: UnsupportedIndex(0x8000101a)
11-20 11:45:00.416   659  1791 W OMXNodeInstance: [293002c:google.vp9.decoder] component does not support metadata mode; using fallback
11-20 11:45:00.417   678   678 I MediaPlayerService: MediaPlayerService::getOMX
11-20 11:45:00.418  1733  1733 V KeyguardUpdateMonitor: *** register callback for com.android.systemui.statusbar.phone.UnlockMethodCache$1@2a22d6c
11-20 11:45:00.418  1733  1733 V KeyguardUpdateMonitor: *** unregister callback for null
11-20 11:45:00.418   678   678 I OMXClient: MuxOMX ctor
11-20 11:45:00.418   659   659 I OMXMaster: makeComponentInstance(OMX.google.h263.encoder) in mediacodec process
11-20 11:45:00.421  1733  1733 V KeyguardUpdateMonitor: *** register callback for com.android.systemui.statusbar.phone.KeyguardBottomAreaView$4@e0bafca
11-20 11:45:00.421  1733  1733 V KeyguardUpdateMonitor: *** unregister callback for null
11-20 11:45:00.423  1733  1733 W TelecomManager: Telecom Service not found.
11-20 11:45:00.424  1733  1733 W TelecomManager: Telecom Service not found.
11-20 11:45:00.425   659   659 I SoftMPEG4Encoder: Construct SoftMPEG4Encoder
11-20 11:45:00.427   678   678 W ACodec  : do not know color format 0x7f000789 = 2130708361
11-20 11:45:00.428   659  1791 E OMXNodeInstance: getConfig(293002d:google.h263.encoder, ConfigAndroidIntraRefresh(0x6f60000a)) ERROR: Undefined(0x80001001)
11-20 11:45:00.429   678   678 I MediaPlayerService: MediaPlayerService::getOMX
11-20 11:45:00.431   678   678 I OMXClient: MuxOMX ctor
11-20 11:45:00.431   659   794 I OMXMaster: makeComponentInstance(OMX.google.h264.encoder) in mediacodec process
11-20 11:45:00.431  1360  1455 I chatty  : uid=1000(system) android.bg expire 14 lines
11-20 11:45:00.435  1360  1360 W LocationProviderProxy-network: Odd, no component found for service com.android.location.service.v3.NetworkLocationProvider
11-20 11:45:00.436  1360  1360 W LocationProviderProxy-fused: Odd, no component found for service com.android.location.service.FusedLocationProvider
11-20 11:45:00.437  1360  1360 W GeocoderProxy: Odd, no component found for service com.android.location.service.GeocodeProvider
11-20 11:45:00.456   678   678 W ACodec  : do not know color format 0x7f000789 = 2130708361
11-20 11:45:00.456  1360  1960 I chatty  : uid=1000(system) FLP Service Cal expire 50 lines
11-20 11:45:00.458   678   678 I MediaPlayerService: MediaPlayerService::getOMX
11-20 11:45:00.459   678   678 I OMXClient: MuxOMX ctor
11-20 11:45:00.459   659   794 I OMXMaster: makeComponentInstance(OMX.google.mpeg4.encoder) in mediacodec process
11-20 11:45:00.460   659   794 I SoftMPEG4Encoder: Construct SoftMPEG4Encoder
11-20 11:45:00.462  1733  1733 W System  : ClassLoader referenced unknown path: 
11-20 11:45:00.462  1733  1733 W System  : ClassLoader referenced unknown path: /system/priv-app/Dialer/lib/arm64
11-20 11:45:00.464  1360  1360 W FusedProxy: Odd, no component found for service com.android.location.service.FusedProvider
11-20 11:45:00.464  1733  1733 D ApplicationLoaders: ignored Vulkan layer search path /system/priv-app/Dialer/lib/arm64:/system/lib64:/vendor/lib64 for namespace 0x7fa8a25160
11-20 11:45:00.465   678   678 W ACodec  : do not know color format 0x7f000789 = 2130708361
11-20 11:45:00.465   659  1790 E OMXNodeInstance: getConfig(293002f:google.mpeg4.encoder, ConfigAndroidIntraRefresh(0x6f60000a)) ERROR: Undefined(0x80001001)
11-20 11:45:00.466  1360  1963 I chatty  : uid=1000(system) Loc_hal expire 5 lines
11-20 11:45:00.468   678   678 I MediaPlayerService: MediaPlayerService::getOMX
11-20 11:45:00.468  1360  1360 W GeofenceProxy: Odd, no component found for service com.android.location.service.GeofenceProvider
11-20 11:45:00.469   678   678 I OMXClient: MuxOMX ctor
11-20 11:45:00.469   659   659 I OMXMaster: makeComponentInstance(OMX.google.vp8.encoder) in mediacodec process
11-20 11:45:00.473  1733  1733 V KeyguardUpdateMonitor: *** register callback for com.android.systemui.statusbar.KeyguardIndicationController$1@ac2432b
11-20 11:45:00.473  1733  1733 V KeyguardUpdateMonitor: *** unregister callback for null
11-20 11:45:00.487   678   678 W ACodec  : do not know color format 0x7f000789 = 2130708361
11-20 11:45:00.488   659   659 E OMXNodeInstance: getConfig(2930030:google.vp8.encoder, ConfigAndroidIntraRefresh(0x6f60000a)) ERROR: Undefined(0x80001001)
11-20 11:45:00.488  1360  1360 W ActivityRecognitionProxy: Odd, no component found for service com.android.location.service.ActivityRecognitionProvider
11-20 11:45:00.489   678   678 I MediaPlayerService: MediaPlayerService::getOMX
11-20 11:45:00.490   678   678 I OMXClient: MuxOMX ctor
11-20 11:45:00.492  1360  1971 I chatty  : uid=1000(system) FLP Service Cal expire 19 lines
11-20 11:45:00.493   559   625 D PerMgrSrv: modem state: is on-line, add client GPS
11-20 11:45:00.494   559   625 D PerMgrSrv: GPS registered
11-20 11:45:00.494   559   634 D PerMgrSrv: GPS voting for modem
11-20 11:45:00.494   559   634 D PerMgrSrv: modem num voters is 3
11-20 11:45:00.497   678   678 I MediaPlayerService: MediaPlayerService::getOMX
11-20 11:45:00.498   678   678 I OMXClient: MuxOMX ctor
11-20 11:45:00.500  1360  1360 I MmsServiceBroker: Delay connecting to MmsService until an API is called
11-20 11:45:00.502   678   678 W MediaCodecList: unable to open media codecs configuration xml file: /data/misc/media/media_codecs_profiling_results.xml
11-20 11:45:00.505  1360  1360 W VoiceInteractionManagerService: no available voice interaction services found for user 0
11-20 11:45:00.505  1360  1360 W VoiceInteractionManagerService: no available voice recognition services found for user 0
11-20 11:45:00.507   678  1886 I MediaPlayerService: MediaPlayerService::getOMX
11-20 11:45:00.508   678   678 I MediaPlayerService: MediaPlayerService::getOMX
11-20 11:45:00.510  1360  1759 I chatty  : uid=1000 system_server expire 1 line
11-20 11:45:00.510  1733  1842 I OMXClient: MuxOMX ctor
11-20 11:45:00.512   659  1791 I OMXMaster: makeComponentInstance(OMX.google.vorbis.decoder) in mediacodec process
11-20 11:45:00.513   659   659 I OMXMaster: makeComponentInstance(OMX.google.vorbis.decoder) in mediacodec process
11-20 11:45:00.535  1360  1360 I ActivityManager: Start proc 1977:.dataservices/1000 for added application .dataservices
11-20 11:45:00.562  1360  1360 I ActivityManager: Start proc 1992:com.android.phone/1001 for added application com.android.phone
11-20 11:45:00.563  1360  1360 E ActivityManager: No home screen found for Intent { act=android.intent.action.MAIN cat=[android.intent.category.HOME] flg=0x100 }
11-20 11:45:00.563  1360  1360 E ActivityManager: java.lang.Throwable
11-20 11:45:00.563  1360  1360 E ActivityManager: 	at com.android.server.am.ActivityManagerService.startHomeActivityLocked(ActivityManagerService.java:4079)
11-20 11:45:00.563  1360  1360 E ActivityManager: 	at com.android.server.am.ActivityManagerService.systemReady(ActivityManagerService.java:13585)
11-20 11:45:00.563  1360  1360 E ActivityManager: 	at com.android.server.SystemServer.startOtherServices(SystemServer.java:1455)
11-20 11:45:00.563  1360  1360 E ActivityManager: 	at com.android.server.SystemServer.run(SystemServer.java:358)
11-20 11:45:00.563  1360  1360 E ActivityManager: 	at com.android.server.SystemServer.main(SystemServer.java:240)
11-20 11:45:00.563  1360  1360 E ActivityManager: 	at java.lang.reflect.Method.invoke(Native Method)
11-20 11:45:00.563  1360  1360 E ActivityManager: 	at com.android.internal.os.ZygoteInit$MethodAndArgsCaller.run(ZygoteInit.java:889)
11-20 11:45:00.563  1360  1360 E ActivityManager: 	at com.android.internal.os.ZygoteInit.main(ZygoteInit.java:779)
11-20 11:45:00.566  1360  1360 E ActivityManager: No home screen found for Intent { act=android.intent.action.MAIN cat=[android.intent.category.HOME] flg=0x100 }
11-20 11:45:00.566  1360  1360 E ActivityManager: java.lang.Throwable
11-20 11:45:00.566  1360  1360 E ActivityManager: 	at com.android.server.am.ActivityManagerService.startHomeActivityLocked(ActivityManagerService.java:4079)
11-20 11:45:00.566  1360  1360 E ActivityManager: 	at com.android.server.am.ActivityStackSupervisor.resumeHomeStackTask(ActivityStackSupervisor.java:705)
11-20 11:45:00.566  1360  1360 E ActivityManager: 	at com.android.server.am.ActivityStack.resumeTopActivityInnerLocked(ActivityStack.java:2199)
11-20 11:45:00.566  1360  1360 E ActivityManager: 	at com.android.server.am.ActivityStack.resumeTopActivityUncheckedLocked(ActivityStack.java:2146)
11-20 11:45:00.566  1360  1360 E ActivityManager: 	at com.android.server.am.ActivityStackSupervisor.resumeFocusedStackTopActivityLocked(ActivityStackSupervisor.java:1864)
11-20 11:45:00.566  1360  1360 E ActivityManager: 	at com.android.server.am.ActivityStackSupervisor.resumeFocusedStackTopActivityLocked(ActivityStackSupervisor.java:1854)
11-20 11:45:00.566  1360  1360 E ActivityManager: 	at com.android.server.am.ActivityManagerService.systemReady(ActivityManagerService.java:13629)
11-20 11:45:00.566  1360  1360 E ActivityManager: 	at com.android.server.SystemServer.startOtherServices(SystemServer.java:1455)
11-20 11:45:00.566  1360  1360 E ActivityManager: 	at com.android.server.SystemServer.run(SystemServer.java:358)
11-20 11:45:00.566  1360  1360 E ActivityManager: 	at com.android.server.SystemServer.main(SystemServer.java:240)
11-20 11:45:00.566  1360  1360 E ActivityManager: 	at java.lang.reflect.Method.invoke(Native Method)
11-20 11:45:00.566  1360  1360 E ActivityManager: 	at com.android.internal.os.ZygoteInit$MethodAndArgsCaller.run(ZygoteInit.java:889)
11-20 11:45:00.566  1360  1360 E ActivityManager: 	at com.android.internal.os.ZygoteInit.main(ZygoteInit.java:779)
11-20 11:45:00.573  1360  1360 I SystemServer: Enabled StrictMode for system server main thread.
11-20 11:45:00.575  1360  1360 D ConditionProviders.SCP: onConnected
11-20 11:45:00.575  1360  1360 D ZenLog  : set_zen_mode: off,readXml
11-20 11:45:00.577   677   820 I ExtendedExtractor: QTIParser is prefered .. flags 0
11-20 11:45:00.578   677   820 D MMParserExtractor: setExtraFlags called with flags 0 for paser instance f3787190
11-20 11:45:00.578   677   820 I ExtendedExtractor: ExtendedExtractor::create 0xf3787190
11-20 11:45:00.590  1733  1733 D LocalBluetoothProfileManager: Adding local MAP profile
11-20 11:45:00.591  1733  1733 D BluetoothMap: Create BluetoothMap proxy object
11-20 11:45:00.592  1360  1360 D ConditionProviders: Subscribing to condition://android/schedule?days=6.7&start=23.30&end=10.0&exitAtAlarm=false with ComponentInfo{android/com.android.server.notification.ScheduleConditionProvider}
11-20 11:45:00.592  1360  1360 D ZenLog  : subscribe: condition://android/schedule?days=6.7&start=23.30&end=10.0&exitAtAlarm=false,ok
11-20 11:45:00.592  1360  1360 D ConditionProviders: Subscribing to condition://android/event?userId=-10000&calendar=&reply=1 with ComponentInfo{android/com.android.server.notification.EventConditionProvider}
11-20 11:45:00.592  1360  1360 D ZenLog  : subscribe: condition://android/event?userId=-10000&calendar=&reply=1,ok
11-20 11:45:00.592  1360  1360 D ConditionProviders: Subscribing to condition://android/schedule?days=1.2.3.4.5&start=22.0&end=7.0&exitAtAlarm=false with ComponentInfo{android/com.android.server.notification.ScheduleConditionProvider}
11-20 11:45:00.592  1360  1360 D ZenLog  : subscribe: condition://android/schedule?days=1.2.3.4.5&start=22.0&end=7.0&exitAtAlarm=false,ok
11-20 11:45:00.600  1733  1733 D BluetoothDun: BluetoothDun() call bindService
11-20 11:45:00.601  1733  1733 E BluetoothDun: Could not bind to Bluetooth Dun Service with Intent { act=android.bluetooth.IBluetoothDun }
11-20 11:45:00.601   678  1886 I MediaPlayerService: MediaPlayerService::getOMX
11-20 11:45:00.605  1360  2008 I chatty  : uid=1000 system_server expire 1 line
11-20 11:45:00.609   677   677 I ExtendedExtractor: QTIParser is prefered .. flags 0
11-20 11:45:00.610   677   677 D MMParserExtractor: setExtraFlags called with flags 0 for paser instance f502daa0
11-20 11:45:00.610   677   677 I ExtendedExtractor: ExtendedExtractor::create 0xf502daa0
11-20 11:45:00.614  1733  1733 D LocalBluetoothProfileManager: LocalBluetoothProfileManager construction complete
11-20 11:45:00.614  1977  1977 W System  : ClassLoader referenced unknown path: /system/priv-app/CNEService/lib/arm64
11-20 11:45:00.615   659   794 I OMXMaster: makeComponentInstance(OMX.google.vorbis.decoder) in mediacodec process
11-20 11:45:00.624  1992  1992 W System  : ClassLoader referenced unknown path: /system/priv-app/TeleService/lib/arm64
11-20 11:45:00.626  1360  1698 I chatty  : uid=1000(system) WifiScanningSer expire 1 line
11-20 11:45:00.626  1360  1455 W LocationProviderProxy-network: Odd, no component found for service com.android.location.service.v3.NetworkLocationProvider
11-20 11:45:00.626  1360  1455 W LocationProviderProxy-fused: Odd, no component found for service com.android.location.service.FusedLocationProvider
11-20 11:45:00.626  1360  1699 I chatty  : uid=1000(system) WifiRttService expire 1 line
11-20 11:45:00.626  1360  1455 W GeocoderProxy: Odd, no component found for service com.android.location.service.GeocodeProvider
11-20 11:45:00.626  1360  1360 D ZenLog  : set_zen_mode: off,cleanUpZenRules
11-20 11:45:00.626  1360  1455 W FusedProxy: Odd, no component found for service com.android.location.service.FusedProvider
11-20 11:45:00.626  1360  1455 W GeofenceProxy: Odd, no component found for service com.android.location.service.GeofenceProvider
11-20 11:45:00.626  1360  1455 W ActivityRecognitionProxy: Odd, no component found for service com.android.location.service.ActivityRecognitionProvider
11-20 11:45:00.633   678   793 I MediaPlayerService: MediaPlayerService::getOMX
11-20 11:45:00.637  1733  2027 I OMXClient: MuxOMX ctor
11-20 11:45:00.640  1977  1977 D CNEServiceApp: start cne
11-20 11:45:00.647   659   659 I OMXMaster: makeComponentInstance(OMX.google.vorbis.decoder) in mediacodec process
11-20 11:45:00.649  1733  1733 I CameraManagerGlobal: Connecting to camera service
11-20 11:45:00.655  1977  1977 I QCNEJ   : |CORE| phoneCount: 1
11-20 11:45:00.656  1977  1977 I QCNEJ   : |CORE| subs for 0th slot: null
11-20 11:45:00.661  1977  2036 W QCNEJ   : |CORE| CNE received unexpected action: android.intent.action.BATTERY_CHANGED
11-20 11:45:00.662  1977  2038 I QCNEJ   : |CORE:COM:RCVR| CNE creating socket
11-20 11:45:00.664  1977  2038 I QCNEJ   : |CORE:COM:RCVR| Connected to 'cnd' socket
11-20 11:45:00.665  1977  2038 I QCNEJ   : |CORE| received protobuf msg: 
11-20 11:45:00.665  1977  2038 W QCNEJ   : |CORE| UNKOWN Unsolicited Event 8
11-20 11:45:00.665  1977  2038 I QCNEJ   : |CORE| received protobuf msg: 
11-20 11:45:00.665  1977  2038 I QCNEJ   : |CORE| NOTIFY_FEATURE_STATUS received
11-20 11:45:00.665  1977  2038 I QCNEJ   : |CORE| received protobuf msg: 
11-20 11:45:00.665  1977  2038 I QCNEJ   : |CORE| NOTIFY_FEATURE_STATUS received
11-20 11:45:00.669  1977  1977 E QCNEJ   : |CORE| Feature WQE is not enabled
11-20 11:45:00.675  1977  1977 D CNEServiceApp: broadcast cne started
11-20 11:45:00.675  1992  1992 W System  : ClassLoader referenced unknown path: /system/priv-app/TelephonyProvider/lib/arm64
11-20 11:45:00.675  1977  1977 W ContextImpl: Calling a method in the system process without a qualified user: android.app.ContextImpl.sendBroadcast:877 android.content.ContextWrapper.sendBroadcast:421 com.quicinc.cne.CNEService.CNEServiceApp.broadcastCNEStarted:103 com.quicinc.cne.CNEService.CNEServiceApp.startCne:123 com.quicinc.cne.CNEService.CNEServiceApp.onCreate:94 
11-20 11:45:00.677  1992  1992 D ApplicationLoaders: ignored Vulkan layer search path /system/priv-app/TelephonyProvider/lib/arm64:/system/priv-app/TelephonyProvider/TelephonyProvider.apk!/lib/arm64-v8a:/system/lib64:/vendor/lib64 for namespace 0x7fa8a250f0
11-20 11:45:00.689  1733  1733 V KeyguardUpdateMonitor: *** register callback for com.android.systemui.statusbar.policy.KeyguardMonitor@735a4c9
11-20 11:45:00.689  1733  1733 V KeyguardUpdateMonitor: *** unregister callback for null
11-20 11:45:00.699  1360  1360 I Telecom : SystemStateProvider: Registering car mode receiver: android.content.IntentFilter@ac66d7: TS.init@AAA
11-20 11:45:00.706  1360  2043 I Telecom : Telecom: Non-call EVENT: AUDIO_ROUTE, Entering state QuiescentEarpieceRoute
11-20 11:45:00.710  1360  2045 I Telecom : CallAudioModeStateMachine: Message received: null.: TS.init->CAMSM.pM_1@AAA_0
11-20 11:45:00.712  1992  1992 D TelephonyProvider: dbh.onOpen: ok, queried table=siminfo
11-20 11:45:00.713  1992  1992 D TelephonyProvider: dbh.onOpen: ok, queried table=carriers
11-20 11:45:00.717  1360  1360 I Telecom : ViceNotificationImpl: ViceNotificationImpl: TS.init@AAA
11-20 11:45:00.727  1360  2050 E ActivityThread: Failed to find provider info for call_log
11-20 11:45:00.728   677   820 I ExtendedExtractor: QTIParser is prefered .. flags 0
11-20 11:45:00.729   677   820 D MMParserExtractor: setExtraFlags called with flags 0 for paser instance f502dc80
11-20 11:45:00.729   677   820 I ExtendedExtractor: ExtendedExtractor::create 0xf502dc80
11-20 11:45:00.732  1360  1360 I Telecom : Class: TelecomSystem.INSTANCE being set
11-20 11:45:00.733  1360  1360 W ContextImpl: Calling a method in the system process without a qualified user: android.app.ContextImpl.startService:1357 android.content.ContextWrapper.startService:613 com.android.server.telecom.components.TelecomService.initializeTelecomSystem:196 com.android.server.telecom.components.TelecomService.onBind:64 android.app.ActivityThread.handleBindService:3219 
11-20 11:45:00.738  1360  1360 W ContextImpl: Calling a method in the system process without a qualified user: android.app.ContextImpl.startService:1357 com.android.server.content.SyncManager$13.run:658 android.os.Handler.handleCallback:751 android.os.Handler.dispatchMessage:95 android.os.Looper.loop:154 
11-20 11:45:00.740   678   793 I MediaPlayerService: MediaPlayerService::getOMX
11-20 11:45:00.742  1360  2051 I chatty  : uid=1000 system_server expire 1 line
11-20 11:45:00.744   659  1767 I OMXMaster: makeComponentInstance(OMX.google.vorbis.decoder) in mediacodec process
11-20 11:45:00.765   677  2049 I ExtendedExtractor: QTIParser is prefered .. flags 0
11-20 11:45:00.766   677  2049 D MMParserExtractor: setExtraFlags called with flags 0 for paser instance f3787280
11-20 11:45:00.766   677  2049 I ExtendedExtractor: ExtendedExtractor::create 0xf3787280
11-20 11:45:00.766  1360  1705 I chatty  : uid=1000(system) notification-sq expire 1 line
11-20 11:45:00.770  1360  1360 V WiredAccessoryManager: notifyWiredAccessoryChanged: when=0 bits= mask=54
11-20 11:45:00.770  1360  1360 V WiredAccessoryManager: newName=h2w newState=0 headsetState=0 prev headsetState=0
11-20 11:45:00.770  1360  1360 V WiredAccessoryManager: init()
11-20 11:45:00.772  1360  1360 D ConditionProviders.SCP: onSubscribe condition://android/schedule?days=6.7&start=23.30&end=10.0&exitAtAlarm=false
11-20 11:45:00.772  1733  2065 E ActivityThread: Failed to find provider info for com.android.contacts
11-20 11:45:00.772  1360  1360 D ConditionProviders.SCP: setRegistered true
11-20 11:45:00.773  1360  1360 D ConditionProviders.SCP: notifyCondition condition://android/schedule?days=6.7&start=23.30&end=10.0&exitAtAlarm=false STATE_FALSE reason=!meetsSchedule
11-20 11:45:00.775  1360  1360 D ConditionProviders.SCP: Scheduling evaluate for Mon Nov 20 23:30:00 GMT+09:00 2017 (1511188200000), in +11h44m59s228ms, now=Mon Nov 20 11:45:00 GMT+09:00 2017 (1511145900772)
11-20 11:45:00.776  1360  1360 D ConditionProviders.SCP: onSubscribe condition://android/schedule?days=1.2.3.4.5&start=22.0&end=7.0&exitAtAlarm=false
11-20 11:45:00.776  1360  1360 D ConditionProviders.SCP: notifyCondition condition://android/schedule?days=6.7&start=23.30&end=10.0&exitAtAlarm=false STATE_FALSE reason=!meetsSchedule
11-20 11:45:00.777  1360  1360 D ConditionProviders.SCP: notifyCondition condition://android/schedule?days=1.2.3.4.5&start=22.0&end=7.0&exitAtAlarm=false STATE_FALSE reason=!meetsSchedule
11-20 11:45:00.777  1733  1890 D OpenGLRenderer: profile bars disabled
11-20 11:45:00.777  1733  1890 D OpenGLRenderer: ambientRatio = 1.50
11-20 11:45:00.778  1360  1360 D ConditionProviders.SCP: Scheduling evaluate for Mon Nov 20 22:00:00 GMT+09:00 2017 (1511182800000), in +10h14m59s224ms, now=Mon Nov 20 11:45:00 GMT+09:00 2017 (1511145900776)
11-20 11:45:00.779   678  1764 I MediaPlayerService: MediaPlayerService::getOMX
11-20 11:45:00.780  1733  2066 I OMXClient: MuxOMX ctor
11-20 11:45:00.781  1360  1706 E ActivityThread: Failed to find provider info for com.android.calendar
11-20 11:45:00.782  1360  1706 E ActivityThread: Failed to find provider info for com.android.calendar
11-20 11:45:00.785   659   794 I OMXMaster: makeComponentInstance(OMX.google.vorbis.decoder) in mediacodec process
11-20 11:45:00.790  1360  1360 I chatty  : uid=1000 system_server expire 30 lines
11-20 11:45:00.792  1733  1733 D PhoneStatusBar: disable: < EXPAND* icons alerts system_info BACK* HOME* RECENT* clock SEARCH* quick_settings >
11-20 11:45:00.817   651  1179 D audio_hw_primary: adev_set_mic_mute state 0
11-20 11:45:00.848   677  2049 I ExtendedExtractor: QTIParser is prefered .. flags 0
