11-20 02:52:45.176  2247  2247 D RegisteredAidCache: AIDs: [A00000038410] were resolved.
11-20 02:52:45.176  2247  2247 D RegisteredAidCache: generateAidCacheLocked: starting with aid A00000038420
11-20 02:52:45.176  2247  2247 D RegisteredAidCache: Exact AID, resolving.
11-20 02:52:45.176  2247  2247 D RegisteredAidCache: resolveAidLocked: DECISION: routing to payment default default ApduService: ComponentInfo{com.google.android.gms/com.google.android.gms.tapandpay.hce.service.TpHceService}, description: Android Pay, Static AID Groups: Category: payment, AIDs:325041592E5359532E4444463031, A0000000041010, A0000000042203, A0000000043060, A000000004, A0000000031010, A0000000980840, A0000000032010, A0000000032020, A000000003, A00000000307010001, A0000003241010, A0000001523010, A0000001524010, A00000002501, A000000025011001, A00000002502, A000000025021001, A000000025010801, A000000025, A0000000250000, D2760000850100, A0000002771010, A00000038410, A00000038420, , Dynamic AID Groups: 
11-20 02:52:45.176  2247  2247 D RegisteredAidCache: AIDs: [A00000038420] were resolved.
11-20 02:52:45.176  2247  2247 D RegisteredAidCache: generateAidCacheLocked: starting with aid D2760000850100
11-20 02:52:45.176  2247  2247 D RegisteredAidCache: Exact AID, resolving.
11-20 02:52:45.176  2247  2247 D RegisteredAidCache: resolveAidLocked: DECISION: routing to payment default default ApduService: ComponentInfo{com.google.android.gms/com.google.android.gms.tapandpay.hce.service.TpHceService}, description: Android Pay, Static AID Groups: Category: payment, AIDs:325041592E5359532E4444463031, A0000000041010, A0000000042203, A0000000043060, A000000004, A0000000031010, A0000000980840, A0000000032010, A0000000032020, A000000003, A00000000307010001, A0000003241010, A0000001523010, A0000001524010, A00000002501, A000000025011001, A00000002502, A000000025021001, A000000025010801, A000000025, A0000000250000, D2760000850100, A0000002771010, A00000038410, A00000038420, , Dynamic AID Groups: 
11-20 02:52:45.176  2247  2247 D RegisteredAidCache: AIDs: [D2760000850100] were resolved.
11-20 02:52:45.176  2247  2247 D RegisteredAidCache: Not updating routing table because NFC is off.
11-20 02:52:45.176  2247  2247 D RegisteredServicesCache: ApduService: ComponentInfo{com.google.android.gms/com.google.android.gms.tapandpay.hce.service.TpHceService}, description: Android Pay, Static AID Groups: Category: payment, AIDs:325041592E5359532E4444463031, A0000000041010, A0000000042203, A0000000043060, A000000004, A0000000031010, A0000000980840, A0000000032010, A0000000032020, A000000003, A00000000307010001, A0000003241010, A0000001523010, A0000001524010, A00000002501, A000000025011001, A00000002502, A000000025021001, A000000025010801, A000000025, A0000000250000, D2760000850100, A0000002771010, A00000038410, A00000038420, , Dynamic AID Groups: 
11-20 02:52:45.177  2247  2247 D RegisteredNfcFServicesCache: Service unchanged, not updating
11-20 02:52:45.246  1436  1507 I ActivityManager: Start proc 3982:com.android.printspooler/u0a71 for service com.android.printspooler/.model.PrintSpoolerService
11-20 02:52:45.459  1436  1509 I ActivityManager: Waited long enough for: ServiceRecord{8991dd8 u0 com.ex.bootcomplete/.ReadPhoneStateService}
11-20 02:52:45.459  1436  1509 I BroadcastQueue: Resuming delayed broadcast
11-20 02:52:45.483  1436  1509 I ActivityManager: Start proc 3997:com.android.cellbroadcastreceiver/u0a8 for broadcast com.android.cellbroadcastreceiver/.CellBroadcastReceiver
11-20 02:52:45.519  3997  3997 W System  : ClassLoader referenced unknown path: /system/priv-app/CellBroadcastReceiver/lib/arm64
11-20 02:52:45.538  3997  3997 D CellBroadcastReceiver: onReceive Intent { act=android.intent.action.SIM_STATE_CHANGED flg=0x4000010 cmp=com.android.cellbroadcastreceiver/.CellBroadcastReceiver (has extras) }
11-20 02:52:45.544  1436  2337 I ActivityManager: Killing 3441:com.google.android.onetimeinitializer/u0a17 (adj 906): empty #17
11-20 02:52:45.546  1926  1926 I VvmSimChangeReceiver: Sim removed, removing inactive accounts
11-20 02:52:45.562  1436  2337 I ActivityManager: Start proc 4012:com.android.settings/1000 for broadcast com.android.settings/.wifi.ManagerPasspointReceiver
11-20 02:52:45.563  1436  1487 D ActivityManager: cleanUpApplicationRecord -- 3441
11-20 02:52:45.591  4012  4012 W System  : ClassLoader referenced unknown path: /system/priv-app/Settings/lib/arm64
11-20 02:52:45.613  4012  4012 D SimSelectNotification:  no of slots 1 provision = true
11-20 02:52:45.630  2779  2779 W Finsky  : [1] com.google.android.finsky.application.d.cd(807): No account configured on this device.
11-20 02:52:45.632  1436  2292 I ActivityManager: Killing 3474:com.google.process.gapps/u0a51 (adj 906): empty #17
11-20 02:52:45.653  1436  1942 D ActivityManager: cleanUpApplicationRecord -- 3474
11-20 02:52:45.665  2477  3290 I EventLogChimeraService: Accumulating logs since 1511146355267
11-20 02:52:45.676  2477  3290 I EventLogChimeraService: Opted in for usage reporting
11-20 02:52:45.698  1926  1926 W System  : ClassLoader referenced unknown path: /system/app/PhoneFeatures/lib/arm64
11-20 02:52:45.700  1926  1926 D ApplicationLoaders: ignored Vulkan layer search path /system/app/PhoneFeatures/lib/arm64:/system/app/PhoneFeatures/PhoneFeatures.apk!/lib/arm64-v8a:/system/lib64:/vendor/lib64 for namespace 0x7fa33b4400
11-20 02:52:45.706  2477  3290 I ProcessCheckinRequest: Get token from PseudonymousIdApi: 117=ICRLsolkD-gk0qm0tVZCJ6UdyMHKOTR89gPEWoxl4QQkVY8MUETSAGd4PXqTslbU4W6RD5c3l1NebcfzUxgaUVuj33OiM24sNtpvw48RZaor7DriFlfGbXh_xcyVcNZ-
11-20 02:52:45.707  2477  3290 I CheckinRequestBuilder: Checkin reason type: 6 attempt count: 1
11-20 02:52:45.709  2477  3290 E ActivityThread: Failed to find provider info for com.google.android.wearable.settings
11-20 02:52:45.721  1926  1926 D QC_RIL_OEM_HOOK: Starting QcrilMsgTunnel Service
11-20 02:52:45.727  1926  1926 D QC_RIL_OEM_HOOK: The QcrilMsgTunnelService will be connected soon 
11-20 02:52:45.729  1926  1926 D QC_RIL_OEM_HOOK: Registering for intent ACTION_UNSOL_RESPONSE_OEM_HOOK_RAW
11-20 02:52:45.729  1926  1926 D DefaultReceiver: receive android.intent.action.SIM_STATE_CHANGED
11-20 02:52:45.733  1926  1926 D CardStateMonitor: on EVENT_ICC_CHANGED
11-20 02:52:45.734  1926  1926 D CardStateMonitor: ICC changed on sub0, state is CARDSTATE_ABSENT
11-20 02:52:45.736  1926  1926 D QC_RIL_OEM_HOOK: QcrilMsgTunnelService Connected Successfully (onServiceConnected)
11-20 02:52:45.736  1926  1926 D QC_RIL_OEM_HOOK: Calling onQcRilHookReady callback
11-20 02:52:45.740  1926  1926 D CardStateMonitor: handleSimStateChanged on slot = 0, simStatus = ABSENT
11-20 02:52:45.744  1926  1926 D SimDetector: on EVENT MSG_ALL_CARDS_AVAILABLE
11-20 02:52:45.747  4012  4012 W System  : ClassLoader referenced unknown path: /system/app/SimSettings/lib/arm64
11-20 02:52:45.749  1926  1926 D SimDetector: sub0 icc id=null, icc id in sp=null
11-20 02:52:45.749  4012  4012 D ApplicationLoaders: ignored Vulkan layer search path /system/app/SimSettings/lib/arm64:/system/app/SimSettings/SimSettings.apk!/lib/arm64-v8a:/system/lib64:/vendor/lib64 for namespace 0x7fa31210f0
11-20 02:52:45.749  1926  1926 D SimDetector: all cards absent
11-20 02:52:45.776  4012  4012 D SimSelectNotification:  no of slots 1 provision = false
11-20 02:52:45.782  3793  3793 D SimStateReceiver: received broadcast android.intent.action.SIM_STATE_CHANGED
11-20 02:52:45.785  3793  3793 D SimStateReceiver: ACTION_SIM_STATE_CHANGED intent received on sub = 0SIM STATE IS ABSENT
11-20 02:52:45.785  3793  3793 W ContextImpl: Calling a method in the system process without a qualified user: android.app.ContextImpl.startService:1357 android.content.ContextWrapper.startService:613 android.content.ContextWrapper.startService:613 com.qualcomm.simcontacts.SimStateReceiver.sendSimState:83 com.qualcomm.simcontacts.SimStateReceiver.onReceive:53 
11-20 02:52:45.786  1926  1926 V BoostFramework: mAcquireFunc method = public int com.qualcomm.qti.Performance.perfLockAcquire(int,int[])
11-20 02:52:45.787  3793  3793 D SimContactsService: service onStart!
11-20 02:52:45.787  1926  1926 V BoostFramework: mReleaseFunc method = public int com.qualcomm.qti.Performance.perfLockRelease()
11-20 02:52:45.787  3793  3793 D SimContactsService: SIM contacts auto-sync is not enabled!
11-20 02:52:45.787  1926  1926 V BoostFramework: mAcquireTouchFunc method = public int com.qualcomm.qti.Performance.perfLockAcquireTouch(android.view.MotionEvent,android.util.DisplayMetrics,int,int[])
11-20 02:52:45.787  1926  1926 V BoostFramework: mIOPStart method = public int com.qualcomm.qti.Performance.perfIOPrefetchStart(int,java.lang.String)
11-20 02:52:45.787  1926  1926 V BoostFramework: mIOPStop method = public int com.qualcomm.qti.Performance.perfIOPrefetchStop()
11-20 02:52:45.790  1926  1926 V BoostFramework: BoostFramework() : mPerf = com.qualcomm.qti.Performance@88c4c71
11-20 02:52:45.790  1926  1926 V BoostFramework: BoostFramework() : mPerf = com.qualcomm.qti.Performance@36d2a56
11-20 02:52:45.793  1926  1926 V BoostFramework: BoostFramework() : mPerf = com.qualcomm.qti.Performance@a483ead
11-20 02:52:45.793  1926  1926 V BoostFramework: BoostFramework() : mPerf = com.qualcomm.qti.Performance@aa995e2
11-20 02:52:45.801  3927  3927 I QImsService: ImsServiceAutoboot : org.codeaurora.ims.ImsService is already running. android.intent.action.SIM_STATE_CHANGED ignored. 
11-20 02:52:45.812  1436  1487 I chatty  : uid=1000(system) Binder:1436_2 expire 2 lines
11-20 02:52:45.815  3955  3955 I SmartcardService: sim_state changed : ABSENT on sub 0
11-20 02:52:45.837  1926  1926 D phone_features: EVENT_SERVICE_CHANGED on slot=0, dds=-1
11-20 02:52:45.837  1926  1926 D SimDetector: on EVENT MSG_ALL_CARDS_AVAILABLE
11-20 02:52:45.837  1926  1926 D SimDetector: sub0 icc id=null, icc id in sp=null
11-20 02:52:45.837  1926  1926 D SimDetector: all cards absent
11-20 02:52:45.845  1926  1926 V BoostFramework: BoostFramework() : mPerf = com.qualcomm.qti.Performance@d5ca948
11-20 02:52:45.845  1926  1926 V BoostFramework: BoostFramework() : mPerf = com.qualcomm.qti.Performance@1b833e1
11-20 02:52:45.847  1926  1926 V BoostFramework: BoostFramework() : mPerf = com.qualcomm.qti.Performance@e00b7c7
11-20 02:52:45.847  1926  1926 V BoostFramework: BoostFramework() : mPerf = com.qualcomm.qti.Performance@93711f4
11-20 02:52:45.851  1436  1693 I ActivityManager: Start proc 4033:com.google.android.deskclock/u0a46 for broadcast com.google.android.deskclock/com.android.alarmclock.DigitalAppWidgetProvider
11-20 02:52:45.876  1926  4032 I Adreno  : QUALCOMM build                   : d5ec573, Ib21c509e1c
11-20 02:52:45.876  1926  4032 I Adreno  : Build Date                       : 06/14/17
11-20 02:52:45.876  1926  4032 I Adreno  : OpenGL ES Shader Compiler Version: XE031.09.00.04
11-20 02:52:45.876  1926  4032 I Adreno  : Local Branch                     : 
11-20 02:52:45.876  1926  4032 I Adreno  : Remote Branch                    : 
11-20 02:52:45.876  1926  4032 I Adreno  : Remote Branch                    : 
11-20 02:52:45.876  1926  4032 I Adreno  : Reconstruct Branch               : 
11-20 02:52:45.883  1926  4032 I OpenGLRenderer: Initialized EGL, version 1.4
11-20 02:52:45.883  1926  4032 D OpenGLRenderer: Swap behavior 1
11-20 02:52:45.892  2477  3290 I CheckinRequestBuilder: Unknown state of subscriptions on the device
11-20 02:52:45.893  4033  4033 W System  : ClassLoader referenced unknown path: /system/app/DeskClockGoogle/lib/arm64
11-20 02:52:45.906  2477  3290 I Adreno  : QUALCOMM build                   : d5ec573, Ib21c509e1c
11-20 02:52:45.906  2477  3290 I Adreno  : Build Date                       : 06/14/17
11-20 02:52:45.906  2477  3290 I Adreno  : OpenGL ES Shader Compiler Version: XE031.09.00.04
11-20 02:52:45.906  2477  3290 I Adreno  : Local Branch                     : 
11-20 02:52:45.906  2477  3290 I Adreno  : Remote Branch                    : 
11-20 02:52:45.906  2477  3290 I Adreno  : Remote Branch                    : 
11-20 02:52:45.906  2477  3290 I Adreno  : Reconstruct Branch               : 
11-20 02:52:45.931  4033  4033 I GAv4    : Google Analytics 10.0.84 is starting up. To enable debug logging on a device run:
11-20 02:52:45.931  4033  4033 I GAv4    :   adb shell setprop log.tag.GAv4 DEBUG
11-20 02:52:45.931  4033  4033 I GAv4    :   adb logcat -s GAv4
11-20 02:52:45.932  2477  3290 I Adreno  : QUALCOMM build                   : d5ec573, Ib21c509e1c
11-20 02:52:45.932  2477  3290 I Adreno  : Build Date                       : 06/14/17
11-20 02:52:45.932  2477  3290 I Adreno  : OpenGL ES Shader Compiler Version: XE031.09.00.04
11-20 02:52:45.932  2477  3290 I Adreno  : Local Branch                     : 
11-20 02:52:45.932  2477  3290 I Adreno  : Remote Branch                    : 
11-20 02:52:45.932  2477  3290 I Adreno  : Remote Branch                    : 
11-20 02:52:45.932  2477  3290 I Adreno  : Reconstruct Branch               : 
11-20 02:52:45.941  4033  4051 W GAv4    : AnalyticsReceiver is not registered or is disabled. Register the receiver for reliable dispatching on non-Google Play devices. See http://goo.gl/8Rd3yj for instructions.
11-20 02:52:45.944  4033  4051 W GAv4    : CampaignTrackingReceiver is not registered, not exported or is disabled. Installation campaign tracking is not possible. See http://goo.gl/8Rd3yj for instructions.
11-20 02:52:45.945  4033  4033 I DigitalWidgetProvider: onReceive: Intent { act=com.android.deskclock.ALARM_CHANGED flg=0x10 cmp=com.google.android.deskclock/com.android.alarmclock.DigitalAppWidgetProvider }
11-20 02:52:45.946  4033  4051 W GAv4    : AnalyticsService not registered in the app manifest. Hits might not be delivered reliably. See http://goo.gl/8Rd3yj for instructions.
11-20 02:52:45.978  1436  2339 I ActivityManager: Start proc 4055:com.google.android.googlequicksearchbox:search/u0a35 for broadcast com.google.android.googlequicksearchbox/com.google.android.apps.gsa.broadcastreceiver.CommonBroadcastReceiver
11-20 02:52:45.991  4033  4053 W RingtoneManager: No READ_EXTERNAL_STORAGE permission, ignoring ringtones on ext storage
11-20 02:52:46.003   600   754 D WVCdm   : Instantiating CDM.
11-20 02:52:46.010   600   754 I WVCdm   : CdmEngine::OpenSession
11-20 02:52:46.010   600   754 I WVCdm   : Level3 Library 4445 Mar 30 2016 13:23:54
11-20 02:52:46.013   600   754 W WVCdm   : Could not load liboemcrypto.so. Falling back to L3.  dlopen failed: library "liboemcrypto.so" not found
11-20 02:52:46.016   600   754 I WVCdm   : CdmEngine::QueryKeyControlInfo
11-20 02:52:46.017   600   600 I WVCdm   : CdmEngine::GenerateKeyRequest
11-20 02:52:46.017   600   600 D WVCdm   : PrepareKeyRequest: nonce=1809917459
11-20 02:52:46.030  4055  4055 W System  : ClassLoader referenced unknown path: /system/priv-app/Velvet/lib/arm64
11-20 02:52:46.055  4033  4053 E ExtMediaPlayer-JNI: env->IsInstanceOf fails
11-20 02:52:46.055  4033  4053 E MediaPlayer-JNI: JNIMediaPlayerFactory: bIsQCMediaPlayerPresent 0
11-20 02:52:46.055  4033  4053 E ExtMediaPlayer-JNI: env->IsInstanceOf fails
11-20 02:52:46.055  4033  4053 E MediaPlayer-JNI: JNIMediaPlayerFactory: bIsQCMediaPlayerPresent 0
11-20 02:52:46.067   603  1845 I ExtendedNuUtils: printFileName fd(7) -> /data/system_de/0/ringtones/alarm_alert_cache
11-20 02:52:46.080   601   601 I ExtendedExtractor: QTIParser is prefered .. flags 2
11-20 02:52:46.080   601   601 D MMParserExtractor: setExtraFlags called with flags 2 for paser instance f1c2db40
11-20 02:52:46.080   601   601 D MMParserExtractor: using bigger parser buffers
11-20 02:52:46.080   601   601 I ExtendedExtractor: ExtendedExtractor::create 0xf1c2db40
11-20 02:52:46.082   603  4071 D NuPlayerDriver: notifyListener_l(0xf152aae0), (1, 0, 0), loop setting(0, 0)
11-20 02:52:46.083  4033  4053 D MediaPlayer: setSubtitleAnchor in MediaPlayer
11-20 02:52:46.083  4033  4033 D MediaPlayer: setSubtitleAnchor in MediaPlayer
11-20 02:52:46.087  4033  4053 D Ringtone: Successfully created local player
11-20 02:52:46.096  3514  3526 I Adreno  : QUALCOMM build                   : d5ec573, Ib21c509e1c
11-20 02:52:46.096  3514  3526 I Adreno  : Build Date                       : 06/14/17
11-20 02:52:46.096  3514  3526 I Adreno  : OpenGL ES Shader Compiler Version: XE031.09.00.04
11-20 02:52:46.096  3514  3526 I Adreno  : Local Branch                     : 
11-20 02:52:46.096  3514  3526 I Adreno  : Remote Branch                    : 
11-20 02:52:46.096  3514  3526 I Adreno  : Remote Branch                    : 
11-20 02:52:46.096  3514  3526 I Adreno  : Reconstruct Branch               : 
11-20 02:52:46.118   600   754 I WVCdm   : CdmEngine::CloseSession
11-20 02:52:46.127  3514  3526 I Adreno  : QUALCOMM build                   : d5ec573, Ib21c509e1c
11-20 02:52:46.127  3514  3526 I Adreno  : Build Date                       : 06/14/17
11-20 02:52:46.127  3514  3526 I Adreno  : OpenGL ES Shader Compiler Version: XE031.09.00.04
11-20 02:52:46.127  3514  3526 I Adreno  : Local Branch                     : 
11-20 02:52:46.127  3514  3526 I Adreno  : Remote Branch                    : 
11-20 02:52:46.127  3514  3526 I Adreno  : Remote Branch                    : 
11-20 02:52:46.127  3514  3526 I Adreno  : Reconstruct Branch               : 
11-20 02:52:46.148  4033  4076 I AlarmClock: Started indexing all application data.
11-20 02:52:46.178  4033  4076 D AppIndexApi: Logging objectbis@264fe03
11-20 02:52:46.200  2203  2553 W Icing   : isOptedInForAppHistory: empty Account Name encountered
11-20 02:52:46.202  4033  4076 I AlarmClock: Finished indexing all application data.
11-20 02:52:46.276  4055  4081 I ModelDownloadController: Handle the downloaded hotword model
11-20 02:52:46.276  4055  4081 I ModelDownloadController: the model is already used
11-20 02:52:46.279  4055  4081 I OpaEligibilityChecker: send OpaEligibilityChange broadcast to CommonBroadcastReceiver
11-20 02:52:46.325  4055  4055 W art     : Before Android 4.1, method double java.util.concurrent.ThreadLocalRandom.internalNextDouble(double, double) would have incorrectly overridden the package-private method in java.util.Random
11-20 02:52:46.325  4055  4055 W art     : Before Android 4.1, method int java.util.concurrent.ThreadLocalRandom.internalNextInt(int, int) would have incorrectly overridden the package-private method in java.util.Random
11-20 02:52:46.325  4055  4055 W art     : Before Android 4.1, method long java.util.concurrent.ThreadLocalRandom.internalNextLong(long, long) would have incorrectly overridden the package-private method in java.util.Random
11-20 02:52:46.344  3514  3526 I Adreno  : QUALCOMM build                   : d5ec573, Ib21c509e1c
11-20 02:52:46.344  3514  3526 I Adreno  : Build Date                       : 06/14/17
11-20 02:52:46.344  3514  3526 I Adreno  : OpenGL ES Shader Compiler Version: XE031.09.00.04
11-20 02:52:46.344  3514  3526 I Adreno  : Local Branch                     : 
11-20 02:52:46.344  3514  3526 I Adreno  : Remote Branch                    : 
11-20 02:52:46.344  3514  3526 I Adreno  : Remote Branch                    : 
11-20 02:52:46.344  3514  3526 I Adreno  : Reconstruct Branch               : 
11-20 02:52:46.371  4055  4068 I VoiceSearchSettings: Hotword upgrade key is null!
11-20 02:52:46.372  2219  2219 I GsaVoiceInteractionSrv: sendInitializeMessageToHandler locale en-US hotwordPhrase Ok Google
11-20 02:52:46.372  2219  2219 I GsaVoiceInteractionSrv: Not calling getSupportedRecognitionModes. Availability: -1
11-20 02:52:46.372  2219  2219 I HwDetectorWithState: #performNextHotwordAction action: 3
11-20 02:52:46.398  4055  4055 I MicroDetectionWorker: #initializeDataManager [recognitionLocale: en-US, isForced: false, initGHRecognizer: false]
11-20 02:52:46.401  4055  4055 W SessionLifecycleManager: Client : AttachedClient[17835589748892802, ClientConfig[mFlags=[default, headless, launch_external_voice_search_ui, support_transparent_background, legacy_leave_behind_dirty_session_fixme] mSuggestFlags=[0] mClientId=hotwordservice mSessionType=search]] has no associated SessionController
11-20 02:52:46.401  4055  4055 W SearchService: Abort, client detached.
11-20 02:52:46.416  2477  3290 I CheckinUtil: Classify the device as Phone.
11-20 02:52:46.422  2477  3290 I EventLogChimeraService: Opted in for usage reporting
11-20 02:52:46.458  2477  3290 W System  : Ignoring header Cookie because its value was null.
11-20 02:52:46.458  2477  3290 I ProcessCheckinRequest: set cookie as: null
11-20 02:52:46.462  2477  3290 E ProcessCheckinRequest: CheckinNowTaskTag : Checkin failed: https://android.clients.google.com/checkin (request #0): java.net.UnknownHostException: Unable to resolve host "android.clients.google.com": No address associated with hostname
11-20 02:52:47.171   610   610 I ServiceManager: Waiting for service AtCmdFwd...
11-20 02:52:47.428   749   749 I MSM-irqbalance: Decided to move IRQ5 from CPU1 [P:0] to CPU5 [P:1] (banned)
11-20 02:52:47.429   749   749 I MSM-irqbalance: Decided to move IRQ3 from CPU1 [P:0] to CPU7 [P:1] (banned)
11-20 02:52:47.430   749   749 I MSM-irqbalance: Decided to move IRQ5 from CPU2 [P:0] to CPU4 [P:1] (banned)
11-20 02:52:47.430   749   749 I MSM-irqbalance: Decided to move IRQ188 from CPU2 [P:0] to CPU6 [P:1] (banned)
11-20 02:52:47.431   749   749 I MSM-irqbalance: Decided to move IRQ5 from CPU0 [P:0] to CPU5 [P:1] (banned)
11-20 02:52:47.431   749   749 I MSM-irqbalance: Decided to move IRQ3 from CPU0 [P:0] to CPU7 [P:1] (banned)
11-20 02:52:47.432   749   749 I MSM-irqbalance: Decided to move IRQ5 from CPU3 [P:0] to CPU4 [P:1] (banned)
11-20 02:52:47.566  1926  1926 E VvmSimChangeReceiver: Empty MCCMNC, possible modem crash. Ignoring carrier config changed event
11-20 02:52:47.590  2477  3174 I CastDatabase: Opening the database
11-20 02:52:47.603  1926  4105 D SIP     : [SipPreferences] isReceivingCallsEnabled, option not set; use default value, exception: android.provider.Settings$SettingNotFoundException: sip_receive_calls
11-20 02:52:47.620  2203  4100 I GCoreUlr: Starting service, intent=Intent { act=com.google.android.location.reporting.ACTION_UPDATE_WORLD cmp=com.google.android.gms/com.google.android.location.reporting.service.DispatchingService (has extras) }, extras=Bundle[{receiverAction=com.google.android.location.internal.server.ACTION_RESTARTED}]
11-20 02:52:47.622  2477  3174 I SQLiteCastStore: 0 CastNetworkInfo instances loaded, 0 CastDeviceInfo instances loaded, 0 paired guest mode devices loaded.
11-20 02:52:47.634  1436  2339 I BroadcastQueue: Delay finish: com.google.android.calendar/.alerts.AlertReceiver
11-20 02:52:47.681  2203  2561 I GCoreUlr: WorldUpdater received intent Intent { act=com.google.android.location.reporting.ACTION_UPDATE_WORLD cmp=com.google.android.gms/com.google.android.location.reporting.service.DispatchingService (has extras) } with receiverAction com.google.android.location.internal.server.ACTION_RESTARTED
11-20 02:52:47.683  2203  2561 I GCoreUlr: WorldUpdater:com.google.android.location.internal.server.ACTION_RESTARTED: Ensuring that reporting is stopped because of reasons: (no Google accounts)
11-20 02:52:47.687  2203  2561 I GCoreUlr: Unbound from all location providers
11-20 02:52:47.687  2203  2561 I GCoreUlr: Place inference reporting - stop
11-20 02:52:47.688  2203  2553 I GCoreUlr: Unregistering for aliased place alerts.
11-20 02:52:47.697  2203  2561 I GCoreUlr: DispatchingService ignoring Intent { act=android.net.wifi.WIFI_STATE_CHANGED flg=0x4000010 (has extras) } because ULR inactive
11-20 02:52:47.699  2203  2203 I GCoreUlr: DispatchingService.onDestroy()
11-20 02:52:47.702  2203  2203 I GCoreUlr: Stopping handler for UlrDispSvcFast
11-20 02:52:47.706  2203  2203 I GCoreUlr: Unbound from all location providers
11-20 02:52:47.706  2203  2203 I GCoreUlr: Place inference reporting - stop
11-20 02:52:47.714  2203  2553 I GCoreUlr: Unregistering for aliased place alerts.
11-20 02:52:47.735  2526  2526 I chatty  : uid=1010(wifi) /system/bin/wpa_supplicant expire 355 lines
11-20 02:52:47.744  1436  1509 I ActivityManager: Waited long enough for: ServiceRecord{25b97fd u0 com.google.android.calendar/.alerts.InitAlarmsService}
11-20 02:52:47.744  1436  1509 I BroadcastQueue: Resuming delayed broadcast
11-20 02:52:47.753  2203  2203 I GeofencerStateMachine: removeGeofences: removeRequest=RemoveGeofencingRequest[REMOVE_BY_PENDING_INTENT pendingIntent=PendingIntent[creatorPackage=com.google.android.gms], packageName=null]
11-20 02:52:47.755  2203  2203 I GeofencerStateMachine: removeGeofences: removeRequest=RemoveGeofencingRequest[REMOVE_BY_PENDING_INTENT pendingIntent=PendingIntent[creatorPackage=com.google.android.gms], packageName=null]
11-20 02:52:47.766  2203  2203 I GeofencerStateMachine: removeGeofences: removeRequest=RemoveGeofencingRequest[REMOVE_BY_PENDING_INTENT pendingIntent=PendingIntent[creatorPackage=com.google.android.gms], packageName=null]
11-20 02:52:47.777  1436  1486 I ActivityManager: Start proc 4110:com.google.android.apps.maps/u0a79 for broadcast com.google.android.apps.maps/com.google.android.apps.gmm.ugc.ataplace.AtAPlaceService
11-20 02:52:47.792  2203  2203 I GeofencerStateMachine: removeGeofences: removeRequest=RemoveGeofencingRequest[REMOVE_BY_PENDING_INTENT pendingIntent=PendingIntent[creatorPackage=com.google.android.gms], packageName=null]
11-20 02:52:47.794  2203  2203 I GeofencerStateMachine: removeGeofences: removeRequest=RemoveGeofencingRequest[REMOVE_BY_PENDING_INTENT pendingIntent=PendingIntent[creatorPackage=com.google.android.gms], packageName=null]
11-20 02:52:47.803  2203  2203 I GeofencerStateMachine: removeGeofences: removeRequest=RemoveGeofencingRequest[REMOVE_BY_PENDING_INTENT pendingIntent=PendingIntent[creatorPackage=com.google.android.gms], packageName=null]
11-20 02:52:47.815  4110  4110 W System  : ClassLoader referenced unknown path: /system/app/Maps/lib/arm64
11-20 02:52:47.970  4110  4129 W asay    : copyMemory is missing from platform - proto runtime falling back to safer methods.
11-20 02:52:47.998  2477  2477 I CastSocket: 25 >= 18. Adding new CastClientAuthKeyManager.
11-20 02:52:48.018  1436  1644 I chatty  : uid=1000(system) WifiScanningSer expire 2 lines
11-20 02:52:48.041  2477  2477 I DiscoveryManager: WifiGuestModeDeviceScanner enabled.
11-20 02:52:48.055  2477  2477 V MediaRouter: Adding route: RouteInfo{ name=Phone, description=null, status=null, category=RouteCategory{ name=null types=ROUTE_TYPE_LIVE_AUDIO ROUTE_TYPE_LIVE_VIDEO  groupable=false }, supportedTypes=ROUTE_TYPE_LIVE_AUDIO ROUTE_TYPE_LIVE_VIDEO , presentationDisplay=null }
11-20 02:52:48.061  2477  2477 V MediaRouter: Updating audio routes: AudioRoutesInfo{ type=SPEAKER }
11-20 02:52:48.063  2477  2477 V MediaRouter: Selecting route: RouteInfo{ name=Phone, description=null, status=null, category=RouteCategory{ name=null types=ROUTE_TYPE_LIVE_AUDIO ROUTE_TYPE_LIVE_VIDEO  groupable=false }, supportedTypes=ROUTE_TYPE_LIVE_AUDIO ROUTE_TYPE_LIVE_VIDEO , presentationDisplay=null }
11-20 02:52:48.067  2477  2477 I MediaRouter: Found default route: MediaRouter.RouteInfo{ uniqueId=android/abd:DEFAULT_ROUTE, name=Phone, description=null, iconUri=null, enabled=true, connecting=false, connectionState=0, canDisconnect=false, playbackType=0, playbackStream=3, deviceType=0, volumeHandling=1, volume=1, volumeMax=15, presentationDisplayId=-1, extras=null, settingsIntent=null, providerPackageName=android }
11-20 02:52:48.083  2477  2477 V MediaRouter: Selecting route: RouteInfo{ name=Phone, description=null, status=null, category=RouteCategory{ name=null types=ROUTE_TYPE_LIVE_AUDIO ROUTE_TYPE_LIVE_VIDEO  groupable=false }, supportedTypes=ROUTE_TYPE_LIVE_AUDIO ROUTE_TYPE_LIVE_VIDEO , presentationDisplay=null }
11-20 02:52:48.091  2477  4096 I IcingInternalCorpora: Received calendar change notification.
11-20 02:52:48.114  2477  3290 W ChimeraUtils: Non Chimera context
11-20 02:52:48.139  2477  3174 I Icing   : Storage manager: low false usage 19.74MB avail 7.79GB capacity 8.46GB
11-20 02:52:48.171   610   610 I ServiceManager: Waiting for service AtCmdFwd...
11-20 02:52:48.189  2477  3174 I native  : task-context.cc:62 SetParameter(language_identifier_embedding_dims, 16;16;4;16;16)
11-20 02:52:48.189  2477  3174 I native  : task-context.cc:62 SetParameter(language_identifier_embedding_names, bigrams;quadgrams;relevant-scripts;trigrams;unigrams)
11-20 02:52:48.189  2477  3174 I native  : task-context.cc:62 SetParameter(language_identifier_features, continuous-bag-of-ngrams(include_terminators=true,include_spaces=false,use_equal_weight=false,id_dim=1000,size=2);continuous-bag-of-ngrams(include_terminators=true,include_spaces=false,use_equal_weight=false,id_dim=5000,size=4);continuous-bag-of-relevant-scripts;continuous-bag-of-ngrams(include_terminators=true,include_spaces=false,use_equal_weight=false,id_dim=5000,size=3);continuous-bag-of-ngrams(include_terminators=true,include_spaces=false,use_equal_weight=false,id_dim=100,size=1))
11-20 02:52:48.189  2477  3174 I native  : task-context.cc:62 SetParameter(language_identifier_predicate_maps, none;none;none;none;none)
11-20 02:52:48.189  2477  3174 I native  : task-context.cc:62 SetParameter(neurosis_feature_syntax_version, 2)
11-20 02:52:48.189  2477  3174 I native  : task-context.cc:62 SetParameter(reliability_thresh, 0.7)
11-20 02:52:48.189  2477  3174 I native  : task-context.cc:62 SetParameter(document_analyzer, saft)
11-20 02:52:48.191  2477  3174 I native  : model-api.cc:44 Registered model under key tmp-segmentation-model
11-20 02:52:48.191  2477  3174 I native  : task-context.cc:62 SetParameter(MODEL-KEY-1@%, tmp-segmentation-model)
11-20 02:52:48.224  4110  4141 W System  : ClassLoader referenced unknown path: /system/priv-app/GmsCore/lib/arm64
11-20 02:52:48.226  4110  4141 D ApplicationLoaders: ignored Vulkan layer search path /system/priv-app/GmsCore/lib/arm64:/system/fake-libs64:/system/priv-app/GmsCore/GmsCore.apk!/lib/arm64-v8a:/system/lib64:/vendor/lib64 for namespace 0x7fa31210f0
11-20 02:52:48.239  4110  4141 W System  : ClassLoader referenced unknown path: /system/priv-app/GmsCore/lib/arm64
11-20 02:52:48.240  4110  4141 W System  : ClassLoader referenced unknown path: /system/priv-app/GmsCore/lib/arm64
11-20 02:52:48.247  4110  4141 W System  : ClassLoader referenced unknown path: /system/priv-app/GmsCore/lib/arm64
11-20 02:52:48.247  4110  4141 W System  : ClassLoader referenced unknown path: /system/priv-app/GmsCore/lib/arm64
11-20 02:52:48.258  4110  4141 V NativeCrypto: Registering com/google/android/gms/org/conscrypt/NativeCrypto's 259 native methods...
11-20 02:52:48.272  1436  1693 I ActivityManager: Killing 3496:com.google.android.talk/u0a86 (adj 906): empty #17
11-20 02:52:48.281  4110  4141 D NetworkSecurityConfig: No Network Security Config specified, using platform default
11-20 02:52:48.283  4110  4141 I ProviderInstaller: Installed default security provider GmsCore_OpenSSL
11-20 02:52:48.285  2477  3174 I native  : task-context.cc:62 SetParameter(segmentation-model-provider-#%12, model-provider-from-file-/data/user/0/com.google.android.gms/files/datadownload/shared/public/datadownloadfile_1)
11-20 02:52:48.286  2477  3174 W Icing   : city name for address is empty or is not existed. 
11-20 02:52:48.286  2477  3174 W Icing   : street name for address is empty or is not existed. 
11-20 02:52:48.299  1436  2334 I ActivityManager: Start proc 4159:com.google.android.gm/u0a58 for broadcast com.google.android.gm/.widget.GmailWidgetProvider
11-20 02:52:48.300  1436  2335 D ActivityManager: cleanUpApplicationRecord -- 3496
11-20 02:52:48.330  4159  4159 W System  : ClassLoader referenced unknown path: /system/app/Gmail2/lib/arm64
11-20 02:52:48.331  2477  3174 E Icing   : Array storage bad crc 3044209309 vs 494401579
11-20 02:52:48.331  2477  3174 E Icing   : File /data/data/com.google.android.gms/files/AppDataSearch/main/cur/ds.docids failed to init (elt_size 4 num_elts 100151 array_crc 494401579)
11-20 02:52:48.346  2477  3174 E Icing   : Array storage bad crc 1395029161 vs 2281948904
11-20 02:52:48.346  2477  3174 E Icing   : File /data/data/com.google.android.gms/files/AppDataSearch/main/cur/ds.perdocdata failed to init (elt_size 26 num_elts 100151 array_crc 2281948904)
11-20 02:52:48.347  2477  3174 E Icing   : Array storage bad crc 1623375726 vs 2834519302
11-20 02:52:48.348  2477  3174 E Icing   : File /data/data/com.google.android.gms/files/AppDataSearch/main/cur/ds.cscoring failed to init (elt_size 37 num_elts 26 array_crc 2834519302)
11-20 02:52:48.363  2477  3174 E Icing   : Array storage bad crc 1043254081 vs 3139230133
11-20 02:52:48.363  2477  3174 E Icing   : Trie mmap suffix failed
11-20 02:52:48.367  4159  4159 W EasBundling: in EasBundling.init, isBundlingEnabled=true
11-20 02:52:48.377  4159  4178 D ActivityThread: Loading provider com.google.android.gmail.provider;com.android.mail.notifier;com.google.android.gm.email.provider;com.google.android.gm.tasks.provider;com.google.android.gm.email.notifier: com.android.email.provider.EmailProvider
11-20 02:52:48.382  2203  2203 W ChimeraUtils: Non Chimera context
11-20 02:52:48.400  2477  3174 W Icing   : Docstore bad crc 0x905bb622 vs 0x1e6a7013
11-20 02:52:48.465  4159  4159 W GAV2    : Thread[main,5,main]: Need to call initialize() and be in fallback mode to start dispatch.
11-20 02:52:48.467  1436  2339 W ActivityManager: Unable to start service Intent { cmp=com.google.android.gm/com.android.email.service.AttachmentService } U=0: not found
11-20 02:52:48.494  1436  1963 I BroadcastQueue: Delay finish: com.google.android.gm/.widget.GmailWidgetProvider
11-20 02:52:48.499  1436  2338 W ActivityManager: Unable to start service Intent { cmp=com.google.android.gm.exchange/com.android.exchange.service.EasService } U=0: not found
11-20 02:52:48.518  2203  4192 I CheckinUtil: Classify the device as Phone.
11-20 02:52:48.522  1436  1486 I BroadcastQueue: Resuming delayed broadcast
11-20 02:52:48.533  2203  4192 W FetchTask: exception on config fetch: java.net.UnknownHostException: Unable to resolve host "cloudconfig.googleapis.com": No address associated with hostname
11-20 02:52:48.538  1436  2335 I BroadcastQueue: Delay finish: com.google.android.gm/.widget.GmailWidgetProvider
11-20 02:52:48.541  1436  2338 I BroadcastQueue: Resuming delayed broadcast
11-20 02:52:48.551  1436  2335 I BroadcastQueue: Delay finish: com.google.android.gm/.MailIntentReceiver
11-20 02:52:48.556  4159  4159 W Gmail   : ExperimentSnapshot: Didn't fetch remote config update
11-20 02:52:48.557  1436  2334 I BroadcastQueue: Resuming delayed broadcast
11-20 02:52:48.567  1436  2339 I ActivityManager: Killing 3581:com.google.android.videos/u0a84 (adj 906): empty #17
11-20 02:52:48.570  4055  4055 W SearchService: Abort, client detached.
11-20 02:52:48.594  1436  1487 D ActivityManager: cleanUpApplicationRecord -- 3581
11-20 02:52:49.172   610   610 I ServiceManager: Waiting for service AtCmdFwd...
11-20 02:52:49.208  2247  2258 D NfcService: wildcard for SmartcardService
11-20 02:52:49.210  3955  3977 E SmartcardService - NfcIntentsService: Smartcard service gracefully failing to acquire NfcAdapter at boot. try 1
11-20 02:52:49.210  3955  3977 W System.err: java.lang.SecurityException: /etc/nqnfcee_access.xml denies NFCEE access to org.simalliance.openmobileapi.service
11-20 02:52:49.210  3955  3977 W System.err: 	at android.os.Parcel.readException(Parcel.java:1684)
11-20 02:52:49.210  3955  3977 W System.err: 	at android.os.Parcel.readException(Parcel.java:1637)
11-20 02:52:49.210  3955  3977 W System.err: 	at android.nfc.INfcAdapter$Stub$Proxy.getNfcAdapterExtrasInterface(INfcAdapter.java:373)
11-20 02:52:49.210  3955  3977 W System.err: 	at android.nfc.NfcAdapter.getNfcAdapterExtrasInterface(NfcAdapter.java:1817)
11-20 02:52:49.210  3955  3977 W System.err: 	at org.simalliance.openmobileapi.service.NfcIntentsService$1.run(NfcIntentsService.java:108)
11-20 02:52:49.211  2477  2980 I IcingInternalCorpora: EventIndexer: starting incremental update
11-20 02:52:49.212  2477  2980 I IcingInternalCorpora: EventIndexer: 0 added, 0 removed, 0 changed, 0 unchanged, 0 errors.
11-20 02:52:49.212  2477  2980 I IcingInternalCorpora: EventIndexer: finished after 1 ms.
11-20 02:52:49.593  1436  2291 I BroadcastQueue: Delay finish: com.android.providers.calendar/.CalendarProviderBroadcastReceiver
11-20 02:52:49.612  1436  2292 I BroadcastQueue: Resuming delayed broadcast
11-20 02:52:49.670  1436  1963 I ActivityManager: Start proc 4201:com.google.android.gms.ui/u0a12 for service com.google.android.gms/.chimera.UiIntentOperationService
11-20 02:52:49.719  4201  4201 W System  : ClassLoader referenced unknown path: /system/priv-app/GmsCore/lib/arm64
11-20 02:52:49.756  4201  4201 I LoadedApk: No resource references to update in package FFFFFFFFFFFFFFFFFFFFFF
11-20 02:52:49.761  1436  2337 I BroadcastQueue: Delay finish: com.google.android.gms/.stats.service.DropBoxEntryAddedReceiver
11-20 02:52:49.769  1436  1942 I BroadcastQueue: Resuming delayed broadcast
11-20 02:52:49.792  4201  4201 W System  : ClassLoader referenced unknown path: /system/priv-app/GmsCore/lib/arm64
11-20 02:52:49.793  4201  4201 W System  : ClassLoader referenced unknown path: /system/priv-app/GmsCore/lib/arm64
11-20 02:52:49.796  4201  4201 W System  : ClassLoader referenced unknown path: /system/priv-app/GmsCore/lib/arm64
11-20 02:52:49.797  4201  4201 W System  : ClassLoader referenced unknown path: /system/priv-app/GmsCore/lib/arm64
11-20 02:52:49.803  4201  4201 V NativeCrypto: Registering com/google/android/gms/org/conscrypt/NativeCrypto's 259 native methods...
11-20 02:52:49.823  4201  4201 D NetworkSecurityConfig: No Network Security Config specified, using platform default
11-20 02:52:49.825  4201  4201 I ProviderInstaller: Installed default security provider GmsCore_OpenSSL
11-20 02:52:49.885  1436  1935 I BroadcastQueue: Delay finish: com.google.android.gms/.stats.service.DropBoxEntryAddedReceiver
11-20 02:52:49.898  1436  1942 I BroadcastQueue: Resuming delayed broadcast
11-20 02:52:49.915  1436  2337 I BroadcastQueue: Delay finish: com.google.android.gms/.stats.service.DropBoxEntryAddedReceiver
11-20 02:52:49.922  1436  2336 I BroadcastQueue: Resuming delayed broadcast
11-20 02:52:49.936  1436  1942 I BroadcastQueue: Delay finish: com.google.android.gms/.stats.service.DropBoxEntryAddedReceiver
11-20 02:52:49.944  1436  1487 I BroadcastQueue: Resuming delayed broadcast
11-20 02:52:49.956  1436  1963 I BroadcastQueue: Delay finish: com.google.android.gms/.stats.service.DropBoxEntryAddedReceiver
11-20 02:52:49.963  1436  1693 I BroadcastQueue: Resuming delayed broadcast
11-20 02:52:49.987  1436  1487 I BroadcastQueue: Delay finish: com.google.android.gms/.stats.service.DropBoxEntryAddedReceiver
11-20 02:52:49.999  1436  2336 I BroadcastQueue: Resuming delayed broadcast
11-20 02:52:50.015  4055  4055 W SearchService: Abort, client detached.
11-20 02:52:50.172   610   610 I ServiceManager: Waiting for service AtCmdFwd...
11-20 02:52:50.315  1436  2337 I ActivityManager: Killing 3646:com.google.android.youtube/u0a88 (adj 906): empty #17
11-20 02:52:50.339  1436  1942 D ConnectivityService: ConnectivityService NetworkRequestInfo binderDied(NetworkRequest [ LISTEN id=8, [ Capabilities: INTERNET&NOT_RESTRICTED&TRUSTED&FOREGROUND] ], android.os.BinderProxy@7f14c3c)
11-20 02:52:50.340  1436  2291 D ActivityManager: cleanUpApplicationRecord -- 3646
11-20 02:52:50.348  1436  1646 E ConnectivityService: RemoteException caught trying to send a callback msg for NetworkRequest [ LISTEN id=8, [ Capabilities: INTERNET&NOT_RESTRICTED&TRUSTED&FOREGROUND] ]
11-20 02:52:50.491  1326  1396 W XTCC-5.1.0.23-d: [LOWIUtils] to_eScanTypeResponse - default case
11-20 02:52:50.492  1436  1890 I chatty  : uid=1000(system) FLP Service Cal expire 5 lines
11-20 02:52:50.502  1326  1396 W XTCC-5.1.0.23-d: [LOWIUtils] to_eScanTypeResponse - default case
11-20 02:52:50.502  1326  1396 W XTCC-5.1.0.23-d: [WifiScanner] WiFi scan result : [43] AP's
11-20 02:52:50.531  1436  1486 I ActivityManager: Killing 3766:com.qualcomm.embms/u0a81 (adj 906): empty #17
11-20 02:52:50.541  1436  2291 D ActivityManager: cleanUpApplicationRecord -- 3766
11-20 02:52:50.687  2526  2526 D wpa_supplicant:   key_rsc - hexdump(len=8): 00 00 00 00 00 00 00 00
11-20 02:52:50.687  2526  2526 D wpa_supplicant:   key_id (reserved) - hexdump(len=8): 00 00 00 00 00 00 00 00
11-20 02:52:50.687  2526  2526 D wpa_supplicant:   key_mic - hexdump(len=16): 00 00 00 00 00 00 00 00 00 00 00 00 00 00 00 00
11-20 02:52:50.687  2526  2526 D wpa_supplicant: wlan0: State: ASSOCIATED -> 4WAY_HANDSHAKE
11-20 02:52:50.687  2526  2526 D wpa_supplicant: CTRL-DEBUG: ctrl_sock-sendmsg: sock=9 sndbuf=212992 outq=0 send_len=76
11-20 02:52:50.687  2526  2526 D wpa_supplicant: CTRL_IFACE monitor sent successfully to /data/misc/wifi/sockets/wpa_ctrl_1436-2\x00
11-20 02:52:50.687  2526  2526 D wpa_supplicant: wlan0: Determining shared radio frequencies (max len 2)
11-20 02:52:50.687  2526  2526 D wpa_supplicant: wlan0: Shared frequencies (len=1): completed iteration
11-20 02:52:50.687  2526  2526 D wpa_supplicant: wlan0: freq[0]: 5180, flags=0x1
11-20 02:52:50.687  2526  2526 D wpa_supplicant: P2P: Add operating class 81
11-20 02:52:50.687  2526  2526 D wpa_supplicant: P2P: Channels - hexdump(len=13): 01 02 03 04 05 06 07 08 09 0a 0b 0c 0d
11-20 02:52:50.688  2526  2526 D wpa_supplicant: P2P: Add operating class 115
11-20 02:52:50.688  2526  2526 D wpa_supplicant: P2P: Channels - hexdump(len=4): 24 28 2c 30
11-20 02:52:50.688  2526  2526 D wpa_supplicant: P2P: Add operating class 116
11-20 02:52:50.688  2526  2526 D wpa_supplicant: P2P: Channels - hexdump(len=2): 24 2c
11-20 02:52:50.688  2526  2526 D wpa_supplicant: P2P: Add operating class 117
11-20 02:52:50.688  2526  2526 D wpa_supplicant: P2P: Channels - hexdump(len=2): 28 30
11-20 02:52:50.688  2526  2526 D wpa_supplicant: P2P: Add operating class 124
11-20 02:52:50.688  2526  2526 D wpa_supplicant: P2P: Channels - hexdump(len=4): 95 99 9d a1
11-20 02:52:50.688  2526  2526 D wpa_supplicant: P2P: Add operating class 125
11-20 02:52:50.688  2526  2526 D wpa_supplicant: P2P: Channels - hexdump(len=5): 95 99 9d a1 a5
11-20 02:52:50.688  2526  2526 D wpa_supplicant: P2P: Add operating class 126
11-20 02:52:50.688  2526  2526 D wpa_supplicant: P2P: Channels - hexdump(len=2): 95 9d
11-20 02:52:50.688  2526  2526 D wpa_supplicant: P2P: Add operating class 127
11-20 02:52:50.688  2526  2526 D wpa_supplicant: P2P: Channels - hexdump(len=2): 99 a1
11-20 02:52:50.688  2526  2526 D wpa_supplicant: P2P: Add operating class 130
11-20 02:52:50.688  2526  2526 D wpa_supplicant: P2P: Channels - hexdump(len=4): 24 28 2c 30
11-20 02:52:50.688  2526  2526 D wpa_supplicant: P2P: Update channel list
11-20 02:52:50.688  2526  2526 D wpa_supplicant: P2P: channels: 81:1,2,3,4,5,6,7,8,9,10,11,12,13 115:36,40,44,48 116:36,44 117:40,48 124:149,153,157,161 125:149,153,157,161,165 126:149,157 127:153,161 130:36,40,44,48
11-20 02:52:50.688  2526  2526 D wpa_supplicant: P2P: cli_channels:
11-20 02:52:50.688  2526  2526 D wpa_supplicant: wlan0: WPA: RX message 1 of 4-Way Handshake from 38:1c:1a:2e:e5:0d (ver=2)
11-20 02:52:50.689  2526  2526 D wpa_supplicant: RSN: msg 1/4 key data - hexdump(len=22): dd 14 00 0f ac 04 da 0e 2a a6 02 07 71 9c 71 6e 00 18 a2 28 55 bc
11-20 02:52:50.689  2526  2526 D wpa_supplicant: WPA: PMKID in EAPOL-Key - hexdump(len=22): dd 14 00 0f ac 04 da 0e 2a a6 02 07 71 9c 71 6e 00 18 a2 28 55 bc
11-20 02:52:50.689  2526  2526 D wpa_supplicant: RSN: PMKID from Authenticator - hexdump(len=16): da 0e 2a a6 02 07 71 9c 71 6e 00 18 a2 28 55 bc
11-20 02:52:50.689  2526  2526 D wpa_supplicant: wlan0: RSN: no matching PMKID found
11-20 02:52:50.689  2526  2526 D wpa_supplicant: Get randomness: len=32 entropy=41
11-20 02:52:50.692  2526  2526 D wpa_supplicant: WPA: Renewed SNonce - hexdump(len=32): 15 64 7b f5 78 52 38 a0 ea 4d 65 e6 ed 11 fc ae f5 ad 17 1e c3 8f d8 b9 2b 4e 94 58 4e 1e d6 fa
11-20 02:52:50.692  2526  2526 D wpa_supplicant: WPA: PTK derivation - A1=00:16:7f:1d:bc:59 A2=38:1c:1a:2e:e5:0d
11-20 02:52:50.693  2526  2526 D wpa_supplicant: WPA: Nonce1 - hexdump(len=32): 15 64 7b f5 78 52 38 a0 ea 4d 65 e6 ed 11 fc ae f5 ad 17 1e c3 8f d8 b9 2b 4e 94 58 4e 1e d6 fa
11-20 02:52:50.693  2526  2526 D wpa_supplicant: WPA: Nonce2 - hexdump(len=32): 3a 40 6c 98 97 3f 1c 43 e4 80 31 a3 5b 72 93 d0 84 7a 4c b8 aa 5e 3f 47 7a c0 2b 7e 5b 1d 51 d8
11-20 02:52:50.693  2526  2526 D wpa_supplicant: WPA: PMK - hexdump(len=32): [REMOVED]
11-20 02:52:50.693  2526  2526 D wpa_supplicant: WPA: PTK - hexdump(len=48): [REMOVED]
11-20 02:52:50.693  2526  2526 D wpa_supplicant: WPA: KCK - hexdump(len=16): [REMOVED]
11-20 02:52:50.693  2526  2526 D wpa_supplicant: WPA: KEK - hexdump(len=16): [REMOVED]
11-20 02:52:50.693  2526  2526 D wpa_supplicant: WPA: TK - hexdump(len=16): [REMOVED]
11-20 02:52:50.693  2526  2526 D wpa_supplicant: WPA: WPA IE for msg 2/4 - hexdump(len=22): 30 14 01 00 00 0f ac 04 01 00 00 0f ac 04 01 00 00 0f ac 02 a8 00
11-20 02:52:50.693  2526  2526 D wpa_supplicant: WPA: Replay Counter - hexdump(len=8): 00 00 00 00 00 00 00 00
11-20 02:52:50.693  2526  2526 D wpa_supplicant: wlan0: WPA: Sending EAPOL-Key 2/4
11-20 02:52:50.693  2526  2526 D wpa_supplicant: WPA: KCK - hexdump(len=16): [REMOVED]
11-20 02:52:50.693  2526  2526 D wpa_supplicant: WPA: Derived Key MIC - hexdump(len=16): 75 9f 9a 24 c0 f3 e6 d8 6f 53 bc 7d 90 eb 54 a3
11-20 02:52:50.693  2526  2526 D wpa_supplicant: WPA: TX EAPOL-Key - hexdump(len=121): 01 03 00 75 02 01 0a 00 00 00 00 00 00 00 00 00 00 15 64 7b f5 78 52 38 a0 ea 4d 65 e6 ed 11 fc ...
11-20 02:52:50.697  2526  2526 D wpa_supplicant: l2_packet_receive: src=38:1c:1a:2e:e5:0d len=155
11-20 02:52:50.697  2526  2526 D wpa_supplicant: wlan0: RX EAPOL from 38:1c:1a:2e:e5:0d
11-20 02:52:50.697  2526  2526 D wpa_supplicant: RX EAPOL - hexdump(len=155): 02 03 00 97 02 13 ca 00 10 00 00 00 00 00 00 00 01 3a 40 6c 98 97 3f 1c 43 e4 80 31 a3 5b 72 93 ...
11-20 02:52:50.697  2526  2526 D wpa_supplicant: wlan0: IEEE 802.1X RX: version=2 type=3 length=151
11-20 02:52:50.697  2526  2526 D wpa_supplicant: WPA: RX EAPOL-Key - hexdump(len=155): 02 03 00 97 02 13 ca 00 10 00 00 00 00 00 00 00 01 3a 40 6c 98 97 3f 1c 43 e4 80 31 a3 5b 72 93 ...
11-20 02:52:50.697  2526  2526 D wpa_supplicant: wlan0:   EAPOL-Key type=2
11-20 02:52:50.697  2526  2526 D wpa_supplicant: wlan0:   key_info 0x13ca (ver=2 keyidx=0 rsvd=0 Pairwise Install Ack MIC Secure Encr)
11-20 02:52:50.697  2526  2526 D wpa_supplicant: wlan0:   key_length=16 key_data_length=56
11-20 02:52:50.697  2526  2526 D wpa_supplicant:   replay_counter - hexdump(len=8): 00 00 00 00 00 00 00 01
11-20 02:52:50.697  2526  2526 D wpa_supplicant:   key_nonce - hexdump(len=32): 3a 40 6c 98 97 3f 1c 43 e4 80 31 a3 5b 72 93 d0 84 7a 4c b8 aa 5e 3f 47 7a c0 2b 7e 5b 1d 51 d8
11-20 02:52:50.697  2526  2526 D wpa_supplicant:   key_iv - hexdump(len=16): 00 00 00 00 00 00 00 00 00 00 00 00 00 00 00 00
11-20 02:52:50.697  2526  2526 D wpa_supplicant:   key_rsc - hexdump(len=8): 00 00 00 00 00 00 00 00
11-20 02:52:50.697  2526  2526 D wpa_supplicant:   key_id (reserved) - hexdump(len=8): 00 00 00 00 00 00 00 00
11-20 02:52:50.697  2526  2526 D wpa_supplicant:   key_mic - hexdump(len=16): b2 cf 4a 76 28 87 c6 66 08 37 41 96 ff 7b be 33
11-20 02:52:50.697  2526  2526 D wpa_supplicant: RSN: encrypted key data - hexdump(len=56): d8 14 6c c9 69 bd b0 8f 2f 39 d0 99 84 43 6a 6a 6a f7 ca 4c ab 9f 6f e0 02 fd dc 2d 00 51 86 7f ...
11-20 02:52:50.698  2526  2526 D wpa_supplicant: WPA: decrypted EAPOL-Key key data - hexdump(len=48): [REMOVED]
11-20 02:52:50.698  2526  2526 D wpa_supplicant: wlan0: State: 4WAY_HANDSHAKE -> 4WAY_HANDSHAKE
11-20 02:52:50.698  2526  2526 D wpa_supplicant: wlan0: WPA: RX message 3 of 4-Way Handshake from 38:1c:1a:2e:e5:0d (ver=2)
11-20 02:52:50.698  2526  2526 D wpa_supplicant: WPA: IE KeyData - hexdump(len=48): 30 14 01 00 00 0f ac 04 01 00 00 0f ac 04 01 00 00 0f ac 02 28 00 dd 16 00 0f ac 01 01 00 70 d6 ...
11-20 02:52:50.698  2526  2526 D wpa_supplicant: WPA: RSN IE in EAPOL-Key - hexdump(len=22): 30 14 01 00 00 0f ac 04 01 00 00 0f ac 04 01 00 00 0f ac 02 28 00
11-20 02:52:50.698  2526  2526 D wpa_supplicant: WPA: GTK in EAPOL-Key - hexdump(len=24): [REMOVED]
11-20 02:52:50.698  2526  2526 D wpa_supplicant: wlan0: WPA: Sending EAPOL-Key 4/4
11-20 02:52:50.698  2526  2526 D wpa_supplicant: WPA: KCK - hexdump(len=16): [REMOVED]
11-20 02:52:50.698  2526  2526 D wpa_supplicant: WPA: Derived Key MIC - hexdump(len=16): 55 47 b5 ef 16 32 ab 1a 30 ff f1 d8 04 dc 3f d4
11-20 02:52:50.698  2526  2526 D wpa_supplicant: WPA: TX EAPOL-Key - hexdump(len=99): 01 03 00 5f 02 03 0a 00 00 00 00 00 00 00 00 00 01 00 00 00 00 00 00 00 00 00 00 00 00 00 00 00 ...
11-20 02:52:50.698  2526  2526 D wpa_supplicant: wlan0: WPA: Installing PTK to the driver
11-20 02:52:50.699  2526  2526 D wpa_supplicant: wpa_driver_nl80211_set_key: ifindex=22 (wlan0) alg=3 addr=0x7fb7285198 key_idx=0 set_tx=1 seq_len=6 key_len=16
11-20 02:52:50.699  2526  2526 D wpa_supplicant: nl80211: KEY_DATA - hexdump(len=16): [REMOVED]
11-20 02:52:50.699  2526  2526 D wpa_supplicant: nl80211: KEY_SEQ - hexdump(len=6): 00 00 00 00 00 00
11-20 02:52:50.699  2526  2526 D wpa_supplicant:    addr=38:1c:1a:2e:e5:0d
11-20 02:52:50.700  2526  2526 D wpa_supplicant: EAPOL: External notification - portValid=1
11-20 02:52:50.700  2526  2526 D wpa_supplicant: wlan0: State: 4WAY_HANDSHAKE -> GROUP_HANDSHAKE
11-20 02:52:50.700  2526  2526 D wpa_supplicant: CTRL-DEBUG: ctrl_sock-sendmsg: sock=9 sndbuf=212992 outq=0 send_len=76
11-20 02:52:50.700  2526  2526 D wpa_supplicant: CTRL_IFACE monitor sent successfully to /data/misc/wifi/sockets/wpa_ctrl_1436-2\x00
11-20 02:52:50.700  2526  2526 D wpa_supplicant: wlan0: Determining shared radio frequencies (max len 2)
