11-20 11:44:53.159  1157  1188 E LocSvc_api_v02: I/---> locClientSendReq line 2064 QMI_LOC_GET_SUPPORTED_FEATURE_REQ_V02
11-20 11:44:53.159  1157  1188 E LocSvc_ApiV02: E/virtual enum loc_api_adapter_err LocApiV02::open(LOC_API_ADAPTER_EVENT_MASK_T):396:2]: Failed to get features supported from QMI_LOC_GET_SUPPORTED_FEATURE_REQ_V02. 
11-20 11:44:53.159  1157  1191 E QMI_FW  : QCCI qmi_cci_xport_recv: txn not found. svc_id: 16
11-20 11:44:53.159  1157  1188 E LocSvc_api_v02: I/---> locClientSendReq line 2064 QMI_LOC_SET_PREMIUM_SERVICES_CONFIG_REQ_V02
11-20 11:44:53.160  1157  1191 E LocSvc_ApiV02: I/<--- void globalRespCb(locClientHandleType, uint32_t, const locClientRespIndUnionType, uint32_t, void *) line 140 QMI_LOC_SET_PREMIUM_SERVICES_CONFIG_REQ_V02
11-20 11:44:53.160  1157  1188 E LocSvc_api_v02: I/---> locClientSendReq line 2064 QMI_LOC_SET_PREMIUM_SERVICES_CONFIG_REQ_V02
11-20 11:44:53.161  1157  1188 E LocSvc_LBSApiV02: E/virtual void lbs_core::LBSApiV02::injectFeatureConfig(e_premium_mode, e_premium_mode, e_premium_mode):710]: Error : st = 3, ind.status = 0
11-20 11:44:53.161  1157  1188 E LocSvc_api_v02: I/---> locClientSendReq line 2064 QMI_LOC_SET_PREMIUM_SERVICES_CONFIG_REQ_V02
11-20 11:44:53.161  1157  1191 E QMI_FW  : QCCI qmi_cci_xport_recv: txn not found. svc_id: 16
11-20 11:44:53.162  1157  1191 E LocSvc_ApiV02: I/<--- void globalRespCb(locClientHandleType, uint32_t, const locClientRespIndUnionType, uint32_t, void *) line 140 QMI_LOC_SET_PREMIUM_SERVICES_CONFIG_REQ_V02
11-20 11:44:53.211  1157  1157 E XTCC-5.1.0.23-d: [NvParamMgr] getNvDataBlob, nv item GTP_WLAN_CS_INTERVAL_SEC_COLLECT not found
11-20 11:44:53.211  1157  1157 E XTCC-5.1.0.23-d: [NvParamMgr] getNvDataBlob, nv item GTP_WLAN_CS_INTERVAL_SEC_SCAN not found
11-20 11:44:53.211  1157  1157 E XTCC-5.1.0.23-d: [NvParamMgr] getNvDataBlob, nv item GTP_WLAN_CS_INTERVAL_MINUTE_FORCED_SCAN not found
11-20 11:44:53.211  1157  1157 E XTCC-5.1.0.23-d: [NvParamMgr] getNvDataBlob, nv item GTP_WLAN_CS_INTERVAL_MINUTE_UPLOAD not found
11-20 11:44:53.212  1157  1157 E XTCC-5.1.0.23-d: [NvParamMgr] getNvDataBlob, nv item GTP_WLAN_CS_INTERVAL_MINUTE_FORCED_UPLOAD not found
11-20 11:44:53.212  1157  1157 E XTCC-5.1.0.23-d: [NvParamMgr] getNvDataBlob, nv item GTP_WLAN_CS_HEPE_THRESHOLD_METER not found
11-20 11:44:53.212  1157  1157 E XTCC-5.1.0.23-d: [NvParamMgr] getNvDataBlob, nv item GTP_WLAN_CS_SIMILARITY_THRESHOLD not found
11-20 11:44:53.212  1157  1157 E XTCC-5.1.0.23-d: [NvParamMgr] getNvDataBlob, nv item GTP_WLAN_CS_SIMILARITY_THRESHOLD not found
11-20 11:44:53.212  1157  1157 E XTCC-5.1.0.23-d: [NvParamMgr] getNvDataBlob, nv item GTP_WLAN_CS_MAX_NUM_AP_SETS_PER_UPLOAD not found
11-20 11:44:53.213  1157  1157 E XTCC-5.1.0.23-d: [NvParamMgr] getNvDataBlob, nv item GTP_WLAN_CS_MAX_NUM_APS_PER_UPLOAD not found
11-20 11:44:53.213  1157  1157 E XTCC-5.1.0.23-d: [NvParamMgr] getNvDataBlob, nv item GTP_WWAN_CS_ENABLED not found
11-20 11:44:53.213  1157  1157 E XTCC-5.1.0.23-d: [NvParamMgr] getNvDataBlob, nv item GTP_WLAN_CS_RECORD_INCL_IND not found
11-20 11:44:53.217  1157  1208 E XTCC-5.1.0.23-d: [TdpCsClient] unknown postcard info. reason:REGISTER-EVENT, 
11-20 11:44:53.217  1157  1208 E XTCC-5.1.0.23-d: [TdpCsClient] unknown postcard info. reason:REGISTER-EVENT, 
11-20 11:44:53.217  1157  1208 E XTCC-5.1.0.23-d: [TdpCsClient] unknown postcard info. reason:REGISTER-EVENT, 
11-20 11:44:53.218  1157  1208 E XTCC-5.1.0.23-d: [TdpCsClient] unknown postcard info. reason:REGISTER-EVENT, 
11-20 11:44:53.218  1157  1188 E LocSvc_api_v02: I/---> locClientSendReq line 2064 QMI_LOC_INJECT_APDONOTCACHE_DATA_REQ_V02
11-20 11:44:53.230   642   642 W Zygote  : Class not found for preloading: android.view.Display$ColorTransform
11-20 11:44:53.231   642   642 W Zygote  : Class not found for preloading: android.view.Display$ColorTransform$1
11-20 11:44:53.345   711  1117 I mm-camera: <MCT   >< INFO> 4544: mct_pipeline_start_session_thread: Module pproc start_session rc = 1
11-20 11:44:53.345   711  1117 I mm-camera: <MCT   >< INFO> 4552: mct_pipeline_start_session_thread: started_num = 5, success = 5
11-20 11:44:53.345   711  1117 I mm-camera: <MCT   >< INFO> 4559: mct_pipeline_start_session_thread: X pproc
11-20 11:44:53.346   624   624 I wcnss_service: wcnss_read_and_store_cal_data trying to read cal
11-20 11:44:53.347  1158  1221 E libsensor1: check_sensors_enabled: Sensors enabled = true
11-20 11:44:53.348  1158  1220 E slim_daemon: [NDK] bindNDKSensors: Sensor server is unavailable.
11-20 11:44:53.353  1158  1158 E QMI_FW  : xport_reg Failed for service_id=0x37 version=0x101 on 14
11-20 11:44:53.353  1158  1158 E slim_daemon: [QMISLIM] slim_QSQmiSvcTask_Init: Failed to register QMI service
11-20 11:44:53.355  1158  1224 E LocSvc_api_v02: I/locClientOpen:1907]: Service instance id is -1
11-20 11:44:53.355  1158  1224 E LocSvc_api_v02: I/---> locClientOpenInstance line 1787 loc client open
11-20 11:44:53.355   711  1113 I mm-camera: <MCT   >< INFO> 4544: mct_pipeline_start_session_thread: Module iface start_session rc = 1
11-20 11:44:53.355   711  1113 I mm-camera: <MCT   >< INFO> 4552: mct_pipeline_start_session_thread: started_num = 6, success = 6
11-20 11:44:53.355   711  1113 I mm-camera: <MCT   >< INFO> 4559: mct_pipeline_start_session_thread: X iface
11-20 11:44:53.358  1158  1224 E QMI_FW  : QMUXD: WARNING qmi_qmux_if_pwr_up_init failed! rc=-6
11-20 11:44:53.358  1158  1224 E LocSvc_api_v02: I/---> locClientSendReq line 2064 QMI_LOC_REG_EVENTS_REQ_V02
11-20 11:44:53.359  1158  1224 E LocSvc_api_v02: I/---> locClientSupportMsgCheck line 2182 QMI_LOC_GET_SUPPORTED_MSGS_REQ_V02
11-20 11:44:53.359  1158  1224 E LocSvc_api_v02: I/---> locClientSendReq line 2064 QMI_LOC_QUERY_AON_CONFIG_REQ_V02
11-20 11:44:53.360  1158  1227 E LocSvc_ApiV02: I/<--- void globalRespCb(locClientHandleType, uint32_t, const locClientRespIndUnionType, uint32_t, void *) line 140 QMI_LOC_QUERY_AON_CONFIG_REQ_V02
11-20 11:44:53.360  1158  1224 E LocSvc_api_v02: I/---> locClientSendReq line 2064 QMI_LOC_GET_SUPPORTED_FEATURE_REQ_V02
11-20 11:44:53.360  1158  1224 E LocSvc_ApiV02: E/virtual enum loc_api_adapter_err LocApiV02::open(LOC_API_ADAPTER_EVENT_MASK_T):396:2]: Failed to get features supported from QMI_LOC_GET_SUPPORTED_FEATURE_REQ_V02. 
11-20 11:44:53.360  1158  1227 E QMI_FW  : QCCI qmi_cci_xport_recv: txn not found. svc_id: 16
11-20 11:44:53.361  1158  1224 E LocSvc_api_v02: I/---> locClientSendReq line 2064 QMI_LOC_SET_PREMIUM_SERVICES_CONFIG_REQ_V02
11-20 11:44:53.361  1158  1227 E LocSvc_ApiV02: I/<--- void globalRespCb(locClientHandleType, uint32_t, const locClientRespIndUnionType, uint32_t, void *) line 140 QMI_LOC_SET_PREMIUM_SERVICES_CONFIG_REQ_V02
11-20 11:44:53.361  1158  1224 E LocSvc_api_v02: I/---> locClientSendReq line 2064 QMI_LOC_SET_PREMIUM_SERVICES_CONFIG_REQ_V02
11-20 11:44:53.361  1158  1224 E LocSvc_LBSApiV02: E/virtual void lbs_core::LBSApiV02::injectFeatureConfig(e_premium_mode, e_premium_mode, e_premium_mode):710]: Error : st = 3, ind.status = 0
11-20 11:44:53.362  1158  1224 E LocSvc_api_v02: I/---> locClientSendReq line 2064 QMI_LOC_SET_PREMIUM_SERVICES_CONFIG_REQ_V02
11-20 11:44:53.362  1158  1227 E QMI_FW  : QCCI qmi_cci_xport_recv: txn not found. svc_id: 16
11-20 11:44:53.362  1158  1227 E LocSvc_ApiV02: I/<--- void globalRespCb(locClientHandleType, uint32_t, const locClientRespIndUnionType, uint32_t, void *) line 140 QMI_LOC_SET_PREMIUM_SERVICES_CONFIG_REQ_V02
11-20 11:44:53.362  1158  1224 E LocSvc_api_v02: I/---> locClientSendReq line 2064 QMI_LOC_REG_EVENTS_REQ_V02
11-20 11:44:53.371   711   711 I mm-camera: <MCT   >< INFO> 4455: mct_pipeline_start_stream_internal: Adding session stream streamid= 0xf for session=1
11-20 11:44:53.371   711   711 I mm-camera: <MCT   >< INFO> 4503: mct_pipeline_start_stream_internal: Linking session stream for session 1
11-20 11:44:53.371   711   711 I mm-camera: <MCT   >< INFO> 510: mct_stream_start_link: Start linking Session-stream 0x1000f
11-20 11:44:53.371   711   711 I mm-camera: <IFACE >< INFO> 338: iface_util_find_primary_cid: iface_util_find_primary_cid:338 error cannot find primary sensor format cids 1
11-20 11:44:53.372   711   711 I mm-camera: <ISP   >< INFO> 801: isp_port_check_caps_reserve: port 0xe3ffcec0 ide 1000f type 10 dim 0 0
11-20 11:44:53.372   711   711 I mm-camera: <PPROC >< INFO> 446: pproc_port_add_modules_to_stream: in identity 1000f stream 10 int_link = 0xe34f8680
11-20 11:44:53.372   711   711 I mm-camera: <PPROC >< INFO> 458: pproc_port_add_modules_to_stream: :LINK linking mods tmod and ppeiscore for identity 1000f
11-20 11:44:53.372   711   711 I mm-camera: <PPROC >< INFO> 458: pproc_port_add_modules_to_stream: :LINK linking mods ppeiscore and c2d for identity 1000f
11-20 11:44:53.372   711   711 I mm-camera: <C2D   >< INFO> 1490: c2d_module_notify_add_stream: width 0, height 0, stride 0, scanline 0, is_type 0
11-20 11:44:53.373   711   711 I mm-camera: <PPROC >< INFO> 458: pproc_port_add_modules_to_stream: :LINK linking mods c2d and cpp for identity 1000f
11-20 11:44:53.373   711   711 I mm-camera: <CPP   >< INFO> 2154: cpp_module_notify_add_stream: :width 0, height 0, stride 0, scanline 0, framelen 0
11-20 11:44:53.373   711   711 I mm-camera: <CPP   >< INFO> 2319: cpp_module_notify_add_stream: : stream 10, fmt 1, asf_mode 0, sharpness_level 0.000000,asf mask 0, denoise 0, denoise_mask 0, dsdn mask 0,dsdn enable 0, tnr mask 0, tnr enable 0, ds_mask 0
11-20 11:44:53.373   711   711 I mm-camera: <PPROC >< INFO> 458: pproc_port_add_modules_to_stream: :LINK linking mods cpp and paaf for identity 1000f
11-20 11:44:53.373   711   711 I mm-camera: <PPROC >< INFO> 458: pproc_port_add_modules_to_stream: :LINK linking mods paaf and llvd for identity 1000f
11-20 11:44:53.374   711   711 I mm-camera: <PPROC >< INFO> 458: pproc_port_add_modules_to_stream: :LINK linking mods llvd and ezt for identity 1000f
11-20 11:44:53.374   711   711 I mm-camera: <PPROC >< INFO> 458: pproc_port_add_modules_to_stream: :LINK linking mods ezt and quadracfa for identity 1000f
11-20 11:44:53.375   711   711 E mm-camera: <STATS ><ERROR> 2822: stats_port_check_caps_reserve: Invalid Port capability type!
11-20 11:44:53.375   711   711 E mm-camera: <STATS ><ERROR> 2822: stats_port_check_caps_reserve: Invalid Port capability type!
11-20 11:44:53.375   711   711 E mm-camera: <STATS ><ERROR> 2822: stats_port_check_caps_reserve: Invalid Port capability type!
11-20 11:44:53.375   711   711 E mm-camera: <STATS ><ERROR> 2822: stats_port_check_caps_reserve: Invalid Port capability type!
11-20 11:44:53.375   711   711 E mm-camera: <STATS ><ERROR> 2822: stats_port_check_caps_reserve: Invalid Port capability type!
11-20 11:44:53.375   720   765 D         : mdtp_listener_get_metadata: start
11-20 11:44:53.376   711   711 I mm-camera: <MCT   >< INFO> 4512: mct_pipeline_start_stream_internal: Session stream linked successfully session 1
11-20 11:44:53.380   711  1234 I mm-camera: <IMGLIB>< INFO> 2062: module_faceproc_query_mod: Caps ROI 10 scene_mode_cnt 1 HW analysis supported 0
11-20 11:44:53.380   711  1234 I mm-camera: <MCT   >< INFO> 1765: mct_pipeline_append_fps_entry:  Added hal_table[0]: (15.000000, 15.000000)
11-20 11:44:53.380   711  1234 I mm-camera: <MCT   >< INFO> 1765: mct_pipeline_append_fps_entry:  Added hal_table[1]: (20.000000, 20.000000)
11-20 11:44:53.380   711  1234 I mm-camera: <MCT   >< INFO> 1765: mct_pipeline_append_fps_entry:  Added hal_table[2]: (24.000000, 24.000000)
11-20 11:44:53.380   711  1234 I mm-camera: <MCT   >< INFO> 1765: mct_pipeline_append_fps_entry:  Added hal_table[3]: (7.000000, 30.000000)
11-20 11:44:53.381   711  1234 I mm-camera: <MCT   >< INFO> 1778: mct_pipeline_append_fps_entry:  Added hal_table[4]: (30.000000, 30.000000)
11-20 11:44:53.381   711  1234 I mm-camera: <MCT   >< INFO> 2949: mct_pipeline_fill_dimensions_snapshot: Cam 0: FPS range selection complete. Publishing 5 ranges.
11-20 11:44:53.382   711   711 I mm-camera: <MCT   >< INFO> 216: mct_controller_destroy: Initiating destroy sequence for session = 1
11-20 11:44:53.383   711   711 I mm-camera: <MCT   >< INFO> 234: mct_controller_destroy: serv_thread closed
11-20 11:44:53.383   711   711 I mm-camera: <MCT   >< INFO> 249: mct_controller_destroy: bus_handler thread closed
11-20 11:44:53.383   711   711 I mm-camera: <MCT   >< INFO> 4612: mct_pipeline_stop_session: Initiating stop_session on session 1
11-20 11:44:53.383   711   711 I mm-camera: <MCT   >< INFO> 3653: mct_pipeline_process_set: command=800000b
11-20 11:44:53.383   711   711 I mm-camera: <MCT   >< INFO> 3871: mct_pipeline_process_set: Issuing DEL_STREAM on stream 0x1000f and stream type=10
11-20 11:44:53.383   711   711 I mm-camera: <IFACE >< INFO> 671: iface_unreserve_sink_port: stream_id f mode 0 
11-20 11:44:53.384   711   711 I mm-camera: <ISP   >< INFO> 890: isp_port_check_caps_unreserve: ide 1000f port 0xe3ffcec0
11-20 11:44:53.385   711   711 I mm-camera: <MCT   >< INFO> 3882: mct_pipeline_process_set: Stream 0x1000f and stream type=10, successfully deleted
11-20 11:44:53.385   711  1239 I mm-camera: <MCT   >< INFO> 4346: mct_pipeline_stop_session_thread: Stop module name: sensor - E
11-20 11:44:53.385   711  1240 I mm-camera: <MCT   >< INFO> 4346: mct_pipeline_stop_session_thread: Stop module name: iface - E
11-20 11:44:53.386   711  1240 I mm-camera: <MCT   >< INFO> 4354: mct_pipeline_stop_session_thread: Stop module name: iface - X
11-20 11:44:53.386   711  1241 I mm-camera: <MCT   >< INFO> 4346: mct_pipeline_stop_session_thread: Stop module name: isp - E
11-20 11:44:53.386   711  1241 I mm-camera: <ISP   >< INFO> 487: isp_module_stop_session: session id 1
11-20 11:44:53.387   711  1242 I mm-camera: <MCT   >< INFO> 4346: mct_pipeline_stop_session_thread: Stop module name: stats - E
11-20 11:44:53.394   711  1243 I mm-camera: <MCT   >< INFO> 4346: mct_pipeline_stop_session_thread: Stop module name: pproc - E
11-20 11:44:53.395   711  1241 I mm-camera: <MCT   >< INFO> 4354: mct_pipeline_stop_session_thread: Stop module name: isp - X
11-20 11:44:53.395   711  1243 I mm-camera: <MCT   >< INFO> 4354: mct_pipeline_stop_session_thread: Stop module name: pproc - X
11-20 11:44:53.398   711   711 I mm-camera: <MCT   >< INFO> 4634: mct_pipeline_stop_session: Modules left: 5
11-20 11:44:53.398   711  1242 I mm-camera: <MCT   >< INFO> 4354: mct_pipeline_stop_session_thread: Stop module name: stats - X
11-20 11:44:53.398   711  1244 I mm-camera: <MCT   >< INFO> 4346: mct_pipeline_stop_session_thread: Stop module name: imglib - E
11-20 11:44:53.398   711   711 I mm-camera: <MCT   >< INFO> 4634: mct_pipeline_stop_session: Modules left: 4
11-20 11:44:53.398   711   711 I mm-camera: <MCT   >< INFO> 4634: mct_pipeline_stop_session: Modules left: 3
11-20 11:44:53.398   711   711 I mm-camera: <MCT   >< INFO> 4634: mct_pipeline_stop_session: Modules left: 2
11-20 11:44:53.399   711  1244 I mm-camera: <MCT   >< INFO> 4354: mct_pipeline_stop_session_thread: Stop module name: imglib - X
11-20 11:44:53.399   711   711 I mm-camera: <MCT   >< INFO> 4634: mct_pipeline_stop_session: Modules left: 1
11-20 11:44:53.457   642   642 I System  : Loaded time zone names for "" in 51ms (49ms in ICU)
11-20 11:44:53.459   711  1239 I mm-camera: <MCT   >< INFO> 4354: mct_pipeline_stop_session_thread: Stop module name: sensor - X
11-20 11:44:53.459   711   711 I mm-camera: <MCT   >< INFO> 4634: mct_pipeline_stop_session: Modules left: 0
11-20 11:44:53.459   711   711 I mm-camera: <MCT   >< INFO> 4643: mct_pipeline_stop_session: Stopped session 1 successfully
11-20 11:44:53.459   711   711 I mm-camera: <MCT   >< INFO> 4919: mct_pipeline_destroy: E: session:1
11-20 11:44:53.459   711   711 I mm-camera: <MCT   >< INFO> 4992: mct_pipeline_destroy: X: Pipeline destroyed successfully session =1
11-20 11:44:53.459   711   711 I mm-camera: <MCT   >< INFO> 282: mct_controller_destroy: X Successfully closed mct_controller session 1
11-20 11:44:53.461   652   652 I QCamera : <HAL><INFO> static int qcamera::QCamera3HardwareInterface::getCamInfo(uint32_t, struct camera_info *): 8776: camera 0 resource cost is 100
11-20 11:44:53.461   652   652 I QCamera : <HAL><INFO> int qcamera::QCamera2Factory::getCameraInfo(int, struct camera_info *): 340: Camera id 1 API version 768
11-20 11:44:53.461   711   711 I mm-camera: < INFO> 395: void enable_memleak_trace(int): start memleak tracking.
11-20 11:44:53.472   711   711 I mm-camera: <MCT   >< INFO> 63: mct_controller_new: Creating new mct_controller with session-id 2
11-20 11:44:53.472   711  1266 I mm-camera: <MCT   >< INFO> 4534: mct_pipeline_start_session_thread: E sensor
11-20 11:44:53.472   711  1266 I mm-camera: <MCT   >< INFO> 4541: mct_pipeline_start_session_thread: Calling start_session on Module sensor
11-20 11:44:53.474   711  1268 I mm-camera: <MCT   >< INFO> 4534: mct_pipeline_start_session_thread: E iface
11-20 11:44:53.474   711  1268 I mm-camera: <MCT   >< INFO> 4541: mct_pipeline_start_session_thread: Calling start_session on Module iface
11-20 11:44:53.475   711  1270 I mm-camera: <MCT   >< INFO> 4534: mct_pipeline_start_session_thread: E isp
11-20 11:44:53.475   711  1270 I mm-camera: <MCT   >< INFO> 4541: mct_pipeline_start_session_thread: Calling start_session on Module isp
11-20 11:44:53.475   711  1270 I mm-camera: <ISP   >< INFO> 201: isp_module_start_session: session id 2
11-20 11:44:53.475   711  1268 I mm-camera: <MCT   >< INFO> 4544: mct_pipeline_start_session_thread: Module iface start_session rc = 1
11-20 11:44:53.475   711  1271 I mm-camera: <MCT   >< INFO> 4534: mct_pipeline_start_session_thread: E stats
11-20 11:44:53.475   711  1268 I mm-camera: <MCT   >< INFO> 4552: mct_pipeline_start_session_thread: started_num = 1, success = 1
11-20 11:44:53.475   711  1268 I mm-camera: <MCT   >< INFO> 4559: mct_pipeline_start_session_thread: X iface
11-20 11:44:53.475   711  1271 I mm-camera: <MCT   >< INFO> 4541: mct_pipeline_start_session_thread: Calling start_session on Module stats
11-20 11:44:53.475   711  1272 I mm-camera: <MCT   >< INFO> 4534: mct_pipeline_start_session_thread: E pproc
11-20 11:44:53.475   711  1272 I mm-camera: <MCT   >< INFO> 4541: mct_pipeline_start_session_thread: Calling start_session on Module pproc
11-20 11:44:53.476   711  1273 I mm-camera: <MCT   >< INFO> 4534: mct_pipeline_start_session_thread: E imglib
11-20 11:44:53.476   711  1273 I mm-camera: <MCT   >< INFO> 4541: mct_pipeline_start_session_thread: Calling start_session on Module imglib
11-20 11:44:53.476   642   642 I System  : Loaded time zone names for "en_US" in 18ms (16ms in ICU)
11-20 11:44:53.478   711  1273 I mm-camera: <MCT   >< INFO> 4544: mct_pipeline_start_session_thread: Module imglib start_session rc = 1
11-20 11:44:53.478   711  1273 I mm-camera: <MCT   >< INFO> 4552: mct_pipeline_start_session_thread: started_num = 2, success = 2
11-20 11:44:53.478   711  1273 I mm-camera: <MCT   >< INFO> 4559: mct_pipeline_start_session_thread: X imglib
11-20 11:44:53.478   711  1272 I mm-camera: <MCT   >< INFO> 4544: mct_pipeline_start_session_thread: Module pproc start_session rc = 1
11-20 11:44:53.478   711  1272 I mm-camera: <MCT   >< INFO> 4552: mct_pipeline_start_session_thread: started_num = 3, success = 3
11-20 11:44:53.478   711  1272 I mm-camera: <MCT   >< INFO> 4559: mct_pipeline_start_session_thread: X pproc
11-20 11:44:53.480   711  1270 I mm-camera: <MCT   >< INFO> 4544: mct_pipeline_start_session_thread: Module isp start_session rc = 1
11-20 11:44:53.480   711  1270 I mm-camera: <MCT   >< INFO> 4552: mct_pipeline_start_session_thread: started_num = 4, success = 4
11-20 11:44:53.480   711  1270 I mm-camera: <MCT   >< INFO> 4559: mct_pipeline_start_session_thread: X isp
11-20 11:44:53.483   644   644 I art     : Thread[1,tid=644,Native,Thread*=0xf3085400,peer=0x12c060d0,"main"] recursive attempt to load library "/system/lib/libmedia_jni.so"
11-20 11:44:53.484   644   644 D MtpDeviceJNI: register_android_mtp_MtpDevice
11-20 11:44:53.484   644   644 I art     : Thread[1,tid=644,Native,Thread*=0xf3085400,peer=0x12c060d0,"main"] recursive attempt to load library "/system/lib/libmedia_jni.so"
11-20 11:44:53.484   644   644 I art     : Thread[1,tid=644,Native,Thread*=0xf3085400,peer=0x12c060d0,"main"] recursive attempt to load library "/system/lib/libmedia_jni.so"
11-20 11:44:53.487   711  1266 I mm-camera: <MCT   >< INFO> 4544: mct_pipeline_start_session_thread: Module sensor start_session rc = 1
11-20 11:44:53.487   711  1266 I mm-camera: <MCT   >< INFO> 4552: mct_pipeline_start_session_thread: started_num = 5, success = 5
11-20 11:44:53.487   711  1266 I mm-camera: <MCT   >< INFO> 4559: mct_pipeline_start_session_thread: X sensor
11-20 11:44:53.491   711  1271 I mm-camera: <MCT   >< INFO> 4544: mct_pipeline_start_session_thread: Module stats start_session rc = 1
11-20 11:44:53.491   711  1271 I mm-camera: <MCT   >< INFO> 4552: mct_pipeline_start_session_thread: started_num = 6, success = 6
11-20 11:44:53.491   711  1271 I mm-camera: <MCT   >< INFO> 4559: mct_pipeline_start_session_thread: X stats
11-20 11:44:53.496   720   769 D QSEECOMAPI: QSEECom_dealloc_memory 
11-20 11:44:53.496   720   769 D QSEECOMAPI: QSEECom_shutdown_app, app_id = 131074
11-20 11:44:53.497   711   711 I mm-camera: <MCT   >< INFO> 4455: mct_pipeline_start_stream_internal: Adding session stream streamid= 0xf for session=2
11-20 11:44:53.497   711   711 I mm-camera: <MCT   >< INFO> 4503: mct_pipeline_start_stream_internal: Linking session stream for session 2
11-20 11:44:53.497   711   711 I mm-camera: <MCT   >< INFO> 510: mct_stream_start_link: Start linking Session-stream 0x2000f
11-20 11:44:53.497   711   711 I mm-camera: <IFACE >< INFO> 338: iface_util_find_primary_cid: iface_util_find_primary_cid:338 error cannot find primary sensor format cids 1
11-20 11:44:53.497   711   711 I mm-camera: <ISP   >< INFO> 801: isp_port_check_caps_reserve: port 0xe3ffcec0 ide 2000f type 10 dim 0 0
11-20 11:44:53.497   711   711 I mm-camera: <PPROC >< INFO> 446: pproc_port_add_modules_to_stream: in identity 2000f stream 10 int_link = 0xe34f8680
11-20 11:44:53.497   711   711 I mm-camera: <PPROC >< INFO> 458: pproc_port_add_modules_to_stream: :LINK linking mods tmod and ppeiscore for identity 2000f
11-20 11:44:53.498   711   711 I mm-camera: <PPROC >< INFO> 458: pproc_port_add_modules_to_stream: :LINK linking mods ppeiscore and c2d for identity 2000f
11-20 11:44:53.498   711   711 I mm-camera: <C2D   >< INFO> 1490: c2d_module_notify_add_stream: width 0, height 0, stride 0, scanline 0, is_type 0
11-20 11:44:53.498   711   711 I mm-camera: <PPROC >< INFO> 458: pproc_port_add_modules_to_stream: :LINK linking mods c2d and cpp for identity 2000f
11-20 11:44:53.498   711   711 I mm-camera: <CPP   >< INFO> 2154: cpp_module_notify_add_stream: :width 0, height 0, stride 0, scanline 0, framelen 0
11-20 11:44:53.498   711   711 I mm-camera: <CPP   >< INFO> 2319: cpp_module_notify_add_stream: : stream 10, fmt 1, asf_mode 0, sharpness_level 0.000000,asf mask 0, denoise 0, denoise_mask 0, dsdn mask 0,dsdn enable 0, tnr mask 0, tnr enable 0, ds_mask 0
11-20 11:44:53.498   711   711 I mm-camera: <PPROC >< INFO> 458: pproc_port_add_modules_to_stream: :LINK linking mods cpp and paaf for identity 2000f
11-20 11:44:53.499   711   711 I mm-camera: <PPROC >< INFO> 458: pproc_port_add_modules_to_stream: :LINK linking mods paaf and llvd for identity 2000f
11-20 11:44:53.499   711   711 I mm-camera: <PPROC >< INFO> 458: pproc_port_add_modules_to_stream: :LINK linking mods llvd and ezt for identity 2000f
11-20 11:44:53.499   711   711 I mm-camera: <PPROC >< INFO> 458: pproc_port_add_modules_to_stream: :LINK linking mods ezt and quadracfa for identity 2000f
11-20 11:44:53.499   711   711 E mm-camera: <STATS ><ERROR> 2822: stats_port_check_caps_reserve: Invalid Port capability type!
11-20 11:44:53.499   711   711 E mm-camera: <STATS ><ERROR> 2822: stats_port_check_caps_reserve: Invalid Port capability type!
11-20 11:44:53.499   711   711 E mm-camera: <STATS ><ERROR> 2822: stats_port_check_caps_reserve: Invalid Port capability type!
11-20 11:44:53.499   711   711 E mm-camera: <STATS ><ERROR> 2822: stats_port_check_caps_reserve: Invalid Port capability type!
11-20 11:44:53.499   711   711 E mm-camera: <STATS ><ERROR> 2822: stats_port_check_caps_reserve: Invalid Port capability type!
11-20 11:44:53.501   711   711 I mm-camera: <MCT   >< INFO> 4512: mct_pipeline_start_stream_internal: Session stream linked successfully session 2
11-20 11:44:53.503   720   769 D         : mdtp_qmi_indication_response_dispatch: mdtp_QSEE_cleanup finished successfully
11-20 11:44:53.512   642   642 I Zygote  : ...preloaded 4158 classes in 1148ms.
11-20 11:44:53.512   642   642 I art     : VMRuntime.preloadDexCaches starting
11-20 11:44:53.529   644   644 D         : Environment::getOverlayDir() = /system/vendor/Default/system/vendor/overlay
11-20 11:44:53.583   711  1289 I mm-camera: <IMGLIB>< INFO> 2062: module_faceproc_query_mod: Caps ROI 10 scene_mode_cnt 1 HW analysis supported 0
11-20 11:44:53.583   711  1289 I mm-camera: <MCT   >< INFO> 1765: mct_pipeline_append_fps_entry:  Added hal_table[0]: (15.000000, 15.000000)
11-20 11:44:53.584   711  1289 I mm-camera: <MCT   >< INFO> 1765: mct_pipeline_append_fps_entry:  Added hal_table[1]: (20.000000, 20.000000)
11-20 11:44:53.584   711  1289 I mm-camera: <MCT   >< INFO> 1765: mct_pipeline_append_fps_entry:  Added hal_table[2]: (24.000000, 24.000000)
11-20 11:44:53.584   711  1289 I mm-camera: <MCT   >< INFO> 1765: mct_pipeline_append_fps_entry:  Added hal_table[3]: (7.000000, 30.000000)
11-20 11:44:53.584   711  1289 I mm-camera: <MCT   >< INFO> 1778: mct_pipeline_append_fps_entry:  Added hal_table[4]: (30.000000, 30.000000)
11-20 11:44:53.584   711  1289 I mm-camera: <MCT   >< INFO> 2949: mct_pipeline_fill_dimensions_snapshot: Cam 1: FPS range selection complete. Publishing 5 ranges.
11-20 11:44:53.585   711   711 I mm-camera: <MCT   >< INFO> 216: mct_controller_destroy: Initiating destroy sequence for session = 2
11-20 11:44:53.586   711   711 I mm-camera: <MCT   >< INFO> 234: mct_controller_destroy: serv_thread closed
11-20 11:44:53.586   711   711 I mm-camera: <MCT   >< INFO> 249: mct_controller_destroy: bus_handler thread closed
11-20 11:44:53.586   711   711 I mm-camera: <MCT   >< INFO> 4612: mct_pipeline_stop_session: Initiating stop_session on session 2
11-20 11:44:53.586   711   711 I mm-camera: <MCT   >< INFO> 3653: mct_pipeline_process_set: command=800000b
11-20 11:44:53.586   711   711 I mm-camera: <MCT   >< INFO> 3871: mct_pipeline_process_set: Issuing DEL_STREAM on stream 0x2000f and stream type=10
11-20 11:44:53.586   711   711 I mm-camera: <IFACE >< INFO> 671: iface_unreserve_sink_port: stream_id f mode 0 
11-20 11:44:53.586   711   711 I mm-camera: <ISP   >< INFO> 890: isp_port_check_caps_unreserve: ide 2000f port 0xe3ffcec0
11-20 11:44:53.587   711   711 I mm-camera: <MCT   >< INFO> 3882: mct_pipeline_process_set: Stream 0x2000f and stream type=10, successfully deleted
11-20 11:44:53.587   711  1314 I mm-camera: <MCT   >< INFO> 4346: mct_pipeline_stop_session_thread: Stop module name: sensor - E
11-20 11:44:53.588   711  1315 I mm-camera: <MCT   >< INFO> 4346: mct_pipeline_stop_session_thread: Stop module name: iface - E
11-20 11:44:53.588   711  1316 I mm-camera: <MCT   >< INFO> 4346: mct_pipeline_stop_session_thread: Stop module name: isp - E
11-20 11:44:53.588   711  1316 I mm-camera: <ISP   >< INFO> 487: isp_module_stop_session: session id 2
11-20 11:44:53.588   711  1315 I mm-camera: <MCT   >< INFO> 4354: mct_pipeline_stop_session_thread: Stop module name: iface - X
11-20 11:44:53.588   711  1317 I mm-camera: <MCT   >< INFO> 4346: mct_pipeline_stop_session_thread: Stop module name: stats - E
11-20 11:44:53.589   711  1316 I mm-camera: <MCT   >< INFO> 4354: mct_pipeline_stop_session_thread: Stop module name: isp - X
11-20 11:44:53.589   711  1318 I mm-camera: <MCT   >< INFO> 4346: mct_pipeline_stop_session_thread: Stop module name: pproc - E
11-20 11:44:53.590   711   711 I mm-camera: <MCT   >< INFO> 4634: mct_pipeline_stop_session: Modules left: 5
11-20 11:44:53.590   711   711 I mm-camera: <MCT   >< INFO> 4634: mct_pipeline_stop_session: Modules left: 4
11-20 11:44:53.590   711  1314 I mm-camera: <MCT   >< INFO> 4354: mct_pipeline_stop_session_thread: Stop module name: sensor - X
11-20 11:44:53.590   711   711 I mm-camera: <MCT   >< INFO> 4634: mct_pipeline_stop_session: Modules left: 3
11-20 11:44:53.591   644   644 W Zygote  : Class not found for preloading: android.view.Display$ColorTransform
11-20 11:44:53.591   711  1319 I mm-camera: <MCT   >< INFO> 4346: mct_pipeline_stop_session_thread: Stop module name: imglib - E
11-20 11:44:53.591   644   644 W Zygote  : Class not found for preloading: android.view.Display$ColorTransform$1
11-20 11:44:53.591   711  1319 I mm-camera: <MCT   >< INFO> 4354: mct_pipeline_stop_session_thread: Stop module name: imglib - X
11-20 11:44:53.591   711   711 I mm-camera: <MCT   >< INFO> 4634: mct_pipeline_stop_session: Modules left: 2
11-20 11:44:53.591   711  1318 I mm-camera: <MCT   >< INFO> 4354: mct_pipeline_stop_session_thread: Stop module name: pproc - X
11-20 11:44:53.591   711   711 I mm-camera: <MCT   >< INFO> 4634: mct_pipeline_stop_session: Modules left: 1
11-20 11:44:53.594   711  1317 I mm-camera: <MCT   >< INFO> 4354: mct_pipeline_stop_session_thread: Stop module name: stats - X
11-20 11:44:53.594   711   711 I mm-camera: <MCT   >< INFO> 4634: mct_pipeline_stop_session: Modules left: 0
11-20 11:44:53.594   711   711 I mm-camera: <MCT   >< INFO> 4643: mct_pipeline_stop_session: Stopped session 2 successfully
11-20 11:44:53.594   711   711 I mm-camera: <MCT   >< INFO> 4919: mct_pipeline_destroy: E: session:2
11-20 11:44:53.594   711   711 I mm-camera: <MCT   >< INFO> 4992: mct_pipeline_destroy: X: Pipeline destroyed successfully session =2
11-20 11:44:53.594   711   711 I mm-camera: <MCT   >< INFO> 282: mct_controller_destroy: X Successfully closed mct_controller session 2
11-20 11:44:53.595   652   652 I QCamera : <HAL><INFO> static int qcamera::QCamera3HardwareInterface::getCamInfo(uint32_t, struct camera_info *): 8776: camera 1 resource cost is 100
11-20 11:44:53.596   652   652 I ServiceManager: Waiting for service media.camera.proxy...
11-20 11:44:53.652   642   642 I art     : VMRuntime.preloadDexCaches strings total=290795 before=40435 after=40435
11-20 11:44:53.652   642   642 I art     : VMRuntime.preloadDexCaches types total=24005 before=8044 after=8078
11-20 11:44:53.652   642   642 I art     : VMRuntime.preloadDexCaches fields total=114854 before=41525 after=41759
11-20 11:44:53.652   642   642 I art     : VMRuntime.preloadDexCaches methods total=200508 before=83131 after=83743
11-20 11:44:53.652   642   642 I art     : VMRuntime.preloadDexCaches finished
11-20 11:44:53.654   642   642 I Zygote  : Preloading resources...
11-20 11:44:53.698   642   642 W Resources: Preloaded drawable resource #0x108025c (android:drawable/dialog_background_material) that varies with configuration!!
11-20 11:44:53.699   642   642 W Resources: Preloaded drawable resource #0x1080298 (android:drawable/editbox_dropdown_background_dark) that varies with configuration!!
11-20 11:44:53.705   642   642 W Resources: Preloaded color resource #0x10600ea (android:color/material_grey_800) that varies with configuration!!
11-20 11:44:53.705   642   642 W Resources: Preloaded drawable resource #0x10802c9 (android:drawable/floating_popup_background_dark) that varies with configuration!!
11-20 11:44:53.714   642   642 W Resources: Preloaded drawable resource #0x108030b (android:drawable/ic_clear_disabled) that varies with configuration!!
11-20 11:44:53.715   642   642 W Resources: Preloaded drawable resource #0x1080310 (android:drawable/ic_clear_normal) that varies with configuration!!
11-20 11:44:53.717   642   642 W Resources: Preloaded drawable resource #0x1080359 (android:drawable/ic_go) that varies with configuration!!
11-20 11:44:53.722   644   644 I System  : Loaded time zone names for "" in 39ms (36ms in ICU)
11-20 11:44:53.722   642   642 W Resources: Preloaded drawable resource #0x1080038 (android:drawable/ic_menu_close_clear_cancel) that varies with configuration!!
11-20 11:44:53.724   642   642 W Resources: Preloaded drawable resource #0x1080045 (android:drawable/ic_menu_more) that varies with configuration!!
11-20 11:44:53.733   642   642 W Resources: Preloaded drawable resource #0x10804f3 (android:drawable/menu_background_fill_parent_width) that varies with configuration!!
11-20 11:44:53.736   552   986 D tftp_server: pid=552 tid=986 tftp-server : DBG :[tftp_protocol.c, 1310] Success! No timeout detected on last ACK
11-20 11:44:53.737   552   986 D tftp_server: pid=552 tid=986 tftp-server : DBG :[tftp_server.c, 1267] WRQ stats : total-blocks = 1 : total-bytes = 5 : 5 timedout-pkts = 0, wrong-pkts = 0
11-20 11:44:53.737   552   986 D tftp_server: pid=552 tid=986 tftp-server : DBG :[tftp_server.c, 1283] WRQ was successfully processed.
11-20 11:44:53.737   552   986 D tftp_server: pid=552 tid=986 tftp-server : DBG :[tftp_server.c, 1514] WRQ stats in us:
11-20 11:44:53.737   552   986 D tftp_server: pid=552 tid=986 tftp-server : DBG :[tftp_server.c, 1515] Total API = 1570493
11-20 11:44:53.737   552   986 D tftp_server: pid=552 tid=986 tftp-server : DBG :[tftp_server.c, 1517] Total-TX = 202
11-20 11:44:53.737   552   986 D tftp_server: pid=552 tid=986 tftp-server : DBG :[tftp_server.c, 1519] Total-RX = 5730
11-20 11:44:53.737   552   986 D tftp_server: pid=552 tid=986 tftp-server : DBG :[tftp_server.c, 1521] Max-TX = 104
11-20 11:44:53.737   552   986 D tftp_server: pid=552 tid=986 tftp-server : DBG :[tftp_server.c, 1523] Max-RX = 5730
11-20 11:44:53.737   552   986 D tftp_server: pid=552 tid=986 tftp-server : DBG :[tftp_server.c, 1525] Min-TX = 98
11-20 11:44:53.737   552   986 D tftp_server: pid=552 tid=986 tftp-server : DBG :[tftp_server.c, 1527] Min-RX = 5730
11-20 11:44:53.737   552   986 D tftp_server: pid=552 tid=986 tftp-server : DBG :[tftp_os_wakelocks_la.c, 334] Wake-lock released successfully
11-20 11:44:53.745   644   644 I System  : Loaded time zone names for "en_US" in 22ms (20ms in ICU)
11-20 11:44:53.768   642   642 W Resources: Preloaded drawable resource #0x108078e (android:drawable/text_edit_paste_window) that varies with configuration!!
11-20 11:44:53.772   642   642 W Resources: Preloaded drawable resource #0x1080096 (android:drawable/toast_frame) that varies with configuration!!
11-20 11:44:53.773   642   642 I Zygote  : ...preloaded 114 resources in 119ms.
11-20 11:44:53.774   644   644 I Zygote  : ...preloaded 4158 classes in 1410ms.
11-20 11:44:53.774   644   644 I art     : VMRuntime.preloadDexCaches starting
11-20 11:44:53.776   642   642 W Resources: Preloaded color resource #0x1060114 (android:color/background_cache_hint_selector_material_dark) that varies with configuration!!
11-20 11:44:53.777   642   642 W Resources: Preloaded color resource #0x1060119 (android:color/btn_default_material_dark) that varies with configuration!!
11-20 11:44:53.778   642   642 I Zygote  : ...preloaded 41 resources in 5ms.
11-20 11:44:53.781   642   642 D libEGL  : loaded /vendor/lib64/egl/libEGL_adreno.so
11-20 11:44:53.787   858  1021 E QMI_FW  : QMUXD: WARNING qmi_qmux_if_pwr_up_init failed! rc=-6
11-20 11:44:53.800   642   642 D libEGL  : loaded /vendor/lib64/egl/libGLESv1_CM_adreno.so
11-20 11:44:53.811   642   642 D libEGL  : loaded /vendor/lib64/egl/libGLESv2_adreno.so
11-20 11:44:53.829   642   642 I Zygote  : Preloading shared libraries...
11-20 11:44:53.856   642   642 I Zygote  : Uninstalled ICU cache reference pinning...
11-20 11:44:53.863   642   642 I Zygote  : Installed AndroidKeyStoreProvider in 7ms.
11-20 11:44:53.876   642   642 I Zygote  : Warmed up JCA providers in 13ms.
11-20 11:44:53.876   642   642 D Zygote  : end preload
11-20 11:44:53.877   642   642 I art     : Starting a blocking GC Explicit
11-20 11:44:53.902   642   642 I art     : Explicit concurrent mark sweep GC freed 56350(6MB) AllocSpace objects, 133(2MB) LOS objects, 76% free, 2MB/10MB, paused 180us total 24.910ms
11-20 11:44:53.905   642   642 I art     : Starting a blocking GC Explicit
11-20 11:44:53.916   642   642 I art     : Explicit concurrent mark sweep GC freed 4464(183KB) AllocSpace objects, 0(0B) LOS objects, 77% free, 2MB/10MB, paused 107us total 9.900ms
11-20 11:44:53.917   642   964 I art     : Starting a blocking GC HeapTrim
11-20 11:44:53.923   642   642 I art     : Starting a blocking GC Background
11-20 11:44:53.940   644   644 I art     : VMRuntime.preloadDexCaches strings total=290795 before=40435 after=40435
11-20 11:44:53.940   644   644 I art     : VMRuntime.preloadDexCaches types total=24005 before=8044 after=8078
11-20 11:44:53.940   644   644 I art     : VMRuntime.preloadDexCaches fields total=114854 before=41525 after=41759
11-20 11:44:53.940   644   644 I art     : VMRuntime.preloadDexCaches methods total=200508 before=83131 after=83743
11-20 11:44:53.941   644   644 I art     : VMRuntime.preloadDexCaches finished
11-20 11:44:53.942   644   644 I Zygote  : Preloading resources...
11-20 11:44:53.974   644   644 W Resources: Preloaded drawable resource #0x108025c (android:drawable/dialog_background_material) that varies with configuration!!
11-20 11:44:53.974   644   644 W Resources: Preloaded drawable resource #0x1080298 (android:drawable/editbox_dropdown_background_dark) that varies with configuration!!
11-20 11:44:53.978   644   644 W Resources: Preloaded color resource #0x10600ea (android:color/material_grey_800) that varies with configuration!!
11-20 11:44:53.978   642   642 I Zygote  : System server process 1360 has been created
11-20 11:44:53.978   644   644 W Resources: Preloaded drawable resource #0x10802c9 (android:drawable/floating_popup_background_dark) that varies with configuration!!
11-20 11:44:53.981   642   642 I Zygote  : Accepting command socket connections
11-20 11:44:53.987   644   644 W Resources: Preloaded drawable resource #0x108030b (android:drawable/ic_clear_disabled) that varies with configuration!!
11-20 11:44:53.988   644   644 W Resources: Preloaded drawable resource #0x1080310 (android:drawable/ic_clear_normal) that varies with configuration!!
11-20 11:44:53.991   644   644 W Resources: Preloaded drawable resource #0x1080359 (android:drawable/ic_go) that varies with configuration!!
11-20 11:44:53.994   644   644 W Resources: Preloaded drawable resource #0x1080038 (android:drawable/ic_menu_close_clear_cancel) that varies with configuration!!
11-20 11:44:53.997   644   644 W Resources: Preloaded drawable resource #0x1080045 (android:drawable/ic_menu_more) that varies with configuration!!
11-20 11:44:54.004   644   644 W Resources: Preloaded drawable resource #0x10804f3 (android:drawable/menu_background_fill_parent_width) that varies with configuration!!
11-20 11:44:54.039   644   644 W Resources: Preloaded drawable resource #0x108078e (android:drawable/text_edit_paste_window) that varies with configuration!!
11-20 11:44:54.042   644   644 W Resources: Preloaded drawable resource #0x1080096 (android:drawable/toast_frame) that varies with configuration!!
11-20 11:44:54.042   644   644 I Zygote  : ...preloaded 114 resources in 100ms.
11-20 11:44:54.046   644   644 W Resources: Preloaded color resource #0x1060114 (android:color/background_cache_hint_selector_material_dark) that varies with configuration!!
11-20 11:44:54.046   644   644 W Resources: Preloaded color resource #0x1060119 (android:color/btn_default_material_dark) that varies with configuration!!
11-20 11:44:54.047   644   644 I Zygote  : ...preloaded 41 resources in 5ms.
11-20 11:44:54.052   644   644 D libEGL  : loaded /vendor/lib/egl/libEGL_adreno.so
11-20 11:44:54.144   644   644 D libEGL  : loaded /vendor/lib/egl/libGLESv1_CM_adreno.so
11-20 11:44:54.159   644   644 D libEGL  : loaded /vendor/lib/egl/libGLESv2_adreno.so
11-20 11:44:54.174  1155  1155 E LOWI-7.7.1.0.c: [LOWIDiagLog] Diag logging could not be enabled
11-20 11:44:54.177  1157  1206 W XTCC-5.1.0.23-d: [FDAL_Manager] sendCapabilityInfoRequest: wifi is not enabled on device.lets wait for wifi to get enabled
11-20 11:44:54.178  1157  1208 E XTCC-5.1.0.23-d: [TdpCsClient] unknown postcard info. reason:REGISTER-EVENT, 
11-20 11:44:54.190   644   644 I Zygote  : Preloading shared libraries...
11-20 11:44:54.211   644   644 I Zygote  : Uninstalled ICU cache reference pinning...
11-20 11:44:54.215   644   644 I Zygote  : Installed AndroidKeyStoreProvider in 4ms.
11-20 11:44:54.219  1157  1188 E LocSvc_api_v02: E/loc_sync_wait_for_ind:458]: slot 0, timed out for ind_id QMI_LOC_INJECT_APDONOTCACHE_DATA_REQ_V02
11-20 11:44:54.219  1157  1188 E LocSvc_api_v02: E/loc_sync_send_req:529]: loc_api_wait_for_ind failed, err -110, select id 0, status eLOC_CLIENT_FAILURE_TIMEOUT
11-20 11:44:54.219  1157  1188 E LocSvc_IzatApiV02: E/virtual int izat_core::IzatApiV02::injectApCacheBlacklist(APCacheBlacklistData):857]: Error : st = 6, ind.status = 0
11-20 11:44:54.219  1157  1188 E LocSvc_IzatApiV02: E/virtual int izat_core::IzatApiV02::injectApCacheBlacklist(APCacheBlacklistData):869]: inject AP Cache - blacklistto modem failed. 
11-20 11:44:54.219  1157  1188 E LocSvc_api_v02: I/---> locClientSendReq line 2064 QMI_LOC_INJECT_APDONOTCACHE_DATA_REQ_V02
11-20 11:44:54.230   644   644 I Zygote  : Warmed up JCA providers in 15ms.
11-20 11:44:54.230   644   644 D Zygote  : end preload
11-20 11:44:54.230   644   644 I art     : Starting a blocking GC Explicit
11-20 11:44:54.261   644   644 I art     : Explicit concurrent mark sweep GC freed 56174(6MB) AllocSpace objects, 133(2MB) LOS objects, 76% free, 2MB/10MB, paused 249us total 30.125ms
11-20 11:44:54.264   644   644 I art     : Starting a blocking GC Explicit
11-20 11:44:54.276  1158  1158 I slim_daemon: [SLIM] slim_ProviderConfigure: Updated available providers for service 0: 00000001.
11-20 11:44:54.276  1158  1158 I slim_daemon: [SLIM] slim_ProviderConfigure: Updated available providers for service 1: 00000001.
11-20 11:44:54.276  1158  1158 I slim_daemon: [SLIM] slim_ProviderConfigure: Updated available providers for service 2: 00000001.
11-20 11:44:54.276  1158  1158 I slim_daemon: [SLIM] slim_ProviderConfigure: Updated available providers for service 3: 00000001.
11-20 11:44:54.276  1158  1158 I slim_daemon: [SLIM] slim_ProviderConfigure: Updated available providers for service 7: 00000001.
11-20 11:44:54.276  1158  1158 I slim_daemon: [SLIM] slim_ProviderConfigure: Updated available providers for service 8: 00000001.
11-20 11:44:54.276  1158  1158 I slim_daemon: [SLIM] slim_ProviderConfigure: Updated available providers for service 13: 00000001.
11-20 11:44:54.276  1158  1158 I slim_daemon: [SLIM] slim_ProviderConfigure: Updated available providers for service 14: 00000001.
11-20 11:44:54.276   644   644 I art     : Explicit concurrent mark sweep GC freed 4464(183KB) AllocSpace objects, 0(0B) LOS objects, 77% free, 2MB/10MB, paused 169us total 11.304ms
11-20 11:44:54.276  1158  1158 I slim_daemon: [SLIM] slim_ProviderConfigure: Updated available providers for service 16: 00000001.
11-20 11:44:54.283   644   644 I Zygote  : Accepting command socket connections
11-20 11:44:54.296  1360  1360 I chatty  : uid=1000 system_server expire 252 lines
11-20 11:44:54.298  1360  1360 I InstallerConnection: connecting...
11-20 11:44:54.299   657   657 I         : new connection
11-20 11:44:54.322  1360  1360 I InstallerConnection: disconnecting...
11-20 11:44:54.322   657   657 E         : eof
11-20 11:44:54.322   657   657 E         : failed to read size
11-20 11:44:54.322   657   657 I         : closing connection
11-20 11:44:54.348  1158  1220 E slim_daemon: [NDK] bindNDKSensors: Sensor server is unavailable.
11-20 11:44:54.371  1360  1360 I SystemServer: Entered the Android system server!
11-20 11:44:54.494  1360  1360 I SystemServiceManager: Starting com.android.server.pm.Installer
11-20 11:44:54.502  1360  1360 I Installer: Waiting for installd to be ready.
11-20 11:44:54.503  1360  1360 I InstallerConnection: connecting...
11-20 11:44:54.503   657   657 I         : new connection
11-20 11:44:54.504  1360  1360 I SystemServiceManager: Starting com.android.server.am.ActivityManagerService$Lifecycle
11-20 11:44:54.540  1360  1360 I ActivityManager: Memory class: 192
11-20 11:44:54.542  1360  1457 I ServiceThread: Enabled StrictMode logging for ActivityManager looper.
11-20 11:44:54.544  1360  1458 I ServiceThread: Enabled StrictMode logging for android.ui looper.
11-20 11:44:54.561  1360  1360 D BatteryStatsImpl: Reading daily items from /data/system/batterystats-daily.xml
11-20 11:44:54.598   652   652 I ServiceManager: Waiting for service media.camera.proxy...
11-20 11:44:54.835  1360  1360 W ProcessCpuTracker: Skipping unknown process pid 1469
11-20 11:44:54.836  1360  1360 W ProcessCpuTracker: Skipping unknown process pid 1470
11-20 11:44:54.853  1360  1360 I IntentFirewall: Read new rules (A:0 B:0 S:0)
11-20 11:44:54.867  1360  1500 I ServiceThread: Enabled StrictMode logging for android.display looper.
11-20 11:44:54.871  1360  1360 D AppOps  : AppOpsService published
11-20 11:44:54.872  1360  1360 I SystemServiceManager: Starting com.android.server.power.PowerManagerService
11-20 11:44:54.886  1360  1503 I ServiceThread: Enabled StrictMode logging for PowerManagerService looper.
11-20 11:44:54.897  1360  1360 I SystemServiceManager: Starting com.android.server.lights.LightsService
11-20 11:44:54.909  1360  1360 I SystemServiceManager: Starting com.android.server.display.DisplayManagerService
11-20 11:44:54.912  1360  1360 I SystemServiceManager: Starting phase 100
11-20 11:44:54.915   564   622 W SDM     : HWCSession::notifyCallback: QService command = 35 is not supported
11-20 11:44:54.915   564   622 I SurfaceFlinger: HDR is not supported on display: 0
11-20 11:44:54.925  1360  1500 I DisplayManagerService: Display device added: DisplayDeviceInfo{"Built-in Screen": uniqueId="local:0", 320 x 480, modeId 1, defaultModeId 1, supportedModes [{id=1, width=320, height=480, fps=60.000004}], colorMode 0, supportedColorModes [0], HdrCapabilities android.view.Display$HdrCapabilities@a69d6308, density 150, 150.0 x 150.0 dpi, appVsyncOff 1000000, presDeadline 16666666, touch INTERNAL, rotation 0, type BUILT_IN, state UNKNOWN, FLAG_DEFAULT_DISPLAY, FLAG_ROTATES_WITH_CONTENT, FLAG_SECURE, FLAG_SUPPORTS_PROTECTED_BUFFERS}
11-20 11:44:54.926   564   564 D SurfaceFlinger: Set power mode=2, type=0 flinger=0x7fb0a48000
11-20 11:44:54.926   564   564 D SurfaceFlinger: Screen type=0 is already mode=2
11-20 11:44:54.927  1360  1500 I DisplayManagerService: Display device changed state: "Built-in Screen", ON
11-20 11:44:54.928  1360  1360 I SystemServer: Regionalization Service
11-20 11:44:54.929  1360  1360 I SystemServer: StartPackageManagerService
11-20 11:44:55.066  1360  1360 D SELinuxMMAC: Using policy file /system/etc/security/mac_permissions.xml
11-20 11:44:55.220  1157  1188 E LocSvc_api_v02: E/loc_sync_wait_for_ind:458]: slot 0, timed out for ind_id QMI_LOC_INJECT_APDONOTCACHE_DATA_REQ_V02
11-20 11:44:55.220  1157  1188 E LocSvc_api_v02: E/loc_sync_send_req:529]: loc_api_wait_for_ind failed, err -110, select id 0, status eLOC_CLIENT_FAILURE_TIMEOUT
11-20 11:44:55.220  1157  1188 E LocSvc_IzatApiV02: E/virtual int izat_core::IzatApiV02::injectApCacheBlacklist(APCacheBlacklistData):857]: Error : st = 6, ind.status = 0
11-20 11:44:55.220  1157  1188 E LocSvc_IzatApiV02: E/virtual int izat_core::IzatApiV02::injectApCacheBlacklist(APCacheBlacklistData):869]: inject AP Cache - blacklistto modem failed. 
11-20 11:44:55.220  1157  1188 E LocSvc_api_v02: I/---> locClientSendReq line 2064 QMI_LOC_INJECT_APDONOTCACHE_DATA_REQ_V02
11-20 11:44:55.349  1158  1220 E slim_daemon: [NDK] bindNDKSensors: Sensor server is unavailable.
11-20 11:44:55.598   652   652 I ServiceManager: Waiting for service media.camera.proxy...
11-20 11:44:55.620  1360  1360 W PackageManager: Library not found: /system/framework/org.apache.http.legacy.jar
11-20 11:44:55.739   606   606 I CNSS    : cnss_open_log_file: create directory /sdcard/wlan_logs/ ret = -1 errno= 2
11-20 11:44:55.755  1360  1360 W PackageManager: Library not found: /system/framework/org.apache.http.legacy.jar
11-20 11:44:55.783  1360  1564 W PackageManager: Failed to parse /system/framework/arm64: Missing base APK in /system/framework/arm64
11-20 11:44:55.783  1360  1563 W PackageManager: Failed to parse /system/framework/arm: Missing base APK in /system/framework/arm
11-20 11:44:55.785  1360  1566 W PackageManager: Failed to parse /system/framework/oat: Missing base APK in /system/framework/oat
11-20 11:44:55.873   679   679 V NatController: runCmd(/system/bin/iptables -w -W 10000 -F natctrl_FORWARD) res=0
11-20 11:44:55.878  1360  1566 W PackageParser: No actions in intent filter at /system/priv-app/Contacts/Contacts.apk Binary XML file line #434
11-20 11:44:55.892   679   679 V NatController: runCmd(/system/bin/ip6tables -w -W 10000 -F natctrl_FORWARD) res=0
11-20 11:44:55.901  1360  1568 W PackageManager: Permission android.permission.DOWNLOAD_WITHOUT_NOTIFICATION from package com.android.providers.downloads in an unknown group android.permission-group.NETWORK
11-20 11:44:55.909   679   679 V NatController: runCmd(/system/bin/iptables -w -W 10000 -A natctrl_FORWARD -j DROP) res=0
11-20 11:44:55.927   679   679 V NatController: runCmd(/system/bin/iptables -w -W 10000 -t nat -F natctrl_nat_POSTROUTING) res=0
11-20 11:44:55.938  1360  1564 W PackageParser: No actions in intent filter at /system/priv-app/Dialer/Dialer.apk Binary XML file line #200
11-20 11:44:55.945  1360  1563 W PackageParser: Unknown element under <manifest>: uses-library at /system/priv-app/GoogleFeedback/GoogleFeedback.apk Binary XML file line #33
