11-20 02:53:02.088  2247  2247 D RegisteredAidCache: generateAidCacheLocked: starting with aid A0000000980840
11-20 02:53:02.088  2247  2247 D RegisteredAidCache: Exact AID, resolving.
11-20 02:53:02.088  2247  2247 D RegisteredAidCache: resolveAidLocked: DECISION: routing to payment default default ApduService: ComponentInfo{com.google.android.gms/com.google.android.gms.tapandpay.hce.service.TpHceService}, description: Android Pay, Static AID Groups: Category: payment, AIDs:325041592E5359532E4444463031, A0000000041010, A0000000042203, A0000000043060, A000000004, A0000000031010, A0000000980840, A0000000032010, A0000000032020, A000000003, A00000000307010001, A0000003241010, A0000001523010, A0000001524010, A00000002501, A000000025011001, A00000002502, A000000025021001, A000000025010801, A000000025, A0000000250000, D2760000850100, A0000002771010, A00000038410, A00000038420, , Dynamic AID Groups: 
11-20 02:53:02.088  2247  2247 D RegisteredAidCache: AIDs: [A0000000980840] were resolved.
11-20 02:53:02.088  2247  2247 D RegisteredAidCache: generateAidCacheLocked: starting with aid A0000001523010
11-20 02:53:02.088  2247  2247 D RegisteredAidCache: Exact AID, resolving.
11-20 02:53:02.088  2247  2247 D RegisteredAidCache: resolveAidLocked: DECISION: routing to payment default default ApduService: ComponentInfo{com.google.android.gms/com.google.android.gms.tapandpay.hce.service.TpHceService}, description: Android Pay, Static AID Groups: Category: payment, AIDs:325041592E5359532E4444463031, A0000000041010, A0000000042203, A0000000043060, A000000004, A0000000031010, A0000000980840, A0000000032010, A0000000032020, A000000003, A00000000307010001, A0000003241010, A0000001523010, A0000001524010, A00000002501, A000000025011001, A00000002502, A000000025021001, A000000025010801, A000000025, A0000000250000, D2760000850100, A0000002771010, A00000038410, A00000038420, , Dynamic AID Groups: 
11-20 02:53:02.088  2247  2247 D RegisteredAidCache: AIDs: [A0000001523010] were resolved.
11-20 02:53:02.088  2247  2247 D RegisteredAidCache: generateAidCacheLocked: starting with aid A0000001524010
11-20 02:53:02.089  2247  2247 D RegisteredAidCache: Exact AID, resolving.
11-20 02:53:02.089  2247  2247 D RegisteredAidCache: resolveAidLocked: DECISION: routing to payment default default ApduService: ComponentInfo{com.google.android.gms/com.google.android.gms.tapandpay.hce.service.TpHceService}, description: Android Pay, Static AID Groups: Category: payment, AIDs:325041592E5359532E4444463031, A0000000041010, A0000000042203, A0000000043060, A000000004, A0000000031010, A0000000980840, A0000000032010, A0000000032020, A000000003, A00000000307010001, A0000003241010, A0000001523010, A0000001524010, A00000002501, A000000025011001, A00000002502, A000000025021001, A000000025010801, A000000025, A0000000250000, D2760000850100, A0000002771010, A00000038410, A00000038420, , Dynamic AID Groups: 
11-20 02:53:02.089  2247  2247 D RegisteredAidCache: AIDs: [A0000001524010] were resolved.
11-20 02:53:02.089  2247  2247 D RegisteredAidCache: generateAidCacheLocked: starting with aid A0000002771010
11-20 02:53:02.089  2247  2247 D RegisteredAidCache: Exact AID, resolving.
11-20 02:53:02.089  2247  2247 D RegisteredAidCache: resolveAidLocked: DECISION: routing to payment default default ApduService: ComponentInfo{com.google.android.gms/com.google.android.gms.tapandpay.hce.service.TpHceService}, description: Android Pay, Static AID Groups: Category: payment, AIDs:325041592E5359532E4444463031, A0000000041010, A0000000042203, A0000000043060, A000000004, A0000000031010, A0000000980840, A0000000032010, A0000000032020, A000000003, A00000000307010001, A0000003241010, A0000001523010, A0000001524010, A00000002501, A000000025011001, A00000002502, A000000025021001, A000000025010801, A000000025, A0000000250000, D2760000850100, A0000002771010, A00000038410, A00000038420, , Dynamic AID Groups: 
11-20 02:53:02.089  2247  2247 D RegisteredAidCache: AIDs: [A0000002771010] were resolved.
11-20 02:53:02.089  2247  2247 D RegisteredAidCache: generateAidCacheLocked: starting with aid A0000003241010
11-20 02:53:02.089  2247  2247 D RegisteredAidCache: Exact AID, resolving.
11-20 02:53:02.089  2247  2247 D RegisteredAidCache: resolveAidLocked: DECISION: routing to payment default default ApduService: ComponentInfo{com.google.android.gms/com.google.android.gms.tapandpay.hce.service.TpHceService}, description: Android Pay, Static AID Groups: Category: payment, AIDs:325041592E5359532E4444463031, A0000000041010, A0000000042203, A0000000043060, A000000004, A0000000031010, A0000000980840, A0000000032010, A0000000032020, A000000003, A00000000307010001, A0000003241010, A0000001523010, A0000001524010, A00000002501, A000000025011001, A00000002502, A000000025021001, A000000025010801, A000000025, A0000000250000, D2760000850100, A0000002771010, A00000038410, A00000038420, , Dynamic AID Groups: 
11-20 02:53:02.089  2247  2247 D RegisteredAidCache: AIDs: [A0000003241010] were resolved.
11-20 02:53:02.089  2247  2247 D RegisteredAidCache: generateAidCacheLocked: starting with aid A00000038410
11-20 02:53:02.089  2247  2247 D RegisteredAidCache: Exact AID, resolving.
11-20 02:53:02.089  2247  2247 D RegisteredAidCache: resolveAidLocked: DECISION: routing to payment default default ApduService: ComponentInfo{com.google.android.gms/com.google.android.gms.tapandpay.hce.service.TpHceService}, description: Android Pay, Static AID Groups: Category: payment, AIDs:325041592E5359532E4444463031, A0000000041010, A0000000042203, A0000000043060, A000000004, A0000000031010, A0000000980840, A0000000032010, A0000000032020, A000000003, A00000000307010001, A0000003241010, A0000001523010, A0000001524010, A00000002501, A000000025011001, A00000002502, A000000025021001, A000000025010801, A000000025, A0000000250000, D2760000850100, A0000002771010, A00000038410, A00000038420, , Dynamic AID Groups: 
11-20 02:53:02.089  2247  2247 D RegisteredAidCache: AIDs: [A00000038410] were resolved.
11-20 02:53:02.090  2247  2247 D RegisteredAidCache: generateAidCacheLocked: starting with aid A00000038420
11-20 02:53:02.090  2247  2247 D RegisteredAidCache: Exact AID, resolving.
11-20 02:53:02.090  2247  2247 D RegisteredAidCache: resolveAidLocked: DECISION: routing to payment default default ApduService: ComponentInfo{com.google.android.gms/com.google.android.gms.tapandpay.hce.service.TpHceService}, description: Android Pay, Static AID Groups: Category: payment, AIDs:325041592E5359532E4444463031, A0000000041010, A0000000042203, A0000000043060, A000000004, A0000000031010, A0000000980840, A0000000032010, A0000000032020, A000000003, A00000000307010001, A0000003241010, A0000001523010, A0000001524010, A00000002501, A000000025011001, A00000002502, A000000025021001, A000000025010801, A000000025, A0000000250000, D2760000850100, A0000002771010, A00000038410, A00000038420, , Dynamic AID Groups: 
11-20 02:53:02.090  2247  2247 D RegisteredAidCache: AIDs: [A00000038420] were resolved.
11-20 02:53:02.090  2247  2247 D RegisteredAidCache: generateAidCacheLocked: starting with aid D2760000850100
11-20 02:53:02.090  2247  2247 D RegisteredAidCache: Exact AID, resolving.
11-20 02:53:02.090  2247  2247 D RegisteredAidCache: resolveAidLocked: DECISION: routing to payment default default ApduService: ComponentInfo{com.google.android.gms/com.google.android.gms.tapandpay.hce.service.TpHceService}, description: Android Pay, Static AID Groups: Category: payment, AIDs:325041592E5359532E4444463031, A0000000041010, A0000000042203, A0000000043060, A000000004, A0000000031010, A0000000980840, A0000000032010, A0000000032020, A000000003, A00000000307010001, A0000003241010, A0000001523010, A0000001524010, A00000002501, A000000025011001, A00000002502, A000000025021001, A000000025010801, A000000025, A0000000250000, D2760000850100, A0000002771010, A00000038410, A00000038420, , Dynamic AID Groups: 
11-20 02:53:02.090  2247  2247 D RegisteredAidCache: AIDs: [D2760000850100] were resolved.
11-20 02:53:02.090  2247  2247 D RegisteredAidCache: Not updating routing table because NFC is off.
11-20 02:53:02.090  2247  2247 D RegisteredServicesCache: ApduService: ComponentInfo{com.google.android.gms/com.google.android.gms.tapandpay.hce.service.TpHceService}, description: Android Pay, Static AID Groups: Category: payment, AIDs:325041592E5359532E4444463031, A0000000041010, A0000000042203, A0000000043060, A000000004, A0000000031010, A0000000980840, A0000000032010, A0000000032020, A000000003, A00000000307010001, A0000003241010, A0000001523010, A0000001524010, A00000002501, A000000025011001, A00000002502, A000000025021001, A000000025010801, A000000025, A0000000250000, D2760000850100, A0000002771010, A00000038410, A00000038420, , Dynamic AID Groups: 
11-20 02:53:02.092  2247  2247 D RegisteredNfcFServicesCache: Service unchanged, not updating
11-20 02:53:02.095  1436  1445 I art     : Background sticky concurrent mark sweep GC freed 58117(3MB) AllocSpace objects, 9(220KB) LOS objects, 25% free, 13MB/18MB, paused 14.248ms total 71.145ms
11-20 02:53:03.141   749   749 I MSM-irqbalance: Decided to move IRQ3 from CPU0 [P:0] to CPU5 [P:1] (banned)
11-20 02:53:03.142   749   749 I MSM-irqbalance: Decided to move IRQ5 from CPU0 [P:0] to CPU7 [P:1] (banned)
11-20 02:53:03.143   749   749 I MSM-irqbalance: Decided to move IRQ3 from CPU1 [P:0] to CPU4 [P:1] (banned)
11-20 02:53:03.143   749   749 I MSM-irqbalance: Decided to move IRQ5 from CPU1 [P:0] to CPU6 [P:1] (banned)
11-20 02:53:03.143   749   749 I MSM-irqbalance: Decided to move IRQ3 from CPU2 [P:0] to CPU5 [P:1] (banned)
11-20 02:53:03.144   749   749 I MSM-irqbalance: Decided to move IRQ5 from CPU2 [P:0] to CPU7 [P:1] (banned)
11-20 02:53:03.144   749   749 I MSM-irqbalance: Decided to move IRQ3 from CPU3 [P:0] to CPU4 [P:1] (banned)
11-20 02:53:03.145   749   749 I MSM-irqbalance: Decided to move IRQ5 from CPU3 [P:0] to CPU6 [P:1] (banned)
11-20 02:53:03.346  2203  2203 I WearableService: Wearable Services stopping
11-20 02:53:03.462  2526  2526 D wpa_supplicant: wlan0: Control interface command 'SIGNAL_POLL'
11-20 02:53:03.481  2526  2526 D wpa_supplicant: CTRL-DEBUG: global_ctrl_sock-sendto: sock=9 sndbuf=212992 outq=0 send_len=48
11-20 02:53:04.580  1926  1926 W InputEventReceiver: Attempted to finish an input event but the input event receiver has already been disposed.
11-20 02:53:05.763   577   577 I chatty  : uid=1000(system) /system/bin/cnss_diag expire 20 lines
11-20 02:53:06.489  2526  2526 D wpa_supplicant: wlan0: Control interface command 'SIGNAL_POLL'
11-20 02:53:06.509  2526  2526 D wpa_supplicant: CTRL-DEBUG: global_ctrl_sock-sendto: sock=9 sndbuf=212992 outq=0 send_len=48
11-20 02:53:06.510  1436  1641 D WifiStateMachine: updateCapabilities for config:Cisco-WPA2false,false
11-20 02:53:06.787   610   610 I ServiceManager: Waiting for service AtCmdFwd...
11-20 02:53:07.054   593  1656 I AudioPolicyManagerCustom: FLAG None hence request for a primary output
11-20 02:53:07.054   593   949 I AudioPolicyManagerCustom: FLAG None hence request for a primary output
11-20 02:53:07.057   593   912 D audio_hw_primary: start_output_stream: enter: stream(0xebd6f200)usecase(1: low-latency-playback) devices(0x2)
11-20 02:53:07.058   444  2180 E ANDR-PERF-MPCTL: Invalid profile no. 0, total profiles 0 only
11-20 02:53:07.059   593   912 D audio_hw_primary: select_devices for use case (low-latency-playback)
11-20 02:53:07.059   593   912 D audio_hw_primary: select_devices: out_snd_device(6: wsa-speaker) in_snd_device(0: )
11-20 02:53:07.059   593   912 I msm8916_platform: platform_check_and_set_codec_backend_cfg:becf: afe: bitwidth 16, samplerate 48000 channels 2, backend_idx 0 usecase = 1 device (wsa-speaker)
11-20 02:53:07.059   593   912 D msm8916_platform: platform_can_split_snd_device: snd_device(6) num devices(1) new_snd_devices(13)
11-20 02:53:07.059   593   912 I msm8916_platform: platform_check_and_set_codec_backend_cfg: becf: new_snd_devices[0] is wsa-speaker
11-20 02:53:07.059   593   912 I msm8916_platform: platform_check_codec_backend_cfg:becf: afe: Codec selected backend: 0 current bit width: 16 sample rate: 48000 channels: 2
11-20 02:53:07.059   593   912 D msm8916_platform: platform_check_codec_backend_cfg:becf: afe: playback on non-44.1-support device Configure afe to default Sample Rate(48k)
11-20 02:53:07.059   593   912 I msm8916_platform: platform_check_codec_backend_cfg:becf: afe: Codec selected backend: 0 updated bit width: 16 and sample rate: 48000
11-20 02:53:07.059   593   912 D audio_hw_primary: check_usecases_codec_backend:becf: force routing 0
11-20 02:53:07.059   593   912 E msm8916_platform: platform_check_backends_match: Invalid snd_device = 
11-20 02:53:07.059   593   912 D audio_hw_primary: check_usecases_codec_backend:becf: (40) check_usecases curr device: wsa-speaker, usecase device: backends match 0
11-20 02:53:07.059   593   912 D audio_hw_primary: check_usecases_codec_backend:becf: check_usecases num.of Usecases to switch 0
11-20 02:53:07.059   593   912 D hardware_info: hw_info_append_hw_type : device_name = wsa-speaker
11-20 02:53:07.059   593   912 D msm8916_platform: platform_can_split_snd_device: snd_device(6) num devices(0) new_snd_devices(0)
11-20 02:53:07.059   593   912 D audio_hw_primary: enable_snd_device: snd_device(6: wsa-speaker)
11-20 02:53:07.060   593   912 I soundtrigger: audio_extn_sound_trigger_update_device_status: device 0x6 of type 0 for Event 1, with Raise=0
11-20 02:53:07.066   593   912 I audio_hw_primary: select_devices Selected apptype: 69937
11-20 02:53:07.066   593   912 D soundtrigger: audio_extn_sound_trigger_update_stream_status: uc_id 1 of type 0 for Event 3, with Raise=0
11-20 02:53:07.067   593   912 I audio_hw_utils: audio_extn_utils_send_app_type_cfg PLAYBACK app_type = 69937, acdb_dev_id = 135, sample_rate = 48000
11-20 02:53:07.067   593   912 D msm8916_platform: platform_can_split_snd_device: snd_device(6) num devices(1) new_snd_devices(-356514696)
11-20 02:53:07.067   593   912 D ACDB-LOADER: ACDB -> send_audio_cal, acdb_id = 135, path = 0, app id = 0x11131, sample rate = 48000
11-20 02:53:07.067   593   912 D ACDB-LOADER: ACDB -> send_asm_topology
11-20 02:53:07.067   593   912 D ACDB-LOADER: ACDB -> ACDB_CMD_GET_AUDPROC_STREAM_TOPOLOGY_ID
11-20 02:53:07.067   593   912 D ACDB-LOADER: ACDB -> send_adm_topology
11-20 02:53:07.067   593   912 D ACDB-LOADER: ACDB -> ACDB_CMD_GET_AUDPROC_COMMON_TOPOLOGY_ID
11-20 02:53:07.067   593   912 D ACDB-LOADER: ACDB -> send_audtable
11-20 02:53:07.067   593   912 D ACDB-LOADER: ACDB -> ACDB_CMD_GET_AUDPROC_COMMON_TABLE_SIZE
11-20 02:53:07.067   593   912 D ACDB-LOADER: ACDB -> ACDB_CMD_GET_AUDPROC_COMMON_TABLE
11-20 02:53:07.067   593   912 D ACDB-LOADER: ACDB -> AUDIO_SET_AUDPROC_CAL
11-20 02:53:07.067   593   912 D ACDB-LOADER: ACDB -> send_audvoltable
11-20 02:53:07.067   593   912 D ACDB-LOADER: ACDB -> ACDB_CMD_GET_AUDPROC_GAIN_DEP_STEP_TABLE, vol index 0
11-20 02:53:07.067   593   912 D ACDB-LOADER: ACDB -> AUDIO_SET_VOL_CAL cal type = 12
11-20 02:53:07.067   593   912 D ACDB-LOADER: ACDB -> send_audstrmtable
11-20 02:53:07.067   593   912 D ACDB-LOADER: ACDB -> ACDB_CMD_GET_AUDPROC_STREAM_TABLE_V2
11-20 02:53:07.067   593   912 D ACDB-LOADER: ACDB -> audstrm_cal->cal_type.cal_data.cal_size = 16
11-20 02:53:07.067   593   912 D ACDB-LOADER: ACDB -> send_afe_topology
11-20 02:53:07.067   593   912 D ACDB-LOADER: ACDB -> ACDB_CMD_GET_AFE_TOPOLOGY_ID
11-20 02:53:07.068   593   912 D ACDB-LOADER: ACDB -> GET_AFE_TOPOLOGY_ID for adcd_id 135, Topology Id 1025e
11-20 02:53:07.068   593   912 D ACDB-LOADER: ACDB -> send_afe_cal
11-20 02:53:07.068   593   912 D ACDB-LOADER: ACDB -> ACDB_CMD_GET_AFE_COMMON_TABLE
11-20 02:53:07.068   593   912 D ACDB-LOADER: ACDB -> AUDIO_SET_AFE_CAL
11-20 02:53:07.068   593   912 D ACDB-LOADER: ACDB -> send_hw_delay : acdb_id = 135 path = 0
11-20 02:53:07.068   593   912 D ACDB-LOADER: ACDB -> ACDB_AVSYNC_INFO: ACDB_CMD_GET_DEVICE_PROPERTY
11-20 02:53:07.068   593   912 D audio_hw_primary: enable_audio_route: apply mixer and update path: low-latency-playback
11-20 02:53:07.068   593   912 D audio_hw_primary: select_devices: done
11-20 02:53:07.070   593   912 D msm8916_platform: platform_set_channel_map mixer_ctl_name:Playback Channel Map12
11-20 02:53:07.071   593   912 D msm8916_platform: platform_set_channel_map: set mapping(1 2 0 0 0 0 0 0) for channel:2
11-20 02:53:07.099  1436  1486 D ActivityTrigger: ActivityTrigger activityPauseTrigger 
11-20 02:53:07.101  1436  1487 W InputMethodManagerService: Window already focused, ignoring focus gain of: com.android.internal.view.IInputMethodClient$Stub$Proxy@2fee3c1 attribute=null, token = android.os.BinderProxy@df24f68
11-20 02:53:07.102  4012  4500 D OpenGLRenderer: endAllActiveAnimators on 0x7f9e0f3c00 (RippleDrawable) with handle 0x7f9f68e580
11-20 02:53:07.119  1436  2339 I ActivityManager: Killing 3941:org.simalliance.openmobileapi.service/1000 (adj 906): empty #17
11-20 02:53:07.119  1436  2339 I ActivityManager: Killing 2679:android.process.acore/u0a0 (adj 906): empty #18
11-20 02:53:07.122   593   912 D audio_hw_primary: start_output_stream: exit
11-20 02:53:07.144   444  2180 E ANDR-PERF-MPCTL: Invalid profile no. 0, total profiles 0 only
11-20 02:53:07.203  1436  2291 D ActivityManager: cleanUpApplicationRecord -- 3941
11-20 02:53:07.206  1436  1942 D ActivityManager: cleanUpApplicationRecord -- 2679
11-20 02:53:07.213  1436  1935 I ActivityManager: Killing 2421:android.process.media/u0a10 (adj 906): empty #17
11-20 02:53:07.215  1436  2337 W ActivityManager: Finishing task with all activities already finished
11-20 02:53:07.215  1436  2337 W ActivityManager: Duplicate finish request for ActivityRecord{d0ce234 u0 com.android.settings/.deviceinfo.UsbModeChooserActivity t36 f}
11-20 02:53:07.232  1436  2338 D ActivityManager: cleanUpApplicationRecord -- 2421
11-20 02:53:07.788   610   610 I ServiceManager: Waiting for service AtCmdFwd...
11-20 02:53:07.795  1436  1963 I ActivityManager: Setting hasTopUi=true for pid=1677
11-20 02:53:07.799  1677  1677 D PhoneStatusBar: disable: < expand ICONS* alerts SYSTEM_INFO* back home recent clock search quick_settings >
11-20 02:53:08.142   749   749 I MSM-irqbalance: Decided to move IRQ5 from CPU0 [P:0] to CPU5 [P:1] (banned)
11-20 02:53:08.143   749   749 I MSM-irqbalance: Decided to move IRQ3 from CPU0 [P:0] to CPU7 [P:1] (banned)
11-20 02:53:08.144   749   749 I MSM-irqbalance: Decided to move IRQ5 from CPU1 [P:0] to CPU4 [P:1] (banned)
11-20 02:53:08.144   749   749 I MSM-irqbalance: Decided to move IRQ3 from CPU1 [P:0] to CPU6 [P:1] (banned)
11-20 02:53:08.789   610   610 I ServiceManager: Waiting for service AtCmdFwd...
11-20 02:53:08.989   593  1656 I AudioPolicyManagerCustom: FLAG None hence request for a primary output
11-20 02:53:08.990   593   949 I AudioPolicyManagerCustom: FLAG None hence request for a primary output
11-20 02:53:08.998  1436  2337 I ActivityManager: START u0 {act=android.intent.action.MAIN cat=[android.intent.category.LAUNCHER] flg=0x10008000 cmp=com.android.settings/.DevelopmentSettings} from uid 1000 on display 0
11-20 02:53:09.000   444  2180 E ANDR-PERF-MPCTL: Invalid profile no. 0, total profiles 0 only
11-20 02:53:09.006  1436  1942 W InputMethodManagerService: Window already focused, ignoring focus gain of: com.android.internal.view.IInputMethodClient$Stub$Proxy@4d8d184 attribute=null, token = android.os.BinderProxy@df24f68
11-20 02:53:09.006  1436  2337 D ActivityTrigger: ActivityTrigger activityPauseTrigger 
11-20 02:53:09.008  1436  2339 V BoostFramework: BoostFramework() : mPerf = com.qualcomm.qti.Performance@9d381f0
11-20 02:53:09.009  1436  2339 E ActivityManager: applyOptionsLocked: Unknown animationType=0
11-20 02:53:09.033  1436  1541 V BoostFramework: BoostFramework() : mPerf = com.qualcomm.qti.Performance@45a369
11-20 02:53:09.033  1436  1541 V BoostFramework: BoostFramework() : mPerf = com.qualcomm.qti.Performance@1a6c1ee
11-20 02:53:09.181  4012  4012 V BoostFramework: BoostFramework() : mPerf = com.qualcomm.qti.Performance@e00b7c7
11-20 02:53:09.182  4012  4012 V BoostFramework: BoostFramework() : mPerf = com.qualcomm.qti.Performance@93711f4
11-20 02:53:09.182  4012  4012 V BoostFramework: BoostFramework() : mPerf = com.qualcomm.qti.Performance@aa32d1d
11-20 02:53:09.182  4012  4012 V BoostFramework: BoostFramework() : mPerf = com.qualcomm.qti.Performance@a73b92
11-20 02:53:09.234  4012  4524 E ActivityThread: Failed to find provider info for com.qti.smq.qualcommFeedback.provider
11-20 02:53:09.269  1436  2338 E UserRestrictionsUtils: Unknown restriction: null
11-20 02:53:09.271  1436  1487 E UserRestrictionsUtils: Unknown restriction: null
11-20 02:53:09.284  1436  1942 D CryptdConnector: SND -> {4 cryptfs isConvertibleToFBE}
11-20 02:53:09.284   435   441 D VoldCryptCmdListener: cryptfs isConvertibleToFBE
11-20 02:53:09.287  1436  1634 D CryptdConnector: RCV <- {200 4 0}
11-20 02:53:09.356  4012  4012 V BoostFramework: BoostFramework() : mPerf = com.qualcomm.qti.Performance@9eed126
11-20 02:53:09.357  4012  4012 V BoostFramework: BoostFramework() : mPerf = com.qualcomm.qti.Performance@7ccd167
11-20 02:53:09.386  4012  4530 I IndexDatabaseHelper: Using schema version: 115
11-20 02:53:09.387  4012  4530 I IndexDatabaseHelper: Index is fine
11-20 02:53:09.393  4012  4012 W Settings: Setting bugreport_in_power_menu has moved from android.provider.Settings.Secure to android.provider.Settings.Global.
11-20 02:53:09.398   553   736 D PermissionCache: checking android.permission.HARDWARE_TEST for uid=1000 => granted (187 us)
11-20 02:53:09.403  4012  4530 D Index   : Indexing locale 'en_US' took 15 millis
11-20 02:53:09.422  1926  1926 E PhoneInterfaceManager: [PhoneIntfMgr] getAllowedCarriers: Empty response
11-20 02:53:09.425  4012  4530 D Index   : Indexing locale 'en_US' took 5 millis
11-20 02:53:09.486  1436  1486 I ActivityManager: Setting hasTopUi=false for pid=1677
11-20 02:53:09.487  1677  1677 D PhoneStatusBar: disable: < expand icons* alerts system_info* back home recent clock search quick_settings >
11-20 02:53:09.513  2526  2526 D wpa_supplicant: wlan0: Control interface command 'SIGNAL_POLL'
11-20 02:53:09.522  1436  1541 I ActivityManager: Displayed com.android.settings/.DevelopmentSettings: +513ms
11-20 02:53:09.528  2526  2526 D wpa_supplicant: CTRL-DEBUG: global_ctrl_sock-sendto: sock=9 sndbuf=212992 outq=0 send_len=48
11-20 02:53:09.789   610   610 I ServiceManager: Waiting for service AtCmdFwd...
11-20 02:53:09.802  1436  1509 D ActivityTrigger: ActivityTrigger activityStopTrigger 
11-20 02:53:10.790   610   610 W Atfwd_Sendcmd: AtCmdFwd service not published, waiting... retryCnt : 4
11-20 02:53:11.094  1436  1629 I EventHub: [bluebird] EventHub::mapKey::property_get(persist.bluebird.key_custom) : 0 
11-20 02:53:11.094  1436  1629 I EventHub: [bluebird] EventHub::mapKey::status : -2, device->keyMap.havekeyLayout : 1 
11-20 02:53:11.094  1436  1629 I EventHub: [bluebird] EventHub::mapKey::scanCode : 158 
11-20 02:53:11.095  1436  1629 D WindowManager: interceptKeyTq keycode=4 interactive=true keyguardActive=false policyFlags=22000000
11-20 02:53:11.096  1436  1628 D WindowManager: interceptKeyTi keyCode=4 down=true repeatCount=0 keyguardOn=false mHomePressed=false canceled=false
11-20 02:53:11.235  1436  1629 I EventHub: [bluebird] EventHub::mapKey::property_get(persist.bluebird.key_custom) : 0 
11-20 02:53:11.235  1436  1629 I EventHub: [bluebird] EventHub::mapKey::status : -2, device->keyMap.havekeyLayout : 1 
11-20 02:53:11.235  1436  1629 I EventHub: [bluebird] EventHub::mapKey::scanCode : 158 
11-20 02:53:11.235  1436  1629 D WindowManager: interceptKeyTq keycode=4 interactive=true keyguardActive=false policyFlags=22000000
11-20 02:53:11.236  1436  1628 D WindowManager: interceptKeyTi keyCode=4 down=false repeatCount=0 keyguardOn=false mHomePressed=false canceled=false
11-20 02:53:11.246  1436  2336 D ActivityTrigger: ActivityTrigger activityPauseTrigger 
11-20 02:53:11.264   444  2180 E ANDR-PERF-MPCTL: Invalid profile no. 0, total profiles 0 only
11-20 02:53:11.713  2526  2526 D wpa_supplicant: wlan0: Control interface command 'SCAN TYPE=ONLY'
11-20 02:53:11.713  2526  2526 D wpa_supplicant: wlan0: Setting scan request: 0.000000 sec
11-20 02:53:11.713  2526  2526 D wpa_supplicant: CTRL-DEBUG: global_ctrl_sock-sendto: sock=9 sndbuf=212992 outq=0 send_len=3
11-20 02:53:11.713  2526  2526 D wpa_supplicant: wlan0: Starting AP scan for wildcard SSID
11-20 02:53:11.713  2526  2526 D wpa_supplicant: wlan0: Add radio work 'scan'@0x7fb722e360
11-20 02:53:11.714  2526  2526 D wpa_supplicant: wlan0: First radio work item in the queue - schedule start immediately
11-20 02:53:11.714  2526  2526 D wpa_supplicant: wlan0: Starting radio work 'scan'@0x7fb722e360 after 0.000062 second wait
11-20 02:53:11.714  2526  2526 D wpa_supplicant: wlan0: nl80211: scan request
11-20 02:53:11.714  2526  2526 D wpa_supplicant: nl80211: Scan SSID - hexdump(len=0): [NULL]
11-20 02:53:11.714  2526  2526 D wpa_supplicant: nl80211: Scan extra IEs - hexdump(len=7): 7f 05 00 00 0a 02 01
11-20 02:53:11.714  2526  2526 D wpa_supplicant: Scan requested (ret=0) - scan timeout 30 seconds
11-20 02:53:11.714  2526  2526 D wpa_supplicant: nl80211: Event message available
11-20 02:53:11.714  2526  2526 D wpa_supplicant: nl80211: Drv Event 33 (NL80211_CMD_TRIGGER_SCAN) received for wlan0
11-20 02:53:11.714  2526  2526 D wpa_supplicant: wlan0: nl80211: Scan trigger
11-20 02:53:11.714  2526  2526 D wpa_supplicant: wlan0: Event SCAN_STARTED (47) received
11-20 02:53:11.714  2526  2526 D wpa_supplicant: wlan0: Own scan request started a scan in 0.000175 seconds
11-20 02:53:11.714  2526  2526 D wpa_supplicant: CTRL-DEBUG: ctrl_sock-sendmsg: sock=9 sndbuf=212992 outq=0 send_len=24
11-20 02:53:11.715  2526  2526 D wpa_supplicant: CTRL_IFACE monitor sent successfully to /data/misc/wifi/sockets/wpa_ctrl_575-2\x00
11-20 02:53:11.715  2526  2526 D wpa_supplicant: CTRL-DEBUG: ctrl_sock-sendmsg: sock=9 sndbuf=212992 outq=768 send_len=24
11-20 02:53:11.715  2526  2526 D wpa_supplicant: CTRL_IFACE monitor sent successfully to /data/misc/wifi/sockets/wpa_ctrl_1436-2\x00
11-20 02:53:11.719  2779  2779 W Finsky  : [1] com.google.android.finsky.application.d.cd(807): No account configured on this device.
11-20 02:53:11.720  2779  2779 W Finsky  : [1] com.google.android.finsky.application.d.cd(807): No account configured on this device.
11-20 02:53:11.721  2779  2779 W Finsky  : [1] com.google.android.finsky.application.d.cd(807): No account configured on this device.
11-20 02:53:11.723  2779  2779 I Finsky  : [1] com.google.android.finsky.hygiene.DailyHygiene$DailyHygieneService.onStartCommand(32): Beginning daily hygiene, foreground = false, reason = 6
11-20 02:53:11.727  2779  2779 W Finsky  : [1] com.google.android.finsky.application.d.cd(807): No account configured on this device.
11-20 02:53:11.727  2779  2779 W Finsky  : [1] com.google.android.finsky.application.d.b(448): No account configured on this device.
11-20 02:53:11.759  2779  2779 I Finsky  : [1] com.google.android.finsky.hygiene.DailyHygiene.a(109): Probe unauthenticated for daily hygiene pass
11-20 02:53:11.762  2779  2779 W Finsky  : [1] com.google.android.finsky.application.d.cd(807): No account configured on this device.
11-20 02:53:11.839  2864  2901 W OpenGLRenderer: Incorrectly called buildLayer on View: ShortcutAndWidgetContainer, destroying layer...
11-20 02:53:11.906  2779  2803 D NetworkSecurityConfig: No Network Security Config specified, using platform default
11-20 02:53:12.118   593   912 D audio_hw_primary: out_standby: enter: stream (0xebd6f200) usecase(1: low-latency-playback)
11-20 02:53:12.214   593   912 D audio_hw_primary: disable_audio_route: reset and update mixer path: low-latency-playback
11-20 02:53:12.216   593   912 D soundtrigger: audio_extn_sound_trigger_update_stream_status: uc_id 1 of type 0 for Event 2, with Raise=0
11-20 02:53:12.216   593   912 D hardware_info: hw_info_append_hw_type : device_name = wsa-speaker
11-20 02:53:12.216   593   912 D audio_hw_primary: disable_snd_device: snd_device(6: wsa-speaker)
11-20 02:53:12.216   593   912 D msm8916_platform: platform_can_split_snd_device: snd_device(6) num devices(0) new_snd_devices(0)
11-20 02:53:12.221   593   912 I soundtrigger: audio_extn_sound_trigger_update_device_status: device 0x6 of type 0 for Event 0, with Raise=0
11-20 02:53:12.221   593   912 D audio_hw_primary: out_standby: exit
11-20 02:53:12.371  2043  2043 D QcrilMsgTunnelIfaceManager: handleMessage what = 0
11-20 02:53:12.375  1926  1926 D QC_RIL_OEM_HOOK: Received Broadcast Intent ACTION_UNSOL_RESPONSE_OEM_HOOK_RAW
11-20 02:53:12.375  1926  1926 D QC_RIL_OEM_HOOK: Oem ID in QCRILHOOK UNSOL RESP is QOEMHOOK
11-20 02:53:12.375  1926  1926 D QC_RIL_OEM_HOOK: Received Broadcast Intent ACTION_UNSOL_RESPONSE_OEM_HOOK_RAW
11-20 02:53:12.375  1926  1926 D QC_RIL_OEM_HOOK: Oem ID in QCRILHOOK UNSOL RESP is QOEMHOOK
11-20 02:53:12.375  1926  1926 D QC_RIL_OEM_HOOK: Received Broadcast Intent ACTION_UNSOL_RESPONSE_OEM_HOOK_RAW
11-20 02:53:12.376  1926  1926 D QC_RIL_OEM_HOOK: Oem ID in QCRILHOOK UNSOL RESP is QOEMHOOK
11-20 02:53:12.376  1926  1926 D QC_RIL_OEM_HOOK: Received Broadcast Intent ACTION_UNSOL_RESPONSE_OEM_HOOK_RAW
11-20 02:53:12.377  1926  1926 D QC_RIL_OEM_HOOK: Oem ID in QCRILHOOK UNSOL RESP is QOEMHOOK
11-20 02:53:12.378  1926  1926 D QC_RIL_OEM_HOOK: Received Broadcast Intent ACTION_UNSOL_RESPONSE_OEM_HOOK_RAW
11-20 02:53:12.378  1926  1926 D QC_RIL_OEM_HOOK: Oem ID in QCRILHOOK UNSOL RESP is QOEMHOOK
11-20 02:53:12.378  3884  3884 D QC_RIL_OEM_HOOK: Received Broadcast Intent ACTION_UNSOL_RESPONSE_OEM_HOOK_RAW
11-20 02:53:12.379  3884  3884 D QC_RIL_OEM_HOOK: Oem ID in QCRILHOOK UNSOL RESP is QOEMHOOK
11-20 02:53:12.380  2043  2043 D QcrilMsgTunnelIfaceManager: handleMessage what = 0
11-20 02:53:12.385  1926  1926 D QC_RIL_OEM_HOOK: Received Broadcast Intent ACTION_UNSOL_RESPONSE_OEM_HOOK_RAW
11-20 02:53:12.385  1926  1926 D QC_RIL_OEM_HOOK: Oem ID in QCRILHOOK UNSOL RESP is QOEMHOOK
11-20 02:53:12.385  1926  1926 D QC_RIL_OEM_HOOK: Received Broadcast Intent ACTION_UNSOL_RESPONSE_OEM_HOOK_RAW
11-20 02:53:12.385  3884  3884 D QC_RIL_OEM_HOOK: Received Broadcast Intent ACTION_UNSOL_RESPONSE_OEM_HOOK_RAW
11-20 02:53:12.385  1926  1926 D QC_RIL_OEM_HOOK: Oem ID in QCRILHOOK UNSOL RESP is QOEMHOOK
11-20 02:53:12.385  1926  1926 D QC_RIL_OEM_HOOK: Received Broadcast Intent ACTION_UNSOL_RESPONSE_OEM_HOOK_RAW
11-20 02:53:12.385  1926  1926 D QC_RIL_OEM_HOOK: Oem ID in QCRILHOOK UNSOL RESP is QOEMHOOK
11-20 02:53:12.385  3884  3884 D QC_RIL_OEM_HOOK: Oem ID in QCRILHOOK UNSOL RESP is QOEMHOOK
11-20 02:53:12.391  1926  1926 D QC_RIL_OEM_HOOK: Received Broadcast Intent ACTION_UNSOL_RESPONSE_OEM_HOOK_RAW
11-20 02:53:12.391  1926  1926 D QC_RIL_OEM_HOOK: Oem ID in QCRILHOOK UNSOL RESP is QOEMHOOK
11-20 02:53:12.391  1926  1926 D QC_RIL_OEM_HOOK: Received Broadcast Intent ACTION_UNSOL_RESPONSE_OEM_HOOK_RAW
11-20 02:53:12.391  1926  1926 D QC_RIL_OEM_HOOK: Oem ID in QCRILHOOK UNSOL RESP is QOEMHOOK
11-20 02:53:12.404  1436  1436 I GnssLocationProvider: WakeLock acquired by sendMessage(12, 0, null)
11-20 02:53:12.404  1677  1677 V KeyguardUpdateMonitor: onSubscriptionInfoChanged()
11-20 02:53:12.407  1677  1677 V KeyguardUpdateMonitor: onSubscriptionInfoChanged: list is null
11-20 02:53:12.410  1677  1677 D CarrierText: updateCarrierText(): 0
11-20 02:53:12.411  4308  4351 W Bugle   : Factory.getPhoneUtils: invalid subId = -1
11-20 02:53:12.415  1677  1677 D CarrierText: Getting plmn/spn sticky brdcst Emergency calls only/
11-20 02:53:12.415  4308  4308 D Bugle   : onServiceStateChanged: 1 to 1
11-20 02:53:12.416  1677  1677 D CarrierText: updateCarrierText(): 0
11-20 02:53:12.419  1677  1677 D CarrierText: Getting plmn/spn sticky brdcst Emergency calls only/
11-20 02:53:12.421  2826  2826 I xiecx   : onReceive: action: android.intent.action.SERVICE_STATE
11-20 02:53:12.423  1677  1677 D CarrierText: updateCarrierText(): 0
11-20 02:53:12.425  1677  1677 D CarrierText: Getting plmn/spn sticky brdcst Emergency calls only/
11-20 02:53:12.427  1326  1394 E XTCC-5.1.0.23-d: [CS-RIL-LISTENER] handleRilCellUpdate failed, result = -1
11-20 02:53:12.427  1926  1926 I Telephony: PstnIncomingCallNotifier: Unregistering: Handler (com.qualcomm.qti.internal.telephony.QtiGsmCdmaPhone) {426cb41}
11-20 02:53:12.428  1436  1507 I GnssLocationProvider: WakeLock released by handleMessage(12, 0, null)
11-20 02:53:12.429  1926  1926 E PhoneInterfaceManager: [PhoneIntfMgr] getIccId: ICC ID is null or empty.
11-20 02:53:12.432  1677  1677 D KeyguardUpdateMonitor: received broadcast android.intent.action.SERVICE_STATE
11-20 02:53:12.432  1677  1677 V KeyguardUpdateMonitor: action android.intent.action.SERVICE_STATE serviceState=1 1 voice home data home null null null null null null  Unknown Unknown CSS not supported -1 -1 RoamInd=-1 DefRoamInd=-1 EmergOnly=true IsDataRoamingFromRegistration=false IsUsingCarrierAggregation=false mRilImsRadioTechnology=0 subId=2147483643 phoneId=0
11-20 02:53:12.432  1677  1677 D KeyguardUpdateMonitor: handleServiceStateChange(subId=2147483643, phoneId=0, serviceState=1 1 voice home data home null null null null null null  Unknown Unknown CSS not supported -1 -1 RoamInd=-1 DefRoamInd=-1 EmergOnly=true IsDataRoamingFromRegistration=false IsUsingCarrierAggregation=false mRilImsRadioTechnology=0
11-20 02:53:12.433  1677  1677 D CarrierText: updateCarrierText(): 0
11-20 02:53:12.435  1677  1677 D CarrierText: Getting plmn/spn sticky brdcst Emergency calls only/
11-20 02:53:12.436  1677  1677 D CarrierText: updateCarrierText(): 0
11-20 02:53:12.438  1677  1677 D CarrierText: Getting plmn/spn sticky brdcst Emergency calls only/
11-20 02:53:12.438  1677  1677 D CarrierText: updateCarrierText(): 0
11-20 02:53:12.441  1677  1677 D CarrierText: Getting plmn/spn sticky brdcst Emergency calls only/
11-20 02:53:12.445  1436  2291 I Telecom : PhoneAccountRegistrar: [ComponentInfo{com.android.phone/com.android.services.telephony.TelephonyConnectionService}, [e0184adedf913b076626646d3f52c3b49c39ad6d], UserHandle{0}(icon: Icon(typ=BITMAP size=18x23) -> Icon(typ=BITMAP size=18x23))]: TSI.rPA@ABo
11-20 02:53:12.446  1436  2291 I Telecom : : Sending phone-account registered intent as user: TSI.rPA@ABo
11-20 02:53:12.448  1926  1926 I Telephony: AccountEntry: Registered phoneAccount: [[ ] PhoneAccount: ComponentInfo{com.android.phone/com.android.services.telephony.TelephonyConnectionService}, [e0184adedf913b076626646d3f52c3b49c39ad6d], UserHandle{0} Capabilities: CallProvider MultiUser PlaceEmerg SimSub  Audio Routes: BESW Schemes: tel voicemail  Extras: null GroupId: [da39a3ee5e6b4b0d3255bfef95601890afd80709]] with handle: ComponentInfo{com.android.phone/com.android.services.telephony.TelephonyConnectionService}, [e0184adedf913b076626646d3f52c3b49c39ad6d], UserHandle{0}
11-20 02:53:12.448  1926  1926 I Telephony: PstnIncomingCallNotifier: Registering: Handler (com.qualcomm.qti.internal.telephony.QtiGsmCdmaPhone) {426cb41}
11-20 02:53:12.456  1926  1926 V XDivert : Action intent recieved:Intent { act=android.intent.action.ACTION_SUBINFO_RECORD_UPDATED flg=0x10 cmp=com.qti.xdivert/.XDivert }
11-20 02:53:12.456  1926  1926 I ImsExternalCallTracker: handleVideoCapabilitiesChanged : isVideoCapable = false
11-20 02:53:12.456  1926  1926 D ImsExternalCallTracker: refreshCallPullState
11-20 02:53:12.458  1926  1926 E PhoneInterfaceManager: [PhoneIntfMgr] getIccId: ICC ID is null or empty.
11-20 02:53:12.469  1436  2336 I Telecom : PhoneAccountRegistrar: [ComponentInfo{com.android.phone/com.android.services.telephony.TelephonyConnectionService}, [e0184adedf913b076626646d3f52c3b49c39ad6d], UserHandle{0}(icon: Icon(typ=BITMAP size=18x23) -> Icon(typ=BITMAP size=18x23))]: TSI.rPA@AB4
11-20 02:53:12.470  1436  2336 I Telecom : : Sending phone-account registered intent as user: TSI.rPA@AB4
11-20 02:53:12.473  1436  2339 I ActivityManager: Start proc 4543:com.android.cellbroadcastreceiver/u0a8 for broadcast com.android.cellbroadcastreceiver/.CellBroadcastReceiver
11-20 02:53:12.495  4543  4543 W System  : ClassLoader referenced unknown path: /system/priv-app/CellBroadcastReceiver/lib/arm64
11-20 02:53:12.511  4543  4543 D CellBroadcastReceiver: onReceive Intent { act=android.intent.action.SERVICE_STATE flg=0x10 cmp=com.android.cellbroadcastreceiver/.CellBroadcastReceiver (has extras) }
11-20 02:53:12.511  4543  4543 D CellBroadcastReceiver: Intent: android.intent.action.SERVICE_STATE
11-20 02:53:12.512  4543  4543 D CellBroadcastReceiver: Service state changed! 1 Full: 1 1 voice home data home null null null null null null  Unknown Unknown CSS not supported -1 -1 RoamInd=-1 DefRoamInd=-1 EmergOnly=true IsDataRoamingFromRegistration=false IsUsingCarrierAggregation=false mRilImsRadioTechnology=0 Current state=-1
11-20 02:53:12.524  1436  2335 I ActivityManager: Start proc 4559:android.process.acore/u0a0 for broadcast com.android.providers.contacts/.PhoneAccountRegistrationReceiver
11-20 02:53:12.530  2526  2526 D wpa_supplicant: wlan0: Control interface command 'SIGNAL_POLL'
11-20 02:53:12.532  2526  2526 D wpa_supplicant: CTRL-DEBUG: global_ctrl_sock-sendto: sock=9 sndbuf=212992 outq=0 send_len=48
11-20 02:53:12.555  4559  4559 W System  : ClassLoader referenced unknown path: /system/priv-app/ContactsProvider/lib/arm64
11-20 02:53:12.588  4559  4559 I ContactsPerf: VoicemailContentProvider.onCreate start
11-20 02:53:12.590  4559  4559 I ContactsPerf: VoicemailContentProvider.onCreate finish
11-20 02:53:12.596  4559  4559 W System  : ClassLoader referenced unknown path: /system/priv-app/BlockedNumberProvider/lib/arm64
11-20 02:53:12.597  4559  4559 D ApplicationLoaders: ignored Vulkan layer search path /system/priv-app/BlockedNumberProvider/lib/arm64:/system/lib64:/vendor/lib64 for namespace 0x7fa31620f0
11-20 02:53:12.607  4559  4559 W System  : ClassLoader referenced unknown path: /system/app/UserDictionaryProvider/lib/arm64
11-20 02:53:12.608  4559  4559 D ApplicationLoaders: ignored Vulkan layer search path /system/app/UserDictionaryProvider/lib/arm64:/system/lib64:/vendor/lib64 for namespace 0x7fa3162160
11-20 02:53:12.621  1436  2339 I ActivityManager: Killing 2539:com.google.android.partnersetup/u0a18 (adj 906): empty #17
11-20 02:53:12.636  1436  1486 D ActivityManager: cleanUpApplicationRecord -- 2539
11-20 02:53:12.639  4559  4574 I ContactLocale: AddressBook Labels [[en_US]]: [, A, B, C, D, E, F, G, H, I, J, K, L, M, N, O, P, Q, R, S, T, U, V, W, X, Y, Z, , , , , , , , , , , , , , , , , , , , , , , , , , , , , , , , , , , , , , , , , , , , , , , , , , , , , , , , , , , , , , , , , , , , , , , , , , , , , , , , , , , , , , , , , , , , , , , , , , , , , , , , , , , , , , , , , , , , , , , , , , , , , , , , , , , , , , , , , , , , , , , , , , , , , , , , , , , , , , , , , , , , , , , , , , , , , , , , , , , , , , , , , , , #, ]
11-20 02:53:13.151   749   749 I MSM-irqbalance: Decided to move IRQ3 from CPU0 [P:0] to CPU5 [P:1] (banned)
11-20 02:53:13.152   749   749 I MSM-irqbalance: Decided to move IRQ5 from CPU0 [P:0] to CPU7 [P:1] (banned)
11-20 02:53:13.153   749   749 I MSM-irqbalance: Decided to move IRQ3 from CPU1 [P:0] to CPU4 [P:1] (banned)
11-20 02:53:13.153   749   749 I MSM-irqbalance: Decided to move IRQ3 from CPU2 [P:0] to CPU6 [P:1] (banned)
11-20 02:53:13.154   749   749 I MSM-irqbalance: Decided to move IRQ5 from CPU2 [P:0] to CPU5 [P:1] (banned)
11-20 02:53:13.154   749   749 I MSM-irqbalance: Decided to move IRQ3 from CPU3 [P:0] to CPU7 [P:1] (banned)
11-20 02:53:13.155   749   749 I MSM-irqbalance: Decided to move IRQ5 from CPU3 [P:0] to CPU4 [P:1] (banned)
11-20 02:53:14.278  2526  2526 D wpa_supplicant: nl80211: Event message available
11-20 02:53:14.278  2526  2526 D wpa_supplicant: nl80211: Drv Event 34 (NL80211_CMD_NEW_SCAN_RESULTS) received for wlan0
11-20 02:53:14.278  2526  2526 D wpa_supplicant: wlan0: nl80211: New scan results available
11-20 02:53:14.278  2526  2526 D wpa_supplicant: nl80211: Scan included frequencies: 2412 2417 2422 2427 2432 2437 2442 2447 2452 2457 2462 2467 2472 5180 5200 5220 5240 5260 5280 5300 5320 5500 5520 5540 5560 5580 5600 5620 5640 5660 5680 5700 5745 5765 5785 5805 5825
11-20 02:53:14.278  2526  2526 D wpa_supplicant: wlan0: Event SCAN_RESULTS (3) received
11-20 02:53:14.278  2526  2526 D wpa_supplicant: wlan0: Scan completed in 2.563902 seconds
11-20 02:53:14.279  2526  2526 D wpa_supplicant: nl80211: Associated on 5180 MHz
11-20 02:53:14.279  2526  2526 D wpa_supplicant: nl80211: Associated with 38:1c:1a:2e:e5:0d
11-20 02:53:14.280  2526  2526 D wpa_supplicant: nl80211: Received scan results (58 BSSes)
11-20 02:53:14.280  2526  2526 D wpa_supplicant: nl80211: Scan results indicate BSS status with 38:1c:1a:2e:e5:0d as associated
11-20 02:53:14.280  2526  2526 D wpa_supplicant: wlan0: BSS: Start scan result update 5
11-20 02:53:14.281  2526  2526 D wpa_supplicant: wlan0: BSS: Add new id 53 BSSID 92:9f:33:ce:5d:54 SSID 'roaming' freq 5785
11-20 02:53:14.281  2526  2526 D wpa_supplicant: CTRL-DEBUG: ctrl_sock-sendmsg: sock=9 sndbuf=212992 outq=0 send_len=41
11-20 02:53:14.281  2526  2526 D wpa_supplicant: CTRL_IFACE monitor sent successfully to /data/misc/wifi/sockets/wpa_ctrl_575-2\x00
11-20 02:53:14.281  2526  2526 D wpa_supplicant: CTRL-DEBUG: ctrl_sock-sendmsg: sock=9 sndbuf=212992 outq=768 send_len=41
11-20 02:53:14.281  2526  2526 D wpa_supplicant: CTRL_IFACE monitor sent successfully to /data/misc/wifi/sockets/wpa_ctrl_1436-2\x00
11-20 02:53:14.281  2526  2526 D wpa_supplicant: wlan0: BSS: Add new id 54 BSSID 64:e5:99:4c:84:f8 SSID '' freq 2432
11-20 02:53:14.281  2526  2526 D wpa_supplicant: CTRL-DEBUG: ctrl_sock-sendmsg: sock=9 sndbuf=212992 outq=1536 send_len=41
11-20 02:53:14.281  2526  2526 D wpa_supplicant: CTRL_IFACE monitor sent successfully to /data/misc/wifi/sockets/wpa_ctrl_575-2\x00
11-20 02:53:14.281  2526  2526 D wpa_supplicant: CTRL-DEBUG: ctrl_sock-sendmsg: sock=9 sndbuf=212992 outq=1536 send_len=41
11-20 02:53:14.282  2526  2526 D wpa_supplicant: CTRL_IFACE monitor sent successfully to /data/misc/wifi/sockets/wpa_ctrl_1436-2\x00
11-20 02:53:14.282  2526  2526 D wpa_supplicant: wlan0: BSS: Add new id 55 BSSID b0:00:b4:a0:ae:5d SSID 'Cisco-WPA2' freq 5500
11-20 02:53:14.282  2526  2526 D wpa_supplicant: CTRL-DEBUG: ctrl_sock-sendmsg: sock=9 sndbuf=212992 outq=0 send_len=41
11-20 02:53:14.282  2526  2526 D wpa_supplicant: CTRL_IFACE monitor sent successfully to /data/misc/wifi/sockets/wpa_ctrl_575-2\x00
11-20 02:53:14.282  2526  2526 D wpa_supplicant: CTRL-DEBUG: ctrl_sock-sendmsg: sock=9 sndbuf=212992 outq=768 send_len=41
11-20 02:53:14.282  2526  2526 D wpa_supplicant: CTRL_IFACE monitor sent successfully to /data/misc/wifi/sockets/wpa_ctrl_1436-2\x00
11-20 02:53:14.282  2526  2526 D wpa_supplicant: wlan0: BSS: Add new id 56 BSSID 90:9f:33:8c:61:10 SSID 'RF_TEST_5G' freq 5745
11-20 02:53:14.282  2526  2526 D wpa_supplicant: CTRL-DEBUG: ctrl_sock-sendmsg: sock=9 sndbuf=212992 outq=0 send_len=41
11-20 02:53:14.283  2526  2526 D wpa_supplicant: CTRL_IFACE monitor sent successfully to /data/misc/wifi/sockets/wpa_ctrl_575-2\x00
11-20 02:53:14.283  2526  2526 D wpa_supplicant: CTRL-DEBUG: ctrl_sock-sendmsg: sock=9 sndbuf=212992 outq=768 send_len=41
11-20 02:53:14.283  2526  2526 D wpa_supplicant: CTRL_IFACE monitor sent successfully to /data/misc/wifi/sockets/wpa_ctrl_1436-2\x00
11-20 02:53:14.283  2526  2526 D wpa_supplicant: wlan0: BSS: Add new id 57 BSSID b0:00:b4:a0:ae:59 SSID '\x00' freq 5500
11-20 02:53:14.283  2526  2526 D wpa_supplicant: CTRL-DEBUG: ctrl_sock-sendmsg: sock=9 sndbuf=212992 outq=0 send_len=41
11-20 02:53:14.283  2526  2526 D wpa_supplicant: CTRL_IFACE monitor sent successfully to /data/misc/wifi/sockets/wpa_ctrl_575-2\x00
11-20 02:53:14.283  2526  2526 D wpa_supplicant: CTRL-DEBUG: ctrl_sock-sendmsg: sock=9 sndbuf=212992 outq=768 send_len=41
11-20 02:53:14.283  2526  2526 D wpa_supplicant: CTRL_IFACE monitor sent successfully to /data/misc/wifi/sockets/wpa_ctrl_1436-2\x00
11-20 02:53:14.283  2526  2526 D wpa_supplicant: BSS: last_scan_res_used=58/64
11-20 02:53:14.283  2526  2526 D wpa_supplicant: wlan0: Scan-only results received
11-20 02:53:14.284  2526  2526 D wpa_supplicant: CTRL-DEBUG: ctrl_sock-sendmsg: sock=9 sndbuf=212992 outq=768 send_len=24
11-20 02:53:14.284  2526  2526 D wpa_supplicant: CTRL_IFACE monitor sent successfully to /data/misc/wifi/sockets/wpa_ctrl_575-2\x00
11-20 02:53:14.284  2526  2526 D wpa_supplicant: CTRL-DEBUG: ctrl_sock-sendmsg: sock=9 sndbuf=212992 outq=768 send_len=24
11-20 02:53:14.284  2526  2526 D wpa_supplicant: CTRL_IFACE monitor sent successfully to /data/misc/wifi/sockets/wpa_ctrl_1436-2\x00
11-20 02:53:14.284  2526  2526 D wpa_supplicant: wlan0: Radio work 'scan'@0x7fb722e360 done in 2.570427 seconds
11-20 02:53:14.284  2526  2526 D wpa_supplicant: wlan0: radio_work_free('scan'@0x7fb722e360: num_active_works --> 0
11-20 02:53:14.284  2526  2526 D wpa_supplicant: wlan0: Control interface command 'SCAN_RESULTS'
11-20 02:53:14.294  2526  2526 D wpa_supplicant: CTRL-DEBUG: global_ctrl_sock-sendto: sock=9 sndbuf=212992 outq=0 send_len=3521
11-20 02:53:14.300  2526  2526 D wpa_supplicant: CTRL-DEBUG: global_ctrl_sock-sendto: sock=9 sndbuf=212992 outq=0 send_len=3460
11-20 02:53:14.300  2526  2526 D wpa_supplicant: wlan0: Control interface command 'SCAN_RESULTS'
11-20 02:53:14.302  2526  2526 D wpa_supplicant: CTRL-DEBUG: global_ctrl_sock-sendto: sock=9 sndbuf=212992 outq=0 send_len=3521
11-20 02:53:14.306  2526  2526 D wpa_supplicant: CTRL-DEBUG: global_ctrl_sock-sendto: sock=9 sndbuf=212992 outq=0 send_len=3984
11-20 02:53:14.311  2526  2526 D wpa_supplicant: CTRL-DEBUG: global_ctrl_sock-sendto: sock=9 sndbuf=212992 outq=0 send_len=3460
11-20 02:53:14.315  1326  1396 W XTCC-5.1.0.23-d: [LOWIUtils] to_eScanTypeResponse - default case
11-20 02:53:14.315  1436  1890 E IzatSvc_Wiper: W/Num of elements returned by LOWI 50
11-20 02:53:14.315  2526  2526 D wpa_supplicant: CTRL-DEBUG: global_ctrl_sock-sendto: sock=9 sndbuf=212992 outq=0 send_len=3984
11-20 02:53:14.319  2526  2526 D wpa_supplicant: CTRL-DEBUG: global_ctrl_sock-sendto: sock=9 sndbuf=212992 outq=0 send_len=3525
11-20 02:53:14.322  2526  2526 D wpa_supplicant: CTRL-DEBUG: global_ctrl_sock-sendto: sock=9 sndbuf=212992 outq=0 send_len=3525
11-20 02:53:14.325  2526  2526 D wpa_supplicant: CTRL-DEBUG: global_ctrl_sock-sendto: sock=9 sndbuf=212992 outq=0 send_len=3869
11-20 02:53:14.328  2526  2526 D wpa_supplicant: CTRL-DEBUG: global_ctrl_sock-sendto: sock=9 sndbuf=212992 outq=0 send_len=3925
11-20 02:53:14.330  1436  1890 E IzatSvc_Wiper: W/Num of elements returned by LOWI 38
11-20 02:53:14.331  1326  1396 W XTCC-5.1.0.23-d: [LOWIUtils] to_eScanTypeResponse - default case
11-20 02:53:14.332  1326  1396 W XTCC-5.1.0.23-d: [WifiScanner] WiFi scan result : [38] AP's
11-20 02:53:14.332  2526  2526 D wpa_supplicant: CTRL-DEBUG: global_ctrl_sock-sendto: sock=9 sndbuf=212992 outq=0 send_len=4059
11-20 02:53:14.335  2526  2526 D wpa_supplicant: CTRL-DEBUG: global_ctrl_sock-sendto: sock=9 sndbuf=212992 outq=0 send_len=3869
11-20 02:53:14.337  2526  2526 D wpa_supplicant: CTRL-DEBUG: global_ctrl_sock-sendto: sock=9 sndbuf=212992 outq=0 send_len=3500
11-20 02:53:14.339  2526  2526 D wpa_supplicant: CTRL-DEBUG: global_ctrl_sock-sendto: sock=9 sndbuf=212992 outq=0 send_len=3925
11-20 02:53:14.342  2526  2526 D wpa_supplicant: CTRL-DEBUG: global_ctrl_sock-sendto: sock=9 sndbuf=212992 outq=0 send_len=3722
11-20 02:53:14.344  2526  2526 D wpa_supplicant: CTRL-DEBUG: global_ctrl_sock-sendto: sock=9 sndbuf=212992 outq=0 send_len=4059
11-20 02:53:14.346  2526  2526 D wpa_supplicant: CTRL-DEBUG: global_ctrl_sock-sendto: sock=9 sndbuf=212992 outq=0 send_len=3916
11-20 02:53:14.349  2526  2526 D wpa_supplicant: CTRL-DEBUG: global_ctrl_sock-sendto: sock=9 sndbuf=212992 outq=0 send_len=3500
11-20 02:53:14.351  2526  2526 D wpa_supplicant: CTRL-DEBUG: global_ctrl_sock-sendto: sock=9 sndbuf=212992 outq=0 send_len=2397
11-20 02:53:14.353  2526  2526 D wpa_supplicant: CTRL-DEBUG: global_ctrl_sock-sendto: sock=9 sndbuf=212992 outq=0 send_len=3722
11-20 02:53:14.354  2526  2526 D wpa_supplicant: CTRL-DEBUG: global_ctrl_sock-sendto: sock=9 sndbuf=212992 outq=0 send_len=0
11-20 02:53:14.356  2526  2526 D wpa_supplicant: CTRL-DEBUG: global_ctrl_sock-sendto: sock=9 sndbuf=212992 outq=0 send_len=3916
11-20 02:53:14.359  2526  2526 D wpa_supplicant: CTRL-DEBUG: global_ctrl_sock-sendto: sock=9 sndbuf=212992 outq=0 send_len=2397
11-20 02:53:14.360  2526  2526 D wpa_supplicant: CTRL-DEBUG: global_ctrl_sock-sendto: sock=9 sndbuf=212992 outq=0 send_len=0
11-20 02:53:14.366  1436  1641 D WifiQualifiedNetworkSelector:: ==========start qualified Network Selection==========
11-20 02:53:14.367  1436  1641 D WifiQualifiedNetworkSelector:: Current network is: "Cisco-WPA2" ,ID is: 0
11-20 02:53:14.367  1436  1641 D WifiQualifiedNetworkSelector:: Quit qualified Network Selection since it is not forced and current network is qualified already
11-20 02:53:14.791  2779  2779 I Finsky  : [1] com.google.android.finsky.cj.c.a(46): Skipping DFE self-update. Local Version [80834100] >= Server Version [-1]
11-20 02:53:14.819  1436  2292 I ActivityManager: Start proc 4580:com.google.android.gms:car/u0a12 for service com.google.android.gms/.car.CarService
11-20 02:53:14.839  1436  2339 I ActivityManager: Killing 2966:com.google.android.apps.photos/u0a87 (adj 906): empty #17
11-20 02:53:14.840  1436  2339 I ActivityManager: Killing 4159:com.google.android.gm/u0a58 (adj 906): empty #18
11-20 02:53:14.841  1436  2339 I ActivityManager: Killing 4201:com.google.android.gms.ui/u0a12 (adj 906): empty #19
11-20 02:53:14.841  1436  2339 I ActivityManager: Killing 4110:com.google.android.apps.maps/u0a79 (adj 906): empty #20
11-20 02:53:14.859  1436  2334 D ActivityManager: cleanUpApplicationRecord -- 4201
