11-20 11:45:01.757  1992  1992 I Telephony: PstnIncomingCallNotifier: Unregistering: Handler (com.qualcomm.qti.internal.telephony.QtiGsmCdmaPhone) {cb8202d}
11-20 11:45:01.759  1992  1992 E PhoneInterfaceManager: [PhoneIntfMgr] getIccId: ICC ID is null or empty.
11-20 11:45:01.766  1360  2007 I Telecom : PhoneAccountRegistrar: [ComponentInfo{com.android.phone/com.android.services.telephony.TelephonyConnectionService}, [e0184adedf913b076626646d3f52c3b49c39ad6d], UserHandle{0}(icon: Icon(typ=BITMAP size=18x23) -> Icon(typ=BITMAP size=18x23))]: TSI.rPA@AA4
11-20 11:45:01.767  1360  2007 I Telecom : : Sending phone-account registered intent as user: TSI.rPA@AA4
11-20 11:45:01.767  1992  1992 I Telephony: AccountEntry: Registered phoneAccount: [[ ] PhoneAccount: ComponentInfo{com.android.phone/com.android.services.telephony.TelephonyConnectionService}, [e0184adedf913b076626646d3f52c3b49c39ad6d], UserHandle{0} Capabilities: CallProvider MultiUser PlaceEmerg SimSub  Audio Routes: BESW Schemes: tel voicemail  Extras: null GroupId: [da39a3ee5e6b4b0d3255bfef95601890afd80709]] with handle: ComponentInfo{com.android.phone/com.android.services.telephony.TelephonyConnectionService}, [e0184adedf913b076626646d3f52c3b49c39ad6d], UserHandle{0}
11-20 11:45:01.767  1992  1992 I Telephony: PstnIncomingCallNotifier: Registering: Handler (com.qualcomm.qti.internal.telephony.QtiGsmCdmaPhone) {cb8202d}
11-20 11:45:01.771  1992  1992 D CarrierConfigLoader: mHandler: 0 phoneId: 0
11-20 11:45:01.771  1992  1992 D CarrierSvcBindHelper: mHandler: 0
11-20 11:45:01.771  1992  1992 D CarrierSvcBindHelper: Rebinding if necessary for phoneId: 0
11-20 11:45:01.771  1992  1992 D CarrierSvcBindHelper: No carrier app for: 0
11-20 11:45:01.772  1992  1992 I ImsExternalCallTracker: handleVideoCapabilitiesChanged : isVideoCapable = false
11-20 11:45:01.772  1992  1992 D ImsExternalCallTracker: refreshCallPullState
11-20 11:45:01.773  1992  1992 E PhoneInterfaceManager: [PhoneIntfMgr] getIccId: ICC ID is null or empty.
11-20 11:45:01.781  1360  2007 I Telecom : PhoneAccountRegistrar: [ComponentInfo{com.android.phone/com.android.services.telephony.TelephonyConnectionService}, [e0184adedf913b076626646d3f52c3b49c39ad6d], UserHandle{0}(icon: Icon(typ=BITMAP size=18x23) -> Icon(typ=BITMAP size=18x23))]: TSI.rPA@ABE
11-20 11:45:01.782  1360  2007 I Telecom : : Sending phone-account registered intent as user: TSI.rPA@ABE
11-20 11:45:01.957  2133  2133 D QcrilMsgTunnelIfaceManager: handleMessage what = 0
11-20 11:45:01.958  1992  1992 D QC_RIL_OEM_HOOK: Received Broadcast Intent ACTION_UNSOL_RESPONSE_OEM_HOOK_RAW
11-20 11:45:01.958  1992  1992 D QC_RIL_OEM_HOOK: Oem ID in QCRILHOOK UNSOL RESP is QOEMHOOK
11-20 11:45:01.969  2133  2133 D QcrilMsgTunnelIfaceManager: handleMessage what = 0
11-20 11:45:01.971  1992  1992 D QC_RIL_OEM_HOOK: Received Broadcast Intent ACTION_UNSOL_RESPONSE_OEM_HOOK_RAW
11-20 11:45:01.971  1992  1992 D QC_RIL_OEM_HOOK: Oem ID in QCRILHOOK UNSOL RESP is QOEMHOOK
11-20 11:45:01.984  1733  1733 V KeyguardUpdateMonitor: onSubscriptionInfoChanged()
11-20 11:45:01.984  1360  1360 I GnssLocationProvider: WakeLock acquired by sendMessage(12, 0, null)
11-20 11:45:01.987  1733  1733 V KeyguardUpdateMonitor: onSubscriptionInfoChanged: list is null
11-20 11:45:01.989  1733  1733 D CarrierText: updateCarrierText(): 0
11-20 11:45:01.990  1733  1733 D CarrierText: Getting plmn/spn sticky brdcst Emergency calls only/
11-20 11:45:01.991  1733  1733 D CarrierText: updateCarrierText(): 0
11-20 11:45:01.994  1733  1733 D CarrierText: Getting plmn/spn sticky brdcst Emergency calls only/
11-20 11:45:01.994  1733  1733 D CarrierText: updateCarrierText(): 0
11-20 11:45:01.997  1733  1733 D CarrierText: Getting plmn/spn sticky brdcst Emergency calls only/
11-20 11:45:01.997  2102  2102 D CellBroadcastReceiver: onReceive Intent { act=android.intent.action.SERVICE_STATE flg=0x10 cmp=com.android.cellbroadcastreceiver/.CellBroadcastReceiver (has extras) }
11-20 11:45:01.997  2102  2102 D CellBroadcastReceiver: Intent: android.intent.action.SERVICE_STATE
11-20 11:45:01.999  1360  1455 I GnssLocationProvider: WakeLock released by handleMessage(12, 0, null)
11-20 11:45:01.999  1733  1733 D KeyguardUpdateMonitor: received broadcast android.intent.action.SERVICE_STATE
11-20 11:45:02.000  1733  1733 V KeyguardUpdateMonitor: action android.intent.action.SERVICE_STATE serviceState=1 1 voice home data home null null null null null null  Unknown Unknown CSS not supported -1 -1 RoamInd=-1 DefRoamInd=-1 EmergOnly=true IsDataRoamingFromRegistration=false IsUsingCarrierAggregation=false mRilImsRadioTechnology=0 subId=2147483643 phoneId=0
11-20 11:45:02.000  1733  1733 D KeyguardUpdateMonitor: handleServiceStateChange(subId=2147483643, phoneId=0, serviceState=1 1 voice home data home null null null null null null  Unknown Unknown CSS not supported -1 -1 RoamInd=-1 DefRoamInd=-1 EmergOnly=true IsDataRoamingFromRegistration=false IsUsingCarrierAggregation=false mRilImsRadioTechnology=0
11-20 11:45:02.000  1733  1733 D CarrierText: updateCarrierText(): 0
11-20 11:45:02.003  1733  1733 D CarrierText: Getting plmn/spn sticky brdcst Emergency calls only/
11-20 11:45:02.003  1733  1733 D CarrierText: updateCarrierText(): 0
11-20 11:45:02.006  1733  1733 D CarrierText: Getting plmn/spn sticky brdcst Emergency calls only/
11-20 11:45:02.006  1733  1733 D CarrierText: updateCarrierText(): 0
11-20 11:45:02.007  1992  1992 I Telephony: PstnIncomingCallNotifier: Unregistering: Handler (com.qualcomm.qti.internal.telephony.QtiGsmCdmaPhone) {cb8202d}
11-20 11:45:02.008  1733  1733 D CarrierText: Getting plmn/spn sticky brdcst Emergency calls only/
11-20 11:45:02.009  1992  1992 E PhoneInterfaceManager: [PhoneIntfMgr] getIccId: ICC ID is null or empty.
11-20 11:45:02.020  1360  2007 I Telecom : PhoneAccountRegistrar: [ComponentInfo{com.android.phone/com.android.services.telephony.TelephonyConnectionService}, [e0184adedf913b076626646d3f52c3b49c39ad6d], UserHandle{0}(icon: Icon(typ=BITMAP size=18x23) -> Icon(typ=BITMAP size=18x23))]: TSI.rPA@ABQ
11-20 11:45:02.021  1360  2007 I Telecom : : Sending phone-account registered intent as user: TSI.rPA@ABQ
11-20 11:45:02.022  1992  1992 I Telephony: AccountEntry: Registered phoneAccount: [[ ] PhoneAccount: ComponentInfo{com.android.phone/com.android.services.telephony.TelephonyConnectionService}, [e0184adedf913b076626646d3f52c3b49c39ad6d], UserHandle{0} Capabilities: CallProvider MultiUser PlaceEmerg SimSub  Audio Routes: BESW Schemes: tel voicemail  Extras: null GroupId: [da39a3ee5e6b4b0d3255bfef95601890afd80709]] with handle: ComponentInfo{com.android.phone/com.android.services.telephony.TelephonyConnectionService}, [e0184adedf913b076626646d3f52c3b49c39ad6d], UserHandle{0}
11-20 11:45:02.022  1992  1992 I Telephony: PstnIncomingCallNotifier: Registering: Handler (com.qualcomm.qti.internal.telephony.QtiGsmCdmaPhone) {cb8202d}
11-20 11:45:02.028  1992  1992 I ImsExternalCallTracker: handleVideoCapabilitiesChanged : isVideoCapable = false
11-20 11:45:02.028  1992  1992 D ImsExternalCallTracker: refreshCallPullState
11-20 11:45:02.029  1992  1992 E PhoneInterfaceManager: [PhoneIntfMgr] getIccId: ICC ID is null or empty.
11-20 11:45:02.036  1360  2007 I Telecom : PhoneAccountRegistrar: [ComponentInfo{com.android.phone/com.android.services.telephony.TelephonyConnectionService}, [e0184adedf913b076626646d3f52c3b49c39ad6d], UserHandle{0}(icon: Icon(typ=BITMAP size=18x23) -> Icon(typ=BITMAP size=18x23))]: TSI.rPA@ABc
11-20 11:45:02.037  1360  2007 I Telecom : : Sending phone-account registered intent as user: TSI.rPA@ABc
11-20 11:45:02.326   678  2118 I NuPlayerDecoder: [audio] saw output EOS
11-20 11:45:02.481   651  1709 D audio_hw_primary: adev_set_parameters: enter: A2dpSuspended=false
11-20 11:45:02.481   651  1709 D audio_hw_extn: audio_extn_set_anc_parameters: anc_enabled:0
11-20 11:45:02.482   651  1709 D audio_hw_spkr_prot: audio_extn_fbsp_set_parameters: Speaker protection disabled
11-20 11:45:02.482   651   651 D AudioPolicyManagerCustom: setForceUse() usage 0, config 0, mPhoneState 0
11-20 11:45:02.484   651  1008 D audio_hw_primary: out_set_parameters: enter: usecase(0: deep-buffer-playback) kvpairs: routing=2
11-20 11:45:02.485   651  1007 D audio_hw_primary: out_set_parameters: enter: usecase(12: audio-ull-playback) kvpairs: routing=2
11-20 11:45:02.487   651  1004 D audio_hw_primary: out_set_parameters: enter: usecase(1: low-latency-playback) kvpairs: routing=2
11-20 11:45:02.491   651  1004 D audio_hw_primary: select_devices for use case (low-latency-playback)
11-20 11:45:02.491   651  1004 D audio_hw_extn: audio_extn_set_anc_parameters: anc_enabled:0
11-20 11:45:02.491   651  1004 D audio_hw_spkr_prot: audio_extn_fbsp_set_parameters: Speaker protection disabled
11-20 11:45:02.492   651  1709 D AudioPolicyManagerCustom: setForceUse() usage 2, config 0, mPhoneState 0
11-20 11:45:02.492   651  1008 D audio_hw_primary: out_set_parameters: enter: usecase(0: deep-buffer-playback) kvpairs: routing=2
11-20 11:45:02.493   651  1007 D audio_hw_primary: out_set_parameters: enter: usecase(12: audio-ull-playback) kvpairs: routing=2
11-20 11:45:02.507   651  1004 D audio_hw_primary: out_set_parameters: enter: usecase(1: low-latency-playback) kvpairs: routing=2
11-20 11:45:02.511   651  1004 D audio_hw_primary: select_devices for use case (low-latency-playback)
11-20 11:45:02.511   651  1004 D audio_hw_extn: audio_extn_set_anc_parameters: anc_enabled:0
11-20 11:45:02.511   651  1004 D audio_hw_spkr_prot: audio_extn_fbsp_set_parameters: Speaker protection disabled
11-20 11:45:02.663  1360  1498 D IpManager.wlan0: interfaceAdded(wlan0)
11-20 11:45:02.670  1360  1691 I TetherStatsReporting: getTetherStats() called NetworkStats: elapsedRealtime=25503
11-20 11:45:02.670  1360  1691 I TetherStatsReporting:   [0] iface=dummy0 uid=0 set=DEFAULT tag=0x0 roaming=NO rxBytes=0 rxPackets=0 txBytes=112 txPackets=2 operations=0
11-20 11:45:02.670  1360  1691 I TetherStatsReporting:   [1] iface=dummy0 uid=0 set=FOREGROUND tag=0x0 roaming=NO rxBytes=0 rxPackets=0 txBytes=0 txPackets=0 operations=0
11-20 11:45:02.670  1360  1691 I TetherStatsReporting: binding to service
11-20 11:45:02.677   689   689 I cnss-daemon: wlan_service_rps_enable /sys/class/net/wlan0/queues/rx-0/rps_cpus queue 0 map 0xf0
11-20 11:45:02.677   689   689 I cnss-daemon: wlan_service_rps_enable /sys/class/net/wlan0/queues/rx-1/rps_cpus queue 1 map 0xf0
11-20 11:45:02.677   689   689 I cnss-daemon: wlan_service_rps_enable /sys/class/net/wlan0/queues/rx-2/rps_cpus queue 2 map 0xf0
11-20 11:45:02.677   689   689 I cnss-daemon: wlan_service_rps_enable /sys/class/net/wlan0/queues/rx-3/rps_cpus queue 3 map 0xf0
11-20 11:45:02.677   689   689 I cnss-daemon: wlan_service_rps_enable /sys/class/net/wlan0/queues/rx-4/rps_cpus queue 4 map 0xf0
11-20 11:45:02.677   689   689 E cnss-daemon: wlan_service_rps_enable: unable to open /sys/class/net/wlan0/queues/rx-5/rps_cpus
11-20 11:45:02.678   689   689 I cnss-daemon: wlan_service_rps_enable /sys/class/net/p2p0/queues/rx-0/rps_cpus queue 0 map 0xf0
11-20 11:45:02.678   679  1600 D SoftapController: Softap fwReload - Ok
11-20 11:45:02.678   689   689 I cnss-daemon: wlan_service_rps_enable /sys/class/net/p2p0/queues/rx-1/rps_cpus queue 1 map 0xf0
11-20 11:45:02.678   689   689 I cnss-daemon: wlan_service_rps_enable /sys/class/net/p2p0/queues/rx-2/rps_cpus queue 2 map 0xf0
11-20 11:45:02.678   689   689 I cnss-daemon: wlan_service_rps_enable /sys/class/net/p2p0/queues/rx-3/rps_cpus queue 3 map 0xf0
11-20 11:45:02.678   689   689 I cnss-daemon: wlan_service_rps_enable /sys/class/net/p2p0/queues/rx-4/rps_cpus queue 4 map 0xf0
11-20 11:45:02.678   689   689 E cnss-daemon: wlan_service_rps_enable: unable to open /sys/class/net/p2p0/queues/rx-5/rps_cpus
11-20 11:45:02.681   679  1600 D CommandListener: Setting iface cfg
11-20 11:45:02.681   679  1600 D CommandListener: Trying to bring down wlan0
11-20 11:45:02.682   679  1600 D CommandListener: Clearing all IP addresses on wlan0
11-20 11:45:02.685  1360  1696 E WifiMonitor: killSupplicant p2ptrue init.svc.wpa_supplicant=unknown init.svc.p2p_supplicant=unknown
11-20 11:45:02.787  1360  1696 D wifi    : set interface wlan0 flags (UP)
11-20 11:45:02.788  1360  1696 I WifiHAL : Initializing wifi
11-20 11:45:02.790  1155  2222 E LOWI-ROME-RTT: RomeNLRecvMessage:  received message of subtype: 2
11-20 11:45:02.790  1360  1696 E WifiHAL : get_firmware_bus_max_size_supported: requestResponse Error:-95
11-20 11:45:02.790  1360  1696 E WifiHAL : Failed to get supported bus size, error : -95
11-20 11:45:02.791  1360  1696 D wifi    : Did set static halHandle = 0x7f85f76700
11-20 11:45:02.791  1360  1696 D wifi    : halHandle = 0x7f85f76700, mVM = 0x7fa4ce9680, mCls = 0x200d72
11-20 11:45:02.791  1360  1696 D wifi    : array field set
11-20 11:45:02.792  1360  2223 I WifiNative-HAL: Waiting for HAL events mWifiHalHandle=547708430080
11-20 11:45:02.792  1360  2223 D wifi    : waitForHalEvents called, vm = 0x7fa4ce9680, obj = 0x200d72, env = 0x7f85edf840
11-20 11:45:02.883  2224  2224 I chatty  : uid=1010(wifi) /system/bin/wpa_supplicant expire 510 lines
11-20 11:45:02.885   678  2098 D NuPlayerDriver: notifyListener_l(0xe7a0c000), (2, 0, 0), loop setting(0, 0)
11-20 11:45:02.886  1360  1426 I MediaFocusControl:  AudioFocus  abandonAudioFocus() from uid/pid 10031/1733 clientId=android.media.AudioManager@1f6033
11-20 11:45:02.895  1360  1696 D WifiMonitor: startMonitoring(wlan0) with mConnected = false
11-20 11:45:02.907   651  1004 E AudioFlinger: no wake lock to update, but system ready!
11-20 11:45:03.214  1157  1204 W XTCC-5.1.0.23-d: [CS-RIL-LISTENER] timerCallback fired for ril update registering, re-register
11-20 11:45:03.269  2224  2231 I chatty  : uid=1010(wifi) /system/bin/wpa_supplicant expire 4 lines
11-20 11:45:03.270  2224  2232 I chatty  : uid=1010(wifi) /system/bin/wpa_supplicant expire 4 lines
11-20 11:45:03.276  1360  1696 D WifiConfigManager: Loading config and enabling all networks 
11-20 11:45:03.276  2224  2224 I chatty  : uid=1010(wifi) /system/bin/wpa_supplicant expire 1 line
11-20 11:45:03.278  2224  2232 E wpa_supplicant: eap_proxy: event_resp_msg.event=1,
11-20 11:45:03.278  2224  2231 E wpa_supplicant: eap_proxy: QMI_UIM_EVENT_REG_REQ_V01, qmi_err_code: 0x0 wpa_uim[0].qmi_uim_svc_client_ptr =0x1Error=0x0
11-20 11:45:03.278  2224  2231 E wpa_supplicant: eap_proxy: event_resp_msg.event=1,
11-20 11:45:03.278  2224  2232 E wpa_supplicant: eap_proxy: reading card 1 values
11-20 11:45:03.278  2224  2231 E wpa_supplicant: eap_proxy: reading card 1 values
11-20 11:45:03.278  2224  2232 E wpa_supplicant: eap_proxy: card_info[i].card_state: 0x2
11-20 11:45:03.278  2224  2232 E wpa_supplicant: eap_proxy: card_info[i].error_code: 0x3
11-20 11:45:03.278  2224  2231 E wpa_supplicant: eap_proxy: card_info[i].card_state: 0x2
11-20 11:45:03.278  2224  2232 E wpa_supplicant: eap_proxy: read_card_status: Not GW it's 1x
11-20 11:45:03.278  2224  2231 E wpa_supplicant: eap_proxy: card_info[i].error_code: 0x3
11-20 11:45:03.278  2224  2232 E wpa_supplicant: eap_proxy: Error while reading SIM card status
11-20 11:45:03.278  2224  2231 E wpa_supplicant: eap_proxy: read_card_status: Not GW it's 1x
11-20 11:45:03.279  2224  2231 E wpa_supplicant: eap_proxy: Error while reading SIM card status
11-20 11:45:03.279  2224  2232 D wpa_supplicant: eap_proxy: qmi_client_register_error_cb() status 0
11-20 11:45:03.279  2224  2231 D wpa_supplicant: eap_proxy: qmi_client_register_error_cb() status 0
11-20 11:45:03.279  2224  2231 E wpa_supplicant: eap_proxy: QMI auth service client initialized with success tid is 2231  0x3 eapol_proxy=0x7f85a77100
11-20 11:45:03.279  2224  2232 E wpa_supplicant: eap_proxy: QMI auth service client initialized with success tid is 2232  0x4 eapol_proxy=0x7f85a77400
11-20 11:45:03.279  2224  2231 D wpa_supplicant: registering for notification codes
11-20 11:45:03.279  2224  2232 D wpa_supplicant: registering for notification codes
11-20 11:45:03.280  2224  2231 E wpa_supplicant: eap_proxy: QMI uim service client initialized withsuccess tid is 2231 0x5 0
11-20 11:45:03.280  2224  2232 E wpa_supplicant: eap_proxy: QMI uim service client initialized withsuccess tid is 2232 0x6 0
11-20 11:45:03.280  2224  2231 E wpa_supplicant: eap_proxy: QMI_UIM_EVENT_REG_REQ_V01, qmi_err_code: 0x0 wpa_uim[1].qmi_uim_svc_client_ptr =0x5Error=0x0
11-20 11:45:03.280  2224  2231 E wpa_supplicant: eap_proxy: event_resp_msg.event=1,
11-20 11:45:03.280  2224  2231 E wpa_supplicant: eap_proxy: reading card 2 values
11-20 11:45:03.281  2224  2231 E wpa_supplicant: eap_proxy: SIM/USIM not ready card_found=0
11-20 11:45:03.281  2224  2231 E wpa_supplicant: eap_proxy: Error while reading SIM card status
11-20 11:45:03.281  2224  2232 E wpa_supplicant: eap_proxy: QMI_UIM_EVENT_REG_REQ_V01, qmi_err_code: 0x0 wpa_uim[1].qmi_uim_svc_client_ptr =0x6Error=0x0
11-20 11:45:03.281  2224  2231 D wpa_supplicant: eap_proxy: qmi_client_register_error_cb() status 0
11-20 11:45:03.281  2224  2232 E wpa_supplicant: eap_proxy: event_resp_msg.event=1,
11-20 11:45:03.281  2224  2232 E wpa_supplicant: eap_proxy: reading card 2 values
11-20 11:45:03.281  2224  2231 E wpa_supplicant: eap_proxy: QMI auth service client initialized with success tid is 2231  0x7 eapol_proxy=0x7f85a77100
11-20 11:45:03.281  2224  2231 D wpa_supplicant: registering for notification codes
11-20 11:45:03.281  2224  2232 E wpa_supplicant: eap_proxy: SIM/USIM not ready card_found=0
11-20 11:45:03.281  2224  2231 E wpa_supplicant: eap_proxy: Eap_proxy initialized successfully tid is 2231 
11-20 11:45:03.281  2224  2232 E wpa_supplicant: eap_proxy: Error while reading SIM card status
11-20 11:45:03.281  2224  2232 D wpa_supplicant: eap_proxy: qmi_client_register_error_cb() status 0
11-20 11:45:03.282  2224  2232 E wpa_supplicant: eap_proxy: QMI auth service client initialized with success tid is 2232  0x8 eapol_proxy=0x7f85a77400
11-20 11:45:03.282  2224  2232 D wpa_supplicant: registering for notification codes
11-20 11:45:03.282  2224  2232 E wpa_supplicant: eap_proxy: Eap_proxy initialized successfully tid is 2232 
11-20 11:45:03.283  2224  2224 D wpa_supplicant: CTRL-DEBUG: global_ctrl_sock-sendto: sock=9 sndbuf=212992 outq=0 send_len=17
11-20 11:45:03.283  2224  2224 D wpa_supplicant: CTRL-DEBUG: global_ctrl_sock-sendto: sock=9 sndbuf=212992 outq=0 send_len=1
11-20 11:45:03.284  2224  2224 D wpa_supplicant: CTRL-DEBUG: global_ctrl_sock-sendto: sock=9 sndbuf=212992 outq=0 send_len=1
11-20 11:45:03.284  2224  2224 D wpa_supplicant: CTRL-DEBUG: global_ctrl_sock-sendto: sock=9 sndbuf=212992 outq=0 send_len=1
11-20 11:45:03.284  2224  2224 D wpa_supplicant: CTRL-DEBUG: global_ctrl_sock-sendto: sock=9 sndbuf=212992 outq=0 send_len=1
11-20 11:45:03.285  2224  2224 D wpa_supplicant: CTRL-DEBUG: global_ctrl_sock-sendto: sock=9 sndbuf=212992 outq=0 send_len=1
11-20 11:45:03.285  2224  2224 D wpa_supplicant: CTRL-DEBUG: global_ctrl_sock-sendto: sock=9 sndbuf=212992 outq=0 send_len=5
11-20 11:45:03.285  2224  2224 D wpa_supplicant: CTRL-DEBUG: global_ctrl_sock-sendto: sock=9 sndbuf=212992 outq=0 send_len=5
11-20 11:45:03.285  2224  2224 D wpa_supplicant: CTRL-DEBUG: global_ctrl_sock-sendto: sock=9 sndbuf=212992 outq=0 send_len=5
11-20 11:45:03.286  2224  2224 D wpa_supplicant: CTRL-DEBUG: global_ctrl_sock-sendto: sock=9 sndbuf=212992 outq=0 send_len=5
11-20 11:45:03.286  2224  2224 D wpa_supplicant: Do not allow key_data field to be exposed
11-20 11:45:03.286  2224  2224 D wpa_supplicant: CTRL-DEBUG: global_ctrl_sock-sendto: sock=9 sndbuf=212992 outq=0 send_len=1
11-20 11:45:03.286  2224  2224 D wpa_supplicant: CTRL-DEBUG: global_ctrl_sock-sendto: sock=9 sndbuf=212992 outq=0 send_len=7
11-20 11:45:03.287  2224  2224 D wpa_supplicant: CTRL-DEBUG: global_ctrl_sock-sendto: sock=9 sndbuf=212992 outq=0 send_len=7
11-20 11:45:03.287  2224  2224 D wpa_supplicant: CTRL-DEBUG: global_ctrl_sock-sendto: sock=9 sndbuf=212992 outq=0 send_len=5
11-20 11:45:03.287  2224  2224 D wpa_supplicant: CTRL-DEBUG: global_ctrl_sock-sendto: sock=9 sndbuf=212992 outq=0 send_len=9
11-20 11:45:03.288  2224  2224 D wpa_supplicant: CTRL-DEBUG: global_ctrl_sock-sendto: sock=9 sndbuf=212992 outq=0 send_len=9
11-20 11:45:03.288  2224  2224 D wpa_supplicant: CTRL-DEBUG: global_ctrl_sock-sendto: sock=9 sndbuf=212992 outq=0 send_len=5
11-20 11:45:03.289  2224  2224 D wpa_supplicant: CTRL-DEBUG: global_ctrl_sock-sendto: sock=9 sndbuf=212992 outq=0 send_len=5
11-20 11:45:03.289  2224  2224 D wpa_supplicant: CTRL-DEBUG: global_ctrl_sock-sendto: sock=9 sndbuf=212992 outq=0 send_len=5
11-20 11:45:03.289  2224  2224 D wpa_supplicant: CTRL-DEBUG: global_ctrl_sock-sendto: sock=9 sndbuf=212992 outq=0 send_len=5
11-20 11:45:03.289  2224  2224 D wpa_supplicant: CTRL-DEBUG: global_ctrl_sock-sendto: sock=9 sndbuf=212992 outq=0 send_len=5
11-20 11:45:03.289  2224  2224 D wpa_supplicant: CTRL-DEBUG: global_ctrl_sock-sendto: sock=9 sndbuf=212992 outq=0 send_len=5
11-20 11:45:03.290  2224  2224 D wpa_supplicant: CTRL-DEBUG: global_ctrl_sock-sendto: sock=9 sndbuf=212992 outq=0 send_len=1
11-20 11:45:03.290  2224  2224 D wpa_supplicant: CTRL-DEBUG: global_ctrl_sock-sendto: sock=9 sndbuf=212992 outq=0 send_len=5
11-20 11:45:03.290  2224  2224 D wpa_supplicant: CTRL-DEBUG: global_ctrl_sock-sendto: sock=9 sndbuf=212992 outq=0 send_len=5
11-20 11:45:03.290  2224  2224 D wpa_supplicant: CTRL-DEBUG: global_ctrl_sock-sendto: sock=9 sndbuf=212992 outq=0 send_len=5
11-20 11:45:03.291  2224  2224 D wpa_supplicant: CTRL-DEBUG: global_ctrl_sock-sendto: sock=9 sndbuf=212992 outq=0 send_len=5
11-20 11:45:03.291  2224  2224 D wpa_supplicant: CTRL-DEBUG: global_ctrl_sock-sendto: sock=9 sndbuf=212992 outq=0 send_len=5
11-20 11:45:03.291  2224  2224 D wpa_supplicant: CTRL-DEBUG: global_ctrl_sock-sendto: sock=9 sndbuf=212992 outq=0 send_len=5
11-20 11:45:03.292  2224  2224 D wpa_supplicant: CTRL-DEBUG: global_ctrl_sock-sendto: sock=9 sndbuf=212992 outq=0 send_len=5
11-20 11:45:03.292  2224  2224 D wpa_supplicant: CTRL-DEBUG: global_ctrl_sock-sendto: sock=9 sndbuf=212992 outq=0 send_len=98
11-20 11:45:03.295  2224  2224 D wpa_supplicant: CTRL-DEBUG: global_ctrl_sock-sendto: sock=9 sndbuf=212992 outq=0 send_len=15
11-20 11:45:03.295  2224  2224 D wpa_supplicant: CTRL-DEBUG: global_ctrl_sock-sendto: sock=9 sndbuf=212992 outq=0 send_len=17
11-20 11:45:03.296  2224  2224 D wpa_supplicant: CTRL-DEBUG: global_ctrl_sock-sendto: sock=9 sndbuf=212992 outq=0 send_len=1
11-20 11:45:03.296  2224  2224 D wpa_supplicant: CTRL-DEBUG: global_ctrl_sock-sendto: sock=9 sndbuf=212992 outq=0 send_len=1
11-20 11:45:03.296  2224  2224 D wpa_supplicant: CTRL-DEBUG: global_ctrl_sock-sendto: sock=9 sndbuf=212992 outq=0 send_len=1
11-20 11:45:03.297  2224  2224 D wpa_supplicant: CTRL-DEBUG: global_ctrl_sock-sendto: sock=9 sndbuf=212992 outq=0 send_len=1
11-20 11:45:03.297  2224  2224 D wpa_supplicant: CTRL-DEBUG: global_ctrl_sock-sendto: sock=9 sndbuf=212992 outq=0 send_len=1
11-20 11:45:03.297  2224  2224 D wpa_supplicant: CTRL-DEBUG: global_ctrl_sock-sendto: sock=9 sndbuf=212992 outq=0 send_len=5
11-20 11:45:03.297  2224  2224 D wpa_supplicant: CTRL-DEBUG: global_ctrl_sock-sendto: sock=9 sndbuf=212992 outq=0 send_len=5
11-20 11:45:03.297  2224  2224 D wpa_supplicant: CTRL-DEBUG: global_ctrl_sock-sendto: sock=9 sndbuf=212992 outq=0 send_len=5
11-20 11:45:03.297  2224  2224 D wpa_supplicant: CTRL-DEBUG: global_ctrl_sock-sendto: sock=9 sndbuf=212992 outq=0 send_len=5
11-20 11:45:03.298  2224  2224 D wpa_supplicant: Do not allow key_data field to be exposed
11-20 11:45:03.298  2224  2224 D wpa_supplicant: CTRL-DEBUG: global_ctrl_sock-sendto: sock=9 sndbuf=212992 outq=0 send_len=1
11-20 11:45:03.298  2224  2224 D wpa_supplicant: CTRL-DEBUG: global_ctrl_sock-sendto: sock=9 sndbuf=212992 outq=0 send_len=7
11-20 11:45:03.298  2224  2224 D wpa_supplicant: CTRL-DEBUG: global_ctrl_sock-sendto: sock=9 sndbuf=212992 outq=0 send_len=7
11-20 11:45:03.298  2224  2224 D wpa_supplicant: CTRL-DEBUG: global_ctrl_sock-sendto: sock=9 sndbuf=212992 outq=0 send_len=5
11-20 11:45:03.298  2224  2224 D wpa_supplicant: CTRL-DEBUG: global_ctrl_sock-sendto: sock=9 sndbuf=212992 outq=0 send_len=9
11-20 11:45:03.299  2224  2224 D wpa_supplicant: CTRL-DEBUG: global_ctrl_sock-sendto: sock=9 sndbuf=212992 outq=0 send_len=9
11-20 11:45:03.299  2224  2224 D wpa_supplicant: CTRL-DEBUG: global_ctrl_sock-sendto: sock=9 sndbuf=212992 outq=0 send_len=5
11-20 11:45:03.299  2224  2224 D wpa_supplicant: CTRL-DEBUG: global_ctrl_sock-sendto: sock=9 sndbuf=212992 outq=0 send_len=5
11-20 11:45:03.299  2224  2224 D wpa_supplicant: CTRL-DEBUG: global_ctrl_sock-sendto: sock=9 sndbuf=212992 outq=0 send_len=5
11-20 11:45:03.299  2224  2224 D wpa_supplicant: CTRL-DEBUG: global_ctrl_sock-sendto: sock=9 sndbuf=212992 outq=0 send_len=5
11-20 11:45:03.300  2224  2224 D wpa_supplicant: CTRL-DEBUG: global_ctrl_sock-sendto: sock=9 sndbuf=212992 outq=0 send_len=5
11-20 11:45:03.300  2224  2224 D wpa_supplicant: CTRL-DEBUG: global_ctrl_sock-sendto: sock=9 sndbuf=212992 outq=0 send_len=5
11-20 11:45:03.300  2224  2224 D wpa_supplicant: CTRL-DEBUG: global_ctrl_sock-sendto: sock=9 sndbuf=212992 outq=0 send_len=1
11-20 11:45:03.300  2224  2224 D wpa_supplicant: CTRL-DEBUG: global_ctrl_sock-sendto: sock=9 sndbuf=212992 outq=0 send_len=5
11-20 11:45:03.300  2224  2224 D wpa_supplicant: CTRL-DEBUG: global_ctrl_sock-sendto: sock=9 sndbuf=212992 outq=0 send_len=5
11-20 11:45:03.301  2224  2224 D wpa_supplicant: CTRL-DEBUG: global_ctrl_sock-sendto: sock=9 sndbuf=212992 outq=0 send_len=5
11-20 11:45:03.301  2224  2224 D wpa_supplicant: CTRL-DEBUG: global_ctrl_sock-sendto: sock=9 sndbuf=212992 outq=0 send_len=5
11-20 11:45:03.301  2224  2224 D wpa_supplicant: CTRL-DEBUG: global_ctrl_sock-sendto: sock=9 sndbuf=212992 outq=0 send_len=5
11-20 11:45:03.301  2224  2224 D wpa_supplicant: CTRL-DEBUG: global_ctrl_sock-sendto: sock=9 sndbuf=212992 outq=0 send_len=5
11-20 11:45:03.301  2224  2224 D wpa_supplicant: CTRL-DEBUG: global_ctrl_sock-sendto: sock=9 sndbuf=212992 outq=0 send_len=5
11-20 11:45:03.301  2224  2224 D wpa_supplicant: CTRL-DEBUG: global_ctrl_sock-sendto: sock=9 sndbuf=212992 outq=0 send_len=98
11-20 11:45:03.302  2224  2224 D wpa_supplicant: wlan0: Control interface command 'LIST_NETWORKS LAST_ID=1'
11-20 11:45:03.302  2224  2224 D wpa_supplicant: CTRL-DEBUG: global_ctrl_sock-sendto: sock=9 sndbuf=212992 outq=0 send_len=34
11-20 11:45:03.303  1360  1696 W WifiNetworkHistory: Upgrading network 1 to android.uid.system:1000
11-20 11:45:03.304  1360  1696 W WifiNetworkHistory: Upgrading network 0 to android.uid.system:1000
11-20 11:45:03.305  1360  1696 D WifiConfigManager: loaded 0 passpoint configs
11-20 11:45:03.307  2224  2224 D wpa_supplicant: wlan0: Control interface command 'SET device_name RP350'
11-20 11:45:03.307  2224  2224 D wpa_supplicant: CTRL_IFACE SET 'device_name'='RP350'
11-20 11:45:03.307  2224  2224 D wpa_supplicant: device_name='RP350'
11-20 11:45:03.307  2224  2224 D wpa_supplicant: CTRL-DEBUG: global_ctrl_sock-sendto: sock=9 sndbuf=212992 outq=0 send_len=3
11-20 11:45:03.308  2224  2224 D wpa_supplicant: wlan0: Control interface command 'SET manufacturer Bluebird'
11-20 11:45:03.308  2224  2224 D wpa_supplicant: CTRL_IFACE SET 'manufacturer'='Bluebird'
11-20 11:45:03.308  2224  2224 D wpa_supplicant: manufacturer='Bluebird'
11-20 11:45:03.308  2224  2224 D wpa_supplicant: CTRL-DEBUG: global_ctrl_sock-sendto: sock=9 sndbuf=212992 outq=0 send_len=3
11-20 11:45:03.308  2224  2224 D wpa_supplicant: wlan0: Control interface command 'SET model_name RP350'
11-20 11:45:03.308  2224  2224 D wpa_supplicant: CTRL_IFACE SET 'model_name'='RP350'
11-20 11:45:03.308  2224  2224 D wpa_supplicant: model_name='RP350'
11-20 11:45:03.308  2224  2224 D wpa_supplicant: CTRL-DEBUG: global_ctrl_sock-sendto: sock=9 sndbuf=212992 outq=0 send_len=3
11-20 11:45:03.309  2224  2224 D wpa_supplicant: wlan0: Control interface command 'SET model_number RP350'
11-20 11:45:03.309  2224  2224 D wpa_supplicant: CTRL_IFACE SET 'model_number'='RP350'
11-20 11:45:03.309  2224  2224 D wpa_supplicant: model_number='RP350'
11-20 11:45:03.309  2224  2224 D wpa_supplicant: CTRL-DEBUG: global_ctrl_sock-sendto: sock=9 sndbuf=212992 outq=0 send_len=3
11-20 11:45:03.309  2224  2224 D wpa_supplicant: wlan0: Control interface command 'SET serial_number RPXXXXXXXXX'
11-20 11:45:03.309  2224  2224 D wpa_supplicant: CTRL_IFACE SET 'serial_number'='RPXXXXXXXXX'
11-20 11:45:03.309  2224  2224 D wpa_supplicant: serial_number='RPXXXXXXXXX'
11-20 11:45:03.309  2224  2224 D wpa_supplicant: CTRL-DEBUG: global_ctrl_sock-sendto: sock=9 sndbuf=212992 outq=0 send_len=3
11-20 11:45:03.310  2224  2224 D wpa_supplicant: wlan0: Control interface command 'SET config_methods physical_display virtual_push_button'
11-20 11:45:03.310  2224  2224 D wpa_supplicant: CTRL_IFACE SET 'config_methods'='physical_display virtual_push_button'
11-20 11:45:03.310  2224  2224 D wpa_supplicant: config_methods='physical_display virtual_push_button'
11-20 11:45:03.310  2224  2224 D wpa_supplicant: CTRL-DEBUG: global_ctrl_sock-sendto: sock=9 sndbuf=212992 outq=0 send_len=3
11-20 11:45:03.310  2224  2224 D wpa_supplicant: wlan0: Control interface command 'SET device_type 10-0050F204-5'
11-20 11:45:03.310  2224  2224 D wpa_supplicant: CTRL_IFACE SET 'device_type'='10-0050F204-5'
11-20 11:45:03.310  2224  2224 D wpa_supplicant: CTRL-DEBUG: global_ctrl_sock-sendto: sock=9 sndbuf=212992 outq=0 send_len=3
11-20 11:45:03.311  2224  2224 D wpa_supplicant: wlan0: Control interface command 'SET tdls_external_control 1'
11-20 11:45:03.311  2224  2224 D wpa_supplicant: CTRL_IFACE SET 'tdls_external_control'='1'
11-20 11:45:03.311  2224  2224 D wpa_supplicant: tdls_external_control=1
11-20 11:45:03.311  2224  2224 D wpa_supplicant: CTRL-DEBUG: global_ctrl_sock-sendto: sock=9 sndbuf=212992 outq=0 send_len=3
11-20 11:45:03.311  2224  2224 D wpa_supplicant: wlan0: Control interface command 'SET disable_scan_offload 1'
11-20 11:45:03.311  2224  2224 D wpa_supplicant: CTRL_IFACE SET 'disable_scan_offload'='1'
11-20 11:45:03.311  2224  2224 D wpa_supplicant: disable_scan_offload=1
11-20 11:45:03.311  2224  2224 D wpa_supplicant: CTRL-DEBUG: global_ctrl_sock-sendto: sock=9 sndbuf=212992 outq=0 send_len=3
11-20 11:45:03.312  2224  2224 D wpa_supplicant: wlan0: Control interface command 'SET p2p_disabled 1'
11-20 11:45:03.312  2224  2224 D wpa_supplicant: CTRL_IFACE SET 'p2p_disabled'='1'
11-20 11:45:03.312  2224  2224 D wpa_supplicant: p2p_disabled=1
11-20 11:45:03.312  2224  2224 D wpa_supplicant: CTRL-DEBUG: global_ctrl_sock-sendto: sock=9 sndbuf=212992 outq=0 send_len=3
11-20 11:45:03.313  2224  2224 D wpa_supplicant: wlan0: Control interface command 'SCAN_INTERVAL 15'
11-20 11:45:03.313  2224  2224 D wpa_supplicant: wlan0: Setting scan interval: 15 sec
11-20 11:45:03.313  2224  2224 D wpa_supplicant: CTRL-DEBUG: global_ctrl_sock-sendto: sock=9 sndbuf=212992 outq=0 send_len=3
11-20 11:45:03.313  1360  1696 D WifiNative-HAL: Setting external_sim to 1
11-20 11:45:03.313  2224  2224 D wpa_supplicant: wlan0: Control interface command 'SET external_sim 1'
11-20 11:45:03.314  2224  2224 D wpa_supplicant: CTRL_IFACE SET 'external_sim'='1'
11-20 11:45:03.314  2224  2224 D wpa_supplicant: external_sim=1
11-20 11:45:03.314  2224  2224 D wpa_supplicant: CTRL-DEBUG: global_ctrl_sock-sendto: sock=9 sndbuf=212992 outq=0 send_len=3
11-20 11:45:03.314  1360  1696 D wifi    : setting dfs flag to true, 0x7f83d07b20
11-20 11:45:03.316  1360  1696 D WifiStateMachine: Setting OUI to DA-A1-19
11-20 11:45:03.316  1360  1696 D wifi    : setting scan oui 0x7f83d07b20
11-20 11:45:03.316  1360  1696 E WifiHAL : wifi_set_scanning_mac_oui: requestResponse Error:-524
11-20 11:45:03.316  2224  2224 D wpa_supplicant: wlan0: Control interface command 'STA_AUTOCONNECT 0'
11-20 11:45:03.317  2224  2224 D wpa_supplicant: CTRL-DEBUG: global_ctrl_sock-sendto: sock=9 sndbuf=212992 outq=0 send_len=3
11-20 11:45:03.317  2224  2224 D wpa_supplicant: wlan0: Control interface command 'DRIVER COUNTRY 00'
11-20 11:45:03.613  2224  2224 D wpa_supplicant: wpa_driver_nl80211_driver_cmd COUNTRY 00 len = 0, 4096
11-20 11:45:03.613  2224  2224 D wpa_supplicant: wlan0: Event CHANNEL_LIST_CHANGED (28) received
11-20 11:45:03.613  2224  2224 I wpa_supplicant: wlan0: CTRL-EVENT-REGDOM-CHANGE init=USER type=COUNTRY alpha2=00
11-20 11:45:03.613  2224  2224 D wpa_supplicant: CTRL-DEBUG: ctrl_sock-sendmsg: sock=9 sndbuf=212992 outq=0 send_len=57
11-20 11:45:03.613  2224  2224 D wpa_supplicant: CTRL_IFACE monitor sent successfully to /data/misc/wifi/sockets/wpa_ctrl_1360-2\x00
11-20 11:45:03.613  2224  2224 D wpa_supplicant: wlan0: Updating hw mode
11-20 11:45:03.618  2224  2224 D wpa_supplicant: nl80211: Regulatory information - country=00
11-20 11:45:03.618  2224  2224 D wpa_supplicant: nl80211: 2402-2472 @ 40 MHz 20 mBm
11-20 11:45:03.618  2224  2224 D wpa_supplicant: nl80211: 2457-2482 @ 40 MHz 20 mBm (no IR)
11-20 11:45:03.618  2224  2224 D wpa_supplicant: nl80211: 2474-2494 @ 20 MHz 20 mBm (no OFDM) (no IR)
11-20 11:45:03.618  2224  2224 D wpa_supplicant: nl80211: 5170-5250 @ 80 MHz 20 mBm (no IR)
11-20 11:45:03.619  2224  2224 D wpa_supplicant: nl80211: 5250-5330 @ 80 MHz 20 mBm (no IR)
11-20 11:45:03.619  2224  2224 D wpa_supplicant: nl80211: 5490-5710 @ 80 MHz 20 mBm (no IR)
11-20 11:45:03.619  2224  2224 D wpa_supplicant: nl80211: 5735-5835 @ 80 MHz 20 mBm (no IR)
11-20 11:45:03.619  2224  2224 D wpa_supplicant: nl80211: 57240-63720 @ 2160 MHz 0 mBm
11-20 11:45:03.619  2224  2224 D wpa_supplicant: nl80211: Added 802.11b mode based on 802.11g information
11-20 11:45:03.619  2224  2224 D wpa_supplicant: p2p0: Updating hw mode
11-20 11:45:03.619  2224  2224 D wpa_supplicant: nl80211: Regulatory information - country=00
11-20 11:45:03.619  2224  2224 D wpa_supplicant: nl80211: 2402-2472 @ 40 MHz 20 mBm
11-20 11:45:03.619  2224  2224 D wpa_supplicant: nl80211: 2457-2482 @ 40 MHz 20 mBm (no IR)
11-20 11:45:03.619  2224  2224 D wpa_supplicant: nl80211: 2474-2494 @ 20 MHz 20 mBm (no OFDM) (no IR)
11-20 11:45:03.619  2224  2224 D wpa_supplicant: nl80211: 5170-5250 @ 80 MHz 20 mBm (no IR)
11-20 11:45:03.619  2224  2224 D wpa_supplicant: nl80211: 5250-5330 @ 80 MHz 20 mBm (no IR)
11-20 11:45:03.619  2224  2224 D wpa_supplicant: nl80211: 5490-5710 @ 80 MHz 20 mBm (no IR)
11-20 11:45:03.619  2224  2224 D wpa_supplicant: nl80211: 5735-5835 @ 80 MHz 20 mBm (no IR)
11-20 11:45:03.619  2224  2224 D wpa_supplicant: nl80211: 57240-63720 @ 2160 MHz 0 mBm
11-20 11:45:03.620  2224  2224 D wpa_supplicant: nl80211: Added 802.11b mode based on 802.11g information
11-20 11:45:03.620  2224  2224 D wpa_supplicant: wlan0: Determining shared radio frequencies (max len 2)
11-20 11:45:03.620  2224  2224 D wpa_supplicant: wlan0: Shared frequencies (len=0): completed iteration
11-20 11:45:03.620  2224  2224 D wpa_supplicant: P2P: Add operating class 81
11-20 11:45:03.620  2224  2224 D wpa_supplicant: P2P: Channels - hexdump(len=13): 01 02 03 04 05 06 07 08 09 0a 0b 0c 0d
11-20 11:45:03.620  2224  2224 D wpa_supplicant: P2P: Add operating class 115
11-20 11:45:03.620  2224  2224 D wpa_supplicant: P2P: Channels - hexdump(len=4): 24 28 2c 30
11-20 11:45:03.620  2224  2224 D wpa_supplicant: P2P: Add operating class 116
11-20 11:45:03.620  2224  2224 D wpa_supplicant: P2P: Channels - hexdump(len=2): 24 2c
11-20 11:45:03.620  2224  2224 D wpa_supplicant: P2P: Add operating class 117
11-20 11:45:03.620  2224  2224 D wpa_supplicant: P2P: Channels - hexdump(len=2): 28 30
11-20 11:45:03.620  2224  2224 D wpa_supplicant: P2P: Add operating class 124
11-20 11:45:03.620  2224  2224 D wpa_supplicant: P2P: Channels - hexdump(len=4): 95 99 9d a1
11-20 11:45:03.620  2224  2224 D wpa_supplicant: P2P: Add operating class 125
11-20 11:45:03.620  2224  2224 D wpa_supplicant: P2P: Channels - hexdump(len=5): 95 99 9d a1 a5
11-20 11:45:03.620  2224  2224 D wpa_supplicant: P2P: Add operating class 126
11-20 11:45:03.620  2224  2224 D wpa_supplicant: P2P: Channels - hexdump(len=2): 95 9d
11-20 11:45:03.620  2224  2224 D wpa_supplicant: P2P: Add operating class 127
11-20 11:45:03.620  2224  2224 D wpa_supplicant: P2P: Channels - hexdump(len=2): 99 a1
11-20 11:45:03.620  2224  2224 D wpa_supplicant: P2P: Add operating class 130
11-20 11:45:03.620  2224  2224 D wpa_supplicant: P2P: Channels - hexdump(len=4): 24 28 2c 30
11-20 11:45:03.620  2224  2224 D wpa_supplicant: P2P: Update channel list
11-20 11:45:03.620  2224  2224 D wpa_supplicant: P2P: channels: 81:1,2,3,4,5,6,7,8,9,10,11,12,13 115:36,40,44,48 116:36,44 117:40,48 124:149,153,157,161 125:149,153,157,161,165 126:149,157 127:153,161 130:36,40,44,48
11-20 11:45:03.620  2224  2224 D wpa_supplicant: P2P: cli_channels:
11-20 11:45:03.620  2224  2224 D wpa_supplicant: CTRL-DEBUG: global_ctrl_sock-sendto: sock=9 sndbuf=212992 outq=0 send_len=3
11-20 11:45:03.620  2224  2224 D wpa_supplicant: nl80211: Event message available
11-20 11:45:03.621  2224  2224 D wpa_supplicant: nl80211: Drv Event 36 (NL80211_CMD_REG_CHANGE) received for wlan0
11-20 11:45:03.621  2224  2224 D wpa_supplicant: nl80211: Regulatory domain change
11-20 11:45:03.621  2224  2224 D wpa_supplicant:  * initiator=0
11-20 11:45:03.621  2224  2224 D wpa_supplicant:  * type=1
11-20 11:45:03.621  2224  2224 D wpa_supplicant: wlan0: Event CHANNEL_LIST_CHANGED (28) received
11-20 11:45:03.621  2224  2224 I wpa_supplicant: wlan0: CTRL-EVENT-REGDOM-CHANGE init=CORE type=WORLD
11-20 11:45:03.621  2224  2224 D wpa_supplicant: CTRL-DEBUG: ctrl_sock-sendmsg: sock=9 sndbuf=212992 outq=0 send_len=45
11-20 11:45:03.621  1360  1696 D WifiCountryCode: Succeeded to set country code to: 00
11-20 11:45:03.621  2224  2224 D wpa_supplicant: CTRL_IFACE monitor sent successfully to /data/misc/wifi/sockets/wpa_ctrl_1360-2\x00
11-20 11:45:03.621  2224  2224 D wpa_supplicant: wlan0: Updating hw mode
11-20 11:45:03.622  2224  2224 D wpa_supplicant: nl80211: Regulatory information - country=00
11-20 11:45:03.622  2224  2224 D wpa_supplicant: nl80211: 2402-2472 @ 40 MHz 20 mBm
11-20 11:45:03.622  2224  2224 D wpa_supplicant: nl80211: 2457-2482 @ 40 MHz 20 mBm (no IR)
11-20 11:45:03.622  2224  2224 D wpa_supplicant: nl80211: 2474-2494 @ 20 MHz 20 mBm (no OFDM) (no IR)
11-20 11:45:03.622  2224  2224 D wpa_supplicant: nl80211: 5170-5250 @ 80 MHz 20 mBm (no IR)
11-20 11:45:03.622  2224  2224 D wpa_supplicant: nl80211: 5250-5330 @ 80 MHz 20 mBm (no IR)
11-20 11:45:03.622  2224  2224 D wpa_supplicant: nl80211: 5490-5710 @ 80 MHz 20 mBm (no IR)
11-20 11:45:03.622  2224  2224 D wpa_supplicant: nl80211: 5735-5835 @ 80 MHz 20 mBm (no IR)
11-20 11:45:03.622  2224  2224 D wpa_supplicant: nl80211: 57240-63720 @ 2160 MHz 0 mBm
11-20 11:45:03.622  2224  2224 D wpa_supplicant: nl80211: Added 802.11b mode based on 802.11g information
11-20 11:45:03.622  2224  2224 D wpa_supplicant: p2p0: Updating hw mode
11-20 11:45:03.623  2224  2224 D wpa_supplicant: nl80211: Regulatory information - country=00
11-20 11:45:03.623  2224  2224 D wpa_supplicant: nl80211: 2402-2472 @ 40 MHz 20 mBm
11-20 11:45:03.623  2224  2224 D wpa_supplicant: nl80211: 2457-2482 @ 40 MHz 20 mBm (no IR)
11-20 11:45:03.623  2224  2224 D wpa_supplicant: nl80211: 2474-2494 @ 20 MHz 20 mBm (no OFDM) (no IR)
11-20 11:45:03.623  2224  2224 D wpa_supplicant: nl80211: 5170-5250 @ 80 MHz 20 mBm (no IR)
11-20 11:45:03.623  2224  2224 D wpa_supplicant: nl80211: 5250-5330 @ 80 MHz 20 mBm (no IR)
11-20 11:45:03.623  2224  2224 D wpa_supplicant: nl80211: 5490-5710 @ 80 MHz 20 mBm (no IR)
11-20 11:45:03.623  1360  1696 I WifiConnectivityManager: PNO settings: min5GHzRssi -82 min24GHzRssi -85 currentConnectionBonus 16 sameNetworkBonus 24 secureNetworkBonus 80 initialScoreMax 100
11-20 11:45:03.623  2224  2224 D wpa_supplicant: nl80211: 5735-5835 @ 80 MHz 20 mBm (no IR)
11-20 11:45:03.623  2224  2224 D wpa_supplicant: nl80211: 57240-63720 @ 2160 MHz 0 mBm
11-20 11:45:03.623  2224  2224 D wpa_supplicant: nl80211: Added 802.11b mode based on 802.11g information
11-20 11:45:03.623  2224  2224 D wpa_supplicant: wlan0: Determining shared radio frequencies (max len 2)
11-20 11:45:03.623  1360  1696 I WifiConnectivityManager: ConnectivityScanManager initialized and disabled
11-20 11:45:03.623  1360  1696 I WifiConnectivityManager: setUntrustedConnectionAllowed: allowed=false
11-20 11:45:03.623  2224  2224 D wpa_supplicant: wlan0: Shared frequencies (len=0): completed iteration
11-20 11:45:03.623  2224  2224 D wpa_supplicant: P2P: Add operating class 81
11-20 11:45:03.623  2224  2224 D wpa_supplicant: P2P: Channels - hexdump(len=13): 01 02 03 04 05 06 07 08 09 0a 0b 0c 0d
11-20 11:45:03.623  1360  1696 D wifi    : android_net_wifi_get_firmware_version = 0x7f83d07b20
11-20 11:45:03.623  2224  2224 D wpa_supplicant: P2P: Add operating class 115
11-20 11:45:03.623  2224  2224 D wpa_supplicant: P2P: Channels - hexdump(len=4): 24 28 2c 30
11-20 11:45:03.623  2224  2224 D wpa_supplicant: P2P: Add operating class 116
11-20 11:45:03.623  2224  2224 D wpa_supplicant: P2P: Channels - hexdump(len=2): 24 2c
11-20 11:45:03.623  2224  2224 D wpa_supplicant: P2P: Add operating class 117
11-20 11:45:03.623  2224  2224 D wpa_supplicant: P2P: Channels - hexdump(len=2): 28 30
11-20 11:45:03.623  2224  2224 D wpa_supplicant: P2P: Add operating class 124
11-20 11:45:03.623  2224  2224 D wpa_supplicant: P2P: Channels - hexdump(len=4): 95 99 9d a1
11-20 11:45:03.623  2224  2224 D wpa_supplicant: P2P: Add operating class 125
11-20 11:45:03.623  2224  2224 D wpa_supplicant: P2P: Channels - hexdump(len=5): 95 99 9d a1 a5
11-20 11:45:03.624  2224  2224 D wpa_supplicant: P2P: Add operating class 126
11-20 11:45:03.624  2224  2224 D wpa_supplicant: P2P: Channels - hexdump(len=2): 95 9d
11-20 11:45:03.624  2224  2224 D wpa_supplicant: P2P: Add operating class 127
11-20 11:45:03.624  2224  2224 D wpa_supplicant: P2P: Channels - hexdump(len=2): 99 a1
11-20 11:45:03.624  2224  2224 D wpa_supplicant: P2P: Add operating class 130
11-20 11:45:03.624  2224  2224 D wpa_supplicant: P2P: Channels - hexdump(len=4): 24 28 2c 30
11-20 11:45:03.624  2224  2224 D wpa_supplicant: P2P: Update channel list
11-20 11:45:03.624  2224  2224 D wpa_supplicant: P2P: channels: 81:1,2,3,4,5,6,7,8,9,10,11,12,13 115:36,40,44,48 116:36,44 117:40,48 124:149,153,157,161 125:149,153,157,161,165 126:149,157 127:153,161 130:36,40,44,48
11-20 11:45:03.624  1360  1696 D wifi    : buffer is 0x7f85ead400, length is 256
11-20 11:45:03.624  2224  2224 D wpa_supplicant: P2P: cli_channels:
11-20 11:45:03.624  1360  1696 D wifi    : android_net_wifi_get_driver_version = 0x7f83d07b20
11-20 11:45:03.624  1360  1696 D wifi    : buffer is 0x7f85ead400, length is 256
11-20 11:45:03.624  1360  1696 D wifi    : android_net_wifi_set_log_handler = 0x7f83d07b20
11-20 11:45:03.624  1360  1696 D wifi    : android_net_wifi_get_ring_buffer_status = 0x7f83d07b20
11-20 11:45:03.625  1360  1696 D wifi    : status is 0x7f85f2f100, number is 5
11-20 11:45:03.625  1360  1696 D wifi    : android_net_wifi_start_logging_ring_buffer = 0x7f83d07b20
11-20 11:45:03.625  1360  1696 D wifi    : start logging for ring power_events_rb
11-20 11:45:03.625  1360  1696 D wifi    : android_net_wifi_start_logging_ring_buffer = 0x7f83d07b20
11-20 11:45:03.625  1360  1696 D wifi    : start logging for ring connectivity_events_rb
11-20 11:45:03.626  1360  1696 D wifi    : android_net_wifi_start_logging_ring_buffer = 0x7f83d07b20
11-20 11:45:03.626  1360  1696 D wifi    : start logging for ring pkt_stats_rb
11-20 11:45:03.626  1360  1696 D wifi    : android_net_wifi_start_logging_ring_buffer = 0x7f83d07b20
11-20 11:45:03.626  1360  1696 D wifi    : start logging for ring driver_prints_rb
11-20 11:45:03.626  1360  1696 D wifi    : android_net_wifi_start_logging_ring_buffer = 0x7f83d07b20
11-20 11:45:03.626  1360  1696 D wifi    : start logging for ring firmware_prints_rb
11-20 11:45:03.626  1360  1696 D wifi    : android_net_wifi_start_logging_ring_buffer = 0x7f83d07b20
11-20 11:45:03.626  1360  1696 D wifi    : start logging for ring power_events_rb
11-20 11:45:03.627  1360  1696 D wifi    : android_net_wifi_start_logging_ring_buffer = 0x7f83d07b20
11-20 11:45:03.627  1360  1696 D wifi    : start logging for ring connectivity_events_rb
11-20 11:45:03.627  1360  1696 D wifi    : android_net_wifi_start_logging_ring_buffer = 0x7f83d07b20
11-20 11:45:03.627  1360  1696 D wifi    : start logging for ring pkt_stats_rb
11-20 11:45:03.627  1360  1696 D wifi    : android_net_wifi_start_logging_ring_buffer = 0x7f83d07b20
11-20 11:45:03.627  1360  1696 D wifi    : start logging for ring driver_prints_rb
11-20 11:45:03.627  1360  1696 D wifi    : android_net_wifi_start_logging_ring_buffer = 0x7f83d07b20
11-20 11:45:03.627  1360  1696 D wifi    : start logging for ring firmware_prints_rb
11-20 11:45:03.628  2224  2224 D wpa_supplicant: wlan0: Control interface command 'DRIVER BTCOEXSCAN-STOP'
11-20 11:45:03.629  2224  2224 D wpa_supplicant: wpa_driver_nl80211_driver_cmd BTCOEXSCAN-STOP len = 0, 4096
11-20 11:45:03.629  2224  2224 D wpa_supplicant: CTRL-DEBUG: global_ctrl_sock-sendto: sock=9 sndbuf=212992 outq=0 send_len=3
11-20 11:45:03.630  2224  2224 D wpa_supplicant: wlan0: Control interface command 'DRIVER RXFILTER-STOP'
11-20 11:45:03.630  2224  2224 D wpa_supplicant: wpa_driver_nl80211_driver_cmd RXFILTER-STOP len = 0, 4096
11-20 11:45:03.630  2224  2224 D wpa_supplicant: CTRL-DEBUG: global_ctrl_sock-sendto: sock=9 sndbuf=212992 outq=0 send_len=3
11-20 11:45:03.631  2224  2224 D wpa_supplicant: wlan0: Control interface command 'DRIVER RXFILTER-ADD 2'
11-20 11:45:03.631  2224  2224 D wpa_supplicant: wpa_driver_nl80211_driver_cmd RXFILTER-ADD 2 len = 0, 4096
11-20 11:45:03.631  2224  2224 D wpa_supplicant: CTRL-DEBUG: global_ctrl_sock-sendto: sock=9 sndbuf=212992 outq=0 send_len=3
11-20 11:45:03.632  2224  2224 D wpa_supplicant: wlan0: Control interface command 'DRIVER RXFILTER-START'
11-20 11:45:03.633  2224  2224 D wpa_supplicant: wpa_driver_nl80211_driver_cmd RXFILTER-START len = 0, 4096
11-20 11:45:03.633  2224  2224 D wpa_supplicant: CTRL-DEBUG: global_ctrl_sock-sendto: sock=9 sndbuf=212992 outq=0 send_len=3
11-20 11:45:03.633  2224  2224 D wpa_supplicant: wlan0: Control interface command 'DRIVER RXFILTER-STOP'
11-20 11:45:03.633  2224  2224 D wpa_supplicant: wpa_driver_nl80211_driver_cmd RXFILTER-STOP len = 0, 4096
11-20 11:45:03.633  2224  2224 D wpa_supplicant: CTRL-DEBUG: global_ctrl_sock-sendto: sock=9 sndbuf=212992 outq=0 send_len=3
11-20 11:45:03.634  2224  2224 D wpa_supplicant: wlan0: Control interface command 'DRIVER RXFILTER-ADD 3'
11-20 11:45:03.634  2224  2224 D wpa_supplicant: wpa_driver_nl80211_driver_cmd RXFILTER-ADD 3 len = 0, 4096
11-20 11:45:03.634  2224  2224 D wpa_supplicant: CTRL-DEBUG: global_ctrl_sock-sendto: sock=9 sndbuf=212992 outq=0 send_len=3
11-20 11:45:03.634  2224  2224 D wpa_supplicant: wlan0: Control interface command 'DRIVER RXFILTER-START'
11-20 11:45:03.634  2224  2224 D wpa_supplicant: wpa_driver_nl80211_driver_cmd RXFILTER-START len = 0, 4096
11-20 11:45:03.635  2224  2224 D wpa_supplicant: CTRL-DEBUG: global_ctrl_sock-sendto: sock=9 sndbuf=212992 outq=0 send_len=3
11-20 11:45:03.635  2224  2224 D wpa_supplicant: wlan0: Control interface command 'DISCONNECT'
11-20 11:45:03.635  2224  2224 D wpa_supplicant: wlan0: Cancelling scan request
11-20 11:45:03.635  2224  2224 D wpa_supplicant: wlan0: Request to deauthenticate - bssid=00:00:00:00:00:00 pending_bssid=00:00:00:00:00:00 reason=3 state=DISCONNECTED
11-20 11:45:03.635  2224  2224 D wpa_supplicant: TDLS: Tear down peers
11-20 11:45:03.635  2224  2224 D wpa_supplicant: wlan0: State: DISCONNECTED -> DISCONNECTED
11-20 11:45:03.635  2224  2224 D wpa_supplicant: nl80211: Set wlan0 operstate 0->0 (DORMANT)
11-20 11:45:03.635  2224  2224 D wpa_supplicant: netlink: Operstate: ifindex=22 linkmode=-1 (no change), operstate=5 (IF_OPER_DORMANT)
11-20 11:45:03.635  2224  2224 D wpa_supplicant: EAPOL: External notification - portEnabled=0
11-20 11:45:03.635  2224  2224 D wpa_supplicant: EAPOL: External notification - portValid=0
11-20 11:45:03.635  2224  2224 E wpa_supplicant: eap_proxy: eap_proxy_notify_config
11-20 11:45:03.635  2224  2224 E wpa_supplicant: eap_proxy: eap_proxy_notify_config
11-20 11:45:03.635  2224  2224 D wpa_supplicant: CTRL-DEBUG: global_ctrl_sock-sendto: sock=9 sndbuf=212992 outq=0 send_len=3
11-20 11:45:03.636  2224  2224 D wpa_supplicant: wlan0: Control interface command 'DISABLE_NETWORK 0'
11-20 11:45:03.636  2224  2224 D wpa_supplicant: CTRL_IFACE: DISABLE_NETWORK id=0
11-20 11:45:03.636  2224  2224 D wpa_supplicant: CTRL-DEBUG: global_ctrl_sock-sendto: sock=9 sndbuf=212992 outq=0 send_len=3
11-20 11:45:03.636  2224  2224 D wpa_supplicant: wlan0: Control interface command 'DISABLE_NETWORK 1'
11-20 11:45:03.636  2224  2224 D wpa_supplicant: CTRL_IFACE: DISABLE_NETWORK id=1
11-20 11:45:03.636  2224  2224 D wpa_supplicant: CTRL-DEBUG: global_ctrl_sock-sendto: sock=9 sndbuf=212992 outq=0 send_len=3
11-20 11:45:03.637  2224  2224 D wpa_supplicant: wlan0: Control interface command 'SAVE_CONFIG'
11-20 11:45:03.637  2224  2224 D wpa_supplicant: Writing configuration file '/data/misc/wifi/wpa_supplicant.conf.tmp'
11-20 11:45:03.642  2224  2224 D wpa_supplicant: Configuration file '/data/misc/wifi/wpa_supplicant.conf' written successfully
11-20 11:45:03.642  2224  2224 D wpa_supplicant: CTRL_IFACE: SAVE_CONFIG - Configuration updated
11-20 11:45:03.642  2224  2224 D wpa_supplicant: CTRL-DEBUG: global_ctrl_sock-sendto: sock=9 sndbuf=212992 outq=0 send_len=3
11-20 11:45:03.658  1360  1696 E WifiHAL : wifi_get_link_stats: requestResponse Error:-22
11-20 11:45:03.658  1360  1696 E wifi    : android_net_wifi_getLinkLayerStats: failed to get link statistics
11-20 11:45:03.659  2224  2224 D wpa_supplicant: wlan0: Control interface command 'SET ps 1'
