--------- beginning of system
01-03 22:22:46.083   435   435 I vold    : Vold 3.0 (the awakening) firing up
01-03 22:22:46.083   435   435 V vold    : Detected support for: ext4 vfat
01-03 22:22:46.098   435   441 D vold    : e4crypt_init_user0
01-03 22:22:46.099   435   441 D vold    : e4crypt_prepare_user_storage for volume null, user 0, serial 0, flags 1
01-03 22:22:46.099   435   441 D vold    : Preparing: /data/system/users/0
01-03 22:22:46.099   435   441 D vold    : Preparing: /data/misc/profiles/cur/0
01-03 22:22:46.100   435   441 D vold    : Preparing: /data/misc/profiles/cur/0/foreign-dex
01-03 22:22:46.100   435   441 D vold    : Preparing: /data/system_de/0
01-03 22:22:46.100   435   441 D vold    : Preparing: /data/misc_de/0
01-03 22:22:46.100   435   441 D vold    : Preparing: /data/user_de/0
01-03 22:22:46.101   435   441 D vold    : e4crypt_unlock_user_key 0 serial=0 token_present=0
01-03 22:22:46.771   541   541 I irsc_util: Starting irsc tool
01-03 22:22:46.778   541   541 I irsc_util: Num of entries:290
01-03 22:22:46.780   541   541 I irsc_util: Ending irsc tool
11-20 02:52:17.265   706   731 I QISL    : QSEE Interrupt Service Listener Thread is started
11-20 02:52:17.275   706   731 I QISL    : QSEE Interrupt Service Listener was activated successfully
11-20 02:52:20.782  1436  1436 I InstallerConnection: connecting...
11-20 02:52:20.794  1436  1436 I InstallerConnection: disconnecting...
11-20 02:52:20.831  1436  1436 I SystemServer: Entered the Android system server!
11-20 02:52:20.925  1436  1436 I SystemServiceManager: Starting com.android.server.pm.Installer
11-20 02:52:20.932  1436  1436 I Installer: Waiting for installd to be ready.
11-20 02:52:20.932  1436  1436 I InstallerConnection: connecting...
11-20 02:52:20.932  1436  1436 I SystemServiceManager: Starting com.android.server.am.ActivityManagerService$Lifecycle
11-20 02:52:20.957  1436  1436 I ActivityManager: Memory class: 192
11-20 02:52:20.972  1436  1436 D BatteryStatsImpl: Reading daily items from /data/system/batterystats-daily.xml
11-20 02:52:21.097  1436  1436 W ProcessCpuTracker: Skipping unknown process pid 1521
11-20 02:52:21.121  1436  1436 I IntentFirewall: Read new rules (A:0 B:0 S:0)
11-20 02:52:21.135  1436  1436 D AppOps  : AppOpsService published
11-20 02:52:21.135  1436  1436 I SystemServiceManager: Starting com.android.server.power.PowerManagerService
11-20 02:52:21.156  1436  1436 I SystemServiceManager: Starting com.android.server.lights.LightsService
11-20 02:52:21.166  1436  1436 I SystemServiceManager: Starting com.android.server.display.DisplayManagerService
11-20 02:52:21.168  1436  1436 I SystemServiceManager: Starting phase 100
11-20 02:52:21.180  1436  1541 I DisplayManagerService: Display device added: DisplayDeviceInfo{"Built-in Screen": uniqueId="local:0", 320 x 480, modeId 1, defaultModeId 1, supportedModes [{id=1, width=320, height=480, fps=60.000004}], colorMode 0, supportedColorModes [0], HdrCapabilities android.view.Display$HdrCapabilities@a69d6308, density 150, 150.0 x 150.0 dpi, appVsyncOff 1000000, presDeadline 16666666, touch INTERNAL, rotation 0, type BUILT_IN, state UNKNOWN, FLAG_DEFAULT_DISPLAY, FLAG_ROTATES_WITH_CONTENT, FLAG_SECURE, FLAG_SUPPORTS_PROTECTED_BUFFERS}
11-20 02:52:21.181  1436  1541 I DisplayManagerService: Display device changed state: "Built-in Screen", ON
11-20 02:52:21.182  1436  1436 I SystemServer: Regionalization Service
11-20 02:52:21.182  1436  1436 I SystemServer: StartPackageManagerService
11-20 02:52:21.263  1436  1436 D SELinuxMMAC: Using policy file /system/etc/security/mac_permissions.xml
11-20 02:52:21.666  1436  1436 W PackageManager: Library not found: /system/framework/org.apache.http.legacy.jar
11-20 02:52:21.743  1436  1436 W PackageManager: Library not found: /system/framework/org.apache.http.legacy.jar
11-20 02:52:21.761  1436  1549 W PackageManager: Failed to parse /system/framework/arm: Missing base APK in /system/framework/arm
11-20 02:52:21.761  1436  1550 W PackageManager: Failed to parse /system/framework/arm64: Missing base APK in /system/framework/arm64
11-20 02:52:21.762  1436  1552 W PackageManager: Failed to parse /system/framework/oat: Missing base APK in /system/framework/oat
11-20 02:52:21.821  1436  1553 W PackageParser: Ignoring duplicate uses-permissions/uses-permissions-sdk-m: com.google.android.providers.gsf.permission.READ_GSERVICES in package: com.google.android.ims at: Binary XML file line #32
11-20 02:52:21.838  1436  1549 W PackageManager: Permission android.permission.DOWNLOAD_WITHOUT_NOTIFICATION from package com.android.providers.downloads in an unknown group android.permission-group.NETWORK
11-20 02:52:21.890  1436  1554 W PackageParser: Unknown element under <manifest>: uses-library at /system/priv-app/GoogleFeedback/GoogleFeedback.apk Binary XML file line #33
11-20 02:52:21.923  1436  1551 W PackageParser: Ignoring duplicate uses-permissions/uses-permissions-sdk-m: com.google.android.providers.gsf.permission.READ_GSERVICES in package: com.google.android.partnersetup at: Binary XML file line #32
11-20 02:52:21.952  1436  1553 W PackageManager: Permission com.google.android.googleapps.permission.GOOGLE_AUTH from package com.google.android.gsf in an unknown group android.permission-group.ACCOUNTS
11-20 02:52:21.952  1436  1553 W PackageManager: Permission com.google.android.googleapps.permission.GOOGLE_AUTH.ALL_SERVICES from package com.google.android.gsf in an unknown group android.permission-group.ACCOUNTS
11-20 02:52:21.952  1436  1553 W PackageManager: Permission com.google.android.googleapps.permission.GOOGLE_AUTH.OTHER_SERVICES from package com.google.android.gsf in an unknown group android.permission-group.ACCOUNTS
11-20 02:52:21.952  1436  1553 W PackageManager: Permission com.google.android.googleapps.permission.GOOGLE_AUTH.mail from package com.google.android.gsf in an unknown group android.permission-group.ACCOUNTS
11-20 02:52:21.953  1436  1553 W PackageManager: Permission com.google.android.googleapps.permission.GOOGLE_AUTH.cl from package com.google.android.gsf in an unknown group android.permission-group.ACCOUNTS
11-20 02:52:21.953  1436  1553 W PackageManager: Permission com.google.android.googleapps.permission.GOOGLE_AUTH.android from package com.google.android.gsf in an unknown group android.permission-group.ACCOUNTS
11-20 02:52:21.953  1436  1553 W PackageManager: Permission com.google.android.googleapps.permission.GOOGLE_AUTH.androidsecure from package com.google.android.gsf in an unknown group android.permission-group.ACCOUNTS
11-20 02:52:21.953  1436  1553 W PackageManager: Permission com.google.android.googleapps.permission.GOOGLE_AUTH.sierra from package com.google.android.gsf in an unknown group android.permission-group.ACCOUNTS
11-20 02:52:21.953  1436  1553 W PackageManager: Permission com.google.android.googleapps.permission.GOOGLE_AUTH.sierraqa from package com.google.android.gsf in an unknown group android.permission-group.ACCOUNTS
11-20 02:52:21.953  1436  1553 W PackageManager: Permission com.google.android.googleapps.permission.GOOGLE_AUTH.sierrasandbox from package com.google.android.gsf in an unknown group android.permission-group.ACCOUNTS
11-20 02:52:21.953  1436  1553 W PackageManager: Permission com.google.android.googleapps.permission.GOOGLE_AUTH.youtube from package com.google.android.gsf in an unknown group android.permission-group.ACCOUNTS
11-20 02:52:21.953  1436  1553 W PackageManager: Permission com.google.android.googleapps.permission.GOOGLE_AUTH.YouTubeUser from package com.google.android.gsf in an unknown group android.permission-group.ACCOUNTS
11-20 02:52:21.953  1436  1553 W PackageManager: Permission com.google.android.googleapps.permission.GOOGLE_AUTH.talk from package com.google.android.gsf in an unknown group android.permission-group.ACCOUNTS
11-20 02:52:21.953  1436  1553 W PackageManager: Permission com.google.android.googleapps.permission.GOOGLE_AUTH.ig from package com.google.android.gsf in an unknown group android.permission-group.ACCOUNTS
11-20 02:52:21.953  1436  1553 W PackageManager: Permission com.google.android.googleapps.permission.GOOGLE_AUTH.lh2 from package com.google.android.gsf in an unknown group android.permission-group.ACCOUNTS
11-20 02:52:21.953  1436  1553 W PackageManager: Permission com.google.android.googleapps.permission.GOOGLE_AUTH.mobile from package com.google.android.gsf in an unknown group android.permission-group.ACCOUNTS
11-20 02:52:21.953  1436  1553 W PackageManager: Permission com.google.android.googleapps.permission.GOOGLE_AUTH.cp from package com.google.android.gsf in an unknown group android.permission-group.ACCOUNTS
11-20 02:52:21.953  1436  1553 W PackageManager: Permission com.google.android.googleapps.permission.GOOGLE_AUTH.adsense from package com.google.android.gsf in an unknown group android.permission-group.ACCOUNTS
11-20 02:52:21.953  1436  1553 W PackageManager: Permission com.google.android.googleapps.permission.GOOGLE_AUTH.adwords from package com.google.android.gsf in an unknown group android.permission-group.ACCOUNTS
11-20 02:52:21.953  1436  1553 W PackageManager: Permission com.google.android.googleapps.permission.GOOGLE_AUTH.blogger from package com.google.android.gsf in an unknown group android.permission-group.ACCOUNTS
11-20 02:52:21.953  1436  1553 W PackageManager: Permission com.google.android.googleapps.permission.GOOGLE_AUTH.dodgeball from package com.google.android.gsf in an unknown group android.permission-group.ACCOUNTS
11-20 02:52:21.953  1436  1553 W PackageManager: Permission com.google.android.googleapps.permission.GOOGLE_AUTH.gbase from package com.google.android.gsf in an unknown group android.permission-group.ACCOUNTS
11-20 02:52:21.953  1436  1553 W PackageManager: Permission com.google.android.googleapps.permission.GOOGLE_AUTH.groups2 from package com.google.android.gsf in an unknown group android.permission-group.ACCOUNTS
11-20 02:52:21.953  1436  1553 W PackageManager: Permission com.google.android.googleapps.permission.GOOGLE_AUTH.health from package com.google.android.gsf in an unknown group android.permission-group.ACCOUNTS
11-20 02:52:21.953  1436  1553 W PackageManager: Permission com.google.android.googleapps.permission.GOOGLE_AUTH.jotspot from package com.google.android.gsf in an unknown group android.permission-group.ACCOUNTS
11-20 02:52:21.953  1436  1553 W PackageManager: Permission com.google.android.googleapps.permission.GOOGLE_AUTH.knol from package com.google.android.gsf in an unknown group android.permission-group.ACCOUNTS
11-20 02:52:21.953  1436  1553 W PackageManager: Permission com.google.android.googleapps.permission.GOOGLE_AUTH.news from package com.google.android.gsf in an unknown group android.permission-group.ACCOUNTS
11-20 02:52:21.953  1436  1553 W PackageManager: Permission com.google.android.googleapps.permission.GOOGLE_AUTH.orkut from package com.google.android.gsf in an unknown group android.permission-group.ACCOUNTS
11-20 02:52:21.953  1436  1553 W PackageManager: Permission com.google.android.googleapps.permission.GOOGLE_AUTH.print from package com.google.android.gsf in an unknown group android.permission-group.ACCOUNTS
11-20 02:52:21.953  1436  1553 W PackageManager: Permission com.google.android.googleapps.permission.GOOGLE_AUTH.sitemaps from package com.google.android.gsf in an unknown group android.permission-group.ACCOUNTS
11-20 02:52:21.953  1436  1553 W PackageManager: Permission com.google.android.googleapps.permission.GOOGLE_AUTH.wifi from package com.google.android.gsf in an unknown group android.permission-group.ACCOUNTS
11-20 02:52:21.953  1436  1553 W PackageManager: Permission com.google.android.googleapps.permission.GOOGLE_AUTH.finance from package com.google.android.gsf in an unknown group android.permission-group.ACCOUNTS
11-20 02:52:21.953  1436  1553 W PackageManager: Permission com.google.android.googleapps.permission.GOOGLE_AUTH.local from package com.google.android.gsf in an unknown group android.permission-group.ACCOUNTS
11-20 02:52:21.953  1436  1553 W PackageManager: Permission com.google.android.googleapps.permission.GOOGLE_AUTH.ah from package com.google.android.gsf in an unknown group android.permission-group.ACCOUNTS
11-20 02:52:21.953  1436  1553 W PackageManager: Permission com.google.android.googleapps.permission.GOOGLE_AUTH.notebook from package com.google.android.gsf in an unknown group android.permission-group.ACCOUNTS
11-20 02:52:21.953  1436  1553 W PackageManager: Permission com.google.android.googleapps.permission.GOOGLE_AUTH.writely from package com.google.android.gsf in an unknown group android.permission-group.ACCOUNTS
11-20 02:52:21.953  1436  1553 W PackageManager: Permission com.google.android.googleapps.permission.GOOGLE_AUTH.wise from package com.google.android.gsf in an unknown group android.permission-group.ACCOUNTS
11-20 02:52:21.953  1436  1553 W PackageManager: Permission com.google.android.googleapps.permission.GOOGLE_AUTH.grandcentral from package com.google.android.gsf in an unknown group android.permission-group.ACCOUNTS
11-20 02:52:21.953  1436  1553 W PackageManager: Permission com.google.android.googleapps.permission.GOOGLE_AUTH.speechpersonalization from package com.google.android.gsf in an unknown group android.permission-group.ACCOUNTS
11-20 02:52:21.953  1436  1553 W PackageManager: Permission com.google.android.googleapps.permission.GOOGLE_AUTH.speech from package com.google.android.gsf in an unknown group android.permission-group.ACCOUNTS
11-20 02:52:21.954  1436  1553 W PackageManager: Permission com.google.android.providers.talk.permission.READ_ONLY from package com.google.android.gsf in an unknown group android.permission-group.MESSAGES
11-20 02:52:21.954  1436  1553 W PackageManager: Permission com.google.android.providers.talk.permission.WRITE_ONLY from package com.google.android.gsf in an unknown group android.permission-group.MESSAGES
11-20 02:52:21.954  1436  1553 W PackageManager: Permission com.google.android.gtalkservice.permission.GTALK_SERVICE from package com.google.android.gsf in an unknown group android.permission-group.MESSAGES
11-20 02:52:21.954  1436  1553 W PackageManager: Permission com.google.android.gtalkservice.permission.SEND_HEARTBEAT from package com.google.android.gsf in an unknown group android.permission-group.NETWORK
11-20 02:52:21.954  1436  1553 W PackageManager: Permission com.google.android.permission.BROADCAST_DATA_MESSAGE from package com.google.android.gsf in an unknown group android.permission-group.NETWORK
11-20 02:52:21.954  1436  1553 W PackageManager: Permission com.google.android.c2dm.permission.SEND from package com.google.android.gsf in an unknown group android.permission-group.NETWORK
11-20 02:52:21.954  1436  1553 W PackageManager: Permission com.google.android.c2dm.permission.RECEIVE from package com.google.android.gsf in an unknown group android.permission-group.NETWORK
11-20 02:52:21.954  1436  1553 W PackageManager: Permission com.google.android.xmpp.permission.BROADCAST from package com.google.android.gsf in an unknown group android.permission-group.NETWORK
11-20 02:52:21.954  1436  1553 W PackageManager: Permission com.google.android.xmpp.permission.SEND_RECEIVE from package com.google.android.gsf in an unknown group android.permission-group.NETWORK
11-20 02:52:21.954  1436  1553 W PackageManager: Permission com.google.android.xmpp.permission.XMPP_ENDPOINT_BROADCAST from package com.google.android.gsf in an unknown group android.permission-group.NETWORK
11-20 02:52:21.954  1436  1553 W PackageManager: Permission com.google.android.xmpp.permission.USE_XMPP_ENDPOINT from package com.google.android.gsf in an unknown group android.permission-group.NETWORK
11-20 02:52:21.954  1436  1553 W PackageManager: Permission com.google.android.providers.gsf.permission.READ_GSERVICES from package com.google.android.gsf in an unknown group android.permission-group.ACCOUNTS
11-20 02:52:22.008  1436  1554 W PackageParser: Ignoring duplicate uses-permissions/uses-permissions-sdk-m: android.permission.INSTALL_GRANT_RUNTIME_PERMISSIONS in package: com.android.shell at: Binary XML file line #102
11-20 02:52:22.024  1436  1552 W PackageManager: Permission com.google.android.gms.permission.ACTIVITY_RECOGNITION from package com.google.android.gms in an unknown group android.permission-group.PERSONAL_INFO
11-20 02:52:22.044  1436  1551 W PackageManager: Permission com.android.vending.appdiscoveryservice.permission.ACCESS_APP_DISCOVERY_SERVICE from package com.android.vending in an unknown group android.permission-group.NETWORK
11-20 02:52:22.044  1436  1551 W PackageManager: Permission com.android.vending.CHECK_LICENSE from package com.android.vending in an unknown group android.permission-group.NETWORK
11-20 02:52:22.044  1436  1551 W PackageManager: Permission com.android.vending.BILLING from package com.android.vending in an unknown group android.permission-group.NETWORK
11-20 02:52:22.117  1436  1549 W PackageParser: Ignoring duplicate uses-permissions/uses-permissions-sdk-m: android.permission.USE_CREDENTIALS in package: com.android.settings at: Binary XML file line #56
11-20 02:52:22.118  1436  1549 W PackageParser: Ignoring duplicate uses-permissions/uses-permissions-sdk-m: android.permission.READ_SYNC_SETTINGS in package: com.android.settings at: Binary XML file line #61
11-20 02:52:22.118  1436  1549 W PackageParser: Ignoring duplicate uses-permissions/uses-permissions-sdk-m: android.permission.WRITE_SYNC_SETTINGS in package: com.android.settings at: Binary XML file line #62
11-20 02:52:22.129  1436  1554 W PackageParser: Ignoring duplicate uses-permissions/uses-permissions-sdk-m: android.permission.CONFIGURE_WIFI_DISPLAY in package: com.android.systemui at: Binary XML file line #123
11-20 02:52:22.146  1436  1549 W PackageParser: No actions in intent filter at /system/priv-app/Settings/Settings.apk Binary XML file line #621
11-20 02:52:22.241  1436  1550 W PackageManager: Permission com.google.android.launcher.permission.READ_SETTINGS from package com.google.android.googlequicksearchbox in an unknown group android.permission-group.SYSTEM_TOOLS
11-20 02:52:22.241  1436  1550 W PackageManager: Permission com.google.android.launcher.permission.WRITE_SETTINGS from package com.google.android.googlequicksearchbox in an unknown group android.permission-group.SYSTEM_TOOLS
11-20 02:52:22.241  1436  1550 W PackageManager: Permission com.android.launcher.permission.INSTALL_SHORTCUT from package com.google.android.googlequicksearchbox in an unknown group android.permission-group.SYSTEM_TOOLS
11-20 02:52:22.250  1436  1549 W PackageParser: Unknown element under <application>: uses-feature at /system/app/BluetoothExt/BluetoothExt.apk Binary XML file line #57
11-20 02:52:22.250  1436  1549 W PackageParser: No actions in intent filter at /system/app/BluetoothExt/BluetoothExt.apk Binary XML file line #137
11-20 02:52:22.251  1436  1549 W PackageParser: No actions in intent filter at /system/app/BluetoothExt/BluetoothExt.apk Binary XML file line #161
11-20 02:52:22.273  1436  1551 W PackageParser: Ignoring duplicate uses-permissions/uses-permissions-sdk-m: android.permission.READ_CONTACTS in package: com.android.bluetooth at: Binary XML file line #61
11-20 02:52:22.274  1436  1551 W PackageParser: No actions in intent filter at /system/app/Bluetooth/Bluetooth.apk Binary XML file line #224
11-20 02:52:22.276  1436  1552 W PackageParser: No actions in intent filter at /system/app/CMFileManager/CMFileManager.apk Binary XML file line #156
11-20 02:52:22.332  1436  1551 W PackageManager: Non-privileged app; cap priority to 0; package: com.android.cts.ctsshim activity: com.android.cts.ctsshim.InstallPriority origPrio: 100
11-20 02:52:22.332  1436  1551 W PackageManager: Non-privileged app; cap priority to 0; package: com.android.cts.ctsshim activity: com.android.cts.ctsshim.InstallPriority origPrio: 100
11-20 02:52:22.332  1436  1551 W PackageManager: Non-privileged app; cap priority to 0; package: com.android.cts.ctsshim activity: com.android.cts.ctsshim.InstallPriority origPrio: 100
11-20 02:52:22.332  1436  1551 W PackageManager: Non-privileged app; cap priority to 0; package: com.android.cts.ctsshim activity: com.android.cts.ctsshim.InstallPriority origPrio: 100
11-20 02:52:22.332  1436  1551 W PackageManager: Non-privileged app; cap priority to 0; package: com.android.cts.ctsshim activity: com.android.cts.ctsshim.InstallPriority origPrio: 100
11-20 02:52:22.363  1436  1549 W PackageManager: Non-privileged app; cap priority to 0; package: com.google.android.calendar activity: com.android.calendar.event.LaunchInfoActivity origPrio: 50
11-20 02:52:22.363  1436  1549 W PackageManager: Non-privileged app; cap priority to 0; package: com.google.android.calendar activity: com.android.calendar.event.LaunchInfoActivity origPrio: 50
11-20 02:52:22.367  1436  1554 W PackageManager: Permission com.android.chrome.permission.DEBUG from package com.android.chrome in an unknown group android.permission-group.DEVELOPMENT_TOOLS
11-20 02:52:22.420  1436  1551 W PackageParser: Unknown element under <manifest>: meta-data at /system/app/Drive/Drive.apk Binary XML file line #107
11-20 02:52:22.441  1436  1551 W PackageManager: Permission com.google.android.apps.docs.permission.READ_MY_DATA from package com.google.android.apps.docs in an unknown group android.permission-group.PERSONAL_INFO
11-20 02:52:22.441  1436  1551 W PackageManager: Permission com.google.android.apps.docs.permission.SYNC_STATUS from package com.google.android.apps.docs in an unknown group android.permission-group.PERSONAL_INFO
11-20 02:52:22.456  1436  1554 W PackageParser: No actions in intent filter at /system/app/Gmail2/Gmail2.apk Binary XML file line #668
11-20 02:52:22.460  1436  1554 W PackageParser: No actions in intent filter at /system/app/Gmail2/Gmail2.apk Binary XML file line #1325
11-20 02:52:22.465  1436  1554 W PackageManager: Permission com.google.android.gm.email.permission.READ_ATTACHMENT from package com.google.android.gm in an unknown group android.permission-group.MESSAGES
11-20 02:52:22.466  1436  1554 W PackageManager: Permission com.google.android.gm.permission.READ_GMAIL from package com.google.android.gm in an unknown group android.permission-group.MESSAGES
11-20 02:52:22.466  1436  1554 W PackageManager: Permission com.google.android.gm.permission.WRITE_GMAIL from package com.google.android.gm in an unknown group android.permission-group.MESSAGES
11-20 02:52:22.466  1436  1554 W PackageManager: Permission com.google.android.gm.permission.AUTO_SEND from package com.google.android.gm in an unknown group android.permission-group.MESSAGES
11-20 02:52:22.466  1436  1554 W PackageManager: Permission com.google.android.gm.permission.READ_CONTENT_PROVIDER from package com.google.android.gm in an unknown group android.permission-group.MESSAGES
11-20 02:52:22.530  1436  1549 W PackageManager: Permission com.android.launcher3.permission.READ_SETTINGS from package com.android.launcher3 in an unknown group android.permission-group.SYSTEM_TOOLS
11-20 02:52:22.530  1436  1549 W PackageManager: Permission com.android.launcher3.permission.WRITE_SETTINGS from package com.android.launcher3 in an unknown group android.permission-group.SYSTEM_TOOLS
11-20 02:52:22.530  1436  1549 W PackageManager: Permission com.android.launcher.permission.INSTALL_SHORTCUT from package com.android.launcher3 in an unknown group android.permission-group.SYSTEM_TOOLS
11-20 02:52:22.606  1436  1551 W PackageManager: Non-privileged app; cap priority to 0; package: com.google.android.talk activity: com.google.android.apps.hangouts.phone.BabelHomeActivity origPrio: 999
11-20 02:52:22.606  1436  1551 W PackageManager: Non-privileged app; cap priority to 0; package: com.google.android.talk activity: com.google.android.apps.hangouts.phone.HangoutUrlHandlerActivity origPrio: 999
11-20 02:52:22.606  1436  1551 W PackageManager: Non-privileged app; cap priority to 0; package: com.google.android.talk activity: com.google.android.apps.hangouts.phone.HangoutUrlHandlerActivity origPrio: 999
11-20 02:52:22.606  1436  1551 W PackageManager: Non-privileged app; cap priority to 0; package: com.google.android.talk activity: com.google.android.apps.hangouts.phone.ConversationUrlHandlerActivity origPrio: 999
11-20 02:52:22.606  1436  1551 W PackageManager: Non-privileged app; cap priority to 0; package: com.google.android.talk activity: com.google.android.apps.hangouts.phone.ConversationUrlHandlerActivity origPrio: 999
11-20 02:52:22.626  1436  1554 W PackageParser: Ignoring duplicate uses-permissions/uses-permissions-sdk-m: android.permission.ACCESS_FINE_LOCATION in package: com.google.android.music at: Binary XML file line #99
11-20 02:52:22.640  1436  1553 W PackageParser: Ignoring duplicate uses-permissions/uses-permissions-sdk-m: android.permission.WAKE_LOCK in package: com.google.android.apps.maps at: Binary XML file line #148
11-20 02:52:22.669  1436  1552 W PackageParser: Ignoring duplicate uses-permissions/uses-permissions-sdk-m: android.permission.READ_SYNC_SETTINGS in package: com.qualcomm.simcontacts at: Binary XML file line #52
11-20 02:52:22.669  1436  1552 W PackageParser: Ignoring duplicate uses-permissions/uses-permissions-sdk-m: android.permission.WRITE_SYNC_SETTINGS in package: com.qualcomm.simcontacts at: Binary XML file line #54
11-20 02:52:22.675  1436  1550 W PackageManager: Non-privileged app; cap priority to 0; package: com.qualcomm.qti.simsettings activity: com.qualcomm.qti.simsettings.SimSettingsActivity origPrio: 1
11-20 02:52:22.675  1436  1550 W PackageManager: Non-privileged app; cap priority to 0; package: com.qualcomm.qti.simsettings activity: com.qualcomm.qti.simsettings.SimSettingsActivity origPrio: 2
11-20 02:52:22.782  1436  1552 W PackageParser: Ignoring duplicate uses-permissions/uses-permissions-sdk-m: android.permission.CHANGE_WIFI_STATE in package: com.android.nfc at: Binary XML file line #48
11-20 02:52:22.782  1436  1552 W PackageParser: Ignoring duplicate uses-permissions/uses-permissions-sdk-m: android.permission.ACCESS_WIFI_STATE in package: com.android.nfc at: Binary XML file line #49
11-20 02:52:22.785  1436  1552 W PackageManager: Permission group com.gsma.services.nfc.permission from package com.android.nfc ignored: original from com.qualcomm.qti.gsma.services.nfc
11-20 02:52:22.787  1436  1550 W PackageParser: Service exported request ignored due to singleUser: org.codeaurora.ims.ImsService at /system/vendor/app/ims/ims.apk Binary XML file line #40
11-20 02:52:22.788  1436  1553 W PackageManager: Permission com.qti.snapdragon.sdk.permission.DISPLAY_SETTINGS from package com.qti.service.colorservice in an unknown group android.permission-group.SYSTEM_TOOLS
11-20 02:52:22.802  1436  1436 W PackageManager: Protected action; cap priority to 0; package: com.android.cts.priv.ctsshim activity: com.android.cts.priv.ctsshim.InstallPriority origPrio: 100
11-20 02:52:22.802  1436  1436 W PackageManager: Protected action; cap priority to 0; package: com.android.cts.priv.ctsshim activity: com.android.cts.priv.ctsshim.InstallPriority origPrio: 100
11-20 02:52:22.802  1436  1436 W PackageManager: Protected action; cap priority to 0; package: com.android.cts.priv.ctsshim activity: com.android.cts.priv.ctsshim.InstallPriority origPrio: 100
11-20 02:52:22.802  1436  1436 W PackageManager: Protected action; cap priority to 0; package: com.android.cts.priv.ctsshim activity: com.android.cts.priv.ctsshim.InstallPriority origPrio: 100
11-20 02:52:22.802  1436  1436 W PackageManager: Protected action; cap priority to 0; package: com.google.android.packageinstaller activity: com.android.packageinstaller.PackageInstallerActivity origPrio: 1
11-20 02:52:22.802  1436  1436 W PackageManager: Protected action; cap priority to 0; package: com.google.android.gms activity: com.google.android.gms.appinvite.AppInviteAcceptInvitationActivity origPrio: 900
11-20 02:52:22.802  1436  1436 W PackageManager: Protected action; cap priority to 0; package: com.google.android.gms activity: com.google.android.gms.matchstick.ui.EntryActivity origPrio: 999
11-20 02:52:22.802  1436  1436 W PackageManager: Protected action; cap priority to 0; package: com.google.android.gms activity: com.google.android.gms.tapandpay.tokenization.AddNewCardThroughBrowserActivity origPrio: 999
11-20 02:52:22.802  1436  1436 W PackageManager: Protected action; cap priority to 0; package: com.google.android.gms activity: com.google.android.gms.walletp2p.feature.transfer.TransferMoneyActivity origPrio: 900
11-20 02:52:22.802  1436  1436 W PackageManager: Package com.google.android.googlequicksearchbox desires unavailable shared library com.google.android.chromeos; ignoring!
11-20 02:52:22.802  1436  1436 W PackageManager: Package org.codeaurora.bluetooth desires unavailable shared library com.quicinc.wbc; ignoring!
11-20 02:52:22.802  1436  1436 W PackageManager: Package com.google.android.gms desires unavailable shared library com.google.android.ble; ignoring!
11-20 02:52:22.802  1436  1436 W PackageManager: Package com.google.android.gms desires unavailable shared library com.google.android.wearable; ignoring!
11-20 02:52:22.803  1436  1436 I PackageManager: Adjusting ABI for com.android.providers.downloads to arm64-v8a (requirer=com.android.mtp, scannedPackage=null)
11-20 02:52:22.803  1436  1436 I PackageManager: Adjusting ABI for com.android.providers.downloads.ui to arm64-v8a (requirer=com.android.mtp, scannedPackage=null)
11-20 02:52:22.804  1436  1436 I PackageManager: Adjusting ABI for com.android.providers.media to arm64-v8a (requirer=com.android.mtp, scannedPackage=null)
11-20 02:52:22.804  1436  1436 W PackageManager: Instruction set mismatch, PackageSetting{1bc2636 com.google.android.gts.audio/10012} requires arm whereas PackageSetting{a3dd074 com.google.android.gms/10012} requires arm64
11-20 02:52:22.804  1436  1436 I PackageManager: Adjusting ABI for com.google.android.backuptransport to armeabi-v7a (requirer=com.google.android.gts.audio, scannedPackage=null)
11-20 02:52:22.804  1436  1436 I PackageManager: Adjusting ABI for com.google.android.gsf.login to armeabi-v7a (requirer=com.google.android.gts.audio, scannedPackage=null)
11-20 02:52:22.805  1436  1436 I PackageManager: Adjusting ABI for com.google.android.gsf to armeabi-v7a (requirer=com.google.android.gts.audio, scannedPackage=null)
11-20 02:52:22.805  1436  1436 I PackageManager: Adjusting ABI for com.qti.launcherunreadservice to arm64-v8a (requirer=android, scannedPackage=null)
11-20 02:52:22.805  1436  1436 I PackageManager: Adjusting ABI for kr.co.bluebird.android.bbupdate to arm64-v8a (requirer=android, scannedPackage=null)
11-20 02:52:22.806  1436  1436 I PackageManager: Adjusting ABI for com.android.keychain to arm64-v8a (requirer=android, scannedPackage=null)
11-20 02:52:22.806  1436  1436 I PackageManager: Adjusting ABI for com.qti.qualcomm.deviceinfo to arm64-v8a (requirer=android, scannedPackage=null)
11-20 02:52:22.806  1436  1436 I PackageManager: Adjusting ABI for com.qualcomm.location.XT to arm64-v8a (requirer=android, scannedPackage=null)
11-20 02:52:22.807  1436  1436 I PackageManager: Adjusting ABI for com.qualcomm.timeservice to arm64-v8a (requirer=android, scannedPackage=null)
11-20 02:52:22.807  1436  1436 I PackageManager: Adjusting ABI for com.qualcomm.svi to arm64-v8a (requirer=android, scannedPackage=null)
11-20 02:52:22.807  1436  1436 I PackageManager: Adjusting ABI for org.codeaurora.btmultisim to arm64-v8a (requirer=android, scannedPackage=null)
11-20 02:52:22.807  1436  1436 I PackageManager: Adjusting ABI for com.qti.service.colorservice to arm64-v8a (requirer=android, scannedPackage=null)
11-20 02:52:22.808  1436  1436 I PackageManager: Adjusting ABI for com.android.wallpaperbackup to arm64-v8a (requirer=android, scannedPackage=null)
11-20 02:52:22.808  1436  1436 I PackageManager: Adjusting ABI for com.qualcomm.qti.services.secureui to arm64-v8a (requirer=android, scannedPackage=null)
11-20 02:52:22.808  1436  1436 I PackageManager: Adjusting ABI for com.qualcomm.simcontacts to arm64-v8a (requirer=android, scannedPackage=null)
11-20 02:52:22.809  1436  1436 I PackageManager: Adjusting ABI for com.qualcomm.wfd.service to arm64-v8a (requirer=android, scannedPackage=null)
11-20 02:52:22.809  1436  1436 I PackageManager: Adjusting ABI for com.qualcomm.qti.auth.secureextauthservice to arm64-v8a (requirer=android, scannedPackage=null)
11-20 02:52:22.809  1436  1436 I PackageManager: Adjusting ABI for com.qualcomm.qti.qs to arm64-v8a (requirer=android, scannedPackage=null)
11-20 02:52:22.810  1436  1436 I PackageManager: Adjusting ABI for com.qualcomm.qti.simsettings to arm64-v8a (requirer=android, scannedPackage=null)
11-20 02:52:22.810  1436  1436 I PackageManager: Adjusting ABI for com.qualcomm.location to arm64-v8a (requirer=android, scannedPackage=null)
11-20 02:52:22.810  1436  1436 I PackageManager: Adjusting ABI for com.qualcomm.qti.extsettings to arm64-v8a (requirer=android, scannedPackage=null)
11-20 02:52:22.811  1436  1436 I PackageManager: Adjusting ABI for com.android.server.telecom to arm64-v8a (requirer=android, scannedPackage=null)
11-20 02:52:22.811  1436  1436 I PackageManager: Adjusting ABI for com.qualcomm.fastdormancy to arm64-v8a (requirer=android, scannedPackage=null)
11-20 02:52:22.811  1436  1436 I PackageManager: Adjusting ABI for com.qti.datastoragecleanerservice to arm64-v8a (requirer=android, scannedPackage=null)
11-20 02:52:22.811  1436  1436 I PackageManager: Adjusting ABI for com.qualcomm.qti.auth.fidosuiservice to arm64-v8a (requirer=android, scannedPackage=null)
11-20 02:52:22.812  1436  1436 I PackageManager: Adjusting ABI for com.qualcomm.qti.modemtestmode to arm64-v8a (requirer=android, scannedPackage=null)
11-20 02:52:22.812  1436  1436 I PackageManager: Adjusting ABI for com.qualcomm.cabl to arm64-v8a (requirer=android, scannedPackage=null)
11-20 02:52:22.812  1436  1436 I PackageManager: Adjusting ABI for com.bluebird.devcheck to arm64-v8a (requirer=android, scannedPackage=null)
11-20 02:52:22.813  1436  1436 I PackageManager: Adjusting ABI for com.qualcomm.qti.appnetaccess to arm64-v8a (requirer=android, scannedPackage=null)
11-20 02:52:22.813  1436  1436 I PackageManager: Adjusting ABI for com.dsi.ant.server to arm64-v8a (requirer=android, scannedPackage=null)
11-20 02:52:22.813  1436  1436 I PackageManager: Adjusting ABI for org.simalliance.openmobileapi.service to arm64-v8a (requirer=android, scannedPackage=null)
11-20 02:52:22.814  1436  1436 I PackageManager: Adjusting ABI for com.qti.dpmserviceapp to arm64-v8a (requirer=android, scannedPackage=null)
11-20 02:52:22.814  1436  1436 I PackageManager: Adjusting ABI for com.qualcomm.qti.auth.fidocryptoservice to arm64-v8a (requirer=android, scannedPackage=null)
11-20 02:52:22.814  1436  1436 I PackageManager: Adjusting ABI for com.android.inputdevices to arm64-v8a (requirer=android, scannedPackage=null)
11-20 02:52:22.814  1436  1436 I PackageManager: Adjusting ABI for com.qualcomm.qti.securemsm.mdtp to arm64-v8a (requirer=android, scannedPackage=null)
11-20 02:52:22.815  1436  1436 I PackageManager: Adjusting ABI for com.qualcomm.qti.RIDL to arm64-v8a (requirer=android, scannedPackage=null)
11-20 02:52:22.815  1436  1436 I PackageManager: Adjusting ABI for com.qualcomm.qti.tetherservice to arm64-v8a (requirer=android, scannedPackage=null)
11-20 02:52:22.815  1436  1436 I PackageManager: Adjusting ABI for com.quicinc.cne.CNEService to arm64-v8a (requirer=android, scannedPackage=null)
11-20 02:52:22.816  1436  1436 I PackageManager: Adjusting ABI for com.android.timerswitch to arm64-v8a (requirer=android, scannedPackage=null)
11-20 02:52:22.816  1436  1436 I PackageManager: Adjusting ABI for com.android.settings to arm64-v8a (requirer=android, scannedPackage=null)
11-20 02:52:22.816  1436  1436 I PackageManager: Adjusting ABI for com.android.location.fused to arm64-v8a (requirer=android, scannedPackage=null)
11-20 02:52:22.817  1436  1436 I PackageManager: Adjusting ABI for com.qualcomm.qti.auth.securesampleauthservice to arm64-v8a (requirer=android, scannedPackage=null)
11-20 02:52:22.817  1436  1436 I PackageManager: Adjusting ABI for com.android.providers.settings to arm64-v8a (requirer=android, scannedPackage=null)
11-20 02:52:22.817  1436  1436 I PackageManager: Adjusting ABI for com.qualcomm.qcrilmsgtunnel to arm64-v8a (requirer=org.codeaurora.ims, scannedPackage=null)
11-20 02:52:22.817  1436  1436 I PackageManager: Adjusting ABI for com.qualcomm.qti.telephony.vodafonepack to arm64-v8a (requirer=org.codeaurora.ims, scannedPackage=null)
11-20 02:52:22.818  1436  1436 I PackageManager: Adjusting ABI for com.android.mms.service to arm64-v8a (requirer=org.codeaurora.ims, scannedPackage=null)
11-20 02:52:22.818  1436  1436 I PackageManager: Adjusting ABI for com.qualcomm.qti.ims to arm64-v8a (requirer=org.codeaurora.ims, scannedPackage=null)
11-20 02:52:22.818  1436  1436 I PackageManager: Adjusting ABI for com.qualcomm.qti.CdmaCallOptions to arm64-v8a (requirer=org.codeaurora.ims, scannedPackage=null)
11-20 02:52:22.819  1436  1436 I PackageManager: Adjusting ABI for com.ex.bootcomplete to arm64-v8a (requirer=org.codeaurora.ims, scannedPackage=null)
11-20 02:52:22.819  1436  1436 I PackageManager: Adjusting ABI for com.qti.xdivert to arm64-v8a (requirer=org.codeaurora.ims, scannedPackage=null)
11-20 02:52:22.819  1436  1436 I PackageManager: Adjusting ABI for com.qualcomm.qti.loadcarrier to arm64-v8a (requirer=org.codeaurora.ims, scannedPackage=null)
11-20 02:52:22.820  1436  1436 I PackageManager: Adjusting ABI for com.android.stk to arm64-v8a (requirer=org.codeaurora.ims, scannedPackage=null)
11-20 02:52:22.820  1436  1436 I PackageManager: Adjusting ABI for com.qualcomm.qti.networksetting to arm64-v8a (requirer=org.codeaurora.ims, scannedPackage=null)
11-20 02:52:22.820  1436  1436 I PackageManager: Adjusting ABI for com.qti.qualcomm.datastatusnotification to arm64-v8a (requirer=org.codeaurora.ims, scannedPackage=null)
11-20 02:52:22.820  1436  1436 I PackageManager: Adjusting ABI for com.android.phone to arm64-v8a (requirer=org.codeaurora.ims, scannedPackage=null)
11-20 02:52:22.821  1436  1436 I PackageManager: Adjusting ABI for com.android.providers.telephony to arm64-v8a (requirer=org.codeaurora.ims, scannedPackage=null)
11-20 02:52:22.821  1436  1436 I PackageManager: Adjusting ABI for com.qualcomm.qti.confdialer to arm64-v8a (requirer=org.codeaurora.ims, scannedPackage=null)
11-20 02:52:22.821  1436  1436 I PackageManager: Adjusting ABI for com.qualcomm.qti.phonefeature to arm64-v8a (requirer=org.codeaurora.ims, scannedPackage=null)
11-20 02:52:22.826  1436  1436 I PackageManager: Time to scan packages: 1.307 seconds
11-20 02:52:22.827  1436  1436 W PackageManager: Unknown permission bluebird.permission.SAM_DATA_RECEIVABLE in package com.bluebird.devcheck
11-20 02:52:22.827  1436  1436 W PackageManager: Not granting permission android.permission.MANAGE_DOCUMENTS to package com.google.android.youtube (protectionLevel=2 flags=0x385bbe45)
11-20 02:52:22.827  1436  1436 W PackageManager: Unknown permission com.sec.android.provider.badge.permission.READ in package com.google.android.youtube
11-20 02:52:22.827  1436  1436 W PackageManager: Unknown permission com.sec.android.provider.badge.permission.WRITE in package com.google.android.youtube
11-20 02:52:22.827  1436  1436 W PackageManager: Unknown permission com.htc.launcher.permission.READ_SETTINGS in package com.google.android.youtube
11-20 02:52:22.827  1436  1436 W PackageManager: Unknown permission com.htc.launcher.permission.UPDATE_SHORTCUT in package com.google.android.youtube
11-20 02:52:22.827  1436  1436 W PackageManager: Unknown permission com.sonyericsson.home.permission.BROADCAST_BADGE in package com.google.android.youtube
11-20 02:52:22.827  1436  1436 W PackageManager: Unknown permission com.sonymobile.home.permission.PROVIDER_INSERT_BADGE in package com.google.android.youtube
11-20 02:52:22.827  1436  1436 W PackageManager: Unknown permission com.google.android.launcher.permission.CONTENT_REDIRECT in package com.google.android.googlequicksearchbox
11-20 02:52:22.827  1436  1436 W PackageManager: Unknown permission com.google.android.voicesearch.SHORTCUTS_ACCESS in package com.google.android.googlequicksearchbox
11-20 02:52:22.827  1436  1436 W PackageManager: Unknown permission com.google.android.voicesearch.ACCESS_SETTINGS in package com.google.android.googlequicksearchbox
11-20 02:52:22.827  1436  1436 W PackageManager: Unknown permission com.android.browser.permission.PRELOAD in package com.google.android.googlequicksearchbox
11-20 02:52:22.827  1436  1436 W PackageManager: Unknown permission com.google.android.ears.permission.WRITE in package com.google.android.googlequicksearchbox
11-20 02:52:22.827  1436  1436 W PackageManager: Unknown permission com.google.googlenav.friend.permission.OPT_IN in package com.google.android.googlequicksearchbox
11-20 02:52:22.827  1436  1436 W PackageManager: Unknown permission com.google.android.apps.googlevoice.permission.AUTO_SEND in package com.google.android.googlequicksearchbox
11-20 02:52:22.827  1436  1436 W PackageManager: Unknown permission com.android.chrome.PRERENDER_URL in package com.google.android.googlequicksearchbox
11-20 02:52:22.827  1436  1436 W PackageManager: Not granting permission com.google.android.googleapps.permission.GOOGLE_AUTH to package com.android.providers.calendar (protectionLevel=2 flags=0x30083e45)
11-20 02:52:22.827  1436  1436 W PackageManager: Not granting permission com.google.android.googleapps.permission.GOOGLE_AUTH.cl to package com.android.providers.calendar (protectionLevel=2 flags=0x30083e45)
11-20 02:52:22.828  1436  1436 W PackageManager: Unknown permission com.android.nfc.permission.NFCEE_ADMIN in package org.simalliance.openmobileapi.service
11-20 02:52:22.828  1436  1436 W PackageManager: Unknown permission org.simalliance.openmobileapi.permission.SIM_STATE_CHANGED in package org.simalliance.openmobileapi.service
11-20 02:52:22.828  1436  1436 W PackageManager: Not granting permission com.google.android.ims.providers.ACCESS_DATA to package com.google.android.apps.messaging (protectionLevel=18 flags=0x384bbe45)
11-20 02:52:22.828  1436  1436 W PackageManager: Unknown permission com.google.android.ims.LOG_ACCESS in package com.google.android.apps.messaging
11-20 02:52:22.828  1436  1436 W PackageManager: Unknown permission com.google.android.setupwizard.READ_DEVICE_ORIGIN in package com.google.android.apps.messaging
11-20 02:52:22.828  1436  1436 W PackageManager: Unknown permission com.google.android.setupwizard.READ_DEVICE_ORIGIN_FIRST_PARTY in package com.google.android.apps.messaging
11-20 02:52:22.828  1436  1436 W PackageManager: Unknown permission com.sec.android.provider.badge.permission.READ in package com.google.android.apps.messaging
11-20 02:52:22.828  1436  1436 W PackageManager: Unknown permission com.sec.android.provider.badge.permission.WRITE in package com.google.android.apps.messaging
11-20 02:52:22.828  1436  1436 W PackageManager: Unknown permission com.htc.launcher.permission.READ_SETTINGS in package com.google.android.apps.messaging
11-20 02:52:22.828  1436  1436 W PackageManager: Unknown permission com.htc.launcher.permission.UPDATE_SHORTCUT in package com.google.android.apps.messaging
11-20 02:52:22.828  1436  1436 W PackageManager: Unknown permission com.sonyericsson.home.permission.BROADCAST_BADGE in package com.google.android.apps.messaging
11-20 02:52:22.828  1436  1436 W PackageManager: Unknown permission com.sonymobile.home.permission.PROVIDER_INSERT_BADGE in package com.google.android.apps.messaging
11-20 02:52:22.828  1436  1436 W PackageManager: Unknown permission com.anddoes.launcher.permission.UPDATE_COUNT in package com.google.android.apps.messaging
11-20 02:52:22.828  1436  1436 W PackageManager: Unknown permission com.majeur.launcher.permission.UPDATE_BADGE in package com.google.android.apps.messaging
11-20 02:52:22.828  1436  1436 W PackageManager: Unknown permission com.huawei.android.launcher.permission.CHANGE_BADGE in package com.google.android.apps.messaging
11-20 02:52:22.828  1436  1436 W PackageManager: Unknown permission com.huawei.android.launcher.permission.READ_SETTINGS in package com.google.android.apps.messaging
11-20 02:52:22.828  1436  1436 W PackageManager: Unknown permission com.huawei.android.launcher.permission.WRITE_SETTINGS in package com.google.android.apps.messaging
11-20 02:52:22.828  1436  1436 W PackageManager: Unknown permission android.permission.READ_APP_BADGE in package com.google.android.apps.messaging
11-20 02:52:22.828  1436  1436 W PackageManager: Unknown permission com.oppo.launcher.permission.READ_SETTINGS in package com.google.android.apps.messaging
11-20 02:52:22.828  1436  1436 W PackageManager: Unknown permission com.oppo.launcher.permission.WRITE_SETTINGS in package com.google.android.apps.messaging
11-20 02:52:22.828  1436  1436 W PackageManager: Not granting permission android.permission.SEND_DOWNLOAD_COMPLETED_INTENTS to package com.android.vending (protectionLevel=2 flags=0x384abe45)
11-20 02:52:22.828  1436  1436 I PackageManager: Un-granting permission android.permission.INSTALL_GRANT_RUNTIME_PERMISSIONS from package com.android.vending (protectionLevel=770 flags=0x384abe45)
11-20 02:52:22.829  1436  1436 I PackageManager: Un-granting permission android.permission.GRANT_RUNTIME_PERMISSIONS from package com.android.vending (protectionLevel=770 flags=0x384abe45)
11-20 02:52:22.829  1436  1436 I PackageManager: Un-granting permission android.permission.REVOKE_RUNTIME_PERMISSIONS from package com.android.vending (protectionLevel=770 flags=0x384abe45)
11-20 02:52:22.829  1436  1436 W PackageManager: Not granting permission android.permission.SET_PREFERRED_APPLICATIONS to package com.android.vending (protectionLevel=2 flags=0x384abe45)
11-20 02:52:22.829  1436  1436 W PackageManager: Unknown permission android.permission.ACCESS_INSTANT_APPS in package com.android.vending
11-20 02:52:22.829  1436  1436 W PackageManager: Unknown permission android.permission.ALLOCATE_AGGRESSIVE in package com.android.vending
11-20 02:52:22.829  1436  1436 W PackageManager: Unknown permission com.sec.android.provider.badge.permission.READ in package com.android.vending
11-20 02:52:22.829  1436  1436 W PackageManager: Unknown permission com.sec.android.provider.badge.permission.WRITE in package com.android.vending
11-20 02:52:22.829  1436  1436 W PackageManager: Unknown permission com.htc.launcher.permission.READ_SETTINGS in package com.android.vending
11-20 02:52:22.829  1436  1436 W PackageManager: Unknown permission com.htc.launcher.permission.UPDATE_SHORTCUT in package com.android.vending
11-20 02:52:22.829  1436  1436 W PackageManager: Unknown permission com.sonyericsson.home.permission.BROADCAST_BADGE in package com.android.vending
11-20 02:52:22.829  1436  1436 W PackageManager: Unknown permission com.sonymobile.home.permission.PROVIDER_INSERT_BADGE in package com.android.vending
11-20 02:52:22.829  1436  1436 W PackageManager: Unknown permission com.anddoes.launcher.permission.UPDATE_COUNT in package com.android.vending
11-20 02:52:22.829  1436  1436 W PackageManager: Unknown permission com.majeur.launcher.permission.UPDATE_BADGE in package com.android.vending
11-20 02:52:22.829  1436  1436 W PackageManager: Unknown permission com.huawei.android.launcher.permission.CHANGE_BADGE in package com.android.vending
11-20 02:52:22.829  1436  1436 W PackageManager: Unknown permission com.huawei.android.launcher.permission.READ_SETTINGS in package com.android.vending
11-20 02:52:22.829  1436  1436 W PackageManager: Unknown permission com.huawei.android.launcher.permission.WRITE_SETTINGS in package com.android.vending
11-20 02:52:22.829  1436  1436 W PackageManager: Unknown permission android.permission.READ_APP_BADGE in package com.android.vending
11-20 02:52:22.829  1436  1436 W PackageManager: Unknown permission com.oppo.launcher.permission.READ_SETTINGS in package com.android.vending
11-20 02:52:22.829  1436  1436 W PackageManager: Unknown permission com.oppo.launcher.permission.WRITE_SETTINGS in package com.android.vending
11-20 02:52:22.829  1436  1436 W PackageManager: Unknown permission android.permission.MMS_PUSH in package org.codeaurora.bluetooth
11-20 02:52:22.829  1436  1436 W PackageManager: Unknown permission com.android.email.permission.ACCESS_PROVIDER in package org.codeaurora.bluetooth
11-20 02:52:22.829  1436  1436 W PackageManager: Unknown permission com.android.email.permission.READ_ATTACHMENT in package org.codeaurora.bluetooth
11-20 02:52:22.829  1436  1436 W PackageManager: Unknown permission android.permission.NFC_UNLOCK in package com.android.nfc
11-20 02:52:22.829  1436  1436 W PackageManager: Unknown permission com.android.launcher.permission.READ_SETTINGS in package com.android.launcher3
11-20 02:52:22.829  1436  1436 W PackageManager: Unknown permission com.android.launcher.permission.WRITE_SETTINGS in package com.android.launcher3
11-20 02:52:22.829  1436  1436 W PackageManager: Not granting permission android.permission.BIND_APPWIDGET to package com.android.launcher3 (protectionLevel=18 flags=0x3c4bbe45)
11-20 02:52:22.830  1436  1436 W PackageManager: Unknown permission com.google.android.email.permission.ACCESS_PROVIDER in package com.google.android.gm
11-20 02:52:22.830  1436  1436 W PackageManager: Unknown permission com.google.android.gm.exchange.BIND in package com.google.android.gm
11-20 02:52:22.830  1436  1436 W PackageManager: Unknown permission com.android.email.partnerprovider.PARTNER_PROVIDER in package com.google.android.gm
11-20 02:52:22.830  1436  1436 W PackageManager: Unknown permission com.android.email.permission.ACCESS_PROVIDER in package com.qti.launcherunreadservice
