11-20 11:44:58.970  1360  1360 D ZenLog  : config: readXml,ZenModeConfig[user=0,allowCalls=true,allowRepeatCallers=false,allowMessages=false,allowCallsFrom=contacts,allowMessagesFrom=contacts,allowReminders=true,allowEvents=true,allowWhenScreenOff=true,allowWhenScreenOn=true,automaticRules={5c3942b98c65434988daa7af846ccb83=ZenRule[enabled=false,snoozing=false,name=Weekend,zenMode=ZEN_MODE_ALARMS,conditionId=condition://android/schedule?days=6.7&start=23.30&end=10.0&exitAtAlarm=false,condition=Condition[id=condition://android/schedule?days=6.7&start=23.30&end=10.0&exitAtAlarm=false,summary=...,line1=...,line2=...,icon=0,state=STATE_FALSE,flags=2],component=ComponentInfo{android/com.android.server.notification.ScheduleConditionProvider},id=5c3942b98c65434988daa7af846ccb83,creationTime=1507236063527,enabler=null], 56b2289a6d954bcf86569e23e5558ccd=ZenRule[enabled=false,snoozing=false,name=Event,zenMode=ZEN_MODE_ALARMS,conditionId=condition://android/event?userId=-10000&calendar=&reply=1,condition=Condition[id=condition://android/event?userId=-10000&calendar=&reply=1,summary=...,line1=...,line2=...,icon=0,state=STATE_FALSE,flags=2],component=ComponentInfo{android/com.android.server.notification.EventConditionProvider},id=56b2289a6d954bcf86569e23e5558ccd,creationTime=1507236063528,enabler=null], 34c64493e38443ad8601cc2a36bdaa32=ZenRule[enabled=false,snoozing=false,name=Weeknight,zenMode=ZEN_MODE_ALARMS,conditionId=condition://android/schedule?days=1.2.3.4.5&start=22.0&end=7.0&exitAtAlarm=false,condition=Condition[id=condition://android/schedule?days=1.2.3.4.5&start=22.0&end=7.0&exitAtAlarm=false,summary=...,line1=...,line2=...,icon=0,state=STATE_FALSE,flags=2],component=ComponentInfo{android/com.android.server.notification.ScheduleConditionProvider},id=34c64493e38443ad8601cc2a36bdaa32,creationTime=1507236063527,enabler=null]},manualRule=null],Diff[automaticRule[5c3942b98c65434988daa7af846ccb83]:insert,automaticRule[5a57bdafee5747bdb01fc3cf66a2cea7]:delete,automaticRule[8bf5d85b4050424eb3c6ffc2acabf9d1]:delete,automaticRule[56b2289a6d954bcf86569e23e5558ccd]:insert,automaticRule[34c64493e38443ad8601cc2a36bdaa32]:insert,automaticRule[b44444e11aba4f52b7be0a5f2b23e04b]:delete]
11-20 11:44:58.983  1360  1360 D ZenLog  : set_zen_mode: off,init
11-20 11:44:58.986   696   696 I ServiceManager: Waiting for service AtCmdFwd...
11-20 11:44:58.986  1360  1360 I SystemServiceManager: Starting com.android.server.storage.DeviceStorageMonitorService
11-20 11:44:58.989  1360  1360 I SystemServer: StartLocationManagerService
11-20 11:44:58.996  1360  1360 I SystemServer: StartCountryDetectorService
11-20 11:44:58.997  1360  1360 I SystemServer: StartSearchManagerService
11-20 11:44:58.997  1360  1360 I SystemServiceManager: Starting com.android.server.search.SearchManagerService$Lifecycle
11-20 11:44:59.000  1360  1360 I SystemServiceManager: Starting com.android.server.DropBoxManagerService
11-20 11:44:59.002  1360  1360 I SystemServer: StartWallpaperManagerService
11-20 11:44:59.002  1360  1360 I SystemServiceManager: Starting com.android.server.wallpaper.WallpaperManagerService$Lifecycle
11-20 11:44:59.005  1360  1360 E WallpaperManagerService: Invalid wallpaper data
11-20 11:44:59.005  1360  1360 E WallpaperManagerService: Unable to apply new wallpaper
11-20 11:44:59.007  1360  1360 I SystemServer: StartAudioService
11-20 11:44:59.007  1360  1360 I SystemServiceManager: Starting com.android.server.audio.AudioService$Lifecycle
11-20 11:44:59.014   651  1179 D PermissionCache: checking android.permission.MODIFY_AUDIO_SETTINGS for uid=1000 => granted (703 us)
11-20 11:44:59.014   651  1179 D AudioPolicyManagerCustom: setForceUse() usage 4, config 11, mPhoneState 0
11-20 11:44:59.016   651   651 D AudioPolicyManagerCustom: setForceUse() usage 3, config 8, mPhoneState 0
11-20 11:44:59.017   651   651 D AudioPolicyManagerCustom: setForceUse() usage 6, config 0, mPhoneState 0
11-20 11:44:59.018  1360  1427 I chatty  : uid=1000(system) Binder:1360_2 expire 1 line
11-20 11:44:59.018   651  1004 W AudioFlinger: no wake lock to update, system not ready yet
11-20 11:44:59.019   651  1008 W AudioFlinger: no wake lock to update, system not ready yet
11-20 11:44:59.019   651  1010 W AudioFlinger: no wake lock to update, system not ready yet
11-20 11:44:59.022   651  1007 W AudioFlinger: no wake lock to update, system not ready yet
11-20 11:44:59.023   651  1710 D audio_hw_primary: adev_set_mic_mute state 0
11-20 11:44:59.060  1360  1360 I SystemServiceManager: Starting com.android.server.DockObserver
11-20 11:44:59.060  1360  1360 W DockObserver: This kernel does not have dock station support
11-20 11:44:59.062  1360  1360 I SystemServer: StartWiredAccessoryManager
11-20 11:44:59.063  1360  1360 W WiredAccessoryManager: This kernel does not have usb audio support
11-20 11:44:59.063  1360  1360 W WiredAccessoryManager: This kernel does not have HDMI audio support
11-20 11:44:59.063  1360  1360 I SystemServiceManager: Starting com.android.server.midi.MidiService$Lifecycle
11-20 11:44:59.065  1360  1360 I SystemServiceManager: Starting com.android.server.usb.UsbService$Lifecycle
11-20 11:44:59.075  1360  1360 I SystemServer: StartSerialService
11-20 11:44:59.077  1360  1360 I SystemServiceManager: Starting com.android.server.twilight.TwilightService
11-20 11:44:59.078  1360  1360 I SystemServiceManager: Starting com.android.server.job.JobSchedulerService
11-20 11:44:59.081  1360  1360 D JobStore: Start tag: job-info
11-20 11:44:59.087  1360  1360 I SystemServiceManager: Starting com.android.server.soundtrigger.SoundTriggerService
11-20 11:44:59.089  1360  1360 I SystemServiceManager: Starting com.android.server.backup.BackupManagerService$Lifecycle
11-20 11:44:59.091  1360  1360 I SystemServiceManager: Starting com.android.server.appwidget.AppWidgetService
11-20 11:44:59.100  1360  1360 I SystemServiceManager: Starting com.android.server.voiceinteraction.VoiceInteractionManagerService
11-20 11:44:59.102  1360  1360 I SystemServer: Gesture Launcher Service
11-20 11:44:59.102  1360  1360 I SystemServiceManager: Starting com.android.server.GestureLauncherService
11-20 11:44:59.102  1360  1360 I SystemServiceManager: Starting com.android.server.SensorNotificationService
11-20 11:44:59.102  1360  1360 I SystemServiceManager: Starting com.android.server.ContextHubSystemService
11-20 11:44:59.103  1360  1360 I SystemServer: StartDiskStatsService
11-20 11:44:59.106  1360  1360 I SystemServer: StartSamplingProfilerService
11-20 11:44:59.112  1360  1360 I SystemServer: StartNetworkTimeUpdateService
11-20 11:44:59.114  1360  1360 I SystemServer: StartCommonTimeManagementService
11-20 11:44:59.115  1360  1360 I SystemServer: CertBlacklister
11-20 11:44:59.116  1360  1360 I SystemServiceManager: Starting com.android.server.emergency.EmergencyAffordanceService
11-20 11:44:59.117  1360  1360 I SystemServiceManager: Starting com.android.server.dreams.DreamManagerService
11-20 11:44:59.119  1360  1360 I SystemServer: StartAssetAtlasService
11-20 11:44:59.123  1360  1360 I SystemServiceManager: Starting com.android.server.print.PrintManagerService
11-20 11:44:59.123  1360  1713 I chatty  : uid=1000 system_server expire 3 lines
11-20 11:44:59.127  1360  1360 I SystemServiceManager: Starting com.android.server.restrictions.RestrictionsManagerService
11-20 11:44:59.130  1360  1360 I SystemServiceManager: Starting com.android.server.media.MediaSessionService
11-20 11:44:59.133  1360  1360 I SystemServer: StartMediaRouterService
11-20 11:44:59.135  1360  1360 I SystemServiceManager: Starting com.android.server.trust.TrustManagerService
11-20 11:44:59.137  1360  1360 I SystemServer: StartBackgroundDexOptService
11-20 11:44:59.138  1360  1360 I SystemServiceManager: Starting com.android.server.pm.ShortcutService$Lifecycle
11-20 11:44:59.143  1360  1360 I SystemServiceManager: Starting com.android.server.pm.LauncherAppsService
11-20 11:44:59.145  1360  1360 I SystemServiceManager: Starting com.android.server.media.projection.MediaProjectionManagerService
11-20 11:44:59.152  1360  1360 I SystemServer: SystemUpdateManagerService
11-20 11:44:59.159  1360  1360 I SystemServiceManager: Starting com.android.server.MmsServiceBroker
11-20 11:44:59.186  1360  1360 E LockSettingsStorage: Cannot read file java.io.FileNotFoundException: /data/system/gatekeeper.password.key: open failed: ENOENT (No such file or directory)
11-20 11:44:59.186  1360  1360 E LockSettingsStorage: Cannot read file java.io.FileNotFoundException: /data/system/password.key: open failed: ENOENT (No such file or directory)
11-20 11:44:59.187  1360  1360 E LockSettingsStorage: Cannot read file java.io.FileNotFoundException: /data/system/gatekeeper.pattern.key: open failed: ENOENT (No such file or directory)
11-20 11:44:59.187  1360  1360 E LockSettingsStorage: Cannot read file java.io.FileNotFoundException: /data/system/gatekeeper.gesture.key: open failed: ENOENT (No such file or directory)
11-20 11:44:59.188  1360  1360 E LockSettingsStorage: Cannot read file java.io.FileNotFoundException: /data/system/gesture.key: open failed: ENOENT (No such file or directory)
11-20 11:44:59.188  1360  1360 I SystemServiceManager: Starting phase 480
11-20 11:44:59.205  1360  1360 I DevicePolicyManagerService: Set ro.device_owner property to false
11-20 11:44:59.208  1360  1360 I SystemServiceManager: Starting phase 500
11-20 11:44:59.227  1360  1360 I WifiService: WifiService starting up with Wi-Fi enabled
11-20 11:44:59.228  1157  1188 E LocSvc_api_v02: E/loc_sync_wait_for_ind:458]: slot 0, timed out for ind_id QMI_LOC_INJECT_APDONOTCACHE_DATA_REQ_V02
11-20 11:44:59.228  1157  1188 E LocSvc_api_v02: E/loc_sync_send_req:529]: loc_api_wait_for_ind failed, err -110, select id 0, status eLOC_CLIENT_FAILURE_TIMEOUT
11-20 11:44:59.229  1157  1188 E LocSvc_IzatApiV02: E/virtual int izat_core::IzatApiV02::injectApCacheBlacklist(APCacheBlacklistData):857]: Error : st = 6, ind.status = 0
11-20 11:44:59.229  1157  1188 E LocSvc_IzatApiV02: E/virtual int izat_core::IzatApiV02::injectApCacheBlacklist(APCacheBlacklistData):869]: inject AP Cache - blacklistto modem failed. 
11-20 11:44:59.229  1157  1188 W XTCC-5.1.0.23-d: [FDAL_LOC_API] retryIfNeeded: Max Injection Retry Count reached. Assuming LP is unsupported
11-20 11:44:59.229  1360  1360 D WifiService: setWifiEnabled: true pid=1360, uid=1000
11-20 11:44:59.230  1157  1206 E LocSvc_api_v02: I/---> locClientClose line 1976 loc client close
11-20 11:44:59.232  1360  1695 I chatty  : uid=1000(system) WifiService expire 2 lines
11-20 11:44:59.236  1360  1700 D ConnectivityService: Got NetworkFactory Messenger for Ethernet
11-20 11:44:59.236  1360  1716 I chatty  : uid=1000(system) EthernetService expire 1 line
11-20 11:44:59.243  1360  1360 D ZenLog  : config: cleanUpZenRules,ZenModeConfig[user=0,allowCalls=true,allowRepeatCallers=false,allowMessages=false,allowCallsFrom=contacts,allowMessagesFrom=contacts,allowReminders=true,allowEvents=true,allowWhenScreenOff=true,allowWhenScreenOn=true,automaticRules={5c3942b98c65434988daa7af846ccb83=ZenRule[enabled=false,snoozing=false,name=Weekend,zenMode=ZEN_MODE_ALARMS,conditionId=condition://android/schedule?days=6.7&start=23.30&end=10.0&exitAtAlarm=false,condition=Condition[id=condition://android/schedule?days=6.7&start=23.30&end=10.0&exitAtAlarm=false,summary=...,line1=...,line2=...,icon=0,state=STATE_FALSE,flags=2],component=ComponentInfo{android/com.android.server.notification.ScheduleConditionProvider},id=5c3942b98c65434988daa7af846ccb83,creationTime=1507236063527,enabler=null], 56b2289a6d954bcf86569e23e5558ccd=ZenRule[enabled=false,snoozing=false,name=Event,zenMode=ZEN_MODE_ALARMS,conditionId=condition://android/event?userId=-10000&calendar=&reply=1,condition=Condition[id=condition://android/event?userId=-10000&calendar=&reply=1,summary=...,line1=...,line2=...,icon=0,state=STATE_FALSE,flags=2],component=ComponentInfo{android/com.android.server.notification.EventConditionProvider},id=56b2289a6d954bcf86569e23e5558ccd,creationTime=1507236063528,enabler=null], 34c64493e38443ad8601cc2a36bdaa32=ZenRule[enabled=false,snoozing=false,name=Weeknight,zenMode=ZEN_MODE_ALARMS,conditionId=condition://android/schedule?days=1.2.3.4.5&start=22.0&end=7.0&exitAtAlarm=false,condition=Condition[id=condition://android/schedule?days=1.2.3.4.5&start=22.0&end=7.0&exitAtAlarm=false,summary=...,line1=...,line2=...,icon=0,state=STATE_FALSE,flags=2],component=ComponentInfo{android/com.android.server.notification.ScheduleConditionProvider},id=34c64493e38443ad8601cc2a36bdaa32,creationTime=1507236063527,enabler=null]},manualRule=null],Diff[]
11-20 11:44:59.243  1360  1360 D ZenLog  : set_zen_mode: off,onSystemReady
11-20 11:44:59.245   651  1179 D PermissionCache: checking android.permission.CAPTURE_AUDIO_HOTWORD for uid=1000 => granted (197 us)
11-20 11:44:59.324  1360  1360 V UserManagerService: Found /data/user_de/0 with serial number 0
11-20 11:44:59.324  1360  1360 V UserManagerService: Found /data/user/0 with serial number 0
11-20 11:44:59.325  1360  1360 V UserManagerService: Found /data/system_de/0 with serial number 0
11-20 11:44:59.325  1360  1360 V UserManagerService: Found /data/system_ce/0 with serial number 0
11-20 11:44:59.326  1360  1503 W KeyguardServiceDelegate: onScreenTurningOn(): no keyguard service!
11-20 11:44:59.330  1360  1360 I ActivityManager: System now ready
11-20 11:44:59.334  1360  1360 I SystemServer: Making services ready
11-20 11:44:59.334  1360  1360 I SystemServiceManager: Starting phase 550
11-20 11:44:59.362  1360  1360 D BluetoothManagerService: Bluetooth boot completed
11-20 11:44:59.365  1360  1360 E InputMethodManagerService: Ignoring updateSystemUiLocked due to an invalid token. uid:1000 token:null
11-20 11:44:59.441  1360  1360 I ActivityManager: Start proc 1719:com.google.android.inputmethod.latin/u0a71 for service com.google.android.inputmethod.latin/com.android.inputmethod.latin.LatinIME
11-20 11:44:59.441  1360  1360 V InputMethodManagerService: Adding window token: android.os.Binder@52f9d39
11-20 11:44:59.441  1360  1687 D MountService: Thinking about init, mSystemReady=true, mDaemonConnected=true
11-20 11:44:59.442  1360  1687 D MountService: Setting up emulation state, initlocked=false
11-20 11:44:59.442  1360  1687 D CryptdConnector: SND -> {2 cryptfs unlock_user_key 0 0 ! !}
11-20 11:44:59.442  1360  1360 W TextServicesManagerService: no available spell checker services found
11-20 11:44:59.442   454   460 D vold    : e4crypt_unlock_user_key 0 serial=0 token_present=0
11-20 11:44:59.442  1360  1360 E WallpaperManagerService: Invalid wallpaper data
11-20 11:44:59.442  1360  1360 E WallpaperManagerService: Unable to apply new wallpaper
11-20 11:44:59.443  1360  1689 D CryptdConnector: RCV <- {200 2 Command succeeded}
11-20 11:44:59.443  1360  1687 D MountService: Thinking about reset, mSystemReady=true, mDaemonConnected=true
11-20 11:44:59.444  1360  1687 D VoldConnector: SND -> {3 volume reset}
11-20 11:44:59.444  1360  1457 I ActivityManager: Force stopping com.android.providers.media appid=10010 user=-1: vold reset
11-20 11:44:59.444  1360  1688 D VoldConnector: RCV <- {651 emulated 7}
11-20 11:44:59.445  1360  1688 D VoldConnector: RCV <- {659 emulated}
11-20 11:44:59.445  1360  1688 D VoldConnector: RCV <- {650 emulated 2 "" ""}
11-20 11:44:59.445  1360  1688 D VoldConnector: RCV <- {651 emulated 0}
11-20 11:44:59.445  1360  1688 D VoldConnector: RCV <- {200 3 Command succeeded}
11-20 11:44:59.446  1360  1687 D VoldConnector: SND -> {4 volume user_added 0 0}
11-20 11:44:59.446  1360  1688 D VoldConnector: RCV <- {200 4 Command succeeded}
11-20 11:44:59.446  1360  1498 V MountService: Found primary storage at VolumeInfo{emulated}:
11-20 11:44:59.446  1360  1498 V MountService:     type=EMULATED diskId=null partGuid=null mountFlags=0 mountUserId=-1 
11-20 11:44:59.446  1360  1498 V MountService:     state=UNMOUNTED 
11-20 11:44:59.446  1360  1498 V MountService:     fsType=null fsUuid=null fsLabel=null 
11-20 11:44:59.446  1360  1498 V MountService:     path=null internalPath=null 
11-20 11:44:59.471  1360  1360 I ActivityManager: Start proc 1733:com.android.systemui/u0a31 for service com.android.systemui/.ImageWallpaper
11-20 11:44:59.477  1360  1687 D VoldConnector: SND -> {5 volume mount emulated 3 -1}
11-20 11:44:59.478   651   651 D audio_hw_primary: adev_set_parameters: enter: A2dpSuspended=false
11-20 11:44:59.478   651   651 D audio_hw_extn: audio_extn_set_anc_parameters: anc_enabled:0
11-20 11:44:59.478   651   651 D audio_hw_spkr_prot: audio_extn_fbsp_set_parameters: Speaker protection disabled
11-20 11:44:59.478  1360  1688 D VoldConnector: RCV <- {651 emulated 1}
11-20 11:44:59.479  1360  1688 D VoldConnector: RCV <- {656 emulated /data/media}
11-20 11:44:59.479  1360  1360 D UsbAlsaManager: Adding ALSA device AlsaDevice: [card: 0, device: 42, type: 2]
11-20 11:44:59.479  1360  1360 D UsbAlsaManager: Adding ALSA device AlsaDevice: [card: 0, device: 42, type: 1]
11-20 11:44:59.479  1360  1360 D UsbAlsaManager: Adding ALSA device AlsaDevice: [card: 0, device: 41, type: 1]
11-20 11:44:59.479  1360  1360 D UsbAlsaManager: Adding ALSA device AlsaDevice: [card: 0, device: 40, type: 2]
11-20 11:44:59.479  1360  1360 D UsbAlsaManager: Adding ALSA device AlsaDevice: [card: 0, device: 39, type: 2]
11-20 11:44:59.479  1360  1360 D UsbAlsaManager: Adding ALSA device AlsaDevice: [card: 0, device: 38, type: 1]
11-20 11:44:59.479  1360  1360 D UsbAlsaManager: Adding ALSA device AlsaDevice: [card: 0, device: 37, type: 2]
11-20 11:44:59.479  1360  1360 D UsbAlsaManager: Adding ALSA device AlsaDevice: [card: 0, device: 36, type: 2]
11-20 11:44:59.479  1360  1360 D UsbAlsaManager: Adding ALSA device AlsaDevice: [card: 0, device: 36, type: 1]
11-20 11:44:59.479  1360  1688 D VoldConnector: RCV <- {655 emulated /storage/emulated}
11-20 11:44:59.479  1360  1360 D UsbAlsaManager: Adding ALSA device AlsaDevice: [card: 0, device: 35, type: 2]
11-20 11:44:59.479  1360  1360 D UsbAlsaManager: Adding ALSA device AlsaDevice: [card: 0, device: 35, type: 1]
11-20 11:44:59.479  1360  1360 D UsbAlsaManager: Adding ALSA device AlsaDevice: [card: 0, device: 27, type: 1]
11-20 11:44:59.479  1360  1360 D UsbAlsaManager: Adding ALSA device AlsaDevice: [card: 0, device: 26, type: 2]
11-20 11:44:59.479  1360  1360 D UsbAlsaManager: Adding ALSA device AlsaDevice: [card: 0, device: 26, type: 1]
11-20 11:44:59.479  1360  1360 D UsbAlsaManager: Adding ALSA device AlsaDevice: [card: 0, device: 25, type: 2]
11-20 11:44:59.479  1360  1360 D UsbAlsaManager: Adding ALSA device AlsaDevice: [card: 0, device: 25, type: 1]
11-20 11:44:59.480  1360  1360 D UsbAlsaManager: Adding ALSA device AlsaDevice: [card: 0, device: 23, type: 2]
11-20 11:44:59.480  1360  1360 D UsbAlsaManager: Adding ALSA device AlsaDevice: [card: 0, device: 22, type: 2]
11-20 11:44:59.480  1360  1360 D UsbAlsaManager: Adding ALSA device AlsaDevice: [card: 0, device: 21, type: 2]
11-20 11:44:59.480  1360  1360 D UsbAlsaManager: Adding ALSA device AlsaDevice: [card: 0, device: 20, type: 2]
11-20 11:44:59.480  1360  1360 D UsbAlsaManager: Adding ALSA device AlsaDevice: [card: 0, device: 19, type: 2]
11-20 11:44:59.480  1360  1360 D UsbAlsaManager: Adding ALSA device AlsaDevice: [card: 0, device: 18, type: 2]
11-20 11:44:59.480  1360  1360 D UsbAlsaManager: Adding ALSA device AlsaDevice: [card: 0, device: 18, type: 1]
11-20 11:44:59.480  1360  1360 D UsbAlsaManager: Adding ALSA device AlsaDevice: [card: 0, device: 17, type: 2]
11-20 11:44:59.480  1360  1360 D UsbAlsaManager: Adding ALSA device AlsaDevice: [card: 0, device: 17, type: 1]
11-20 11:44:59.480  1360  1360 D UsbAlsaManager: Adding ALSA device AlsaDevice: [card: 0, device: 16, type: 2]
11-20 11:44:59.480  1360  1360 D UsbAlsaManager: Adding ALSA device AlsaDevice: [card: 0, device: 16, type: 1]
11-20 11:44:59.480  1360  1360 D UsbAlsaManager: Adding ALSA device AlsaDevice: [card: 0, device: 15, type: 2]
11-20 11:44:59.480  1360  1360 D UsbAlsaManager: Adding ALSA device AlsaDevice: [card: 0, device: 15, type: 1]
11-20 11:44:59.480  1360  1360 D UsbAlsaManager: Adding ALSA device AlsaDevice: [card: 0, device: 14, type: 2]
11-20 11:44:59.480  1360  1360 D UsbAlsaManager: Adding ALSA device AlsaDevice: [card: 0, device: 14, type: 1]
11-20 11:44:59.480  1360  1360 D UsbAlsaManager: Adding ALSA device AlsaDevice: [card: 0, device: 13, type: 2]
11-20 11:44:59.480  1360  1360 D UsbAlsaManager: Adding ALSA device AlsaDevice: [card: 0, device: 13, type: 1]
11-20 11:44:59.480  1360  1360 D UsbAlsaManager: Adding ALSA device AlsaDevice: [card: 0, device: 12, type: 2]
11-20 11:44:59.480  1360  1360 D UsbAlsaManager: Adding ALSA device AlsaDevice: [card: 0, device: 12, type: 1]
11-20 11:44:59.480  1360  1360 D UsbAlsaManager: Adding ALSA device AlsaDevice: [card: 0, device: 11, type: 2]
11-20 11:44:59.480  1360  1360 D UsbAlsaManager: Adding ALSA device AlsaDevice: [card: 0, device: 11, type: 1]
11-20 11:44:59.480  1360  1360 D UsbAlsaManager: Adding ALSA device AlsaDevice: [card: 0, device: 10, type: 2]
11-20 11:44:59.480  1360  1360 D UsbAlsaManager: Adding ALSA device AlsaDevice: [card: 0, device: 10, type: 1]
11-20 11:44:59.480  1360  1360 D UsbAlsaManager: Adding ALSA device AlsaDevice: [card: 0, device: 8, type: 2]
11-20 11:44:59.480  1360  1360 D UsbAlsaManager: Adding ALSA device AlsaDevice: [card: 0, device: 7, type: 1]
11-20 11:44:59.480  1360  1360 D UsbAlsaManager: Adding ALSA device AlsaDevice: [card: 0, device: 6, type: 2]
11-20 11:44:59.480  1360  1360 D UsbAlsaManager: Adding ALSA device AlsaDevice: [card: 0, device: 6, type: 1]
11-20 11:44:59.480  1360  1360 D UsbAlsaManager: Adding ALSA device AlsaDevice: [card: 0, device: 5, type: 2]
11-20 11:44:59.481  1360  1360 D UsbAlsaManager: Adding ALSA device AlsaDevice: [card: 0, device: 5, type: 1]
11-20 11:44:59.481  1360  1360 D UsbAlsaManager: Adding ALSA device AlsaDevice: [card: 0, device: 4, type: 1]
11-20 11:44:59.481  1360  1360 D UsbAlsaManager: Adding ALSA device AlsaDevice: [card: 0, device: 3, type: 2]
11-20 11:44:59.481  1360  1360 D UsbAlsaManager: Adding ALSA device AlsaDevice: [card: 0, device: 3, type: 1]
11-20 11:44:59.481  1360  1360 D UsbAlsaManager: Adding ALSA device AlsaDevice: [card: 0, device: 2, type: 2]
11-20 11:44:59.481  1360  1360 D UsbAlsaManager: Adding ALSA device AlsaDevice: [card: 0, device: 2, type: 1]
11-20 11:44:59.481  1360  1360 D UsbAlsaManager: Adding ALSA device AlsaDevice: [card: 0, device: 1, type: 2]
11-20 11:44:59.481  1360  1360 D UsbAlsaManager: Adding ALSA device AlsaDevice: [card: 0, device: 1, type: 1]
11-20 11:44:59.481  1360  1360 D UsbAlsaManager: Adding ALSA device AlsaDevice: [card: 0, device: 0, type: 2]
11-20 11:44:59.481  1360  1360 D UsbAlsaManager: Adding ALSA device AlsaDevice: [card: 0, device: 0, type: 1]
11-20 11:44:59.484   454   459 V vold    : Waiting for FUSE to spin up...
11-20 11:44:59.485   651  1710 I AudioFlinger: systemReady
11-20 11:44:59.486  1360  1360 I SystemServer: WebViewFactory preparation
11-20 11:44:59.503  1360  1752 I chatty  : uid=1000(system) SoundPoolThread expire 1 line
11-20 11:44:59.505  1744  1744 W sdcard  : Device explicitly disabled sdcardfs
11-20 11:44:59.506  1719  1719 W System  : ClassLoader referenced unknown path: /system/app/LatinImeGoogle/lib/arm64
11-20 11:44:59.535  1360  1688 D VoldConnector: RCV <- {651 emulated 2}
11-20 11:44:59.535  1360  1688 D VoldConnector: RCV <- {200 5 Command succeeded}
11-20 11:44:59.548  1733  1733 W System  : ClassLoader referenced unknown path: /system/priv-app/SystemUI/lib/arm64
11-20 11:44:59.582   677   677 I ExtendedExtractor: QTIParser is prefered .. flags 0
11-20 11:44:59.583   677   677 D MMParserExtractor: setExtraFlags called with flags 0 for paser instance f502daa0
11-20 11:44:59.583   677   677 I ExtendedExtractor: ExtendedExtractor::create 0xf502daa0
11-20 11:44:59.583   677   820 E MM_OSAL : FileSource::FileSource
11-20 11:44:59.583   677   820 E MM_OSAL : FileSource::FileSource m_bEveryThingOK 1
11-20 11:44:59.583   677   820 E MM_OSAL : MM_File_Create failed .Efs Error No -1 , File Name /data/mmosal_logmask.cfg , Mode 0
11-20 11:44:59.584   677   820 E MM_OSAL : Open or read fail on /data/mmosal_logmask.cfg. Possible permission denied issue. Looking for /data/misc/media/mmosal_logmask.cfg
11-20 11:44:59.584   677   820 E MM_OSAL : MM_File_Create failed .Efs Error No -1 , File Name /data/misc/media/mmosal_logmask.cfg , Mode 0
11-20 11:44:59.592   678   678 I MediaPlayerService: MediaPlayerService::getOMX
11-20 11:44:59.600   678   678 E OMXMaster: A component of name 'OMX.qcom.audio.decoder.aac' already exists, ignoring this one.
11-20 11:44:59.600   678   678 E OMXMaster: A component of name 'OMX.qcom.file.muxer' already exists, ignoring this one.
11-20 11:44:59.603   659   659 E OMXMaster: A component of name 'OMX.qcom.audio.decoder.aac' already exists, ignoring this one.
11-20 11:44:59.603   659   659 E OMXMaster: A component of name 'OMX.qcom.file.muxer' already exists, ignoring this one.
11-20 11:44:59.603   678   678 I OMXClient: MuxOMX ctor
11-20 11:44:59.607   678   678 I MediaPlayerService: MediaPlayerService::getOMX
11-20 11:44:59.607   678   678 I OMXClient: MuxOMX ctor
11-20 11:44:59.608   659   659 I OMXMaster: makeComponentInstance(OMX.google.mp3.decoder) in mediacodec process
11-20 11:44:59.614   678   678 I MediaPlayerService: MediaPlayerService::getOMX
11-20 11:44:59.615   678   678 I OMXClient: MuxOMX ctor
11-20 11:44:59.615   659   659 I OMXMaster: makeComponentInstance(OMX.google.amrnb.decoder) in mediacodec process
11-20 11:44:59.615   644   644 I art     : Starting a blocking GC Background
11-20 11:44:59.624   678   678 I MediaPlayerService: MediaPlayerService::getOMX
11-20 11:44:59.624   678   678 I OMXClient: MuxOMX ctor
11-20 11:44:59.625   659   659 I OMXMaster: makeComponentInstance(OMX.google.amrwb.decoder) in mediacodec process
11-20 11:44:59.629   678   678 I MediaPlayerService: MediaPlayerService::getOMX
11-20 11:44:59.630   678   678 I OMXClient: MuxOMX ctor
11-20 11:44:59.630   659   794 I OMXMaster: makeComponentInstance(OMX.google.aac.decoder) in mediacodec process
11-20 11:44:59.643   678   678 I MediaPlayerService: MediaPlayerService::getOMX
11-20 11:44:59.644   678   678 I OMXClient: MuxOMX ctor
11-20 11:44:59.644   659   659 I OMXMaster: makeComponentInstance(OMX.google.g711.alaw.decoder) in mediacodec process
11-20 11:44:59.650   678   678 I MediaPlayerService: MediaPlayerService::getOMX
11-20 11:44:59.650   678   678 I OMXClient: MuxOMX ctor
11-20 11:44:59.650   659  1767 I OMXMaster: makeComponentInstance(OMX.google.g711.mlaw.decoder) in mediacodec process
11-20 11:44:59.655   678   678 I MediaPlayerService: MediaPlayerService::getOMX
11-20 11:44:59.655   678   678 I OMXClient: MuxOMX ctor
11-20 11:44:59.655   659   794 I OMXMaster: makeComponentInstance(OMX.google.vorbis.decoder) in mediacodec process
11-20 11:44:59.659   678   678 I MediaPlayerService: MediaPlayerService::getOMX
11-20 11:44:59.660   678   678 I OMXClient: MuxOMX ctor
11-20 11:44:59.660   659   659 I OMXMaster: makeComponentInstance(OMX.google.opus.decoder) in mediacodec process
11-20 11:44:59.666   678   678 I MediaPlayerService: MediaPlayerService::getOMX
11-20 11:44:59.667   678   678 I OMXClient: MuxOMX ctor
11-20 11:44:59.667   659  1767 I OMXMaster: makeComponentInstance(OMX.google.raw.decoder) in mediacodec process
11-20 11:44:59.671   678   678 I MediaPlayerService: MediaPlayerService::getOMX
11-20 11:44:59.671   678   678 I OMXClient: MuxOMX ctor
11-20 11:44:59.671   659   794 I OMXMaster: makeComponentInstance(OMX.google.aac.encoder) in mediacodec process
11-20 11:44:59.677  1360  1360 W ActivityManager: Slow operation: 75ms so far, now at startProcess: returned from zygote!
11-20 11:44:59.677  1360  1360 W ActivityManager: Slow operation: 75ms so far, now at startProcess: done updating battery stats
11-20 11:44:59.677  1360  1360 W ActivityManager: Slow operation: 75ms so far, now at startProcess: building log message
11-20 11:44:59.677  1360  1360 I ActivityManager: Start proc 1783:WebViewLoader-armeabi-v7a/1037 [android.webkit.WebViewFactory$RelroFileCreator] for 
11-20 11:44:59.677  1360  1360 W ActivityManager: Slow operation: 75ms so far, now at startProcess: starting to update pids map
11-20 11:44:59.677  1360  1360 W ActivityManager: Slow operation: 75ms so far, now at startProcess: done updating pids map
11-20 11:44:59.677  1360  1360 W ActivityManager: Slow operation: 75ms so far, now at startProcess: done starting proc!
11-20 11:44:59.681   678   678 I MediaPlayerService: MediaPlayerService::getOMX
11-20 11:44:59.683   678   678 I OMXClient: MuxOMX ctor
11-20 11:44:59.683   659  1791 I OMXMaster: makeComponentInstance(OMX.google.amrnb.encoder) in mediacodec process
11-20 11:44:59.688   678   678 I MediaPlayerService: MediaPlayerService::getOMX
11-20 11:44:59.689   678   678 I OMXClient: MuxOMX ctor
11-20 11:44:59.689   659  1790 I OMXMaster: makeComponentInstance(OMX.google.amrwb.encoder) in mediacodec process
11-20 11:44:59.692  1783  1783 V WebViewFactory: RelroFileCreator (64bit = false),  32-bit lib: /system/app/Chrome/Chrome.apk!/lib/armeabi-v7a/libmonochrome.so, 64-bit lib: /system/app/Chrome/Chrome.apk!/lib/arm64-v8a/libmonochrome.so
11-20 11:44:59.694   678   678 I MediaPlayerService: MediaPlayerService::getOMX
11-20 11:44:59.695   678   678 I OMXClient: MuxOMX ctor
11-20 11:44:59.696   659   794 I OMXMaster: makeComponentInstance(OMX.google.flac.encoder) in mediacodec process
11-20 11:44:59.702  1360  1360 I ActivityManager: Start proc 1805:WebViewLoader-arm64-v8a/1037 [android.webkit.WebViewFactory$RelroFileCreator] for 
11-20 11:44:59.703   678   678 I MediaPlayerService: MediaPlayerService::getOMX
11-20 11:44:59.704   678   678 I OMXClient: MuxOMX ctor
11-20 11:44:59.704   659  1767 I OMXMaster: makeComponentInstance(OMX.google.gsm.decoder) in mediacodec process
11-20 11:44:59.705  1360  1360 D NetworkManagement: enabling bandwidth control
11-20 11:44:59.709   678   678 I MediaPlayerService: MediaPlayerService::getOMX
11-20 11:44:59.710   678   678 I OMXClient: MuxOMX ctor
11-20 11:44:59.710   659   659 I OMXMaster: makeComponentInstance(OMX.qcom.video.encoder.hevc) in mediacodec process
11-20 11:44:59.721   659   659 I OMX-VENC: Video encode perflock acquired,handle=-1
11-20 11:44:59.725  1733  1733 V SystemUIService: Starting SystemUI services for user 0.
11-20 11:44:59.728  1805  1805 V WebViewFactory: RelroFileCreator (64bit = true),  32-bit lib: /system/app/Chrome/Chrome.apk!/lib/armeabi-v7a/libmonochrome.so, 64-bit lib: /system/app/Chrome/Chrome.apk!/lib/arm64-v8a/libmonochrome.so
11-20 11:44:59.735  1719  1719 I LatinApp: onCreate()
11-20 11:44:59.770  1733  1733 V MediaRouter: Adding route: RouteInfo{ name=Phone, description=null, status=null, category=RouteCategory{ name=null types=ROUTE_TYPE_LIVE_AUDIO ROUTE_TYPE_LIVE_VIDEO  groupable=false }, supportedTypes=ROUTE_TYPE_LIVE_AUDIO ROUTE_TYPE_LIVE_VIDEO , presentationDisplay=null }
11-20 11:44:59.777  1733  1733 V MediaRouter: Updating audio routes: AudioRoutesInfo{ type=SPEAKER }
11-20 11:44:59.779  1733  1733 V MediaRouter: Selecting route: RouteInfo{ name=Phone, description=null, status=null, category=RouteCategory{ name=null types=ROUTE_TYPE_LIVE_AUDIO ROUTE_TYPE_LIVE_VIDEO  groupable=false }, supportedTypes=ROUTE_TYPE_LIVE_AUDIO ROUTE_TYPE_LIVE_VIDEO , presentationDisplay=null }
11-20 11:44:59.798  1733  1733 V FingerprintManager: FingerprintManagerService was null
11-20 11:44:59.799  1783  1783 I art     : System.exit called, status: 0
11-20 11:44:59.800  1783  1783 I AndroidRuntime: VM exiting with result code 0, cleanup skipped.
11-20 11:44:59.800  1733  1733 V KeyguardUpdateMonitor: startListeningForFingerprint()
11-20 11:44:59.802  1733  1733 W FingerprintManager: isFingerprintHardwareDetected(): Service not connected!
11-20 11:44:59.802  1733  1733 W FingerprintManager: addLockoutResetCallback(): Service not connected!
11-20 11:44:59.813  1719  1719 I AndroidIME: com.google.android.apps.inputmethod.libs.framework.core.InputBundleManager: Subtype changes from  to en_US
11-20 11:44:59.823  1733  1840 E WVMExtractor: Failed to open libwvm.so: dlopen failed: library "libwvm.so" not found
11-20 11:44:59.831   677  1758 I ExtendedExtractor: QTIParser is prefered .. flags 0
11-20 11:44:59.832   677  1758 D MMParserExtractor: setExtraFlags called with flags 0 for paser instance f502dcd0
11-20 11:44:59.832   677  1758 I ExtendedExtractor: ExtendedExtractor::create 0xf502dcd0
11-20 11:44:59.843  1805  1805 I art     : System.exit called, status: 0
11-20 11:44:59.843  1805  1805 I AndroidRuntime: VM exiting with result code 0, cleanup skipped.
11-20 11:44:59.856   659   659 I OMX-VENC: Component_init : OMX.qcom.video.encoder.hevc : return = 0x0
11-20 11:44:59.858   678   678 W ACodec  : do not know color format 0x7fa30c04 = 2141391876
11-20 11:44:59.858   678   678 W ACodec  : do not know color format 0x7f000789 = 2130708361
11-20 11:44:59.859   659  1848 E OMX-VENC: async_venc_message_thread interrupted to be exited
11-20 11:44:59.861   659   659 I OMX-VENC: Component Deinit
11-20 11:44:59.861   659   659 I OMX-VENC: Video encode perflock released
11-20 11:44:59.863  1733  1733 V BoostFramework: mAcquireFunc method = public int com.qualcomm.qti.Performance.perfLockAcquire(int,int[])
11-20 11:44:59.863  1733  1733 V BoostFramework: mReleaseFunc method = public int com.qualcomm.qti.Performance.perfLockRelease()
11-20 11:44:59.863  1733  1733 V BoostFramework: mAcquireTouchFunc method = public int com.qualcomm.qti.Performance.perfLockAcquireTouch(android.view.MotionEvent,android.util.DisplayMetrics,int,int[])
11-20 11:44:59.863  1733  1733 V BoostFramework: mIOPStart method = public int com.qualcomm.qti.Performance.perfIOPrefetchStart(int,java.lang.String)
11-20 11:44:59.863  1733  1733 V BoostFramework: mIOPStop method = public int com.qualcomm.qti.Performance.perfIOPrefetchStop()
11-20 11:44:59.864   678   678 I MediaPlayerService: MediaPlayerService::getOMX
11-20 11:44:59.865   678   678 I OMXClient: MuxOMX ctor
11-20 11:44:59.865   659  1790 I OMXMaster: makeComponentInstance(OMX.qcom.video.encoder.avc) in mediacodec process
11-20 11:44:59.867  1733  1733 V BoostFramework: BoostFramework() : mPerf = com.qualcomm.qti.Performance@8774e25
11-20 11:44:59.867  1733  1733 V BoostFramework: BoostFramework() : mPerf = com.qualcomm.qti.Performance@a39bbfa
11-20 11:44:59.869   659  1790 I OMX-VENC: Video encode perflock acquired,handle=-1
11-20 11:44:59.875   659  1790 I OMX-VENC: Component_init : OMX.qcom.video.encoder.avc : return = 0x0
11-20 11:44:59.877   678   678 W ACodec  : do not know color format 0x7fa30c04 = 2141391876
11-20 11:44:59.878   678   678 W ACodec  : do not know color format 0x7f000789 = 2130708361
11-20 11:44:59.879   659  1852 E OMX-VENC: async_venc_message_thread interrupted to be exited
11-20 11:44:59.880   659  1767 I OMX-VENC: Component Deinit
11-20 11:44:59.881   659  1767 I OMX-VENC: Video encode perflock released
11-20 11:44:59.884   678   678 I MediaPlayerService: MediaPlayerService::getOMX
11-20 11:44:59.884   678   678 I OMXClient: MuxOMX ctor
11-20 11:44:59.885   659   794 I OMXMaster: makeComponentInstance(OMX.qcom.video.encoder.mpeg4) in mediacodec process
11-20 11:44:59.888   659   794 I OMX-VENC: Video encode perflock acquired,handle=-1
11-20 11:44:59.894   659   794 I OMX-VENC: Component_init : OMX.qcom.video.encoder.mpeg4 : return = 0x0
11-20 11:44:59.895   659  1790 E OMX-VENC: get_parameter: OMX_IndexParamVideoProfileLevelQuerySupported nProfileIndex ret NoMore 2
11-20 11:44:59.897   678   678 W ACodec  : do not know color format 0x7fa30c04 = 2141391876
11-20 11:44:59.897   678   678 W ACodec  : do not know color format 0x7f000789 = 2130708361
11-20 11:44:59.898   659  1856 E OMX-VENC: async_venc_message_thread interrupted to be exited
11-20 11:44:59.900   659   659 I OMX-VENC: Component Deinit
11-20 11:44:59.900   659   659 I OMX-VENC: Video encode perflock released
11-20 11:44:59.902   678   678 I MediaPlayerService: MediaPlayerService::getOMX
11-20 11:44:59.902   678   678 I OMXClient: MuxOMX ctor
11-20 11:44:59.902   659  1790 I OMXMaster: makeComponentInstance(OMX.qcom.video.encoder.h263) in mediacodec process
11-20 11:44:59.906   659  1790 I OMX-VENC: Video encode perflock acquired,handle=-1
11-20 11:44:59.912   659  1790 I OMX-VENC: Component_init : OMX.qcom.video.encoder.h263 : return = 0x0
11-20 11:44:59.913   659   659 E OMX-VENC: get_parameter: OMX_IndexParamVideoProfileLevelQuerySupported nProfileIndex ret NoMore 1
11-20 11:44:59.914   678   678 W ACodec  : do not know color format 0x7fa30c04 = 2141391876
11-20 11:44:59.915   678   678 W ACodec  : do not know color format 0x7f000789 = 2130708361
11-20 11:44:59.916   659  1860 E OMX-VENC: async_venc_message_thread interrupted to be exited
11-20 11:44:59.917   659  1790 I OMX-VENC: Component Deinit
11-20 11:44:59.918   659  1790 I OMX-VENC: Video encode perflock released
11-20 11:44:59.919   678   678 I MediaPlayerService: MediaPlayerService::getOMX
11-20 11:44:59.920   678   678 I OMXClient: MuxOMX ctor
11-20 11:44:59.920   659   794 I OMXMaster: makeComponentInstance(OMX.qcom.video.encoder.vp8) in mediacodec process
11-20 11:44:59.920  1733  1733 I vol.Events: writeEvent collection_started
11-20 11:44:59.923   659   794 I OMX-VENC: Video encode perflock acquired,handle=-1
11-20 11:44:59.927  1733  1862 I vol.Events: writeEvent external_ringer_mode_changed normal
11-20 11:44:59.927  1733  1862 I vol.Events: writeEvent internal_ringer_mode_changed normal
11-20 11:44:59.931   659   794 I OMX-VENC: Component_init : OMX.qcom.video.encoder.vp8 : return = 0x0
11-20 11:44:59.932   678   678 W ACodec  : do not know color format 0x7fa30c04 = 2141391876
11-20 11:44:59.934   678   678 W ACodec  : do not know color format 0x7f000789 = 2130708361
11-20 11:44:59.935   659  1865 E OMX-VENC: async_venc_message_thread interrupted to be exited
11-20 11:44:59.936   659   659 I OMX-VENC: Component Deinit
11-20 11:44:59.936   659   659 I OMX-VENC: Video encode perflock released
11-20 11:44:59.938   678   678 I MediaPlayerService: MediaPlayerService::getOMX
11-20 11:44:59.939   678   678 I OMXClient: MuxOMX ctor
11-20 11:44:59.939   659  1790 I OMXMaster: makeComponentInstance(OMX.qti.audio.decoder.flac) in mediacodec process
11-20 11:44:59.944   678   678 I MediaPlayerService: MediaPlayerService::getOMX
11-20 11:44:59.944   678   678 I OMXClient: MuxOMX ctor
11-20 11:44:59.944   659  1791 I OMXMaster: makeComponentInstance(OMX.qcom.video.decoder.avc) in mediacodec process
11-20 11:44:59.962   659  1791 E         : Service not available yet
11-20 11:44:59.969   659  1791 I OMX-VDEC-1080P: Video slvp perflock acquired
11-20 11:44:59.970   659  1791 I OMX-VDEC-1080P: component_init: OMX.qcom.video.decoder.avc : fd=7
11-20 11:44:59.976   659  1791 I OMX-VDEC-1080P: omx_vdec::component_init() success : fd=7
11-20 11:44:59.978   659  1791 E OMX-VDEC-1080P: Extension: OMX.google.android.index.storeANWBufferInMetadata not implemented
11-20 11:44:59.978   659  1791 E OMX-VDEC-1080P: Extension: OMX.google.android.index.configureVideoTunnelMode not implemented
11-20 11:44:59.978   659  1791 E OMX-VDEC-1080P: Extension: OMX.google.android.index.useAndroidNativeBuffer is supported
11-20 11:44:59.979   659  1790 E OMXNodeInstance: getParameter(2930015:qcom.decoder.avc, ??(0x7f000044)) ERROR: UnsupportedSetting(0x80001019)
11-20 11:44:59.980   659   659 E OMXNodeInstance: getParameter(2930015:qcom.decoder.avc, ??(0x7f000044)) ERROR: UnsupportedSetting(0x80001019)
11-20 11:44:59.981   659   659 E OMX-VDEC-1080P: Extension: OMX.google.android.index.configureVideoTunnelMode not implemented
11-20 11:44:59.981   659   659 E OMXNodeInstance: getExtensionIndex(2930015:qcom.decoder.avc, OMX.google.android.index.configureVideoTunnelMode) ERROR: NotImplemented(0x80001006)
11-20 11:44:59.981   659  1791 E OMX-VDEC-1080P: Extension: OMX.google.android.index.storeANWBufferInMetadata not implemented
11-20 11:44:59.981   659  1790 I OMX-VDEC-1080P: omx_vdec::component_deinit() complete
11-20 11:44:59.984   659  1790 I OMX-VDEC-1080P: Exit OMX vdec Destructor: fd=7
11-20 11:44:59.984   659  1790 I OMX-VDEC-1080P: Video slvp perflock released
11-20 11:44:59.986   678   678 I MediaPlayerService: MediaPlayerService::getOMX
11-20 11:44:59.987   678   678 I OMXClient: MuxOMX ctor
11-20 11:44:59.987   659   794 I OMXMaster: makeComponentInstance(OMX.qcom.video.decoder.avc.secure) in mediacodec process
11-20 11:44:59.987   696   696 I ServiceManager: Waiting for service AtCmdFwd...
11-20 11:44:59.999   659   794 E         : Service not available yet
11-20 11:45:00.003   659   794 I OMX-VDEC-1080P: Video slvp perflock acquired
11-20 11:45:00.004   659   794 I OMX-VDEC-1080P: component_init: OMX.qcom.video.decoder.avc : fd=7
11-20 11:45:00.021   659   794 I OMX-VDEC-1080P: omx_vdec::component_init() success : fd=7
11-20 11:45:00.023   659   794 E OMX-VDEC-1080P: Extension: OMX.google.android.index.storeANWBufferInMetadata not implemented
11-20 11:45:00.023   659   794 E OMX-VDEC-1080P: Extension: OMX.google.android.index.configureVideoTunnelMode not implemented
11-20 11:45:00.023   659   794 E OMX-VDEC-1080P: Extension: OMX.google.android.index.useAndroidNativeBuffer is supported
11-20 11:45:00.024   659  1790 E OMXNodeInstance: getParameter(2930016:qcom.decoder.avc.secure, ??(0x7f000044)) ERROR: UnsupportedSetting(0x80001019)
11-20 11:45:00.025   659   659 E OMXNodeInstance: getParameter(2930016:qcom.decoder.avc.secure, ??(0x7f000044)) ERROR: UnsupportedSetting(0x80001019)
11-20 11:45:00.026   659   659 E OMX-VDEC-1080P: Extension: OMX.google.android.index.configureVideoTunnelMode not implemented
11-20 11:45:00.026   659   659 E OMXNodeInstance: getExtensionIndex(2930016:qcom.decoder.avc.secure, OMX.google.android.index.configureVideoTunnelMode) ERROR: NotImplemented(0x80001006)
11-20 11:45:00.026   659   794 E OMX-VDEC-1080P: Extension: OMX.google.android.index.storeANWBufferInMetadata not implemented
11-20 11:45:00.026   659  1790 I OMX-VDEC-1080P: omx_vdec::component_deinit() complete
11-20 11:45:00.028   659  1790 I OMX-VDEC-1080P: Exit OMX vdec Destructor: fd=7
11-20 11:45:00.029   659  1790 I OMX-VDEC-1080P: Video slvp perflock released
11-20 11:45:00.030  1733  1862 I vol.Events: writeEvent level_changed STREAM_ALARM 6
11-20 11:45:00.031   678   678 I MediaPlayerService: MediaPlayerService::getOMX
11-20 11:45:00.031   678   678 I OMXClient: MuxOMX ctor
11-20 11:45:00.032   659  1767 I OMXMaster: makeComponentInstance(OMX.qcom.video.decoder.mpeg2) in mediacodec process
11-20 11:45:00.035   659  1767 I OMX-VDEC-1080P: Video slvp perflock acquired
11-20 11:45:00.036   659  1767 I OMX-VDEC-1080P: component_init: OMX.qcom.video.decoder.mpeg2 : fd=7
11-20 11:45:00.037  1733  1862 I vol.Events: writeEvent level_changed STREAM_BLUETOOTH_SCO 7
11-20 11:45:00.039  1733  1862 I vol.Events: writeEvent level_changed STREAM_MUSIC 11
11-20 11:45:00.040   659  1767 I OMX-VDEC-1080P: omx_vdec::component_init() success : fd=7
11-20 11:45:00.042   659   794 E OMX-VDEC-1080P: Extension: OMX.google.android.index.storeANWBufferInMetadata not implemented
11-20 11:45:00.042   659   794 E OMX-VDEC-1080P: Extension: OMX.google.android.index.configureVideoTunnelMode not implemented
11-20 11:45:00.042   659   794 E OMX-VDEC-1080P: Extension: OMX.google.android.index.useAndroidNativeBuffer is supported
11-20 11:45:00.045   659  1790 E OMXNodeInstance: getParameter(2930017:qcom.decoder.mpeg2, ??(0x7f000044)) ERROR: UnsupportedSetting(0x80001019)
11-20 11:45:00.046   659   659 E OMXNodeInstance: getParameter(2930017:qcom.decoder.mpeg2, ??(0x7f000044)) ERROR: UnsupportedSetting(0x80001019)
11-20 11:45:00.046  1733  1862 I vol.Events: writeEvent level_changed STREAM_RING 5
11-20 11:45:00.047   659   659 E OMX-VDEC-1080P: Extension: OMX.google.android.index.configureVideoTunnelMode not implemented
11-20 11:45:00.047   659   659 E OMXNodeInstance: getExtensionIndex(2930017:qcom.decoder.mpeg2, OMX.google.android.index.configureVideoTunnelMode) ERROR: NotImplemented(0x80001006)
11-20 11:45:00.047   659   794 E OMX-VDEC-1080P: Extension: OMX.google.android.index.storeANWBufferInMetadata not implemented
11-20 11:45:00.048   659  1790 I OMX-VDEC-1080P: omx_vdec::component_deinit() complete
11-20 11:45:00.049  1733  1862 I vol.Events: writeEvent level_changed STREAM_SYSTEM 5
11-20 11:45:00.050   659  1790 I OMX-VDEC-1080P: Exit OMX vdec Destructor: fd=7
11-20 11:45:00.050   659  1790 I OMX-VDEC-1080P: Video slvp perflock released
11-20 11:45:00.052   678   678 I MediaPlayerService: MediaPlayerService::getOMX
11-20 11:45:00.053   678   678 I OMXClient: MuxOMX ctor
11-20 11:45:00.053   659   659 I OMXMaster: makeComponentInstance(OMX.qcom.video.decoder.mpeg2.secure) in mediacodec process
11-20 11:45:00.054  1733  1862 I vol.Events: writeEvent level_changed STREAM_VOICE_CALL 4
11-20 11:45:00.056   659   659 I OMX-VDEC-1080P: Video slvp perflock acquired
11-20 11:45:00.058   659   659 I OMX-VDEC-1080P: component_init: OMX.qcom.video.decoder.mpeg2 : fd=7
11-20 11:45:00.061   659   659 I OMX-VDEC-1080P: omx_vdec::component_init() success : fd=7
11-20 11:45:00.064   659   794 E OMX-VDEC-1080P: Extension: OMX.google.android.index.storeANWBufferInMetadata not implemented
11-20 11:45:00.064   659   794 E OMX-VDEC-1080P: Extension: OMX.google.android.index.configureVideoTunnelMode not implemented
11-20 11:45:00.064   659   794 E OMX-VDEC-1080P: Extension: OMX.google.android.index.useAndroidNativeBuffer is supported
11-20 11:45:00.067   659   794 E OMXNodeInstance: getParameter(2930018:qcom.decoder.mpeg2.secure, ??(0x7f000044)) ERROR: UnsupportedSetting(0x80001019)
11-20 11:45:00.068   659  1767 E OMXNodeInstance: getParameter(2930018:qcom.decoder.mpeg2.secure, ??(0x7f000044)) ERROR: UnsupportedSetting(0x80001019)
11-20 11:45:00.068   659  1767 E OMX-VDEC-1080P: Extension: OMX.google.android.index.configureVideoTunnelMode not implemented
11-20 11:45:00.069   659  1767 E OMXNodeInstance: getExtensionIndex(2930018:qcom.decoder.mpeg2.secure, OMX.google.android.index.configureVideoTunnelMode) ERROR: NotImplemented(0x80001006)
11-20 11:45:00.069   659  1767 E OMX-VDEC-1080P: Extension: OMX.google.android.index.storeANWBufferInMetadata not implemented
11-20 11:45:00.069   659  1767 I OMX-VDEC-1080P: omx_vdec::component_deinit() complete
11-20 11:45:00.070   659  1767 I OMX-VDEC-1080P: Exit OMX vdec Destructor: fd=7
11-20 11:45:00.071   659  1767 I OMX-VDEC-1080P: Video slvp perflock released
11-20 11:45:00.073   678   678 I MediaPlayerService: MediaPlayerService::getOMX
11-20 11:45:00.073   678   678 I OMXClient: MuxOMX ctor
11-20 11:45:00.073   659   794 I OMXMaster: makeComponentInstance(OMX.qcom.video.decoder.mpeg4) in mediacodec process
11-20 11:45:00.076   659   794 I OMX-VDEC-1080P: Video slvp perflock acquired
11-20 11:45:00.077   659   794 I OMX-VDEC-1080P: component_init: OMX.qcom.video.decoder.mpeg4 : fd=7
11-20 11:45:00.078  1360  1360 D NetworkPolicy: setRestrictBackgroundUL(): false
11-20 11:45:00.080   659   794 I OMX-VDEC-1080P: omx_vdec::component_init() success : fd=7
11-20 11:45:00.082   659  1790 E OMX-VDEC-1080P: Extension: OMX.google.android.index.storeANWBufferInMetadata not implemented
11-20 11:45:00.082   659  1790 E OMX-VDEC-1080P: Extension: OMX.google.android.index.configureVideoTunnelMode not implemented
11-20 11:45:00.082   659  1790 E OMX-VDEC-1080P: Extension: OMX.google.android.index.useAndroidNativeBuffer is supported
11-20 11:45:00.083   659  1767 E OMXNodeInstance: getParameter(2930019:qcom.decoder.mpeg4, ??(0x7f000044)) ERROR: UnsupportedSetting(0x80001019)
11-20 11:45:00.083  1733  1733 D StorageNotification: Notifying about private volume: VolumeInfo{private}:
11-20 11:45:00.083  1733  1733 D StorageNotification:     type=PRIVATE diskId=null partGuid=null mountFlags=0 mountUserId=-1 
11-20 11:45:00.083  1733  1733 D StorageNotification:     state=MOUNTED 
11-20 11:45:00.083  1733  1733 D StorageNotification:     fsType=null fsUuid=null fsLabel=null 
11-20 11:45:00.083  1733  1733 D StorageNotification:     path=/data internalPath=null 
11-20 11:45:00.084   659   659 E OMXNodeInstance: getParameter(2930019:qcom.decoder.mpeg4, ??(0x7f000044)) ERROR: UnsupportedSetting(0x80001019)
11-20 11:45:00.085   659  1767 E OMX-VDEC-1080P: Extension: OMX.google.android.index.configureVideoTunnelMode not implemented
11-20 11:45:00.085   659  1767 E OMXNodeInstance: getExtensionIndex(2930019:qcom.decoder.mpeg4, OMX.google.android.index.configureVideoTunnelMode) ERROR: NotImplemented(0x80001006)
11-20 11:45:00.085   659  1790 E OMX-VDEC-1080P: Extension: OMX.google.android.index.storeANWBufferInMetadata not implemented
11-20 11:45:00.085   659  1790 I OMX-VDEC-1080P: omx_vdec::component_deinit() complete
11-20 11:45:00.087   659  1790 I OMX-VDEC-1080P: Exit OMX vdec Destructor: fd=7
11-20 11:45:00.087   659  1790 I OMX-VDEC-1080P: Video slvp perflock released
11-20 11:45:00.089   678   678 I MediaPlayerService: MediaPlayerService::getOMX
11-20 11:45:00.089   678   678 I OMXClient: MuxOMX ctor
11-20 11:45:00.090   659  1767 I OMXMaster: makeComponentInstance(OMX.qcom.video.decoder.h263) in mediacodec process
11-20 11:45:00.093   659  1767 I OMX-VDEC-1080P: Video slvp perflock acquired
11-20 11:45:00.095   659  1767 I OMX-VDEC-1080P: component_init: OMX.qcom.video.decoder.h263 : fd=7
11-20 11:45:00.099   659  1767 I OMX-VDEC-1080P: omx_vdec::component_init() success : fd=7
11-20 11:45:00.101   659   794 E OMX-VDEC-1080P: Extension: OMX.google.android.index.storeANWBufferInMetadata not implemented
11-20 11:45:00.101   659   794 E OMX-VDEC-1080P: Extension: OMX.google.android.index.configureVideoTunnelMode not implemented
11-20 11:45:00.101   659   794 E OMX-VDEC-1080P: Extension: OMX.google.android.index.useAndroidNativeBuffer is supported
