W/ResourceType(20856): ResTable_typeSpec entry count inconsistent: given 467, previously 1273
W/ResourceType(20856): ResTable_typeSpec entry count inconsistent: given 19, previously 27
E/BaseAppContext(20856): Tried to stop global GMSCore RequestQueue. This is likely unintended, so ignoring.
W/Atfwd_Sendcmd(17691): AtCmdFwd service not published, waiting... retryCnt : 1
D/audio_hw_primary(19468): out_standby: enter: stream (0xaac685f8) usecase(1: low-latency-playback)
W/Conscrypt(20856): Could not set socket write timeout: java.net.SocketException: Socket closed
W/Conscrypt(20856): 	at com.google.android.gms.org.conscrypt.Platform.setSocketWriteTimeout(:com.google.android.gms@14366012@14.3.66 (020408-213742215):2)
W/Conscrypt(20856): 	at com.google.android.gms.org.conscrypt.ConscryptFileDescriptorSocket.setSoWriteTimeout(:com.google.android.gms@14366012@14.3.66 (020408-213742215):2)
I/ServiceManager(  323): Waiting for service display.qservice...
W/mm-pp-daemon( 4521): type=1400 audit(0.0:3376): avc: denied { call } for scontext=u:r:mm-pp-daemon:s0 tcontext=u:r:servicemanager:s0 tclass=binder permissive=0
D/soundtrigger(19468): audio_extn_sound_trigger_update_stream_status: uc_id 1 of type 0 for Event 2, with Raise=0
D/hardware_info(19468): hw_info_append_hw_type : device_name = speaker
I/soundtrigger(19468): audio_extn_sound_trigger_update_device_status: device 0x2 of type 0 for Event 0, with Raise=0
W/Conscrypt(20856): Could not set socket write timeout: java.net.SocketException: Socket closed
W/Conscrypt(20856): 	at com.google.android.gms.org.conscrypt.Platform.setSocketWriteTimeout(:com.google.android.gms@14366012@14.3.66 (020408-213742215):2)
W/Conscrypt(20856): 	at com.google.android.gms.org.conscrypt.ConscryptFileDescriptorSocket.setSoWriteTimeout(:com.google.android.gms@14366012@14.3.66 (020408-213742215):2)
I/Icing   (20856): Indexing done com.google.android.gms-apps
I/IcingInternalCorpora(20856): EventIndexer: starting incremental update
I/IcingInternalCorpora(20856): EventIndexer: 0 added, 0 removed, 0 changed, 51 unchanged, 0 errors.
I/IcingInternalCorpora(20856): EventIndexer: finished after 7 ms.
I/CalendarProvider2(21941): Sending notification intent: Intent { act=android.intent.action.PROVIDER_CHANGED dat=content://com.android.calendar }
W/ContentResolver(21941): Failed to get type for: content://com.android.calendar (Unknown URL content://com.android.calendar)
E/Drm     (19468): Failed to find drm plugin
W/DG.WV   (21218): Widevine DRM not supported on this device
W/DG.WV   (21218): android.media.UnsupportedSchemeException: Failed to instantiate drm object.
W/DG.WV   (21218): 	at android.media.MediaDrm.native_setup(Native Method)
W/DG.WV   (21218): 	at android.media.MediaDrm.<init>(MediaDrm.java:180)
W/DG.WV   (21218): 	at tea.run(:com.google.android.gms@14366012@14.3.66 (020408-213742215):7)
W/DG.WV   (21218): 	at qfk.run(:com.google.android.gms@14366012@14.3.66 (020408-213742215):35)
W/DG.WV   (21218): 	at java.util.concurrent.ThreadPoolExecutor.runWorker(ThreadPoolExecutor.java:1112)
W/DG.WV   (21218): 	at java.util.concurrent.ThreadPoolExecutor$Worker.run(ThreadPoolExecutor.java:587)
W/DG.WV   (21218): 	at qll.run(:com.google.android.gms@14366012@14.3.66 (020408-213742215))
W/DG.WV   (21218): 	at java.lang.Thread.run(Thread.java:818)
D/wpa_supplicant(20154): wlan0: Control interface command 'SIGNAL_POLL'
V/WLAN_PSA(  258): NL MSG, len[048], NL type[0x11] WNI type[0x5050] len[028]
V/WLAN_PSA(  258): NL MSG, PID: 258
I/ActivityManager(19709): Start proc 21978:com.caf.fmradio/1000 for broadcast com.caf.fmradio/.FMMediaButtonIntentReceiver
D/FMAdapterApp(21978): Loading FM-JNI Library
E/android_hardware_fm(21978): FM : loading QCOMM FM-JNI
D/FMAdapterApp(21978): REFCOUNT: Constructed com.caf.fmradio.FMAdapterApp@6436301 Instance Count = 1
D/FMMediaButtonIntentReceiver(21978): ACTION_AUDIO_BECOMING_NOISY intent received for ACTION_HEADSET_PLUG
W/ContextImpl(21978): Calling a method in the system process without a qualified user: android.app.ContextImpl.sendBroadcast:1351 android.content.ContextWrapper.sendBroadcast:377 android.content.ContextWrapper.sendBroadcast:377 com.caf.fmradio.FMMediaButtonIntentReceiver.onReceive:55 android.app.ActivityThread.handleReceiver:2609 
D/CellBroadcastReceiver(21913): onReceive Intent { act=android.intent.action.ACTION_SUBINFO_RECORD_UPDATED flg=0x10 cmp=com.android.cellbroadcastreceiver/.CellBroadcastReceiver }
I/ActivityManager(19709): Start proc 21995:com.qualcomm.qti.telephony/1001 for broadcast com.qualcomm.qti.telephony/.SubInfoRecordUpdatedReceiver
I/ActivityManager(19709): Killing 19848:android.process.media/u0a6 (adj 15): empty #17
I/ServiceManager(  323): Waiting for service display.qservice...
W/mm-pp-daemon( 4521): type=1400 audit(0.0:3377): avc: denied { call } for scontext=u:r:mm-pp-daemon:s0 tcontext=u:r:servicemanager:s0 tclass=binder permissive=0
D/ActivityManager(19709): cleanUpApplicationRecord -- 19848
W/ResourcesManager(21995): Asset path '/system/framework/qcrilhook.jar' does not exist or contains no resources.
E/AudioPolicyManager(19468): unknown stream type 13
E/AudioPolicyManager(19468): unknown stream type 13
E/AudioPolicyManager(19468): unknown stream type 13
E/AudioPolicyManager(19468): unknown stream type 13
E/AudioPolicyManager(19468): unknown stream type 13
E/AudioPolicyManager(19468): unknown stream type 13
E/AudioPolicyManager(19468): unknown stream type 13
E/AudioPolicyManager(19468): unknown stream type 13
E/AudioPolicyManager(19468): unknown stream type 13
D/QcDdsSwitchService(21995): onReceive hit
D/QcDdsSwitchService(21995): SUBINFO_RECORD_UPDATED. Start the service.
D/audio_hw_primary(19468): start_output_stream: enter: stream(0xaac685f8)usecase(1: low-latency-playback) devices(0x2)
D/audio_hw_primary(19468): select_devices: out_snd_device(2: speaker) in_snd_device(0: )
D/hardware_info(19468): hw_info_append_hw_type : device_name = speaker
I/soundtrigger(19468): audio_extn_sound_trigger_update_device_status: device 0x2 of type 0 for Event 1, with Raise=0
W/audio_hw_utils(19468): audio_extn_utils_update_stream_app_type_cfg: App type could not be selected. Falling back to default
I/audio_hw_primary(19468): select_devices Selected apptype: 69936
D/soundtrigger(19468): audio_extn_sound_trigger_update_stream_status: uc_id 1 of type 0 for Event 3, with Raise=0
D/ACDB-LOADER(19468): ACDB -> send_audio_cal, acdb_id = 14, path =  0
D/ACDB-LOADER(19468): ACDB -> send_asm_topology
D/ACDB-LOADER(19468): ACDB -> ACDB_CMD_GET_AUDPROC_STREAM_TOPOLOGY_ID
D/ACDB-LOADER(19468): ACDB -> send_adm_topology
D/ACDB-LOADER(19468): ACDB -> ACDB_CMD_GET_AUDPROC_COMMON_TOPOLOGY_ID
D/ACDB-LOADER(19468): ACDB -> send_audtable
D/ACDB-LOADER(19468): ACDB -> ACDB_CMD_GET_AUDPROC_COMMON_TABLE
D/ACDB-LOADER(19468): ACDB -> AUDIO_SET_AUDPROC_CAL
D/ACDB-LOADER(19468): ACDB -> send_audvoltable
D/ACDB-LOADER(19468): ACDB -> ACDB_CMD_GET_AUDPROC_GAIN_DEP_STEP_TABLE
D/ACDB-LOADER(19468): ACDB -> AUDIO_SET_AUDPROC_VOL_CAL
D/ACDB-LOADER(19468): ACDB -> send_afe_cal
D/ACDB-LOADER(19468): ACDB -> ACDB_CMD_GET_AFE_COMMON_TABLE
D/ACDB-LOADER(19468): ACDB -> AUDIO_SET_AFE_CAL
D/ACDB-LOADER(19468): ACDB -> send_hw_delay : acdb_id = 14 path = 0
D/ACDB-LOADER(19468): ACDB -> ACDB_AVSYNC_INFO: ACDB_CMD_GET_DEVICE_PROPERTY
I/audio_hw_utils(19468): audio_extn_utils_send_app_type_cfg app_type 69936, acdb_dev_id 14, sample_rate 48000
D/audio_hw_primary(19468): select_devices: done
I/ActivityManager(19709): Killing 21417:com.google.android.apps.plus/u0a72 (adj 15): empty #17
W/ResourcesManager(20296): Asset path '/system/framework/qcrilhook.jar' does not exist or contains no resources.
D/QtiDdsSwitchService(20296): onCreate
D/QC_RIL_OEM_HOOK(20296): Starting QcrilMsgTunnel Service
W/ResourceType(20335): ResTable_typeSpec entry count inconsistent: given 19, previously 27
I/ActivityManager(19709): Start proc 22014:com.qualcomm.qcrilmsgtunnel/1001 for service com.qualcomm.qcrilmsgtunnel/.QcrilMsgTunnelService
D/ActivityManager(19709): cleanUpApplicationRecord -- 21417
D/QC_RIL_OEM_HOOK(20296): The QcrilMsgTunnelService will be connected soon 
D/QC_RIL_OEM_HOOK(20296): Registering for intent ACTION_UNSOL_RESPONSE_OEM_HOOK_RAW
D/QtiDdsSwitchService(20296): onStart
D/QtiDdsSwitchService(20296): HandleMessage msg = { when=-2ms what=0 target=com.qualcomm.qti.telephony.QtiDdsSwitchService$DdsSwitchHandler }
D/QtiDdsSwitchService(20296): EVENT_REGISTER
D/QtiDdsSwitchService(20296): got the dctController = Handler (com.android.internal.telephony.dataconnection.DctController) {b8e7ef9}
V/XDivert (20296): Action intent recieved:Intent { act=android.intent.action.ACTION_SUBINFO_RECORD_UPDATED flg=0x10 cmp=com.qti.xdivert/.XDivert }
W/ResourcesManager(20335): Asset path '/system/framework/com.google.android.media.effects.jar' does not exist or contains no resources.
D/SimStateReceiver(21791): received broadcast android.intent.action.SIM_STATE_CHANGED
D/SimStateReceiver(21791): ACTION_SIM_STATE_CHANGED intent received on sub = 0SIM STATE IS ABSENT
W/ContextImpl(21791): Calling a method in the system process without a qualified user: android.app.ContextImpl.startService:1716 android.content.ContextWrapper.startService:516 android.content.ContextWrapper.startService:516 com.qualcomm.simcontacts.SimStateReceiver.sendSimState:78 com.qualcomm.simcontacts.SimStateReceiver.onReceive:54 
E/AudioPolicyManager(19468): unknown stream type 13
E/AudioPolicyManager(19468): unknown stream type 13
E/AudioPolicyManager(19468): unknown stream type 13
E/AudioPolicyManager(19468): unknown stream type 13
E/AudioPolicyManager(19468): unknown stream type 13
E/AudioPolicyManager(19468): unknown stream type 13
E/AudioPolicyManager(19468): unknown stream type 13
E/AudioPolicyManager(19468): unknown stream type 13
E/AudioPolicyManager(19468): unknown stream type 13
E/AudioPolicyManager(19468): unknown stream type 13
E/AudioPolicyManager(19468): unknown stream type 13
E/AudioPolicyManager(19468): unknown stream type 13
E/AudioPolicyManager(19468): unknown stream type 13
E/AudioPolicyManager(19468): unknown stream type 13
E/AudioPolicyManager(19468): unknown stream type 13
E/AudioPolicyManager(19468): unknown stream type 13
E/AudioPolicyManager(19468): unknown stream type 13
D/SimContactsService(21791): service onStart!
D/SimContactsService(21791): SIM contacts auto-sync is not enabled!
I/Finsky  (21813): [1] com.google.android.finsky.simhandler.SimStateReceiver.a(14): android.intent.action.SIM_STATE_CHANGED : simState = ABSENT
D/android.widget.GridLayout(20335): vertical constraints: y1-y0>=599, y2-y1>=599, y3-y2>=599, y3-y0<=1579 are inconsistent; permanently removing: y3-y0<=1579. 
D/android.widget.GridLayout(20335): vertical constraints: y1-y0>=599, y2-y1>=599, y3-y2>=599, y3-y0<=1579 are inconsistent; permanently removing: y3-y0<=1579. 
D/android.widget.GridLayout(20335): vertical constraints: y1-y0>=599, y2-y1>=599, y3-y2>=599, y3-y0<=1579 are inconsistent; permanently removing: y3-y0<=1579. 
D/android.widget.GridLayout(20335): vertical constraints: y1-y0>=599, y2-y1>=599, y3-y2>=599, y3-y0<=1579 are inconsistent; permanently removing: y3-y0<=1579. 
D/QcrilMsgTunnelService(22014): onCreate method
D/QcrilMsgTunnelIfaceManager(22014): :Instantiated
V/QcrilMsgTunnelSocket(22014): Starting QcRil Sender & Receiver threads
D/QcrilMsgTunnelIfaceManager(22014): Registered SUB0 for UNSOL OEM HOOK to deliver external apps
D/android.widget.GridLayout(20335): vertical constraints: y1-y0>=599, y2-y1>=599, y3-y2>=599, y3-y0<=1579 are inconsistent; permanently removing: y3-y0<=1579. 
D/QcrilMsgTunnelService(22014): Returning mHookIface for QcrilMsgTunnelService binding.
D/QC_RIL_OEM_HOOK(20296): QcrilMsgTunnelService Connected Successfully (onServiceConnected)
I/QcrilMsgTunnelSocket(22014): Connected to 'qmux_radio/rild_oem0' socket
I/Finsky  (21813): [1] com.google.android.finsky.scheduler.bp.<init>(19): Resetting scheduler db
I/Finsky  (21813): [1] com.google.android.finsky.deviceconfig.ac.a(8): Scheduling UploadDynamicConfig.
I/CheckinCompat(20856): Disabling old GoogleServicesFramework version
D/SimStateReceiver(21791): received broadcast android.intent.action.SIM_STATE_CHANGED
I/art     (20335): Background partial concurrent mark sweep GC freed 2240(137KB) AllocSpace objects, 8(3MB) LOS objects, 40% free, 18MB/30MB, paused 6.591ms total 60.316ms
D/SimStateReceiver(21791): ACTION_SIM_STATE_CHANGED intent received on sub = 0SIM STATE IS ABSENT
W/ContextImpl(21791): Calling a method in the system process without a qualified user: android.app.ContextImpl.startService:1716 android.content.ContextWrapper.startService:516 android.content.ContextWrapper.startService:516 com.qualcomm.simcontacts.SimStateReceiver.sendSimState:78 com.qualcomm.simcontacts.SimStateReceiver.onReceive:54 
D/SimContactsService(21791): service onStart!
D/SimContactsService(21791): SIM contacts auto-sync is not enabled!
I/CheckinChimeraService(20856): Starting Checkin Task: CheckinNowTaskTag Reason : 8 Force : false UserId: 0
I/Finsky  (21813): [1] com.google.android.finsky.simhandler.SimStateReceiver.a(14): android.intent.action.SIM_STATE_CHANGED : simState = ABSENT
I/constellation(20856): [sim_state_checker] sim state checker is disabled.
I/Finsky  (21813): [1] com.google.android.finsky.deviceconfig.ac.a(8): Scheduling UploadDynamicConfig.
I/CheckinChimeraService(20856): Starting Checkin Task: CheckinNowTaskTag Reason : 8 Force : false UserId: 0
V/XDivert (20296): Action intent recieved:Intent { act=android.intent.action.RADIO_TECHNOLOGY flg=0x20000010 cmp=com.qti.xdivert/.XDivert (has extras) }
E/PhoneInterfaceManager(20296): [PhoneIntfMgr] getIccId: ICC ID is null or empty.
I/constellation(20856): [sim_state_checker] sim state checker is disabled.
D/CellBroadcastReceiver(21913): onReceive Intent { act=android.intent.action.SERVICE_STATE flg=0x10 cmp=com.android.cellbroadcastreceiver/.CellBroadcastReceiver (has extras) }
D/CellBroadcastReceiver(21913): Intent ACTION_SERVICE_STATE_CHANGED
D/CellBroadcastReceiver(21913): Service state changed! 1 Full: 1 1 home null null null  Unknown Unknown CSS not supported 0 0 RoamInd=0 DefRoamInd=0 EmergOnly=true Current state=-1
D/CellBroadcastReceiver(21913): onReceive Intent { act=android.intent.action.ACTION_SUBINFO_RECORD_UPDATED flg=0x10 cmp=com.android.cellbroadcastreceiver/.CellBroadcastReceiver }
D/QcDdsSwitchService(21995): onReceive hit
D/QcDdsSwitchService(21995): SUBINFO_RECORD_UPDATED. Start the service.
D/QtiDdsSwitchService(20296): onStart
D/QtiDdsSwitchService(20296): HandleMessage msg = { when=0 what=0 target=com.qualcomm.qti.telephony.QtiDdsSwitchService$DdsSwitchHandler }
D/QtiDdsSwitchService(20296): EVENT_REGISTER
D/QtiDdsSwitchService(20296): got the dctController = Handler (com.android.internal.telephony.dataconnection.DctController) {b8e7ef9}
V/XDivert (20296): Action intent recieved:Intent { act=android.intent.action.ACTION_SUBINFO_RECORD_UPDATED flg=0x10 cmp=com.qti.xdivert/.XDivert }
D/SimStateReceiver(21791): received broadcast android.intent.action.SIM_STATE_CHANGED
D/SimStateReceiver(21791): ACTION_SIM_STATE_CHANGED intent received on sub = 0SIM STATE IS ABSENT
W/ContextImpl(21791): Calling a method in the system process without a qualified user: android.app.ContextImpl.startService:1716 android.content.ContextWrapper.startService:516 android.content.ContextWrapper.startService:516 com.qualcomm.simcontacts.SimStateReceiver.sendSimState:78 com.qualcomm.simcontacts.SimStateReceiver.onReceive:54 
D/SimContactsService(21791): service onStart!
D/SimContactsService(21791): SIM contacts auto-sync is not enabled!
I/Finsky  (21813): [1] com.google.android.finsky.simhandler.SimStateReceiver.a(14): android.intent.action.SIM_STATE_CHANGED : simState = ABSENT
I/EventLogChimeraService(20856): Opted in for usage reporting
I/Finsky  (21813): [1] com.google.android.finsky.deviceconfig.ac.a(8): Scheduling UploadDynamicConfig.
I/Finsky  (21813): [1] com.google.android.finsky.scheduler.bp.a(66): Jobs in database: 1-1337 21-333333333 26-1414141414 
I/constellation(20856): [sim_state_checker] sim state checker is disabled.
I/Finsky  (21813): [1] com.google.android.finsky.scheduler.l.a(70): ConstraintMapping: 21-333333333, 1-1337,  -> L: 119756ms, D: 82799756ms, C: false, I: false, N: 1
I/Finsky  (21813): [1] com.google.android.finsky.scheduler.l.a(70): ConstraintMapping: 26-1414141414,  -> L: 33655258ms, D: 34555258ms, C: false, I: false, N: 0
I/Finsky  (21813): [1] com.google.android.finsky.scheduler.JobSchedulerEngine.a(47): Scheduling job Id: 9000, L: 119756, D: 82799756, C: false, I: false, N: 1
I/Finsky  (21813): [1] com.google.android.finsky.scheduler.JobSchedulerEngine.a(47): Scheduling job Id: 9001, L: 33655258, D: 34555258, C: false, I: false, N: 0
I/Finsky  (21813): [1] com.google.android.finsky.scheduler.JobSchedulerEngine.a(47): Scheduling job Id: 9002, L: 119756, D: 82799756, C: false, I: false, N: 1
I/Finsky  (21813): [1] com.google.android.finsky.scheduler.JobSchedulerEngine.a(47): Scheduling job Id: 9003, L: 33655258, D: 34555258, C: false, I: false, N: 0
I/EventLogChimeraService(20856): Accumulating logs since 1540459600777
E/NetworkScheduler(20203): Invalid component specified.
I/EventLogChimeraService(20856): Opted in for usage reporting
E/NetworkScheduler(20203): Invalid component specified.
E/NetworkScheduler(20203): Invalid component specified.
D/StatusBar.NetworkController(19886): hasService: mServiceState=1 1 home null null null  Unknown Unknown CSS not supported 0 0 RoamInd=0 DefRoamInd=0 EmergOnly=true retVal=false
D/StatusBar.NetworkController(19886): refreshViews: Data not connected!! Set no data type icon / Roaming
D/StatusBar.NetworkController(19886): hasService: mServiceState=1 1 home null null null  Unknown Unknown CSS not supported 0 0 RoamInd=0 DefRoamInd=0 EmergOnly=true retVal=false
D/StatusBar.NetworkController(19886): refreshViews connected={ wifi } level=0 combinedSignalIconId=0x7f020343/com.android.systemui:drawable/stat_sys_wifi_signal_4_fully combinedActivityIconId=0x0 mobileLabel=Emergency calls only wifiLabel="SW2_We8h"xxxxXXXXxxxxXXXX emergencyOnly=true combinedLabel="SW2_We8h"xxxxXXXXxxxxXXXX mAirplaneMode=false mDataActivity=0 mPhoneSignalIconId=0x0/(null) mQSPhoneSignalIconId=0x7f0200ab/com.android.systemui:drawable/ic_qs_signal_no_signal mDataDirectionIconId=0x0/(null) mDataSignalIconId=0x0/(null) mDataTypeIconId=0x0/(null) mQSDataTypeIconId=0x0/(null) mNoSimIconId=0x7f02008b/com.android.systemui:drawable/ic_qs_no_sim mWifiIconId=0x7f020343/com.android.systemui:drawable/stat_sys_wifi_signal_4_fully mQSWifiIconId=0x7f0200bc/com.android.systemui:drawable/ic_qs_wifi_full_4 mWifiActivityIconId=0x0/(null) mBluetoothTetherIconId=0x108069b/android:drawable/stat_sys_tether_bluetooth
E/NetworkScheduler(20203): Invalid component specified.
E/qdutils (  323): getBinder: invalid binder object
E/PPDaemon(  323): Success: Failed to signal HWC
W/EventLogAggregator(20856): Unknown tag: snet_gcore
W/EventLogAggregator(20856): Unknown tag: snet_launch_service
I/Finsky  (21813): [1] com.google.android.finsky.scheduler.bp.a(66): Jobs in database: 1-1337 21-333333333 26-1414141414 
I/Finsky  (21813): [1] com.google.android.finsky.scheduler.l.a(70): ConstraintMapping: 21-333333333, 1-1337,  -> L: 119773ms, D: 82799773ms, C: false, I: false, N: 1
I/Finsky  (21813): [1] com.google.android.finsky.scheduler.l.a(70): ConstraintMapping: 26-1414141414,  -> L: 33655051ms, D: 34555051ms, C: false, I: false, N: 0
I/Finsky  (21813): [1] com.google.android.finsky.scheduler.JobSchedulerEngine.a(108): Cancelling existing job with id: 9002
W/mm-pp-daemon( 4521): type=1400 audit(0.0:3378): avc: denied { call } for scontext=u:r:mm-pp-daemon:s0 tcontext=u:r:servicemanager:s0 tclass=binder permissive=0
I/ServiceManager(  323): Waiting for service display.qservice...
I/Finsky  (21813): [1] com.google.android.finsky.scheduler.JobSchedulerEngine.a(108): Cancelling existing job with id: 9003
I/Finsky  (21813): [1] com.google.android.finsky.scheduler.JobSchedulerEngine.a(108): Cancelling existing job with id: 9000
I/Finsky  (21813): [1] com.google.android.finsky.scheduler.JobSchedulerEngine.a(108): Cancelling existing job with id: 9001
I/Finsky  (21813): [1] com.google.android.finsky.scheduler.JobSchedulerEngine.a(47): Scheduling job Id: 9004, L: 119773, D: 82799773, C: false, I: false, N: 1
I/Finsky  (21813): [1] com.google.android.finsky.scheduler.JobSchedulerEngine.a(47): Scheduling job Id: 9005, L: 33655051, D: 34555051, C: false, I: false, N: 0
I/Finsky  (21813): [1] com.google.android.finsky.scheduler.JobSchedulerEngine.a(47): Scheduling job Id: 9006, L: 119773, D: 82799773, C: false, I: false, N: 1
I/Finsky  (21813): [1] com.google.android.finsky.scheduler.JobSchedulerEngine.a(47): Scheduling job Id: 9007, L: 33655051, D: 34555051, C: false, I: false, N: 0
I/Finsky  (21813): [1] com.google.android.finsky.scheduler.bp.a(66): Jobs in database: 1-1337 21-333333333 26-1414141414 
I/Finsky  (21813): [1] com.google.android.finsky.scheduler.l.a(70): ConstraintMapping: 21-333333333, 1-1337,  -> L: 119683ms, D: 82799683ms, C: false, I: false, N: 1
I/CheckinRequestProcessor(20856): Gmscore running on device, checkin will use Gmscore context
I/Finsky  (21813): [1] com.google.android.finsky.scheduler.l.a(70): ConstraintMapping: 26-1414141414,  -> L: 33654948ms, D: 34554948ms, C: false, I: false, N: 0
I/Finsky  (21813): [1] com.google.android.finsky.scheduler.JobSchedulerEngine.a(108): Cancelling existing job with id: 9006
I/Finsky  (21813): [1] com.google.android.finsky.scheduler.JobSchedulerEngine.a(108): Cancelling existing job with id: 9004
I/Finsky  (21813): [1] com.google.android.finsky.scheduler.JobSchedulerEngine.a(108): Cancelling existing job with id: 9005
I/Finsky  (21813): [1] com.google.android.finsky.scheduler.JobSchedulerEngine.a(108): Cancelling existing job with id: 9007
I/Finsky  (21813): [1] com.google.android.finsky.scheduler.JobSchedulerEngine.a(47): Scheduling job Id: 9000, L: 119683, D: 82799683, C: false, I: false, N: 1
I/Finsky  (21813): [1] com.google.android.finsky.scheduler.JobSchedulerEngine.a(47): Scheduling job Id: 9001, L: 33654948, D: 34554948, C: false, I: false, N: 0
I/Finsky  (21813): [1] com.google.android.finsky.scheduler.JobSchedulerEngine.a(47): Scheduling job Id: 9002, L: 119683, D: 82799683, C: false, I: false, N: 1
I/Finsky  (21813): [1] com.google.android.finsky.scheduler.JobSchedulerEngine.a(47): Scheduling job Id: 9003, L: 33654948, D: 34554948, C: false, I: false, N: 0
I/CheckinRequestBuilder(20856): Checkin reason type: 8 attempt count: 1
D/WifiService(19709): New client listening to asynchronous messages
E/PhoneInterfaceManager(20296): [PhoneIntfMgr] getIccId: ICC ID is null or empty.
W/CheckinRequestBuilder(20856): Exception while truncating the IMSI
W/CheckinRequestBuilder(20856): java.lang.NullPointerException: Attempt to invoke virtual method 'byte[] java.lang.String.getBytes(java.lang.String)' on a null object reference
W/CheckinRequestBuilder(20856): 	at awcw.a(:com.google.android.gms@14366012@14.3.66 (020408-213742215):1)
W/CheckinRequestBuilder(20856): 	at awcw.a(:com.google.android.gms@14366012@14.3.66 (020408-213742215):4)
W/CheckinRequestBuilder(20856): 	at obm.a(:com.google.android.gms@14366012@14.3.66 (020408-213742215):222)
W/CheckinRequestBuilder(20856): 	at obm.a(:com.google.android.gms@14366012@14.3.66 (020408-213742215):96)
W/CheckinRequestBuilder(20856): 	at obn.a(:com.google.android.gms@14366012@14.3.66 (020408-213742215):145)
W/CheckinRequestBuilder(20856): 	at com.google.android.gms.checkin.CheckinChimeraService.a(:com.google.android.gms@14366012@14.3.66 (020408-213742215):122)
W/CheckinRequestBuilder(20856): 	at obi.run(:com.google.android.gms@14366012@14.3.66 (020408-213742215))
W/CheckinRequestBuilder(20856): 	at qfk.run(:com.google.android.gms@14366012@14.3.66 (020408-213742215):35)
W/CheckinRequestBuilder(20856): 	at java.util.concurrent.ThreadPoolExecutor.runWorker(ThreadPoolExecutor.java:1112)
W/CheckinRequestBuilder(20856): 	at java.util.concurrent.ThreadPoolExecutor$Worker.run(ThreadPoolExecutor.java:587)
W/CheckinRequestBuilder(20856): 	at qll.run(:com.google.android.gms@14366012@14.3.66 (020408-213742215))
W/CheckinRequestBuilder(20856): 	at java.lang.Thread.run(Thread.java:818)
W/ResourceType(20335): ResTable_typeSpec entry count inconsistent: given 19, previously 27
W/ResourceType(20335): ResTable_typeSpec entry count inconsistent: given 19, previously 27
I/art     (20335): Background sticky concurrent mark sweep GC freed 727(53KB) AllocSpace objects, 0(0B) LOS objects, 0% free, 41MB/41MB, paused 5.218ms total 10.759ms
D/StatusBar.NetworkController(19886): hasService: mServiceState=1 1 home null null null  Unknown Unknown CSS not supported 0 0 RoamInd=0 DefRoamInd=0 EmergOnly=true retVal=false
D/StatusBar.NetworkController(19886): refreshViews: Data not connected!! Set no data type icon / Roaming
D/StatusBar.NetworkController(19886): hasService: mServiceState=1 1 home null null null  Unknown Unknown CSS not supported 0 0 RoamInd=0 DefRoamInd=0 EmergOnly=true retVal=false
D/StatusBar.NetworkController(19886): refreshViews connected={ wifi } level=0 combinedSignalIconId=0x7f020343/com.android.systemui:drawable/stat_sys_wifi_signal_4_fully combinedActivityIconId=0x0 mobileLabel=Emergency calls only wifiLabel="SW2_We8h"xxxxXXXXxxxxXXXX emergencyOnly=true combinedLabel="SW2_We8h"xxxxXXXXxxxxXXXX mAirplaneMode=false mDataActivity=0 mPhoneSignalIconId=0x0/(null) mQSPhoneSignalIconId=0x7f0200ab/com.android.systemui:drawable/ic_qs_signal_no_signal mDataDirectionIconId=0x0/(null) mDataSignalIconId=0x0/(null) mDataTypeIconId=0x0/(null) mQSDataTypeIconId=0x0/(null) mNoSimIconId=0x7f02008b/com.android.systemui:drawable/ic_qs_no_sim mWifiIconId=0x7f020343/com.android.systemui:drawable/stat_sys_wifi_signal_4_fully mQSWifiIconId=0x7f0200bc/com.android.systemui:drawable/ic_qs_wifi_full_4 mWifiActivityIconId=0x0/(null) mBluetoothTetherIconId=0x108069b/android:drawable/stat_sys_tether_bluetooth
W/art     (20335): Suspending all threads took: 7.276ms
I/art     (20335): Background partial concurrent mark sweep GC freed 695(48KB) AllocSpace objects, 6(4MB) LOS objects, 28% free, 40MB/56MB, paused 8.220ms total 76.895ms
W/mm-pp-daemon( 4521): type=1400 audit(0.0:3379): avc: denied { call } for scontext=u:r:mm-pp-daemon:s0 tcontext=u:r:servicemanager:s0 tclass=binder permissive=0
I/ServiceManager(  323): Waiting for service display.qservice...
I/ActivityManager(19709): Start proc 22050:android.process.media/u0a6 for broadcast com.android.providers.downloads/.DownloadReceiver
W/ResourcesManager(20335): Asset path '/system/framework/com.google.android.media.effects.jar' does not exist or contains no resources.
E/SQLiteLog(22050): (283) recovered 15 frames from WAL file /data/data/com.android.providers.media/databases/external.db-wal
W/ResourceType(20335): ResTable_typeSpec entry count inconsistent: given 19, previously 27
D/ConnectivityManager(21531): getMobileDataEnabled()+ subId=1
D/PhoneInterfaceManager(20296): [PhoneIntfMgr] getDataEnabled: subId=1 phoneId=0
D/PhoneInterfaceManager(20296): [PhoneIntfMgr] getDataEnabled: subId=1 retVal=true
D/ConnectivityManager(21531): getMobileDataEnabled()- subId=1 retVal=true
I/Adreno-EGL(21218): <qeglDrvAPI_eglInitialize:379>: EGL 1.4 QUALCOMM build: AU_LINUX_ANDROID_LA.BR.1.1.3_RB1.05.01.00.032.017_msm8916_64_LA.BR.1.1.3_RB1__release_AU (Ie228694f41)
I/Adreno-EGL(21218): OpenGL ES Shader Compiler Version: E031.25.03.04
I/Adreno-EGL(21218): Build Date: 09/29/15 Tue
I/Adreno-EGL(21218): Local Branch: mybranch14662643
I/Adreno-EGL(21218): Remote Branch: quic/LA.BR.1.1.3_rb1.32
I/Adreno-EGL(21218): Local Patches: NONE
I/Adreno-EGL(21218): Reconstruct Branch: AU_LINUX_ANDROID_LA.BR.1.1.3_RB1.05.01.00.032.017 + 26a3cba + 6f69ea6 + 8bc2bc8 + 649fcde + a52cccf + dbf281f + 15f0bf8 + 8d02f76 + 9b2cb1a + 25f3b04 + 7cd8c84 + b54906e + 675fd74 + 7c22ef4 + 79b094c 
W/ResourcesManager(21531): Asset path '/system/framework/com.google.android.media.effects.jar' does not exist or contains no resources.
D/Mms     (21531): Cursor= >>>>> Dumping cursor android.content.ContentResolver$CursorWrapperInner@33cb8f73
D/Mms     (21531): <<<<<
I/Adreno-EGL(21218): <qeglDrvAPI_eglInitialize:379>: EGL 1.4 QUALCOMM build: AU_LINUX_ANDROID_LA.BR.1.1.3_RB1.05.01.00.032.017_msm8916_64_LA.BR.1.1.3_RB1__release_AU (Ie228694f41)
I/Adreno-EGL(21218): OpenGL ES Shader Compiler Version: E031.25.03.04
I/Adreno-EGL(21218): Build Date: 09/29/15 Tue
I/Adreno-EGL(21218): Local Branch: mybranch14662643
I/Adreno-EGL(21218): Remote Branch: quic/LA.BR.1.1.3_rb1.32
I/Adreno-EGL(21218): Local Patches: NONE
I/Adreno-EGL(21218): Reconstruct Branch: AU_LINUX_ANDROID_LA.BR.1.1.3_RB1.05.01.00.032.017 + 26a3cba + 6f69ea6 + 8bc2bc8 + 649fcde + a52cccf + dbf281f + 15f0bf8 + 8d02f76 + 9b2cb1a + 25f3b04 + 7cd8c84 + b54906e + 675fd74 + 7c22ef4 + 79b094c 
I/ActivityManager(19709): Killing 20056:com.android.deskclock/u0a37 (adj 15): empty #17
I/iu.SyncManager(20856): SYNC; picasa accounts
W/Binder_2(21235): type=1400 audit(0.0:3380): avc: denied { read } for name="/" dev="tmpfs" ino=7504 scontext=u:r:untrusted_app:s0 tcontext=u:object_r:device:s0 tclass=dir permissive=0
D/ActivityManager(19709): cleanUpApplicationRecord -- 20056
I/iu.Environment(20856): update connectivity state; isNetworkMetered? false, isRoaming? false, isBackgroundDataAllowed? true*
D/wpa_supplicant(20154): wlan0: Control interface command 'SIGNAL_POLL'
I/ActivityManager(19709): Start proc 22079:com.google.android.apps.photos/u0a71 for broadcast com.google.android.apps.photos/.actionqueue.impl.SystemReceiver
W/ResourceType(22079): ResTable_typeSpec entry count inconsistent: given 467, previously 1273
I/iu.UploadsManager(20856): num queued entries: 0
I/iu.UploadsManager(20856): num updated entries: 0
I/iu.SyncManager(20856): NEXT; no task
W/ActivityManager(19709): getRunningAppProcesses: caller 10071 does not hold REAL_GET_TASKS; limiting output
I/Adreno-EGL(21218): <qeglDrvAPI_eglInitialize:379>: EGL 1.4 QUALCOMM build: AU_LINUX_ANDROID_LA.BR.1.1.3_RB1.05.01.00.032.017_msm8916_64_LA.BR.1.1.3_RB1__release_AU (Ie228694f41)
I/Adreno-EGL(21218): OpenGL ES Shader Compiler Version: E031.25.03.04
I/Adreno-EGL(21218): Build Date: 09/29/15 Tue
I/Adreno-EGL(21218): Local Branch: mybranch14662643
I/Adreno-EGL(21218): Remote Branch: quic/LA.BR.1.1.3_rb1.32
I/Adreno-EGL(21218): Local Patches: NONE
I/Adreno-EGL(21218): Reconstruct Branch: AU_LINUX_ANDROID_LA.BR.1.1.3_RB1.05.01.00.032.017 + 26a3cba + 6f69ea6 + 8bc2bc8 + 649fcde + a52cccf + dbf281f + 15f0bf8 + 8d02f76 + 9b2cb1a + 25f3b04 + 7cd8c84 + b54906e + 675fd74 + 7c22ef4 + 79b094c 
I/Adreno-EGL(21218): <qeglDrvAPI_eglInitialize:379>: EGL 1.4 QUALCOMM build: AU_LINUX_ANDROID_LA.BR.1.1.3_RB1.05.01.00.032.017_msm8916_64_LA.BR.1.1.3_RB1__release_AU (Ie228694f41)
I/Adreno-EGL(21218): OpenGL ES Shader Compiler Version: E031.25.03.04
I/Adreno-EGL(21218): Build Date: 09/29/15 Tue
I/Adreno-EGL(21218): Local Branch: mybranch14662643
I/Adreno-EGL(21218): Remote Branch: quic/LA.BR.1.1.3_rb1.32
I/Adreno-EGL(21218): Local Patches: NONE
I/Adreno-EGL(21218): Reconstruct Branch: AU_LINUX_ANDROID_LA.BR.1.1.3_RB1.05.01.00.032.017 + 26a3cba + 6f69ea6 + 8bc2bc8 + 649fcde + a52cccf + dbf281f + 15f0bf8 + 8d02f76 + 9b2cb1a + 25f3b04 + 7cd8c84 + b54906e + 675fd74 + 7c22ef4 + 79b094c 
E/AudioPolicyManager(19468): unknown stream type 13
E/AudioPolicyManager(19468): unknown stream type 13
E/AudioPolicyManager(19468): unknown stream type 13
E/AudioPolicyManager(19468): unknown stream type 13
E/AudioPolicyManager(19468): unknown stream type 13
E/AudioPolicyManager(19468): unknown stream type 13
E/AudioPolicyManager(19468): unknown stream type 13
E/AudioPolicyManager(19468): unknown stream type 13
E/AudioPolicyManager(19468): unknown stream type 13
I/ViewRootImpl(20335): CPU Rendering VSync enable = true
I/ServiceManager(  323): Waiting for service display.qservice...
W/mm-pp-daemon( 4521): type=1400 audit(0.0:3381): avc: denied { call } for scontext=u:r:mm-pp-daemon:s0 tcontext=u:r:servicemanager:s0 tclass=binder permissive=0
W/Binder_3(21720): type=1400 audit(0.0:3382): avc: denied { read } for name="/" dev="tmpfs" ino=7504 scontext=u:r:untrusted_app:s0 tcontext=u:object_r:device:s0 tclass=dir permissive=0
E/AudioPolicyManager(19468): unknown stream type 13
E/AudioPolicyManager(19468): unknown stream type 13
E/AudioPolicyManager(19468): unknown stream type 13
E/AudioPolicyManager(19468): unknown stream type 13
E/AudioPolicyManager(19468): unknown stream type 13
E/AudioPolicyManager(19468): unknown stream type 13
E/AudioPolicyManager(19468): unknown stream type 13
E/AudioPolicyManager(19468): unknown stream type 13
E/AudioPolicyManager(19468): unknown stream type 13
E/AudioPolicyManager(19468): unknown stream type 13
E/AudioPolicyManager(19468): unknown stream type 13
E/AudioPolicyManager(19468): unknown stream type 13
E/AudioPolicyManager(19468): unknown stream type 13
E/AudioPolicyManager(19468): unknown stream type 13
E/AudioPolicyManager(19468): unknown stream type 13
E/AudioPolicyManager(19468): unknown stream type 13
E/AudioPolicyManager(19468): unknown stream type 13
I/ActivityManager(19709): Start proc 22107:com.google.android.apps.plus/u0a72 for broadcast com.google.android.apps.plus/com.google.android.libraries.social.autobackup.AutoBackupEnvironment$ConnectivityReceiver
I/ActivityManager(19709): Killing 21589:com.qualcomm.timeservice/1000 (adj 15): empty #17
I/GlobalDismissManager(20178): no sender configured
D/AlertService(20178): Beginning updateAlertNotification
D/ActivityManager(19709): cleanUpApplicationRecord -- 21589
D/AlertService(20178): No fired or scheduled alerts
D/AlertService(20178): Scheduling next alarm with AlarmScheduler. sEventReminderReceived: null
W/art     (22107): Suspending all threads took: 5.129ms
W/ActivityManager(19709): getRunningAppProcesses: caller 10072 does not hold REAL_GET_TASKS; limiting output
W/art     (22107): Suspending all threads took: 31.830ms
D/AlarmScheduler(20178): No events found starting within 1 week.
I/ServiceManager(17691): Waiting for service AtCmdFwd...
D/StatusBar.NetworkController(19886): hasService: mServiceState=1 1 home null null null  Unknown Unknown CSS not supported 0 0 RoamInd=0 DefRoamInd=0 EmergOnly=true retVal=false
D/StatusBar.NetworkController(19886): refreshViews: Data not connected!! Set no data type icon / Roaming
D/StatusBar.NetworkController(19886): hasService: mServiceState=1 1 home null null null  Unknown Unknown CSS not supported 0 0 RoamInd=0 DefRoamInd=0 EmergOnly=true retVal=false
D/StatusBar.NetworkController(19886): refreshViews connected={ wifi } level=0 combinedSignalIconId=0x7f020343/com.android.systemui:drawable/stat_sys_wifi_signal_4_fully combinedActivityIconId=0x0 mobileLabel=Emergency calls only wifiLabel="SW2_We8h"xxxxXXXXxxxxXXXX emergencyOnly=true combinedLabel="SW2_We8h"xxxxXXXXxxxxXXXX mAirplaneMode=false mDataActivity=0 mPhoneSignalIconId=0x0/(null) mQSPhoneSignalIconId=0x7f0200ab/com.android.systemui:drawable/ic_qs_signal_no_signal mDataDirectionIconId=0x0/(null) mDataSignalIconId=0x0/(null) mDataTypeIconId=0x0/(null) mQSDataTypeIconId=0x0/(null) mNoSimIconId=0x7f02008b/com.android.systemui:drawable/ic_qs_no_sim mWifiIconId=0x7f020343/com.android.systemui:drawable/stat_sys_wifi_signal_4_fully mQSWifiIconId=0x7f0200bc/com.android.systemui:drawable/ic_qs_wifi_full_4 mWifiActivityIconId=0x0/(null) mBluetoothTetherIconId=0x108069b/android:drawable/stat_sys_tether_bluetooth
I/ServiceManager(  323): Waiting for service display.qservice...
W/mm-pp-daemon( 4521): type=1400 audit(0.0:3383): avc: denied { call } for scontext=u:r:mm-pp-daemon:s0 tcontext=u:r:servicemanager:s0 tclass=binder permissive=0
W/PrimesInit(22107): Primes instant initialization
W/Primes  (22107): background initialization
I/NotificationService(19709): cancelToast pkg=com.android.launcher3 callback=android.app.ITransientNotification$Stub$Proxy@1ac03802
E/AudioPolicyManager(19468): unknown stream type 13
E/AudioPolicyManager(19468): unknown stream type 13
E/AudioPolicyManager(19468): unknown stream type 13
E/AudioPolicyManager(19468): unknown stream type 13
E/AudioPolicyManager(19468): unknown stream type 13
E/AudioPolicyManager(19468): unknown stream type 13
E/AudioPolicyManager(19468): unknown stream type 13
E/AudioPolicyManager(19468): unknown stream type 13
E/AudioPolicyManager(19468): unknown stream type 13
I/ViewRootImpl(20335): CPU Rendering VSync enable = true
I/art     (19709): Background sticky concurrent mark sweep GC freed 45774(2MB) AllocSpace objects, 11(216KB) LOS objects, 15% free, 15MB/18MB, paused 9.054ms total 119.923ms
D/BluetoothManagerService(19709): Message: 30
E/SQLiteLog(22079): (283) recovered 267 frames from WAL file /data/data/com.google.android.apps.photos/databases/gphotos-1.db-wal
E/AudioPolicyManager(19468): unknown stream type 13
E/AudioPolicyManager(19468): unknown stream type 13
E/AudioPolicyManager(19468): unknown stream type 13
E/AudioPolicyManager(19468): unknown stream type 13
E/AudioPolicyManager(19468): unknown stream type 13
E/AudioPolicyManager(19468): unknown stream type 13
E/AudioPolicyManager(19468): unknown stream type 13
E/AudioPolicyManager(19468): unknown stream type 13
E/AudioPolicyManager(19468): unknown stream type 13
E/AudioPolicyManager(19468): unknown stream type 13
E/AudioPolicyManager(19468): unknown stream type 13
E/AudioPolicyManager(19468): unknown stream type 13
E/AudioPolicyManager(19468): unknown stream type 13
E/AudioPolicyManager(19468): unknown stream type 13
E/AudioPolicyManager(19468): unknown stream type 13
E/AudioPolicyManager(19468): unknown stream type 13
E/AudioPolicyManager(19468): unknown stream type 13
I/NotificationService(19709): cancelToast pkg=com.android.launcher3 callback=android.app.ITransientNotification$Stub$Proxy@b5ddd26
I/RecoverySystem(19709): No recovery log file
I/ActivityManager(19709): Start proc 22154:com.android.deskclock/u0a37 for broadcast com.android.deskclock/.AlarmInitReceiver
E/AudioPolicyManager(19468): unknown stream type 13
E/AudioPolicyManager(19468): unknown stream type 13
E/AudioPolicyManager(19468): unknown stream type 13
E/AudioPolicyManager(19468): unknown stream type 13
E/AudioPolicyManager(19468): unknown stream type 13
E/AudioPolicyManager(19468): unknown stream type 13
E/AudioPolicyManager(19468): unknown stream type 13
E/AudioPolicyManager(19468): unknown stream type 13
D/Ulp_jni (19709): Location CB invoked
E/AudioPolicyManager(19468): unknown stream type 13
I/PrimesTesting(22107): GserviceFlagsSupplier.get()
I/ViewRootImpl(20335): CPU Rendering VSync enable = true
I/NotificationService(19709): cancelToast pkg=com.android.launcher3 callback=android.app.ITransientNotification$Stub$Proxy@2b3aa5b2
I/ActivityManager(19709): Killing 21294:com.google.android.apps.maps/u0a63 (adj 15): empty #17
D/ConnectivityService(19709): ConnectivityService NetworkRequestInfo binderDied(NetworkRequest [ id=4, legacyType=-1, [ Capabilities: INTERNET&NOT_RESTRICTED&TRUSTED] ], android.os.BinderProxy@1771c4ac)
D/ConnectivityService(19709): releasing NetworkRequest NetworkRequest [ id=4, legacyType=-1, [ Capabilities: INTERNET&NOT_RESTRICTED&TRUSTED] ]
E/ConnectivityService(19709): RemoteException caught trying to send a callback msg for NetworkRequest [ id=4, legacyType=-1, [ Capabilities: INTERNET&NOT_RESTRICTED&TRUSTED] ]
E/AudioPolicyManager(19468): unknown stream type 13
E/AudioPolicyManager(19468): unknown stream type 13
E/AudioPolicyManager(19468): unknown stream type 13
E/AudioPolicyManager(19468): unknown stream type 13
E/AudioPolicyManager(19468): unknown stream type 13
E/AudioPolicyManager(19468): unknown stream type 13
E/AudioPolicyManager(19468): unknown stream type 13
E/AudioPolicyManager(19468): unknown stream type 13
E/AudioPolicyManager(19468): unknown stream type 13
E/AudioPolicyManager(19468): unknown stream type 13
E/AudioPolicyManager(19468): unknown stream type 13
E/AudioPolicyManager(19468): unknown stream type 13
E/AudioPolicyManager(19468): unknown stream type 13
E/AudioPolicyManager(19468): unknown stream type 13
E/AudioPolicyManager(19468): unknown stream type 13
E/AudioPolicyManager(19468): unknown stream type 13
E/AudioPolicyManager(19468): unknown stream type 13
I/ActivityManager(19709): Start proc 22176:com.android.keychain/1000 for service com.android.keychain/.KeyChainService
D/ActivityManager(19709): cleanUpApplicationRecord -- 21294
V/WLAN_PSA(  258): NL MSG, len[048], NL type[0x11] WNI type[0x5050] len[028]
V/WLAN_PSA(  258): NL MSG, PID: 258
I/ViewRootImpl(20335): CPU Rendering VSync enable = true
D/LocationManagerService(19709): incoming location: Location[fused 37.488738,127.053543 acc=1128 et=+1d3h36m13s279ms alt=0.0 vel=0.0 bear=81.0 {Bundle[{}]}]
D/LocationManagerService(19709): incoming location: Location[fused 37.488738,127.053543 acc=1128 et=+1d3h36m13s279ms alt=0.0 vel=0.0 bear=81.0 {Bundle[{}]}]
I/ActivityManager(19709): Killing 21656:.remote/1000 (adj 15): empty #17
I/ServiceManager(17691): Waiting for service AtCmdFwd...
W/ActivityManager(19709): getRunningAppProcesses: caller 10071 does not hold REAL_GET_TASKS; limiting output
D/ActivityManager(19709): cleanUpApplicationRecord -- 21656
I/ServiceManager(  323): Waiting for service display.qservice...
W/mm-pp-daemon( 4521): type=1400 audit(0.0:3384): avc: denied { call } for scontext=u:r:mm-pp-daemon:s0 tcontext=u:r:servicemanager:s0 tclass=binder permissive=0
I/NotificationService(19709): cancelToast pkg=com.android.launcher3 callback=android.app.ITransientNotification$Stub$Proxy@14df9b61
E/AudioPolicyManager(19468): unknown stream type 13
E/AudioPolicyManager(19468): unknown stream type 13
E/AudioPolicyManager(19468): unknown stream type 13
E/AudioPolicyManager(19468): unknown stream type 13
E/AudioPolicyManager(19468): unknown stream type 13
E/AudioPolicyManager(19468): unknown stream type 13
E/AudioPolicyManager(19468): unknown stream type 13
E/AudioPolicyManager(19468): unknown stream type 13
E/AudioPolicyManager(19468): unknown stream type 13
I/ActivityManager(19709): Start proc 22204:com.google.android.play.games.ui/u0a8 for content provider com.google.android.gms/.games.provider.NotificationStubContentProvider
I/NotificationService(19709): cancelToast pkg=com.android.launcher3 callback=android.app.ITransientNotification$Stub$Proxy@1292e686
I/ActivityManager(19709): Start proc 22222:com.android.dialer/u0a5 for broadcast com.android.dialer/.calllog.CallLogReceiver
I/ActivityManager(19709): Killing 21459:com.google.android.gm/u0a49 (adj 15): empty #17
D/GpsLocationProvider(19709): NetworkLocationListener=Location[fused 37.488738,127.053543 acc=1128 et=+1d3h36m13s279ms alt=0.0 vel=0.0 bear=81.0 {Bundle[{noGPSLocation=Location[network 37.488738,127.053543 acc=18 et=+1d3h36m3s863ms alt=90.69999694824219 {Bundle[{networkLocationType=wifi, coarseLocation=Location[network 37.495495,127.038871 acc=2000 et=+1d3h36m3s863ms]}]}]}]}]
D/GpsLocationProvider(19709): This Location Timezone is [ Asia/Seoul ]
D/AlarmManagerService(19709): Kernel timezone updated to -540 minutes west of GMT
I/art     (19461): Explicit concurrent mark sweep GC freed 704(30KB) AllocSpace objects, 0(0B) LOS objects, 89% free, 126KB/1150KB, paused 202us total 29.838ms
I/art     (19461): Explicit concurrent mark sweep GC freed 7(240B) AllocSpace objects, 0(0B) LOS objects, 89% free, 126KB/1150KB, paused 200us total 19.009ms
I/art     (19461): Explicit concurrent mark sweep GC freed 5(160B) AllocSpace objects, 0(0B) LOS objects, 89% free, 126KB/1150KB, paused 204us total 17.459ms
D/wpa_supplicant(20154): wlan0: Control interface command 'SIGNAL_POLL'
E/AudioPolicyManager(19468): unknown stream type 13
E/AudioPolicyManager(19468): unknown stream type 13
E/AudioPolicyManager(19468): unknown stream type 13
E/AudioPolicyManager(19468): unknown stream type 13
E/AudioPolicyManager(19468): unknown stream type 13
E/AudioPolicyManager(19468): unknown stream type 13
E/AudioPolicyManager(19468): unknown stream type 13
E/AudioPolicyManager(19468): unknown stream type 13
E/AudioPolicyManager(19468): unknown stream type 13
E/AudioPolicyManager(19468): unknown stream type 13
E/AudioPolicyManager(19468): unknown stream type 13
E/AudioPolicyManager(19468): unknown stream type 13
E/AudioPolicyManager(19468): unknown stream type 13
E/AudioPolicyManager(19468): unknown stream type 13
E/AudioPolicyManager(19468): unknown stream type 13
E/AudioPolicyManager(19468): unknown stream type 13
E/AudioPolicyManager(19468): unknown stream type 13
D/ActivityManager(19709): cleanUpApplicationRecord -- 21459
I/Choreographer(20335): Skipped 33 frames!  The application may be doing too much work on its main thread.
W/ResourcesManager(22204): Asset path '/system/framework/com.android.media.remotedisplay.jar' does not exist or contains no resources.
W/ResourcesManager(22204): Asset path '/system/framework/com.android.location.provider.jar' does not exist or contains no resources.
I/NotificationService(19709): cancelToast pkg=com.android.launcher3 callback=android.app.ITransientNotification$Stub$Proxy@2da6e512
I/NotificationService(19709): cancelToast pkg=com.android.launcher3 callback=android.app.ITransientNotification$Stub$Proxy@7c734e3
E/AudioPolicyManager(19468): unknown stream type 13
E/AudioPolicyManager(19468): unknown stream type 13
E/AudioPolicyManager(19468): unknown stream type 13
E/AudioPolicyManager(19468): unknown stream type 13
E/AudioPolicyManager(19468): unknown stream type 13
E/AudioPolicyManager(19468): unknown stream type 13
E/AudioPolicyManager(19468): unknown stream type 13
E/AudioPolicyManager(19468): unknown stream type 13
E/AudioPolicyManager(19468): unknown stream type 13
I/ViewRootImpl(20335): CPU Rendering VSync enable = true
I/NotificationService(19709): cancelToast pkg=com.android.launcher3 callback=android.app.ITransientNotification$Stub$Proxy@48a405e
I/ViewRootImpl(20335): CPU Rendering VSync enable = true
W/GmsApplication(22204): Failed to invoke the SupplierSetterRegistry.
D/ExtensionsFactory(22222): No custom extensions.
I/ServiceManager(17691): Waiting for service AtCmdFwd...
V/OtaStartupReceiver(20296): onOtaspChanged: mOtaspMode=0
I/CustomSettingService(19709): ACTION_BOOT_COMPLETED
I/ViewRootImpl(20335): CPU Rendering VSync enable = true
I/ViewRootImpl(20335): CPU Rendering VSync enable = true
I/ViewRootImpl(20335): CPU Rendering VSync enable = true
E/AudioPolicyManager(19468): unknown stream type 13
E/AudioPolicyManager(19468): unknown stream type 13
E/AudioPolicyManager(19468): unknown stream type 13
E/AudioPolicyManager(19468): unknown stream type 13
E/AudioPolicyManager(19468): unknown stream type 13
E/AudioPolicyManager(19468): unknown stream type 13
E/AudioPolicyManager(19468): unknown stream type 13
E/AudioPolicyManager(19468): unknown stream type 13
E/AudioPolicyManager(19468): unknown stream type 13
E/AudioPolicyManager(19468): unknown stream type 13
E/AudioPolicyManager(19468): unknown stream type 13
E/AudioPolicyManager(19468): unknown stream type 13
E/AudioPolicyManager(19468): unknown stream type 13
E/AudioPolicyManager(19468): unknown stream type 13
E/AudioPolicyManager(19468): unknown stream type 13
E/AudioPolicyManager(19468): unknown stream type 13
E/AudioPolicyManager(19468): unknown stream type 13
I/ActivityManager(19709): Start proc 22253:com.google.android.onetimeinitializer/u0a10 for broadcast com.google.android.onetimeinitializer/.OneTimeInitializerReceiver
I/MultiDex(22204): VM with version 2.1.0 has multidex support
I/MultiDex(22204): install
I/MultiDex(22204): MultiDexExtractor.load(/data/app/com.google.android.gms-1/base.apk, false)
I/MultiDex(22204): Blocking on lock /data/user/0/com.google.android.gms/code_cache/secondary-dexes/MultiDex.lock
V/OneTimeInitializerReceiver(22253): OneTimeInitializerReceiver.onReceive
I/MultiDex(22204): /data/user/0/com.google.android.gms/code_cache/secondary-dexes/MultiDex.lock locked
E/qdutils (  323): getBinder: invalid binder object
E/PPDaemon(  323): Success: Failed to signal HWC
V/OneTimeService(22253): OneTimeService.onHandleIntent
I/MultiDex(22204): loading existing secondary dex files
I/MultiDex(22204): load found 5 secondary dex files
I/ActivityManager(19709): Delay finish: com.google.android.partnersetup/.GooglePartnerSetup
I/ActivityManager(19709): Resuming delayed broadcast
I/NotificationService(19709): cancelToast pkg=com.android.launcher3 callback=android.app.ITransientNotification$Stub$Proxy@d757d0e
E/AudioPolicyManager(19468): unknown stream type 13
E/AudioPolicyManager(19468): unknown stream type 13
E/AudioPolicyManager(19468): unknown stream type 13
E/AudioPolicyManager(19468): unknown stream type 13
E/AudioPolicyManager(19468): unknown stream type 13
E/AudioPolicyManager(19468): unknown stream type 13
E/AudioPolicyManager(19468): unknown stream type 13
E/AudioPolicyManager(19468): unknown stream type 13
E/AudioPolicyManager(19468): unknown stream type 13
I/MultiDex(22204): install done
I/ActivityManager(19709): Delay finish: com.google.android.partnersetup/.RlzPingBroadcastReceiver
I/ActivityManager(19709): Killing 20512:com.android.exchange/u0a41 (adj 15): empty #17
I/ViewRootImpl(20335): CPU Rendering VSync enable = true
E/AudioPolicyManager(19468): unknown stream type 13
E/AudioPolicyManager(19468): unknown stream type 13
E/AudioPolicyManager(19468): unknown stream type 13
