I/art     (23634): Rejecting re-init on previously-failed class java.lang.Class<com.google.android.gms.org.conscrypt.Java7ExtendedSSLSession>
I/art     (23634): Rejecting re-init on previously-failed class java.lang.Class<com.google.android.gms.org.conscrypt.Java8ExtendedSSLSession>
I/art     (23634): Rejecting re-init on previously-failed class java.lang.Class<com.google.android.gms.org.conscrypt.Java8ExtendedSSLSession>
I/ProviderInstaller(23634): Installed default security provider GmsCore_OpenSSL
D/wpa_supplicant(20154): wlan0: Control interface command 'SIGNAL_POLL'
V/WLAN_PSA(  258): NL MSG, len[048], NL type[0x11] WNI type[0x5050] len[028]
V/WLAN_PSA(  258): NL MSG, PID: 258
I/Sensors (19709): AccelSensor::setDelay++CONFIG_SENSORS_MXC400X++
I/GlobalDismissManager(23562): no sender configured
D/AlertService(23562): Beginning updateAlertNotification
D/AlertService(23562): No fired or scheduled alerts
D/AlertService(23562): Scheduling next alarm with AlarmScheduler. sEventReminderReceived: null
D/AlarmScheduler(23562): No events found starting within 1 week.
D/AlertService(23562): 0 Action = android.intent.action.PROVIDER_CHANGED
D/StatusBar.NetworkController(19886): hasService: mServiceState=1 1 home null null null  Unknown Unknown CSS not supported 0 0 RoamInd=0 DefRoamInd=0 EmergOnly=true retVal=false
D/StatusBar.NetworkController(19886): refreshViews: Data not connected!! Set no data type icon / Roaming
D/StatusBar.NetworkController(19886): hasService: mServiceState=1 1 home null null null  Unknown Unknown CSS not supported 0 0 RoamInd=0 DefRoamInd=0 EmergOnly=true retVal=false
D/StatusBar.NetworkController(19886): refreshViews connected={ wifi } level=0 combinedSignalIconId=0x7f020343/com.android.systemui:drawable/stat_sys_wifi_signal_4_fully combinedActivityIconId=0x0 mobileLabel=Emergency calls only wifiLabel="SW2_We8h"xxxxXXXXxxxxXXXX emergencyOnly=true combinedLabel="SW2_We8h"xxxxXXXXxxxxXXXX mAirplaneMode=false mDataActivity=0 mPhoneSignalIconId=0x0/(null) mQSPhoneSignalIconId=0x7f0200ab/com.android.systemui:drawable/ic_qs_signal_no_signal mDataDirectionIconId=0x0/(null) mDataSignalIconId=0x0/(null) mDataTypeIconId=0x0/(null) mQSDataTypeIconId=0x0/(null) mNoSimIconId=0x7f02008b/com.android.systemui:drawable/ic_qs_no_sim mWifiIconId=0x7f020343/com.android.systemui:drawable/stat_sys_wifi_signal_4_fully mQSWifiIconId=0x7f0200bc/com.android.systemui:drawable/ic_qs_wifi_full_4 mWifiActivityIconId=0x0/(null) mBluetoothTetherIconId=0x108069b/android:drawable/stat_sys_tether_bluetooth
E/NetworkScheduler(20203): Invalid component specified.
W/Launcher(20335): setApplicationContext called twice! old=com.android.launcher3.LauncherApplication@2e327632 new=com.android.launcher3.LauncherApplication@2e327632
W/art     (20313): Suspending all threads took: 20.381ms
I/art     (20313): Background partial concurrent mark sweep GC freed 3483(202KB) AllocSpace objects, 0(0B) LOS objects, 55% free, 820KB/1844KB, paused 21.105ms total 36.012ms
I/Finsky  (22751): [1] com.google.android.finsky.packagemanager.impl.PackageMonitorReceiverImpl.a(12): PackageMonitor received: android.intent.action.PACKAGE_CHANGED
I/Finsky  (22751): [1] com.google.android.finsky.p2p.f.run(3): Wrote row to frosting DB: 174
I/Icing   (20856): updateResources: need to parse zfk{com.google.android.gms}
E/NetworkScheduler(20203): Invalid component specified.
I/Vision  (20856): Details: ocr_arm64_v8a.zip, eef0f328b471a7ddd7197ba013d6462194ac8566
I/Vision  (20856): Engine already satisfied by existing download for ocr
E/NetworkScheduler(20203): Invalid component specified.
I/Icing   (20856): IndexChimeraService.getServiceInterface callingPackage=com.google.android.gms componentName=AppsCorpus serviceId=36
I/Icing   (20856): IndexChimeraService.getServiceInterface callingPackage=com.google.android.gms componentName=AppsCorpus serviceId=32
I/ServiceManager(  323): Waiting for service display.qservice...
W/mm-pp-daemon( 4521): type=1400 audit(0.0:3411): avc: denied { call } for scontext=u:r:mm-pp-daemon:s0 tcontext=u:r:servicemanager:s0 tclass=binder permissive=0
E/NetworkScheduler(20203): Invalid component specified.
E/NetworkScheduler(20203): Invalid component specified.
E/NetworkScheduler(20203): Invalid component specified.
W/DownloadCompleteIntOp(20856): SHA-1 of downloaded file does not match request
I/art     (19709): Background sticky concurrent mark sweep GC freed 18664(931KB) AllocSpace objects, 1(20KB) LOS objects, 5% free, 17MB/18MB, paused 5.309ms total 47.552ms
E/NetworkScheduler(20203): Invalid component specified.
E/NetworkScheduler(20203): Invalid component specified.
V/Mms     (23425): onStart: #1 resultCode: -1 = Activity.RESULT_OK
D/MusicLifecycle(23451): com.google.android.music.autocache.AutoCacheSchedulingService$EnablingReceiver generated event: Broadcast received with context android.app.ReceiverRestrictedContext@2e23f486 and intent Intent { act=com.google.android.music.START_DOWNLOAD_SCHEDULING flg=0x10 cmp=com.google.android.music/.autocache.AutoCacheSchedulingService$EnablingReceiver }
I/Icing   (20856): Usage reports ok 0, Failed Usage reports 0, indexed 0, rejected 0, imm upload false
E/NetworkScheduler(20203): Invalid component specified.
D/MusicLifecycle(23451): com.google.android.music.autocache.AutoCacheSchedulingService generated event: Service created
D/MusicLifecycle(23451): com.google.android.music.autocache.AutoCacheSchedulingService generated event: Service started with intent Intent { act=com.google.android.music.leanback.APP_IN_USE cmp=com.google.android.music/.autocache.AutoCacheSchedulingService (has extras) }
D/MusicLifecycle(23451): com.google.android.music.wear.WearBroadcastReceiver generated event: Broadcast received with context android.app.ReceiverRestrictedContext@2e23f486 and intent Intent { act=com.google.android.music.START_DOWNLOAD_SCHEDULING flg=0x10 cmp=com.google.android.music/.wear.WearBroadcastReceiver }
D/MusicLifecycle(23451): com.google.android.music.wear.WearBroadcastReceiver generated event: Broadcast received with context android.app.ReceiverRestrictedContext@2e23f486 and intent Intent { act=com.google.android.music.IMPORT_COMPLETE flg=0x10 cmp=com.google.android.music/.wear.WearBroadcastReceiver }
I/Vision  (20856): Details: ocr_arm64_v8a.zip, eef0f328b471a7ddd7197ba013d6462194ac8566
I/Vision  (20856): Engine already satisfied by existing download for ocr
I/Icing   (20856): Usage reports ok 0, Failed Usage reports 0, indexed 0, rejected 0, imm upload false
W/WearSignatureVerifier(23451): No package com.google.android.wearable.app.cn
W/WearSignatureVerifier(23451): No package com.google.android.wearable.app.cn
W/WearSignatureVerifier(23451): No package com.google.android.wearable.app.cn
W/WearSignatureVerifier(23451): No package com.google.android.wearable.app.cn
W/WearSignatureVerifier(23451): No package com.google.android.wearable.app.cn
W/WearSignatureVerifier(23451): No package com.google.android.wearable.app.cn
W/WearSignatureVerifier(23451): No package com.google.android.wearable.app.cn
W/WearSignatureVerifier(23451): No package com.google.android.wearable.app.cn
I/Wear_Controller(20203): Wear requires a companion app to be installed.
I/WearableService(20203): onCreate: Wearable Services not starting. Wear is not available on this device.
I/MusicLeanback(23451): Conditions not met for autocaching. okToAttempt=false
I/MusicLeanback(23451): Stop autocaching.
D/MusicLifecycle(23451): com.google.android.music.autocache.AutoCacheSchedulingService generated event: Service destroyed
I/Sensors (19709): AccelSensor::setDelay++CONFIG_SENSORS_MXC400X++
W/WearableService(20203): onGetService: Wear is not available on this device.
W/WearableService(20203): onGetService: Wear is not available on this device.
W/WearSignatureVerifier(23451): No package com.google.android.wearable.app.cn
W/WearSignatureVerifier(23451): No package com.google.android.wearable.app.cn
E/GmsUtils(23451): Failed to connect to Google API client: ConnectionResult{statusCode=API_UNAVAILABLE, resolution=null, message=null}
E/GmsUtils(23451): Failed to connect to Google API client: ConnectionResult{statusCode=API_UNAVAILABLE, resolution=null, message=null}
I/FirebaseJobDispatcher(23245): onStartJob(): fetch_configuration.
I/PhenotypeIme(23245): ExperimentTaskCallable.fetchConfiguration() : com.google.android.inputmethod.japanese
I/FirebaseJobDispatcher(23245): onStartJob(): register.
I/PhenotypeIme(23245): ExperimentTaskCallable.fetchConfiguration() : ConfigurationsResult[0] = Success
I/PhenotypeIme(23245): ExperimentTaskCallable.fetchConfiguration() : ConfigurationsResult[0] = Persisted
E/ajda    (20203): Phenotype API error. Event # bpjr@96821d10, EventCode: 5 [CONTEXT service_id=51 ]
E/ajda    (20203): ajbu: 29500: Empty (package not registered?) or malformed snapshot token: 
E/ajda    (20203): 	at ajdd.a(:com.google.android.gms@14366012@14.3.66 (020408-213742215):43)
E/ajda    (20203): 	at ajdc.b(:com.google.android.gms@14366012@14.3.66 (020408-213742215))
E/ajda    (20203): 	at ajda.a(:com.google.android.gms@14366012@14.3.66 (020408-213742215):105)
E/ajda    (20203): 	at ajda.a(:com.google.android.gms@14366012@14.3.66 (020408-213742215):99)
E/ajda    (20203): 	at xap.run(:com.google.android.gms@14366012@14.3.66 (020408-213742215):27)
E/ajda    (20203): 	at bdna.run(:com.google.android.gms@14366012@14.3.66 (020408-213742215):2)
E/ajda    (20203): 	at qfk.run(:com.google.android.gms@14366012@14.3.66 (020408-213742215):35)
E/ajda    (20203): 	at java.util.concurrent.ThreadPoolExecutor.runWorker(ThreadPoolExecutor.java:1112)
E/ajda    (20203): 	at java.util.concurrent.ThreadPoolExecutor$Worker.run(ThreadPoolExecutor.java:587)
E/ajda    (20203): 	at qll.run(:com.google.android.gms@14366012@14.3.66 (020408-213742215))
E/ajda    (20203): 	at java.lang.Thread.run(Thread.java:818)
E/AsyncOperation(20203): serviceID=51, operation=CommitToConfigurationOperationCall
E/AsyncOperation(20203): OperationException[Status{statusCode=Empty (package not registered?) or malformed snapshot token: , resolution=null}]
E/AsyncOperation(20203): 	at ajda.a(:com.google.android.gms@14366012@14.3.66 (020408-213742215):113)
E/AsyncOperation(20203): 	at ajda.a(:com.google.android.gms@14366012@14.3.66 (020408-213742215):99)
E/AsyncOperation(20203): 	at xap.run(:com.google.android.gms@14366012@14.3.66 (020408-213742215):27)
E/AsyncOperation(20203): 	at bdna.run(:com.google.android.gms@14366012@14.3.66 (020408-213742215):2)
E/AsyncOperation(20203): 	at qfk.run(:com.google.android.gms@14366012@14.3.66 (020408-213742215):35)
E/AsyncOperation(20203): 	at java.util.concurrent.ThreadPoolExecutor.runWorker(ThreadPoolExecutor.java:1112)
E/AsyncOperation(20203): 	at java.util.concurrent.ThreadPoolExecutor$Worker.run(ThreadPoolExecutor.java:587)
E/AsyncOperation(20203): 	at qll.run(:com.google.android.gms@14366012@14.3.66 (020408-213742215))
E/AsyncOperation(20203): 	at java.lang.Thread.run(Thread.java:818)
I/PhenotypeIme(23245): ExperimentTaskCallable.fetchConfiguration() : ConfigurationsResult[0] = Not Committed
W/PhenotypeIme(23245): Commit snapshot for com.google.android.inputmethod.japanese failed
I/PhenotypeIme(23245): ExperimentTaskCallable.fetchConfiguration() : ConfigurationsResult[1] = Success
I/PhenotypeIme(23245): ExperimentTaskCallable.fetchConfiguration() : ConfigurationsResult[1] = Persisted
E/ajda    (20203): Phenotype API error. Event # bpjr@2a199832, EventCode: 5 [CONTEXT service_id=51 ]
E/ajda    (20203): ajbu: 29500: Empty (package not registered?) or malformed snapshot token: 
E/ajda    (20203): 	at ajdd.a(:com.google.android.gms@14366012@14.3.66 (020408-213742215):43)
E/ajda    (20203): 	at ajdc.b(:com.google.android.gms@14366012@14.3.66 (020408-213742215))
E/ajda    (20203): 	at ajda.a(:com.google.android.gms@14366012@14.3.66 (020408-213742215):105)
E/ajda    (20203): 	at ajda.a(:com.google.android.gms@14366012@14.3.66 (020408-213742215):99)
E/ajda    (20203): 	at xap.run(:com.google.android.gms@14366012@14.3.66 (020408-213742215):27)
E/ajda    (20203): 	at bdna.run(:com.google.android.gms@14366012@14.3.66 (020408-213742215):2)
E/ajda    (20203): 	at qfk.run(:com.google.android.gms@14366012@14.3.66 (020408-213742215):35)
E/ajda    (20203): 	at java.util.concurrent.ThreadPoolExecutor.runWorker(ThreadPoolExecutor.java:1112)
E/ajda    (20203): 	at java.util.concurrent.ThreadPoolExecutor$Worker.run(ThreadPoolExecutor.java:587)
E/ajda    (20203): 	at qll.run(:com.google.android.gms@14366012@14.3.66 (020408-213742215))
E/ajda    (20203): 	at java.lang.Thread.run(Thread.java:818)
E/AsyncOperation(20203): serviceID=51, operation=CommitToConfigurationOperationCall
E/AsyncOperation(20203): OperationException[Status{statusCode=Empty (package not registered?) or malformed snapshot token: , resolution=null}]
E/AsyncOperation(20203): 	at ajda.a(:com.google.android.gms@14366012@14.3.66 (020408-213742215):113)
E/AsyncOperation(20203): 	at ajda.a(:com.google.android.gms@14366012@14.3.66 (020408-213742215):99)
E/AsyncOperation(20203): 	at xap.run(:com.google.android.gms@14366012@14.3.66 (020408-213742215):27)
E/AsyncOperation(20203): 	at bdna.run(:com.google.android.gms@14366012@14.3.66 (020408-213742215):2)
E/AsyncOperation(20203): 	at qfk.run(:com.google.android.gms@14366012@14.3.66 (020408-213742215):35)
E/AsyncOperation(20203): 	at java.util.concurrent.ThreadPoolExecutor.runWorker(ThreadPoolExecutor.java:1112)
E/AsyncOperation(20203): 	at java.util.concurrent.ThreadPoolExecutor$Worker.run(ThreadPoolExecutor.java:587)
E/AsyncOperation(20203): 	at qll.run(:com.google.android.gms@14366012@14.3.66 (020408-213742215))
E/AsyncOperation(20203): 	at java.lang.Thread.run(Thread.java:818)
I/PhenotypeIme(23245): ExperimentTaskCallable.fetchConfiguration() : ConfigurationsResult[1] = Not Committed
W/PhenotypeIme(23245): Commit snapshot for com.google.android.inputmethod.japanese failed
I/PhenotypeIme(23245): ExperimentTaskCallable.fetchConfiguration() : ConfigurationsResult[2] = Success
I/PhenotypeIme(23245): ExperimentTaskCallable.fetchConfiguration() : ConfigurationsResult[2] = Persisted
E/ajda    (20203): Phenotype API error. Event # bpjr@96821d10, EventCode: 5 [CONTEXT service_id=51 ]
E/ajda    (20203): ajbu: 29500: Empty (package not registered?) or malformed snapshot token: 
E/ajda    (20203): 	at ajdd.a(:com.google.android.gms@14366012@14.3.66 (020408-213742215):43)
E/ajda    (20203): 	at ajdc.b(:com.google.android.gms@14366012@14.3.66 (020408-213742215))
E/ajda    (20203): 	at ajda.a(:com.google.android.gms@14366012@14.3.66 (020408-213742215):105)
E/ajda    (20203): 	at ajda.a(:com.google.android.gms@14366012@14.3.66 (020408-213742215):99)
E/ajda    (20203): 	at xap.run(:com.google.android.gms@14366012@14.3.66 (020408-213742215):27)
E/ajda    (20203): 	at bdna.run(:com.google.android.gms@14366012@14.3.66 (020408-213742215):2)
E/ajda    (20203): 	at qfk.run(:com.google.android.gms@14366012@14.3.66 (020408-213742215):35)
E/ajda    (20203): 	at java.util.concurrent.ThreadPoolExecutor.runWorker(ThreadPoolExecutor.java:1112)
E/ajda    (20203): 	at java.util.concurrent.ThreadPoolExecutor$Worker.run(ThreadPoolExecutor.java:587)
E/ajda    (20203): 	at qll.run(:com.google.android.gms@14366012@14.3.66 (020408-213742215))
E/ajda    (20203): 	at java.lang.Thread.run(Thread.java:818)
E/AsyncOperation(20203): serviceID=51, operation=CommitToConfigurationOperationCall
E/AsyncOperation(20203): OperationException[Status{statusCode=Empty (package not registered?) or malformed snapshot token: , resolution=null}]
E/AsyncOperation(20203): 	at ajda.a(:com.google.android.gms@14366012@14.3.66 (020408-213742215):113)
E/AsyncOperation(20203): 	at ajda.a(:com.google.android.gms@14366012@14.3.66 (020408-213742215):99)
E/AsyncOperation(20203): 	at xap.run(:com.google.android.gms@14366012@14.3.66 (020408-213742215):27)
E/AsyncOperation(20203): 	at bdna.run(:com.google.android.gms@14366012@14.3.66 (020408-213742215):2)
E/AsyncOperation(20203): 	at qfk.run(:com.google.android.gms@14366012@14.3.66 (020408-213742215):35)
E/AsyncOperation(20203): 	at java.util.concurrent.ThreadPoolExecutor.runWorker(ThreadPoolExecutor.java:1112)
E/AsyncOperation(20203): 	at java.util.concurrent.ThreadPoolExecutor$Worker.run(ThreadPoolExecutor.java:587)
E/AsyncOperation(20203): 	at qll.run(:com.google.android.gms@14366012@14.3.66 (020408-213742215))
E/AsyncOperation(20203): 	at java.lang.Thread.run(Thread.java:818)
I/PhenotypeIme(23245): ExperimentTaskCallable.fetchConfiguration() : ConfigurationsResult[2] = Not Committed
W/PhenotypeIme(23245): Commit snapshot for com.google.android.inputmethod.japanese failed
I/PhenotypeIme(23245): ExperimentTaskCallable.fetchConfiguration() : Updating SharedPreferences
I/PhenotypeIme(23245): ExperimentTaskCallable.fetchConfiguration() : Failure after 117 ms
I/PhenotypeIme(23245): ExperimentTaskCallable.registerWithPhenotype() : com.google.android.inputmethod.japanese : 6329010
I/FirebaseJobDispatcher(23245): Task: fetch_configuration successes.
I/ajeq    (20203): Scheduling Phenotype for a PhenotypeSyncImmediately(6, com.google.android.inputmethod.japanese) one off with window [1, 2] in seconds [CONTEXT service_id=51 ]
I/PhenotypeIme(23245): ExperimentTaskCallable.registerWithPhenotype() : Success after 90 ms
I/FirebaseJobDispatcher(23245): Task: register successes.
E/NetworkScheduler(20203): Invalid component specified.
I/VacuumService(20203): Vacuum at: now=1540460297566 tag=VacuumService
I/ServiceManager(  323): Waiting for service display.qservice...
W/mm-pp-daemon( 4521): type=1400 audit(0.0:3412): avc: denied { call } for scontext=u:r:mm-pp-daemon:s0 tcontext=u:r:servicemanager:s0 tclass=binder permissive=0
I/art     (19461): Explicit concurrent mark sweep GC freed 706(30KB) AllocSpace objects, 0(0B) LOS objects, 89% free, 126KB/1150KB, paused 224us total 19.531ms
I/art     (19461): Explicit concurrent mark sweep GC freed 8(256B) AllocSpace objects, 0(0B) LOS objects, 89% free, 126KB/1150KB, paused 183us total 15.186ms
I/art     (19461): Explicit concurrent mark sweep GC freed 5(160B) AllocSpace objects, 0(0B) LOS objects, 89% free, 126KB/1150KB, paused 174us total 16.277ms
W/GmsApplication(23716): Failed to invoke the SupplierSetterRegistry.
I/MultiDex(23716): VM with version 2.1.0 has multidex support
I/MultiDex(23716): install
I/MultiDex(23716): MultiDexExtractor.load(/data/app/com.google.android.gms-1/base.apk, false)
I/MultiDex(23716): Blocking on lock /data/data/com.google.android.gms/code_cache/secondary-dexes/MultiDex.lock
I/MultiDex(23716): /data/data/com.google.android.gms/code_cache/secondary-dexes/MultiDex.lock locked
I/MultiDex(23716): loading existing secondary dex files
I/MultiDex(23716): load found 5 secondary dex files
I/MultiDex(23716): install done
W/art     (23716): Suspending all threads took: 9.184ms
I/Icing   (20856): Indexing com.google.android.gms-apps from com.google.android.gms
W/linker  (23716): /data/app/com.google.android.gms-1/lib/arm64/libconscrypt_gmscore_jni.so: unused DT entry: type 0x6ffffffe arg 0x18e4
W/linker  (23716): /data/app/com.google.android.gms-1/lib/arm64/libconscrypt_gmscore_jni.so: unused DT entry: type 0x6fffffff arg 0x2
V/NativeCrypto(23716): Registering com/google/android/gms/org/conscrypt/NativeCrypto's 287 native methods...
I/art     (23716): Rejecting re-init on previously-failed class java.lang.Class<com.google.android.gms.org.conscrypt.Java7ExtendedSSLSession>
I/art     (23716): Rejecting re-init on previously-failed class java.lang.Class<com.google.android.gms.org.conscrypt.Java7ExtendedSSLSession>
I/art     (23716): Rejecting re-init on previously-failed class java.lang.Class<com.google.android.gms.org.conscrypt.Java8ExtendedSSLSession>
I/art     (23716): Rejecting re-init on previously-failed class java.lang.Class<com.google.android.gms.org.conscrypt.Java8ExtendedSSLSession>
I/Icing   (20856): Indexing done com.google.android.gms-apps
I/ProviderInstaller(23716): Installed default security provider GmsCore_OpenSSL
W/art     (23716): Suspending all threads took: 8.332ms
D/wpa_supplicant(20154): wlan0: Control interface command 'SIGNAL_POLL'
W/art     (23716): Suspending all threads took: 9.500ms
I/ServiceManager(  323): Waiting for service display.qservice...
W/mm-pp-daemon( 4521): type=1400 audit(0.0:3413): avc: denied { call } for scontext=u:r:mm-pp-daemon:s0 tcontext=u:r:servicemanager:s0 tclass=binder permissive=0
I/ServiceManager(  323): Waiting for service display.qservice...
W/mm-pp-daemon( 4521): type=1400 audit(0.0:3414): avc: denied { call } for scontext=u:r:mm-pp-daemon:s0 tcontext=u:r:servicemanager:s0 tclass=binder permissive=0
V/WLAN_PSA(  258): NL MSG, len[048], NL type[0x11] WNI type[0x5050] len[028]
V/WLAN_PSA(  258): NL MSG, PID: 258
I/Sensors (19709): AccelSensor::setDelay++CONFIG_SENSORS_MXC400X++
W/mm-pp-daemon( 4521): type=1400 audit(0.0:3415): avc: denied { call } for scontext=u:r:mm-pp-daemon:s0 tcontext=u:r:servicemanager:s0 tclass=binder permissive=0
I/ServiceManager(  323): Waiting for service display.qservice...
W/Primes  (23634): Primes not initialized, returning default (no-op) Primes instance which will ignore all calls. Please call Primes.initialize(...) before using any Primes API.
I/art     (23634): WaitForGcToComplete blocked for 849.733ms for cause HomogeneousSpaceCompact
I/GlobalDismissManager(23562): no sender configured
D/AlertService(23562): Beginning updateAlertNotification
D/AlertService(23562): No fired or scheduled alerts
D/AlertService(23562): Scheduling next alarm with AlarmScheduler. sEventReminderReceived: null
D/AlarmScheduler(23562): No events found starting within 1 week.
D/AlertService(23562): 0 Action = android.intent.action.PROVIDER_CHANGED
D/wpa_supplicant(20154): wlan0: Control interface command 'SIGNAL_POLL'
E/qdutils (  323): getBinder: invalid binder object
E/PPDaemon(  323): Success: Failed to signal HWC
W/Primes  (23716): Primes not initialized, returning default (no-op) Primes instance which will ignore all calls. Please call Primes.initialize(...) before using any Primes API.
W/art     (23716): Suspending all threads took: 9.357ms
I/art     (23716): WaitForGcToComplete blocked for 295.968ms for cause HomogeneousSpaceCompact
I/art     (23716): Rejecting re-init on previously-failed class java.lang.Class<pws>
I/art     (23716): Rejecting re-init on previously-failed class java.lang.Class<pws>
E/Drm     (19468): Failed to find drm plugin
W/DG.WV   (23716): Widevine DRM not supported on this device
W/DG.WV   (23716): android.media.UnsupportedSchemeException: Failed to instantiate drm object.
W/DG.WV   (23716): 	at android.media.MediaDrm.native_setup(Native Method)
W/DG.WV   (23716): 	at android.media.MediaDrm.<init>(MediaDrm.java:180)
W/DG.WV   (23716): 	at tea.run(:com.google.android.gms@14366012@14.3.66 (020408-213742215):7)
W/DG.WV   (23716): 	at qfk.run(:com.google.android.gms@14366012@14.3.66 (020408-213742215):35)
W/DG.WV   (23716): 	at java.util.concurrent.ThreadPoolExecutor.runWorker(ThreadPoolExecutor.java:1112)
W/DG.WV   (23716): 	at java.util.concurrent.ThreadPoolExecutor$Worker.run(ThreadPoolExecutor.java:587)
W/DG.WV   (23716): 	at qll.run(:com.google.android.gms@14366012@14.3.66 (020408-213742215))
W/DG.WV   (23716): 	at java.lang.Thread.run(Thread.java:818)
E/Drm     (19468): Failed to find drm plugin
W/DG.WV   (23716): Widevine DRM not supported on this device
W/DG.WV   (23716): android.media.UnsupportedSchemeException: Failed to instantiate drm object.
W/DG.WV   (23716): 	at android.media.MediaDrm.native_setup(Native Method)
W/DG.WV   (23716): 	at android.media.MediaDrm.<init>(MediaDrm.java:180)
W/DG.WV   (23716): 	at tea.run(:com.google.android.gms@14366012@14.3.66 (020408-213742215):7)
W/DG.WV   (23716): 	at qfk.run(:com.google.android.gms@14366012@14.3.66 (020408-213742215):35)
W/DG.WV   (23716): 	at java.util.concurrent.ThreadPoolExecutor.runWorker(ThreadPoolExecutor.java:1112)
W/DG.WV   (23716): 	at java.util.concurrent.ThreadPoolExecutor$Worker.run(ThreadPoolExecutor.java:587)
W/DG.WV   (23716): 	at qll.run(:com.google.android.gms@14366012@14.3.66 (020408-213742215))
W/DG.WV   (23716): 	at java.lang.Thread.run(Thread.java:818)
I/DynamiteModule(23716): Considering local module com.google.android.gms.googlecertificates:4 and remote module com.google.android.gms.googlecertificates:4
I/DynamiteModule(23716): Selected local version of com.google.android.gms.googlecertificates
W/linker  (23716): /data/data/com.google.android.gms/app_dg_cache/C0D0F6791F72FEF6708D6E5BB69CEB4743927105/libdCFB95E4A4CB7.so: unused DT entry: type 0x6ffffffe arg 0xc18
W/linker  (23716): /data/data/com.google.android.gms/app_dg_cache/C0D0F6791F72FEF6708D6E5BB69CEB4743927105/libdCFB95E4A4CB7.so: unused DT entry: type 0x6fffffff arg 0x3
W/ChimeraUtils(20203): Non Chimera context
I/Auth    (20203): [ReflectiveChannelBinder] Successfully bound channel!
W/Conscrypt(20203): Could not set socket write timeout: java.net.SocketException: Socket closed
W/Conscrypt(20203): 	at com.google.android.gms.org.conscrypt.Platform.setSocketWriteTimeout(:com.google.android.gms@14366012@14.3.66 (020408-213742215):2)
W/Conscrypt(20203): 	at com.google.android.gms.org.conscrypt.ConscryptFileDescriptorSocket.setSoWriteTimeout(:com.google.android.gms@14366012@14.3.66 (020408-213742215):2)
W/Conscrypt(20203): Could not set socket write timeout: java.net.SocketException: Socket closed
W/Conscrypt(20203): 	at com.google.android.gms.org.conscrypt.Platform.setSocketWriteTimeout(:com.google.android.gms@14366012@14.3.66 (020408-213742215):2)
W/Conscrypt(20203): 	at com.google.android.gms.org.conscrypt.ConscryptFileDescriptorSocket.setSoWriteTimeout(:com.google.android.gms@14366012@14.3.66 (020408-213742215):2)
W/Conscrypt(20203): Could not set socket write timeout: java.net.SocketException: Socket closed
W/Conscrypt(20203): Could not set socket write timeout: java.net.SocketException: Socket closed
W/Conscrypt(20203): 	at com.google.android.gms.org.conscrypt.Platform.setSocketWriteTimeout(:com.google.android.gms@14366012@14.3.66 (020408-213742215):2)
W/Conscrypt(20203): 	at com.google.android.gms.org.conscrypt.ConscryptFileDescriptorSocket.setSoWriteTimeout(:com.google.android.gms@14366012@14.3.66 (020408-213742215):2)
W/Conscrypt(20203): 	at com.google.android.gms.org.conscrypt.Platform.setSocketWriteTimeout(:com.google.android.gms@14366012@14.3.66 (020408-213742215):2)
W/Conscrypt(20203): 	at com.google.android.gms.org.conscrypt.ConscryptFileDescriptorSocket.setSoWriteTimeout(:com.google.android.gms@14366012@14.3.66 (020408-213742215):2)
D/StatusBar.NetworkController(19886): hasService: mServiceState=1 1 home null null null  Unknown Unknown CSS not supported 0 0 RoamInd=0 DefRoamInd=0 EmergOnly=true retVal=false
D/StatusBar.NetworkController(19886): refreshViews: Data not connected!! Set no data type icon / Roaming
D/StatusBar.NetworkController(19886): hasService: mServiceState=1 1 home null null null  Unknown Unknown CSS not supported 0 0 RoamInd=0 DefRoamInd=0 EmergOnly=true retVal=false
D/StatusBar.NetworkController(19886): refreshViews connected={ wifi } level=0 combinedSignalIconId=0x7f020343/com.android.systemui:drawable/stat_sys_wifi_signal_4_fully combinedActivityIconId=0x0 mobileLabel=Emergency calls only wifiLabel="SW2_We8h"xxxxXXXXxxxxXXXX emergencyOnly=true combinedLabel="SW2_We8h"xxxxXXXXxxxxXXXX mAirplaneMode=false mDataActivity=0 mPhoneSignalIconId=0x0/(null) mQSPhoneSignalIconId=0x7f0200ab/com.android.systemui:drawable/ic_qs_signal_no_signal mDataDirectionIconId=0x0/(null) mDataSignalIconId=0x0/(null) mDataTypeIconId=0x0/(null) mQSDataTypeIconId=0x0/(null) mNoSimIconId=0x7f02008b/com.android.systemui:drawable/ic_qs_no_sim mWifiIconId=0x7f020343/com.android.systemui:drawable/stat_sys_wifi_signal_4_fully mQSWifiIconId=0x7f0200bc/com.android.systemui:drawable/ic_qs_wifi_full_4 mWifiActivityIconId=0x0/(null) mBluetoothTetherIconId=0x108069b/android:drawable/stat_sys_tether_bluetooth
D/wpa_supplicant(20154): wlan0: Control interface command 'SIGNAL_POLL'
I/PhenotypeUpdate(23245): onReceive() urgent = false
I/ajcu    (20203): updateFromConfigurations using legacy put method [CONTEXT service_id=51 ]
I/ajeq    (20203): Scheduling adaptive one off task with window [14400, 604800] in seconds [CONTEXT service_id=51 ]
E/NetworkScheduler(20203): Invalid component specified.
D/Ulp_jni (19709): Location CB invoked
D/LocationManagerService(19709): incoming location: Location[fused 37.488738,127.053543 acc=2203 et=+1d3h37m3s281ms alt=0.0 vel=0.0 bear=81.0 {Bundle[{}]}]
D/LocationManagerService(19709): incoming location: Location[fused 37.488738,127.053543 acc=2203 et=+1d3h37m3s281ms alt=0.0 vel=0.0 bear=81.0 {Bundle[{}]}]
D/GpsLocationProvider(19709): NetworkLocationListener=Location[fused 37.488738,127.053543 acc=2203 et=+1d3h37m3s281ms alt=0.0 vel=0.0 bear=81.0 {Bundle[{noGPSLocation=Location[network 37.488738,127.053543 acc=18 et=+1d3h36m3s863ms alt=90.69999694824219 {Bundle[{networkLocationType=wifi, coarseLocation=Location[network 37.495495,127.038871 acc=2000 et=+1d3h36m3s863ms]}]}]}]}]
D/GpsLocationProvider(19709): This Location Timezone is [ Asia/Seoul ]
D/AlarmManagerService(19709): Kernel timezone updated to -540 minutes west of GMT
V/WLAN_PSA(  258): NL MSG, len[048], NL type[0x11] WNI type[0x5050] len[028]
V/WLAN_PSA(  258): NL MSG, PID: 258
D/StatusBar.NetworkController(19886): hasService: mServiceState=1 1 home null null null  Unknown Unknown CSS not supported 0 0 RoamInd=0 DefRoamInd=0 EmergOnly=true retVal=false
D/StatusBar.NetworkController(19886): refreshViews: Data not connected!! Set no data type icon / Roaming
D/StatusBar.NetworkController(19886): hasService: mServiceState=1 1 home null null null  Unknown Unknown CSS not supported 0 0 RoamInd=0 DefRoamInd=0 EmergOnly=true retVal=false
D/StatusBar.NetworkController(19886): refreshViews connected={ wifi } level=0 combinedSignalIconId=0x7f020343/com.android.systemui:drawable/stat_sys_wifi_signal_4_fully combinedActivityIconId=0x0 mobileLabel=Emergency calls only wifiLabel="SW2_We8h"xxxxXXXXxxxxXXXX emergencyOnly=true combinedLabel="SW2_We8h"xxxxXXXXxxxxXXXX mAirplaneMode=false mDataActivity=0 mPhoneSignalIconId=0x0/(null) mQSPhoneSignalIconId=0x7f0200ab/com.android.systemui:drawable/ic_qs_signal_no_signal mDataDirectionIconId=0x0/(null) mDataSignalIconId=0x0/(null) mDataTypeIconId=0x0/(null) mQSDataTypeIconId=0x0/(null) mNoSimIconId=0x7f02008b/com.android.systemui:drawable/ic_qs_no_sim mWifiIconId=0x7f020343/com.android.systemui:drawable/stat_sys_wifi_signal_4_fully mQSWifiIconId=0x7f0200bc/com.android.systemui:drawable/ic_qs_wifi_full_4 mWifiActivityIconId=0x0/(null) mBluetoothTetherIconId=0x108069b/android:drawable/stat_sys_tether_bluetooth
I/GlobalDismissManager(23562): no sender configured
D/AlertService(23562): Beginning updateAlertNotification
D/AlertService(23562): No fired or scheduled alerts
D/AlertService(23562): Scheduling next alarm with AlarmScheduler. sEventReminderReceived: null
D/AlarmScheduler(23562): No events found starting within 1 week.
W/Binder_1(23731): type=1400 audit(0.0:3416): avc: denied { read } for name="/" dev="tmpfs" ino=7504 scontext=u:r:untrusted_app:s0 tcontext=u:object_r:device:s0 tclass=dir permissive=0
I/Adreno-EGL(23716): <qeglDrvAPI_eglInitialize:379>: EGL 1.4 QUALCOMM build: AU_LINUX_ANDROID_LA.BR.1.1.3_RB1.05.01.00.032.017_msm8916_64_LA.BR.1.1.3_RB1__release_AU (Ie228694f41)
I/Adreno-EGL(23716): OpenGL ES Shader Compiler Version: E031.25.03.04
I/Adreno-EGL(23716): Build Date: 09/29/15 Tue
I/Adreno-EGL(23716): Local Branch: mybranch14662643
I/Adreno-EGL(23716): Remote Branch: quic/LA.BR.1.1.3_rb1.32
I/Adreno-EGL(23716): Local Patches: NONE
I/Adreno-EGL(23716): Reconstruct Branch: AU_LINUX_ANDROID_LA.BR.1.1.3_RB1.05.01.00.032.017 + 26a3cba + 6f69ea6 + 8bc2bc8 + 649fcde + a52cccf + dbf281f + 15f0bf8 + 8d02f76 + 9b2cb1a + 25f3b04 + 7cd8c84 + b54906e + 675fd74 + 7c22ef4 + 79b094c 
I/Adreno-EGL(23716): <qeglDrvAPI_eglInitialize:379>: EGL 1.4 QUALCOMM build: AU_LINUX_ANDROID_LA.BR.1.1.3_RB1.05.01.00.032.017_msm8916_64_LA.BR.1.1.3_RB1__release_AU (Ie228694f41)
I/Adreno-EGL(23716): OpenGL ES Shader Compiler Version: E031.25.03.04
I/Adreno-EGL(23716): Build Date: 09/29/15 Tue
I/Adreno-EGL(23716): Local Branch: mybranch14662643
I/Adreno-EGL(23716): Remote Branch: quic/LA.BR.1.1.3_rb1.32
I/Adreno-EGL(23716): Local Patches: NONE
I/Adreno-EGL(23716): Reconstruct Branch: AU_LINUX_ANDROID_LA.BR.1.1.3_RB1.05.01.00.032.017 + 26a3cba + 6f69ea6 + 8bc2bc8 + 649fcde + a52cccf + dbf281f + 15f0bf8 + 8d02f76 + 9b2cb1a + 25f3b04 + 7cd8c84 + b54906e + 675fd74 + 7c22ef4 + 79b094c 
D/StatusBar.NetworkController(19886): hasService: mServiceState=1 1 home null null null  Unknown Unknown CSS not supported 0 0 RoamInd=0 DefRoamInd=0 EmergOnly=true retVal=false
D/StatusBar.NetworkController(19886): refreshViews: Data not connected!! Set no data type icon / Roaming
D/StatusBar.NetworkController(19886): hasService: mServiceState=1 1 home null null null  Unknown Unknown CSS not supported 0 0 RoamInd=0 DefRoamInd=0 EmergOnly=true retVal=false
D/StatusBar.NetworkController(19886): refreshViews connected={ wifi } level=0 combinedSignalIconId=0x7f020343/com.android.systemui:drawable/stat_sys_wifi_signal_4_fully combinedActivityIconId=0x0 mobileLabel=Emergency calls only wifiLabel="SW2_We8h"xxxxXXXXxxxxXXXX emergencyOnly=true combinedLabel="SW2_We8h"xxxxXXXXxxxxXXXX mAirplaneMode=false mDataActivity=0 mPhoneSignalIconId=0x0/(null) mQSPhoneSignalIconId=0x7f0200ab/com.android.systemui:drawable/ic_qs_signal_no_signal mDataDirectionIconId=0x0/(null) mDataSignalIconId=0x0/(null) mDataTypeIconId=0x0/(null) mQSDataTypeIconId=0x0/(null) mNoSimIconId=0x7f02008b/com.android.systemui:drawable/ic_qs_no_sim mWifiIconId=0x7f020343/com.android.systemui:drawable/stat_sys_wifi_signal_4_fully mQSWifiIconId=0x7f0200bc/com.android.systemui:drawable/ic_qs_wifi_full_4 mWifiActivityIconId=0x0/(null) mBluetoothTetherIconId=0x108069b/android:drawable/stat_sys_tether_bluetooth
D/wpa_supplicant(20154): wlan0: Control interface command 'SIGNAL_POLL'
D/StatusBar.NetworkController(19886): hasService: mServiceState=1 1 home null null null  Unknown Unknown CSS not supported 0 0 RoamInd=0 DefRoamInd=0 EmergOnly=true retVal=false
D/StatusBar.NetworkController(19886): refreshViews: Data not connected!! Set no data type icon / Roaming
D/StatusBar.NetworkController(19886): hasService: mServiceState=1 1 home null null null  Unknown Unknown CSS not supported 0 0 RoamInd=0 DefRoamInd=0 EmergOnly=true retVal=false
D/StatusBar.NetworkController(19886): refreshViews connected={ wifi } level=0 combinedSignalIconId=0x7f020343/com.android.systemui:drawable/stat_sys_wifi_signal_4_fully combinedActivityIconId=0x0 mobileLabel=Emergency calls only wifiLabel="SW2_We8h"xxxxXXXXxxxxXXXX emergencyOnly=true combinedLabel="SW2_We8h"xxxxXXXXxxxxXXXX mAirplaneMode=false mDataActivity=0 mPhoneSignalIconId=0x0/(null) mQSPhoneSignalIconId=0x7f0200ab/com.android.systemui:drawable/ic_qs_signal_no_signal mDataDirectionIconId=0x0/(null) mDataSignalIconId=0x0/(null) mDataTypeIconId=0x0/(null) mQSDataTypeIconId=0x0/(null) mNoSimIconId=0x7f02008b/com.android.systemui:drawable/ic_qs_no_sim mWifiIconId=0x7f020343/com.android.systemui:drawable/stat_sys_wifi_signal_4_fully mQSWifiIconId=0x7f0200bc/com.android.systemui:drawable/ic_qs_wifi_full_4 mWifiActivityIconId=0x0/(null) mBluetoothTetherIconId=0x108069b/android:drawable/stat_sys_tether_bluetooth
D/StatusBar.NetworkController(19886): hasService: mServiceState=1 1 home null null null  Unknown Unknown CSS not supported 0 0 RoamInd=0 DefRoamInd=0 EmergOnly=true retVal=false
D/StatusBar.NetworkController(19886): refreshViews: Data not connected!! Set no data type icon / Roaming
D/StatusBar.NetworkController(19886): hasService: mServiceState=1 1 home null null null  Unknown Unknown CSS not supported 0 0 RoamInd=0 DefRoamInd=0 EmergOnly=true retVal=false
D/StatusBar.NetworkController(19886): refreshViews connected={ wifi } level=0 combinedSignalIconId=0x7f020343/com.android.systemui:drawable/stat_sys_wifi_signal_4_fully combinedActivityIconId=0x0 mobileLabel=Emergency calls only wifiLabel="SW2_We8h"xxxxXXXXxxxxXXXX emergencyOnly=true combinedLabel="SW2_We8h"xxxxXXXXxxxxXXXX mAirplaneMode=false mDataActivity=0 mPhoneSignalIconId=0x0/(null) mQSPhoneSignalIconId=0x7f0200ab/com.android.systemui:drawable/ic_qs_signal_no_signal mDataDirectionIconId=0x0/(null) mDataSignalIconId=0x0/(null) mDataTypeIconId=0x0/(null) mQSDataTypeIconId=0x0/(null) mNoSimIconId=0x7f02008b/com.android.systemui:drawable/ic_qs_no_sim mWifiIconId=0x7f020343/com.android.systemui:drawable/stat_sys_wifi_signal_4_fully mQSWifiIconId=0x7f0200bc/com.android.systemui:drawable/ic_qs_wifi_full_4 mWifiActivityIconId=0x0/(null) mBluetoothTetherIconId=0x108069b/android:drawable/stat_sys_tether_bluetooth
D/StatusBar.NetworkController(19886): hasService: mServiceState=1 1 home null null null  Unknown Unknown CSS not supported 0 0 RoamInd=0 DefRoamInd=0 EmergOnly=true retVal=false
D/StatusBar.NetworkController(19886): refreshViews: Data not connected!! Set no data type icon / Roaming
D/StatusBar.NetworkController(19886): hasService: mServiceState=1 1 home null null null  Unknown Unknown CSS not supported 0 0 RoamInd=0 DefRoamInd=0 EmergOnly=true retVal=false
D/StatusBar.NetworkController(19886): refreshViews connected={ wifi } level=0 combinedSignalIconId=0x7f020343/com.android.systemui:drawable/stat_sys_wifi_signal_4_fully combinedActivityIconId=0x0 mobileLabel=Emergency calls only wifiLabel="SW2_We8h"xxxxXXXXxxxxXXXX emergencyOnly=true combinedLabel="SW2_We8h"xxxxXXXXxxxxXXXX mAirplaneMode=false mDataActivity=0 mPhoneSignalIconId=0x0/(null) mQSPhoneSignalIconId=0x7f0200ab/com.android.systemui:drawable/ic_qs_signal_no_signal mDataDirectionIconId=0x0/(null) mDataSignalIconId=0x0/(null) mDataTypeIconId=0x0/(null) mQSDataTypeIconId=0x0/(null) mNoSimIconId=0x7f02008b/com.android.systemui:drawable/ic_qs_no_sim mWifiIconId=0x7f020343/com.android.systemui:drawable/stat_sys_wifi_signal_4_fully mQSWifiIconId=0x7f0200bc/com.android.systemui:drawable/ic_qs_wifi_full_4 mWifiActivityIconId=0x0/(null) mBluetoothTetherIconId=0x108069b/android:drawable/stat_sys_tether_bluetooth
V/WLAN_PSA(  258): NL MSG, len[048], NL type[0x11] WNI type[0x5050] len[028]
V/WLAN_PSA(  258): NL MSG, PID: 258
D/wpa_supplicant(20154): wlan0: Control interface command 'SIGNAL_POLL'
D/StatusBar.NetworkController(19886): hasService: mServiceState=1 1 home null null null  Unknown Unknown CSS not supported 0 0 RoamInd=0 DefRoamInd=0 EmergOnly=true retVal=false
D/StatusBar.NetworkController(19886): refreshViews: Data not connected!! Set no data type icon / Roaming
D/StatusBar.NetworkController(19886): hasService: mServiceState=1 1 home null null null  Unknown Unknown CSS not supported 0 0 RoamInd=0 DefRoamInd=0 EmergOnly=true retVal=false
D/StatusBar.NetworkController(19886): refreshViews connected={ wifi } level=0 combinedSignalIconId=0x7f020343/com.android.systemui:drawable/stat_sys_wifi_signal_4_fully combinedActivityIconId=0x0 mobileLabel=Emergency calls only wifiLabel="SW2_We8h"xxxxXXXXxxxxXXXX emergencyOnly=true combinedLabel="SW2_We8h"xxxxXXXXxxxxXXXX mAirplaneMode=false mDataActivity=0 mPhoneSignalIconId=0x0/(null) mQSPhoneSignalIconId=0x7f0200ab/com.android.systemui:drawable/ic_qs_signal_no_signal mDataDirectionIconId=0x0/(null) mDataSignalIconId=0x0/(null) mDataTypeIconId=0x0/(null) mQSDataTypeIconId=0x0/(null) mNoSimIconId=0x7f02008b/com.android.systemui:drawable/ic_qs_no_sim mWifiIconId=0x7f020343/com.android.systemui:drawable/stat_sys_wifi_signal_4_fully mQSWifiIconId=0x7f0200bc/com.android.systemui:drawable/ic_qs_wifi_full_4 mWifiActivityIconId=0x0/(null) mBluetoothTetherIconId=0x108069b/android:drawable/stat_sys_tether_bluetooth
D/wpa_supplicant(20154): wlan0: Control interface command 'SIGNAL_POLL'
I/ServiceManager(17691): Waiting for service AtCmdFwd...
D/Ulp_jni (19709): Location CB invoked
D/LocationManagerService(19709): incoming location: Location[fused 37.488738,127.053543 acc=2418 et=+1d3h37m13s282ms alt=0.0 vel=0.0 bear=81.0 {Bundle[{}]}]
D/LocationManagerService(19709): incoming location: Location[fused 37.488738,127.053543 acc=2418 et=+1d3h37m13s282ms alt=0.0 vel=0.0 bear=81.0 {Bundle[{}]}]
D/GpsLocationProvider(19709): NetworkLocationListener=Location[fused 37.488738,127.053543 acc=2418 et=+1d3h37m13s282ms alt=0.0 vel=0.0 bear=81.0 {Bundle[{noGPSLocation=Location[network 37.488738,127.053543 acc=18 et=+1d3h36m3s863ms alt=90.69999694824219 {Bundle[{networkLocationType=wifi, coarseLocation=Location[network 37.495495,127.038871 acc=2000 et=+1d3h36m3s863ms]}]}]}]}]
D/GpsLocationProvider(19709): This Location Timezone is [ Asia/Seoul ]
D/AlarmManagerService(19709): Kernel timezone updated to -540 minutes west of GMT
V/WLAN_PSA(  258): NL MSG, len[048], NL type[0x11] WNI type[0x5050] len[028]
V/WLAN_PSA(  258): NL MSG, PID: 258
I/ServiceManager(17691): Waiting for service AtCmdFwd...
D/wpa_supplicant(20154): wlan0: Control interface command 'SIGNAL_POLL'
I/ServiceManager(17691): Waiting for service AtCmdFwd...
I/ServiceManager(17691): Waiting for service AtCmdFwd...
D/StatusBar.NetworkController(19886): hasService: mServiceState=1 1 home null null null  Unknown Unknown CSS not supported 0 0 RoamInd=0 DefRoamInd=0 EmergOnly=true retVal=false
D/StatusBar.NetworkController(19886): refreshViews: Data not connected!! Set no data type icon / Roaming
D/StatusBar.NetworkController(19886): hasService: mServiceState=1 1 home null null null  Unknown Unknown CSS not supported 0 0 RoamInd=0 DefRoamInd=0 EmergOnly=true retVal=false
D/StatusBar.NetworkController(19886): refreshViews connected={ wifi } level=0 combinedSignalIconId=0x7f020343/com.android.systemui:drawable/stat_sys_wifi_signal_4_fully combinedActivityIconId=0x0 mobileLabel=Emergency calls only wifiLabel="SW2_We8h"xxxxXXXXxxxxXXXX emergencyOnly=true combinedLabel="SW2_We8h"xxxxXXXXxxxxXXXX mAirplaneMode=false mDataActivity=0 mPhoneSignalIconId=0x0/(null) mQSPhoneSignalIconId=0x7f0200ab/com.android.systemui:drawable/ic_qs_signal_no_signal mDataDirectionIconId=0x0/(null) mDataSignalIconId=0x0/(null) mDataTypeIconId=0x0/(null) mQSDataTypeIconId=0x0/(null) mNoSimIconId=0x7f02008b/com.android.systemui:drawable/ic_qs_no_sim mWifiIconId=0x7f020343/com.android.systemui:drawable/stat_sys_wifi_signal_4_fully mQSWifiIconId=0x7f0200bc/com.android.systemui:drawable/ic_qs_wifi_full_4 mWifiActivityIconId=0x0/(null) mBluetoothTetherIconId=0x108069b/android:drawable/stat_sys_tether_bluetooth
I/ServiceManager(17691): Waiting for service AtCmdFwd...
D/wpa_supplicant(20154): wlan0: Control interface command 'SIGNAL_POLL'
W/Atfwd_Sendcmd(17691): AtCmdFwd service not published, waiting... retryCnt : 5
D/StatusBar.NetworkController(19886): hasService: mServiceState=1 1 home null null null  Unknown Unknown CSS not supported 0 0 RoamInd=0 DefRoamInd=0 EmergOnly=true retVal=false
D/StatusBar.NetworkController(19886): refreshViews: Data not connected!! Set no data type icon / Roaming
D/StatusBar.NetworkController(19886): hasService: mServiceState=1 1 home null null null  Unknown Unknown CSS not supported 0 0 RoamInd=0 DefRoamInd=0 EmergOnly=true retVal=false
D/StatusBar.NetworkController(19886): refreshViews connected={ wifi } level=0 combinedSignalIconId=0x7f020343/com.android.systemui:drawable/stat_sys_wifi_signal_4_fully combinedActivityIconId=0x0 mobileLabel=Emergency calls only wifiLabel="SW2_We8h"xxxxXXXXxxxxXXXX emergencyOnly=true combinedLabel="SW2_We8h"xxxxXXXXxxxxXXXX mAirplaneMode=false mDataActivity=0 mPhoneSignalIconId=0x0/(null) mQSPhoneSignalIconId=0x7f0200ab/com.android.systemui:drawable/ic_qs_signal_no_signal mDataDirectionIconId=0x0/(null) mDataSignalIconId=0x0/(null) mDataTypeIconId=0x0/(null) mQSDataTypeIconId=0x0/(null) mNoSimIconId=0x7f02008b/com.android.systemui:drawable/ic_qs_no_sim mWifiIconId=0x7f020343/com.android.systemui:drawable/stat_sys_wifi_signal_4_fully mQSWifiIconId=0x7f0200bc/com.android.systemui:drawable/ic_qs_wifi_full_4 mWifiActivityIconId=0x0/(null) mBluetoothTetherIconId=0x108069b/android:drawable/stat_sys_tether_bluetooth
V/WLAN_PSA(  258): NL MSG, len[048], NL type[0x11] WNI type[0x5050] len[028]
V/WLAN_PSA(  258): NL MSG, PID: 258
D/StatusBar.NetworkController(19886): hasService: mServiceState=1 1 home null null null  Unknown Unknown CSS not supported 0 0 RoamInd=0 DefRoamInd=0 EmergOnly=true retVal=false
D/StatusBar.NetworkController(19886): refreshViews: Data not connected!! Set no data type icon / Roaming
D/StatusBar.NetworkController(19886): hasService: mServiceState=1 1 home null null null  Unknown Unknown CSS not supported 0 0 RoamInd=0 DefRoamInd=0 EmergOnly=true retVal=false
D/StatusBar.NetworkController(19886): refreshViews connected={ wifi } level=0 combinedSignalIconId=0x7f020343/com.android.systemui:drawable/stat_sys_wifi_signal_4_fully combinedActivityIconId=0x0 mobileLabel=Emergency calls only wifiLabel="SW2_We8h"xxxxXXXXxxxxXXXX emergencyOnly=true combinedLabel="SW2_We8h"xxxxXXXXxxxxXXXX mAirplaneMode=false mDataActivity=0 mPhoneSignalIconId=0x0/(null) mQSPhoneSignalIconId=0x7f0200ab/com.android.systemui:drawable/ic_qs_signal_no_signal mDataDirectionIconId=0x0/(null) mDataSignalIconId=0x0/(null) mDataTypeIconId=0x0/(null) mQSDataTypeIconId=0x0/(null) mNoSimIconId=0x7f02008b/com.android.systemui:drawable/ic_qs_no_sim mWifiIconId=0x7f020343/com.android.systemui:drawable/stat_sys_wifi_signal_4_fully mQSWifiIconId=0x7f0200bc/com.android.systemui:drawable/ic_qs_wifi_full_4 mWifiActivityIconId=0x0/(null) mBluetoothTetherIconId=0x108069b/android:drawable/stat_sys_tether_bluetooth
I/IcingInternalCorpora(20856): EventIndexer: starting incremental update
I/IcingInternalCorpora(20856): EventIndexer: 0 added, 0 removed, 0 changed, 51 unchanged, 0 errors.
I/IcingInternalCorpora(20856): EventIndexer: finished after 6 ms.
D/wpa_supplicant(20154): wlan0: Control interface command 'SIGNAL_POLL'
