I/Adreno-EGL(21218): OpenGL ES Shader Compiler Version: E031.25.03.04
I/Adreno-EGL(21218): Build Date: 09/29/15 Tue
I/Adreno-EGL(21218): Local Branch: mybranch14662643
I/Adreno-EGL(21218): Remote Branch: quic/LA.BR.1.1.3_rb1.32
I/Adreno-EGL(21218): Local Patches: NONE
I/Adreno-EGL(21218): Reconstruct Branch: AU_LINUX_ANDROID_LA.BR.1.1.3_RB1.05.01.00.032.017 + 26a3cba + 6f69ea6 + 8bc2bc8 + 649fcde + a52cccf + dbf281f + 15f0bf8 + 8d02f76 + 9b2cb1a + 25f3b04 + 7cd8c84 + b54906e + 675fd74 + 7c22ef4 + 79b094c 
I/Adreno-EGL(21218): <qeglDrvAPI_eglInitialize:379>: EGL 1.4 QUALCOMM build: AU_LINUX_ANDROID_LA.BR.1.1.3_RB1.05.01.00.032.017_msm8916_64_LA.BR.1.1.3_RB1__release_AU (Ie228694f41)
I/Adreno-EGL(21218): OpenGL ES Shader Compiler Version: E031.25.03.04
I/Adreno-EGL(21218): Build Date: 09/29/15 Tue
I/Adreno-EGL(21218): Local Branch: mybranch14662643
I/Adreno-EGL(21218): Remote Branch: quic/LA.BR.1.1.3_rb1.32
I/Adreno-EGL(21218): Local Patches: NONE
I/Adreno-EGL(21218): Reconstruct Branch: AU_LINUX_ANDROID_LA.BR.1.1.3_RB1.05.01.00.032.017 + 26a3cba + 6f69ea6 + 8bc2bc8 + 649fcde + a52cccf + dbf281f + 15f0bf8 + 8d02f76 + 9b2cb1a + 25f3b04 + 7cd8c84 + b54906e + 675fd74 + 7c22ef4 + 79b094c 
E/Babel_SMS(22831): canonicalizeMccMnc: invalid mccmnc 
I/Babel_SMS(22831): MmsConfig.loadFromResources
E/Babel_SMS(22831): canonicalizeMccMnc: invalid mccmnc nullnull
I/Babel_SMS(22831): MmsConfig.loadMmsSettings: userAgent=Android-Mms/2.0, uaProfUrl=http://www.google.com/oha/rdf/ua-profile-kila.xml
I/SystemUpdate(20856): [Installation,ReceiverIntentOperation] Received intent: Intent { act=com.google.android.gms.update.BASE_MODULE_INIT cat=[targeted_intent_op_prefix:.update.control.ReceiverIntentOperation] cmp=com.google.android.gms/.chimera.GmsIntentOperationService }.
E/qdutils (  323): getBinder: invalid binder object
E/PPDaemon(  323): Success: Failed to signal HWC
W/ChimeraUtils(20856): Non Chimera context
W/ChimeraUtils(20856): Non Chimera context
I/Auth    (20856): [FactoryResetProtectionManager] Updating data block with persistent device owner state null
W/Auth    (20856): [FactoryResetProtectionManager] Persistent device owner state is not supported!
I/Auth    (20856): [FactoryResetProtectionManager] Update failed! Persistent device owner state not enabled.
I/Auth    (20856): [FRP,FrpUpdateIntentOperation] No frp data present in app restriction, using current google accounts.
I/SystemUpdate(20856): [Control,ChimeraGcmTaskService] Scheduling task: CheckPendingUpdate.
I/art     (20856): Background sticky concurrent mark sweep GC freed 4070(378KB) AllocSpace objects, 11(2MB) LOS objects, 0% free, 18MB/18MB, paused 8.265ms total 188.014ms
I/Auth    (20856): [FactoryResetProtectionManager] Updating data block with 1 account ids. Lockscreen supported? true
D/Babel   (22831): Scheduling babel db cleanup after reboot
I/Auth    (20856): [FactoryResetProtectionManager] Write complete, result: 32682.
I/GrowthService(20856): Scheduled sync with period: 14400
W/ChimeraUtils(20856): Non Chimera context
W/ChimeraUtils(20856): Non Chimera context
I/Ads     (20856): Successfully received play store parental controls the result.
D/wpa_supplicant(20154): wlan0: Control interface command 'SIGNAL_POLL'
I/CheckinCompat(20856): Done disabling old GoogleServicesFramework version
I/art     (20856): Background partial concurrent mark sweep GC freed 17228(959KB) AllocSpace objects, 23(5MB) LOS objects, 40% free, 17MB/28MB, paused 5.824ms total 284.155ms
I/Adreno-EGL(21218): <qeglDrvAPI_eglInitialize:379>: EGL 1.4 QUALCOMM build: AU_LINUX_ANDROID_LA.BR.1.1.3_RB1.05.01.00.032.017_msm8916_64_LA.BR.1.1.3_RB1__release_AU (Ie228694f41)
I/Adreno-EGL(21218): OpenGL ES Shader Compiler Version: E031.25.03.04
I/Adreno-EGL(21218): Build Date: 09/29/15 Tue
I/Adreno-EGL(21218): Local Branch: mybranch14662643
I/Adreno-EGL(21218): Remote Branch: quic/LA.BR.1.1.3_rb1.32
I/Adreno-EGL(21218): Local Patches: NONE
I/Adreno-EGL(21218): Reconstruct Branch: AU_LINUX_ANDROID_LA.BR.1.1.3_RB1.05.01.00.032.017 + 26a3cba + 6f69ea6 + 8bc2bc8 + 649fcde + a52cccf + dbf281f + 15f0bf8 + 8d02f76 + 9b2cb1a + 25f3b04 + 7cd8c84 + b54906e + 675fd74 + 7c22ef4 + 79b094c 
I/SystemUpdate(20856): [Execution,InstallationEventIntentOperation] Handling event of type 1.
I/constellation(20856): [reboot_checker] Reboot Sync didn't run.
I/constellation(20856): [intent_handler] on init with intent Intent { act=android.intent.action.BOOT_COMPLETED flg=0x8000010 cmp=com.google.android.gms/.chimera.GmsIntentOperationService (has extras) }
D/Babel_SmsDep(22831): disabled
I/Adreno-EGL(21218): <qeglDrvAPI_eglInitialize:379>: EGL 1.4 QUALCOMM build: AU_LINUX_ANDROID_LA.BR.1.1.3_RB1.05.01.00.032.017_msm8916_64_LA.BR.1.1.3_RB1__release_AU (Ie228694f41)
I/Adreno-EGL(21218): OpenGL ES Shader Compiler Version: E031.25.03.04
I/Adreno-EGL(21218): Build Date: 09/29/15 Tue
I/Adreno-EGL(21218): Local Branch: mybranch14662643
I/Adreno-EGL(21218): Remote Branch: quic/LA.BR.1.1.3_rb1.32
I/Adreno-EGL(21218): Local Patches: NONE
I/Adreno-EGL(21218): Reconstruct Branch: AU_LINUX_ANDROID_LA.BR.1.1.3_RB1.05.01.00.032.017 + 26a3cba + 6f69ea6 + 8bc2bc8 + 649fcde + a52cccf + dbf281f + 15f0bf8 + 8d02f76 + 9b2cb1a + 25f3b04 + 7cd8c84 + b54906e + 675fd74 + 7c22ef4 + 79b094c 
I/SystemUpdate(20856): [Execution,InstallationIntentOperation] Received intent: Intent { act=com.google.android.gms.update.INSTALL_UPDATE cat=[targeted_intent_op_prefix:.update.execution.InstallationIntentOperation] cmp=com.google.android.gms/.chimera.GmsIntentOperationService }.
I/SystemUpdate(20856): [Execution,ExecutionManager] Action finished-execution executed for 0.00 seconds.
I/EventLogChimeraService(20856): Opted in for usage reporting
I/EventLogChimeraService(20856): Accumulating logs since 1540460261468
I/ServiceManager(17691): Waiting for service AtCmdFwd...
D/Babel_SmsDepStand(22831): count:2
I/EventLogChimeraService(20856): Opted in for usage reporting
D/StatusBar.NetworkController(19886): hasService: mServiceState=1 1 home null null null  Unknown Unknown CSS not supported 0 0 RoamInd=0 DefRoamInd=0 EmergOnly=true retVal=false
D/StatusBar.NetworkController(19886): refreshViews: Data not connected!! Set no data type icon / Roaming
D/StatusBar.NetworkController(19886): hasService: mServiceState=1 1 home null null null  Unknown Unknown CSS not supported 0 0 RoamInd=0 DefRoamInd=0 EmergOnly=true retVal=false
D/StatusBar.NetworkController(19886): refreshViews connected={ wifi } level=0 combinedSignalIconId=0x7f020343/com.android.systemui:drawable/stat_sys_wifi_signal_4_fully combinedActivityIconId=0x0 mobileLabel=Emergency calls only wifiLabel="SW2_We8h"xxxxXXXXxxxxXXXX emergencyOnly=true combinedLabel="SW2_We8h"xxxxXXXXxxxxXXXX mAirplaneMode=false mDataActivity=0 mPhoneSignalIconId=0x0/(null) mQSPhoneSignalIconId=0x7f0200ab/com.android.systemui:drawable/ic_qs_signal_no_signal mDataDirectionIconId=0x0/(null) mDataSignalIconId=0x0/(null) mDataTypeIconId=0x0/(null) mQSDataTypeIconId=0x0/(null) mNoSimIconId=0x7f02008b/com.android.systemui:drawable/ic_qs_no_sim mWifiIconId=0x7f020343/com.android.systemui:drawable/stat_sys_wifi_signal_4_fully mQSWifiIconId=0x7f0200bc/com.android.systemui:drawable/ic_qs_wifi_full_4 mWifiActivityIconId=0x0/(null) mBluetoothTetherIconId=0x108069b/android:drawable/stat_sys_tether_bluetooth
W/IntentService[D(21649): type=1400 audit(0.0:3399): avc: denied { read } for name="/" dev="tmpfs" ino=7504 scontext=u:r:untrusted_app:s0 tcontext=u:object_r:device:s0 tclass=dir permissive=0
I/CheckinRequestProcessor(20856): Gmscore running on device, checkin will use Gmscore context
I/CheckinRequestBuilder(20856): Checkin reason type: 1 attempt count: 3
D/Babel_SmsDep(22831): disabled
I/MobileDataHub(20856): Scheduling periodic tasks
D/Babel_SmsDep(22831): disabled
W/Babel   (22831): On boot, found 1 ready accounts
I/Babel   (22831): babel boot account: Redacted-26-chars
W/MobileDataHub(20856): [Service] appsupload-periodic periodic task disabled
E/PhoneInterfaceManager(20296): [PhoneIntfMgr] getIccId: ICC ID is null or empty.
I/Babel_ConcService(22831): Binding ConcurrentService
W/CheckinRequestBuilder(20856): Exception while truncating the IMSI
W/CheckinRequestBuilder(20856): java.lang.NullPointerException: Attempt to invoke virtual method 'byte[] java.lang.String.getBytes(java.lang.String)' on a null object reference
W/CheckinRequestBuilder(20856): 	at awcw.a(:com.google.android.gms@14366012@14.3.66 (020408-213742215):1)
W/CheckinRequestBuilder(20856): 	at awcw.a(:com.google.android.gms@14366012@14.3.66 (020408-213742215):4)
W/CheckinRequestBuilder(20856): 	at obm.a(:com.google.android.gms@14366012@14.3.66 (020408-213742215):222)
W/CheckinRequestBuilder(20856): 	at obm.a(:com.google.android.gms@14366012@14.3.66 (020408-213742215):96)
W/CheckinRequestBuilder(20856): 	at obn.a(:com.google.android.gms@14366012@14.3.66 (020408-213742215):145)
W/CheckinRequestBuilder(20856): 	at com.google.android.gms.checkin.CheckinChimeraService.a(:com.google.android.gms@14366012@14.3.66 (020408-213742215):122)
W/CheckinRequestBuilder(20856): 	at obi.run(:com.google.android.gms@14366012@14.3.66 (020408-213742215))
W/CheckinRequestBuilder(20856): 	at qfk.run(:com.google.android.gms@14366012@14.3.66 (020408-213742215):35)
W/CheckinRequestBuilder(20856): 	at java.util.concurrent.ThreadPoolExecutor.runWorker(ThreadPoolExecutor.java:1112)
W/CheckinRequestBuilder(20856): 	at java.util.concurrent.ThreadPoolExecutor$Worker.run(ThreadPoolExecutor.java:587)
W/CheckinRequestBuilder(20856): 	at qll.run(:com.google.android.gms@14366012@14.3.66 (020408-213742215))
W/CheckinRequestBuilder(20856): 	at java.lang.Thread.run(Thread.java:818)
I/Babel_ConcService(22831): Scheduling delay with GcmNetworkManager of 233675 s for task ggqaccount_reg_renewal_90030563_8 and tag network_connectivity_wakeup:persisted
I/Babel_ConcService(22831): Scheduling delay with GcmNetworkManager of 84186 s for task gjiDB_CLEANUP_97176847_5 and tag :persisted
I/Babel_ConcService(22831): Acquired partial wake lock to keep ConcurrentService alive
I/ChimeraSrvcProxy(20203): com.google.android.gms.chimera.PersistentBoundBrokerService returning NullBinder for action com.google.android.gms.ipa.smsindexer.PERSISTENT_START
I/MagicTether(20856): [HostValidator] InvalidHost. MobileData: true, Tethering: false, whitelist: false, ble: true
I/Babel_ConcService(22831): Released partial wake lock as ConcurrentService became idle
W/ResourceType(22941): ResTable_typeSpec entry count inconsistent: given 467, previously 1273
I/CryptauthV2(20856): [EnrollKeyName] ClientName calling Cryptauth is AuthzenAccountRegistration
I/MobileDataPlan(20856): [238] MobileDataPlanModuleInitIntentOperation.a: Periodic service false update false
I/MS_Utils(20856): version of com.google.android.apps.maps = 1002101244
E/Drm     (19468): Failed to find drm plugin
I/MobileDataPlan(20856): [238] adpz.b: delete MobileDataPlan SIM based database name: MdpSimBasedDatabase
W/DG.WV   (21218): Widevine DRM not supported on this device
W/DG.WV   (21218): android.media.UnsupportedSchemeException: Failed to instantiate drm object.
W/DG.WV   (21218): 	at android.media.MediaDrm.native_setup(Native Method)
W/DG.WV   (21218): 	at android.media.MediaDrm.<init>(MediaDrm.java:180)
W/DG.WV   (21218): 	at tea.run(:com.google.android.gms@14366012@14.3.66 (020408-213742215):7)
W/DG.WV   (21218): 	at qfk.run(:com.google.android.gms@14366012@14.3.66 (020408-213742215):35)
W/DG.WV   (21218): 	at java.util.concurrent.ThreadPoolExecutor.runWorker(ThreadPoolExecutor.java:1112)
W/DG.WV   (21218): 	at java.util.concurrent.ThreadPoolExecutor$Worker.run(ThreadPoolExecutor.java:587)
W/DG.WV   (21218): 	at qll.run(:com.google.android.gms@14366012@14.3.66 (020408-213742215))
W/DG.WV   (21218): 	at java.lang.Thread.run(Thread.java:818)
W/ChimeraUtils(20856): Non Chimera context
I/MobileDataPlan(20856): [238] MobileDataPlanModuleInitIntentOperation.a: Periodic service will not be started.
I/MobileDataPlan(20856): [238] MobileDataPlanModuleInitIntentOperation.a: Module is initialized with flag 11.
I/Finsky  (22751): [231] com.google.android.finsky.contentfilterui.o.a(6): Received content filters request from sharedUserId=com.google.uid.shared:10008
I/Babel_ConcService(22831): Scheduling delay with GcmNetworkManager of 3598 s for task gjiDB_CLEANUP_99389409_3 and tag :persisted
I/Babel_ConcService(22831): Acquired partial wake lock to keep ConcurrentService alive
D/Babel_SmsDep(22831): disabled
D/Babel_SmsDepStand(22831): count:2
D/Babel_SmsDepNotif(22831): not sms
D/Babel_SmsDepUtil(22831): imp:-1:3686
D/Babel_Notif_Persistent(22831): PersistentMessageNotifier.cancelOngoingNotification
D/Babel_Notif_SMS(22831): cancelOngoingNotification
I/Adreno-EGL(21218): <qeglDrvAPI_eglInitialize:379>: EGL 1.4 QUALCOMM build: AU_LINUX_ANDROID_LA.BR.1.1.3_RB1.05.01.00.032.017_msm8916_64_LA.BR.1.1.3_RB1__release_AU (Ie228694f41)
I/Adreno-EGL(21218): OpenGL ES Shader Compiler Version: E031.25.03.04
I/Adreno-EGL(21218): Build Date: 09/29/15 Tue
I/Adreno-EGL(21218): Local Branch: mybranch14662643
I/Adreno-EGL(21218): Remote Branch: quic/LA.BR.1.1.3_rb1.32
I/Adreno-EGL(21218): Local Patches: NONE
I/Adreno-EGL(21218): Reconstruct Branch: AU_LINUX_ANDROID_LA.BR.1.1.3_RB1.05.01.00.032.017 + 26a3cba + 6f69ea6 + 8bc2bc8 + 649fcde + a52cccf + dbf281f + 15f0bf8 + 8d02f76 + 9b2cb1a + 25f3b04 + 7cd8c84 + b54906e + 675fd74 + 7c22ef4 + 79b094c 
I/Adreno-EGL(21218): <qeglDrvAPI_eglInitialize:379>: EGL 1.4 QUALCOMM build: AU_LINUX_ANDROID_LA.BR.1.1.3_RB1.05.01.00.032.017_msm8916_64_LA.BR.1.1.3_RB1__release_AU (Ie228694f41)
I/Adreno-EGL(21218): OpenGL ES Shader Compiler Version: E031.25.03.04
I/Adreno-EGL(21218): Build Date: 09/29/15 Tue
I/Adreno-EGL(21218): Local Branch: mybranch14662643
I/Adreno-EGL(21218): Remote Branch: quic/LA.BR.1.1.3_rb1.32
I/Adreno-EGL(21218): Local Patches: NONE
I/Adreno-EGL(21218): Reconstruct Branch: AU_LINUX_ANDROID_LA.BR.1.1.3_RB1.05.01.00.032.017 + 26a3cba + 6f69ea6 + 8bc2bc8 + 649fcde + a52cccf + dbf281f + 15f0bf8 + 8d02f76 + 9b2cb1a + 25f3b04 + 7cd8c84 + b54906e + 675fd74 + 7c22ef4 + 79b094c 
W/art     (22831): Verification of android.net.Uri gxn.a(android.content.Context, java.lang.String, java.io.File, java.lang.String, int) took 112.015ms
I/ServiceManager(17691): Waiting for service AtCmdFwd...
I/NetRec  (20203): [173] BootCompletedOrAppUpdatedIntentOperation.onHandleIntent: onBootCompleted()
W/ChimeraUtils(20203): Non Chimera context
D/StatusBar.NetworkController(19886): hasService: mServiceState=1 1 home null null null  Unknown Unknown CSS not supported 0 0 RoamInd=0 DefRoamInd=0 EmergOnly=true retVal=false
D/StatusBar.NetworkController(19886): refreshViews: Data not connected!! Set no data type icon / Roaming
D/StatusBar.NetworkController(19886): hasService: mServiceState=1 1 home null null null  Unknown Unknown CSS not supported 0 0 RoamInd=0 DefRoamInd=0 EmergOnly=true retVal=false
D/StatusBar.NetworkController(19886): refreshViews connected={ wifi } level=0 combinedSignalIconId=0x7f020343/com.android.systemui:drawable/stat_sys_wifi_signal_4_fully combinedActivityIconId=0x0 mobileLabel=Emergency calls only wifiLabel="SW2_We8h"xxxxXXXXxxxxXXXX emergencyOnly=true combinedLabel="SW2_We8h"xxxxXXXXxxxxXXXX mAirplaneMode=false mDataActivity=0 mPhoneSignalIconId=0x0/(null) mQSPhoneSignalIconId=0x7f0200ab/com.android.systemui:drawable/ic_qs_signal_no_signal mDataDirectionIconId=0x0/(null) mDataSignalIconId=0x0/(null) mDataTypeIconId=0x0/(null) mQSDataTypeIconId=0x0/(null) mNoSimIconId=0x7f02008b/com.android.systemui:drawable/ic_qs_no_sim mWifiIconId=0x7f020343/com.android.systemui:drawable/stat_sys_wifi_signal_4_fully mQSWifiIconId=0x7f0200bc/com.android.systemui:drawable/ic_qs_wifi_full_4 mWifiActivityIconId=0x0/(null) mBluetoothTetherIconId=0x108069b/android:drawable/stat_sys_tether_bluetooth
I/PeopleInitIntentOp(20856): Not initializing debuggability
I/PeopleInitIntentOp(20856): Clean up Google+ contacts from CP2.
W/Binder_3(21720): type=1400 audit(0.0:3400): avc: denied { read } for name="/" dev="tmpfs" ino=7504 scontext=u:r:untrusted_app:s0 tcontext=u:object_r:device:s0 tclass=dir permissive=0
I/NetRec  (20203): [173] BootCompletedOrAppUpdatedIntentOperation.onHandleIntent: Scheduling CleanupDatabaseTask
I/PeopleContactsSync(20856): CP2 sync enabled.
E/SQLiteLog(22831): (284) automatic index on conversation_participants_view(conversation_id)
I/NetRec  (20203): [173] agbn.b: onConfigChanged()
E/SQLiteLog(22831): (284) automatic index on conversation_participants_view(conversation_id)
I/NetRec  (20203): [173] agbn.b: Cancelling all NetRec GCM tasks
I/NetRec  (20203): [180] ClearDatabaseService.onHandleIntent: Clearing score cache
I/art     (20203): Background sticky concurrent mark sweep GC freed 47868(3MB) AllocSpace objects, 20(404KB) LOS objects, 15% free, 20MB/23MB, paused 3.670ms total 238.725ms
D/DownloadManager(22050): [41] Starting
I/GplusCp2ContactsCleaner(20856): Disable Google+ sync to CP2 for account: bluebirdtest7730@gmail.com
D/DownloadManager(22050): [42] Starting
I/CryptauthV2(20856): [EasyUnlockDatabaseManager] Opening database auth.proximity.permit_store...
W/GmsApplication(22997): Failed to invoke the SupplierSetterRegistry.
W/ChimeraUtils(20856): Non Chimera context
I/MultiDex(22997): VM with version 2.1.0 has multidex support
I/MultiDex(22997): install
I/MultiDex(22997): MultiDexExtractor.load(/data/app/com.google.android.gms-1/base.apk, false)
I/MultiDex(22997): Blocking on lock /data/data/com.google.android.gms/code_cache/secondary-dexes/MultiDex.lock
I/MultiDex(22997): /data/data/com.google.android.gms/code_cache/secondary-dexes/MultiDex.lock locked
D/BluetoothManagerService(19709): Message: 20
D/BluetoothManagerService(19709): Added callback: android.bluetooth.IBluetoothManagerCallback$Stub$Proxy@14b08c54:true
I/MultiDex(22997): loading existing secondary dex files
I/MultiDex(22997): load found 5 secondary dex files
W/SemanticLocation(20856): Personalization not enabled; won't try to improve personalization account.
W/art     (22831): Suspending all threads took: 15.715ms
I/TelephonySpam(20856): TelephonySpamInit - On boot completed TelephonySpam module initialized
I/TelephonySpam(20856): TelephonySpamInit - onModuleUpdated TelephonySpam module initialized
I/TelephonySpam(20856): TelephonySpamInit - onModuleUpdated calling setComponentEnabled for com.google.android.gms.telephonyspam.sync.SpamListSyncTaskService
I/TelephonySpam(20856): TelephonySpamInit - onModuleUpdated completed setComponentEnabled for com.google.android.gms.telephonyspam.sync.SpamListSyncTaskService
I/ServiceManager(17691): Waiting for service AtCmdFwd...
I/MultiDex(22997): install done
I/TelephonySpam(20856): SpamListSync - scheduleSyncTasks
I/TelephonySpam(20856): SpamListSync - schedulePeriodicTask
W/art     (20203): Verification of bnez bjyq.mergeFrom(bneq) took 256.563ms
I/ChromeSync(20856): [Sync,SyncAdapter] Successfully synced in 1203 milliseconds with request: opv{account=<hide PII>, eventType=101, waitForInitialization=false, zipitVersionInfo=null}.
W/art     (22997): Suspending all threads took: 13.712ms
I/SemanticLocation(20856): Cancel DailyWhamDataUpload
W/linker  (22997): /data/app/com.google.android.gms-1/lib/arm64/libconscrypt_gmscore_jni.so: unused DT entry: type 0x6ffffffe arg 0x18e4
W/linker  (22997): /data/app/com.google.android.gms-1/lib/arm64/libconscrypt_gmscore_jni.so: unused DT entry: type 0x6fffffff arg 0x2
V/NativeCrypto(22997): Registering com/google/android/gms/org/conscrypt/NativeCrypto's 287 native methods...
W/art     (22997): Suspending all threads took: 11.167ms
I/art     (22997): Rejecting re-init on previously-failed class java.lang.Class<com.google.android.gms.org.conscrypt.Java7ExtendedSSLSession>
I/art     (22997): Rejecting re-init on previously-failed class java.lang.Class<com.google.android.gms.org.conscrypt.Java7ExtendedSSLSession>
I/art     (22997): Rejecting re-init on previously-failed class java.lang.Class<com.google.android.gms.org.conscrypt.Java8ExtendedSSLSession>
I/art     (22997): Rejecting re-init on previously-failed class java.lang.Class<com.google.android.gms.org.conscrypt.Java8ExtendedSSLSession>
I/ProviderInstaller(22997): Installed default security provider GmsCore_OpenSSL
I/Authzen (20856): [SyncManager] avoiding sync because the last sync was too recent
I/Authzen (20856): [TransactionCache] Clearing transaction cache
I/SemanticLocation(20856): Cancel ReverseGeoBatch
I/SemanticLocation(20856): Cancel WhamDailyActiveUserReport
I/TelephonySpam(20856): SpamListSync - scheduleOneTimeTask
I/TelephonySpam(20856): ShortCodeSync - Schedule Short Code Sync Tasks
I/TelephonySpam(20856): ShortCodeSync - Schedule Short Code Periodic Task
I/TelephonySpam(20856): ShortCodeSync - Schedule Short Code One Time Task
I/TelephonySpam(20856): TelephonySpamInit - Not scheduling call log syncing on older devices.
D/wpa_supplicant(20154): wlan0: Control interface command 'SIGNAL_POLL'
I/ServiceManager(  323): Waiting for service display.qservice...
W/mm-pp-daemon( 4521): type=1400 audit(0.0:3401): avc: denied { call } for scontext=u:r:mm-pp-daemon:s0 tcontext=u:r:servicemanager:s0 tclass=binder permissive=0
W/Atfwd_Sendcmd(17691): AtCmdFwd service not published, waiting... retryCnt : 3
I/Wear_Controller(20203): Wear requires a companion app to be installed.
I/WearableService(20203): onCreate: Wearable Services not starting. Wear is not available on this device.
D/BluetoothAdapter(20203): 1004766334: getState() :  mService = null. Returning STATE_OFF
W/WearableService(20203): onGetService: Wear is not available on this device.
I/BeaconBle(20203): Using BLE 'L' hardware layer
E/MDM     (20856): [284] adeq.a: Couldn't connect to Google API client: ovu{statusCode=API_UNAVAILABLE, resolution=null, message=null}
W/Nearby  (20203): Bind call too late - someone already tried to get: class blfv [CONTEXT service_id=49 ]
W/art     (22941): Verification of android.app.job.JobInfo aeoj.a() took 141.826ms
W/art     (20856): Verification of void brbz.<init>() took 301.884ms
W/art     (20856): Verification of void com.google.android.gms.walletp2p.infra.phenotype.PhenotypeRegisterAndCommitIntentOperation.onHandleIntent(android.content.Intent) took 158.051ms
W/art     (20856): Verification of java.lang.String aorb.a(java.lang.String) took 325.519ms
D/StatusBar.NetworkController(19886): hasService: mServiceState=1 1 home null null null  Unknown Unknown CSS not supported 0 0 RoamInd=0 DefRoamInd=0 EmergOnly=true retVal=false
D/StatusBar.NetworkController(19886): refreshViews: Data not connected!! Set no data type icon / Roaming
D/StatusBar.NetworkController(19886): hasService: mServiceState=1 1 home null null null  Unknown Unknown CSS not supported 0 0 RoamInd=0 DefRoamInd=0 EmergOnly=true retVal=false
D/StatusBar.NetworkController(19886): refreshViews connected={ wifi } level=0 combinedSignalIconId=0x7f020343/com.android.systemui:drawable/stat_sys_wifi_signal_4_fully combinedActivityIconId=0x0 mobileLabel=Emergency calls only wifiLabel="SW2_We8h"xxxxXXXXxxxxXXXX emergencyOnly=true combinedLabel="SW2_We8h"xxxxXXXXxxxxXXXX mAirplaneMode=false mDataActivity=0 mPhoneSignalIconId=0x0/(null) mQSPhoneSignalIconId=0x7f0200ab/com.android.systemui:drawable/ic_qs_signal_no_signal mDataDirectionIconId=0x0/(null) mDataSignalIconId=0x0/(null) mDataTypeIconId=0x0/(null) mQSDataTypeIconId=0x0/(null) mNoSimIconId=0x7f02008b/com.android.systemui:drawable/ic_qs_no_sim mWifiIconId=0x7f020343/com.android.systemui:drawable/stat_sys_wifi_signal_4_fully mQSWifiIconId=0x7f0200bc/com.android.systemui:drawable/ic_qs_wifi_full_4 mWifiActivityIconId=0x0/(null) mBluetoothTetherIconId=0x108069b/android:drawable/stat_sys_tether_bluetooth
D/Ulp_jni (19709): Location CB invoked
D/LocationManagerService(19709): incoming location: Location[fused 37.488738,127.053543 acc=1558 et=+1d3h36m33s281ms alt=0.0 vel=0.0 bear=81.0 {Bundle[{}]}]
D/LocationManagerService(19709): incoming location: Location[fused 37.488738,127.053543 acc=1558 et=+1d3h36m33s281ms alt=0.0 vel=0.0 bear=81.0 {Bundle[{}]}]
I/Wear_Controller(20856): Wear requires a companion app to be installed.
I/Wear_Controller(20856): onStartup - Wear is not available on this device.
E/WorkSourceUtil(20203): Could not find package: com.google.android.gms.stats.eastworld
W/AudioCapabilities(22831): Unsupported mime audio/evrc
W/AudioCapabilities(22831): Unsupported mime audio/qcelp
I/Vision  (20856): Supported ABIS: [arm64-v8a, armeabi-v7a, armeabi]
W/VideoCapabilities(22831): Unrecognized profile 2130706433 for video/avc
W/art     (22941): Verification of void acmo.<init>() took 211.173ms
D/GpsLocationProvider(19709): NetworkLocationListener=Location[fused 37.488738,127.053543 acc=1558 et=+1d3h36m33s281ms alt=0.0 vel=0.0 bear=81.0 {Bundle[{noGPSLocation=Location[network 37.488738,127.053543 acc=18 et=+1d3h36m3s863ms alt=90.69999694824219 {Bundle[{networkLocationType=wifi, coarseLocation=Location[network 37.495495,127.038871 acc=2000 et=+1d3h36m3s863ms]}]}]}]}]
D/GpsLocationProvider(19709): This Location Timezone is [ Asia/Seoul ]
D/AlarmManagerService(19709): Kernel timezone updated to -540 minutes west of GMT
V/WLAN_PSA(  258): NL MSG, len[048], NL type[0x11] WNI type[0x5050] len[028]
V/WLAN_PSA(  258): NL MSG, PID: 258
W/mm-pp-daemon( 4521): type=1400 audit(0.0:3402): avc: denied { call } for scontext=u:r:mm-pp-daemon:s0 tcontext=u:r:servicemanager:s0 tclass=binder permissive=0
I/ServiceManager(  323): Waiting for service display.qservice...
I/Vision  (20856): Details: ocr_arm64_v8a.zip, eef0f328b471a7ddd7197ba013d6462194ac8566
I/Vision  (20856): Engine already satisfied by existing download for ocr
I/GCoreUlr(20203): Starting service, intent=Intent { act=com.google.android.location.reporting.ACTION_UPDATE_WORLD cmp=com.google.android.gms/com.google.android.location.reporting.service.DispatchingService (has extras) }, extras=Bundle[{receiverAction=init, is_boot=true}]
I/CheckinUtil(20856): Classify the device as Phone.
W/AudioCapabilities(22831): Unsupported mime audio/qcelp
W/AudioCapabilities(22831): Unsupported mime audio/evrc
I/CheckinConnFactory(20856): Get token from PseudonymousIdApi: 144=xT3jOqy5KJqkAf4tSLu0X3uvyXZIXmvtPj-7BQf7Fuxsb2AOP23yt0saXiF2qPywSjnfgmuR0NM_afIMN6Na7bxfpAUP0Nvt-S3nlk18A5HiRzih0bEJZ9KpVrwGaJyNFr3f-aF6oJO_Z2wh6ap7LtoKw-g5jR6ErCixxPMH6vA
W/art     (22941): Suspending all threads took: 16.351ms
W/VideoCapabilities(22831): Unsupported mime video/mpeg2
W/VideoCapabilities(22831): Unsupported mime video/mpeg2
I/GCoreUlr(20203): WorldUpdater received intent Intent { act=com.google.android.location.reporting.ACTION_UPDATE_WORLD cmp=com.google.android.gms/com.google.android.location.reporting.service.DispatchingService (has extras) } with receiverAction init
W/VideoCapabilities(22831): Unsupported mime video/x-ms-wmv
W/VideoCapabilities(22831): Unsupported mime video/divx
D/LocationManagerService(19709): getProviders()=[passive, gps, network]
W/VideoCapabilities(22831): Unsupported mime video/divx311
W/VideoCapabilities(22831): Unsupported mime video/divx4
W/VideoCapabilities(22831): Unsupported mime video/mp4v-esdp
W/Conscrypt(20856): Could not set socket write timeout: java.net.SocketException: Socket closed
W/Conscrypt(20856): 	at com.google.android.gms.org.conscrypt.Platform.setSocketWriteTimeout(:com.google.android.gms@14366012@14.3.66 (020408-213742215):2)
W/Conscrypt(20856): 	at com.google.android.gms.org.conscrypt.ConscryptFileDescriptorSocket.setSoWriteTimeout(:com.google.android.gms@14366012@14.3.66 (020408-213742215):2)
W/Conscrypt(20856): Could not set socket write timeout: java.net.SocketException: Socket closed
I/ServiceManager(  323): Waiting for service display.qservice...
W/mm-pp-daemon( 4521): type=1400 audit(0.0:3403): avc: denied { call } for scontext=u:r:mm-pp-daemon:s0 tcontext=u:r:servicemanager:s0 tclass=binder permissive=0
W/Conscrypt(20856): 	at com.google.android.gms.org.conscrypt.Platform.setSocketWriteTimeout(:com.google.android.gms@14366012@14.3.66 (020408-213742215):2)
W/Conscrypt(20856): 	at com.google.android.gms.org.conscrypt.ConscryptFileDescriptorSocket.setSoWriteTimeout(:com.google.android.gms@14366012@14.3.66 (020408-213742215):2)
I/GCoreUlr(20203): WorldUpdater:init: Ensuring that reporting is stopped because of reasons: {account#-5#=[InactiveReason{mIdentifier=6, mName='ReportingNotEnabled'}]}
I/VideoCapabilities(22831): Unsupported profile 4 for video/mp4v-es
I/CheckinRequestProcessor(20856): set cookie as: NID=144=xT3jOqy5KJqkAf4tSLu0X3uvyXZIXmvtPj-7BQf7Fuxsb2AOP23yt0saXiF2qPywSjnfgmuR0NM_afIMN6Na7bxfpAUP0Nvt-S3nlk18A5HiRzih0bEJZ9KpVrwGaJyNFr3f-aF6oJO_Z2wh6ap7LtoKw-g5jR6ErCixxPMH6vA
I/Places  (20203): ?: Couldn't find platform key file.
W/VideoCapabilities(22831): Unrecognized profile 2130706433 for video/avc
W/VideoCapabilities(22831): Unrecognized profile 2130706433 for video/avc
W/Conscrypt(20856): Could not set socket write timeout: java.net.SocketException: Socket closed
W/Conscrypt(20856): 	at com.google.android.gms.org.conscrypt.Platform.setSocketWriteTimeout(:com.google.android.gms@14366012@14.3.66 (020408-213742215):2)
W/Conscrypt(20856): 	at com.google.android.gms.org.conscrypt.ConscryptFileDescriptorSocket.setSoWriteTimeout(:com.google.android.gms@14366012@14.3.66 (020408-213742215):2)
W/VideoCapabilities(22831): Unrecognized profile 2130706433 for video/avc
W/Conscrypt(20203): Could not set socket write timeout: java.net.SocketException: Socket closed
W/Conscrypt(20203): 	at com.google.android.gms.org.conscrypt.Platform.setSocketWriteTimeout(:com.google.android.gms@14366012@14.3.66 (020408-213742215):2)
W/Conscrypt(20203): 	at com.google.android.gms.org.conscrypt.ConscryptFileDescriptorSocket.setSoWriteTimeout(:com.google.android.gms@14366012@14.3.66 (020408-213742215):2)
W/Conscrypt(20856): Could not set socket write timeout: java.net.SocketException: Socket closed
W/Conscrypt(20856): 	at com.google.android.gms.org.conscrypt.Platform.setSocketWriteTimeout(:com.google.android.gms@14366012@14.3.66 (020408-213742215):2)
W/Conscrypt(20856): 	at com.google.android.gms.org.conscrypt.ConscryptFileDescriptorSocket.setSoWriteTimeout(:com.google.android.gms@14366012@14.3.66 (020408-213742215):2)
E/SQLiteLog(22831): (284) automatic index on conversation_participants_view(conversation_id)
W/Conscrypt(20203): Could not set socket write timeout: java.net.SocketException: Socket closed
W/Conscrypt(20203): 	at com.google.android.gms.org.conscrypt.Platform.setSocketWriteTimeout(:com.google.android.gms@14366012@14.3.66 (020408-213742215):2)
W/Conscrypt(20203): 	at com.google.android.gms.org.conscrypt.ConscryptFileDescriptorSocket.setSoWriteTimeout(:com.google.android.gms@14366012@14.3.66 (020408-213742215):2)
I/GCoreUlr(20203): Unbound from all signal providers.
E/SQLiteLog(22831): (284) automatic index on conversation_participants_view(conversation_id)
I/Babel_ConcService(22831): Released partial wake lock as ConcurrentService became idle
E/SQLiteLog(22941): (283) recovered 267 frames from WAL file /data/data/com.google.android.apps.photos/databases/gphotos-1.db-wal
E/SQLiteLog(20742): (283) recovered 8 frames from WAL file /data/data/com.google.android.googlequicksearchbox/app_si/now_content_store/content_store.db-wal
I/GCoreUlr(20203): DispatchingService ignoring Intent { act=android.net.wifi.WIFI_STATE_CHANGED flg=0x4000010 (has extras) } because ULR inactive
I/OpaEligibilityChecker(20742): send OpaEligibilityChange broadcast to CommonBroadcastReceiver
I/InstantApps(20203): DomainFilterImpl: Domain filter response size: 178
I/OpaEligibilityChecker(20742): Clock app not installed.
I/UtteranceRenameTask(20742): Utterances already renamed to new format. Abort task.
I/art     (22941): WaitForGcToComplete blocked for 254.542ms for cause HomogeneousSpaceCompact
I/InstantApps(20203): DomainFilterImpl: No changes in domain filter
I/MagicTether(20203): [HostValidator] InvalidHost. MobileData: true, Tethering: false, whitelist: false, ble: true
D/wpa_supplicant(20154): wlan0: Control interface command 'SIGNAL_POLL'
W/art     (22941): Suspending all threads took: 121.490ms
I/CheckinRequestProcessor(20856): updateCheckinIdTokenFileFromResponse, Reading existing AID
I/ServiceManager(  323): Waiting for service display.qservice...
W/mm-pp-daemon( 4521): type=1400 audit(0.0:3404): avc: denied { call } for scontext=u:r:mm-pp-daemon:s0 tcontext=u:r:servicemanager:s0 tclass=binder permissive=0
I/GCoreUlr(20203): Unbound from all signal providers.
I/GCoreUlr(20203): Stopping handler for UlrDispSvcFast
I/GeofencerStateMachine(20203): removeGeofences: removeRequest=RemoveGeofencingRequest[REMOVE_BY_PENDING_INTENT pendingIntent=PendingIntent[creatorPackage=com.google.android.gms], packageName=null]
I/GeofencerStateMachine(20203): removeGeofences: removeRequest=RemoveGeofencingRequest[REMOVE_BY_PENDING_INTENT pendingIntent=PendingIntent[creatorPackage=com.google.android.gms], packageName=null]
D/BluetoothManagerService(19709): Message: 20
D/BluetoothManagerService(19709): Added callback: android.bluetooth.IBluetoothManagerCallback$Stub$Proxy@28e5512f:true
D/BluetoothAdapter(20742): 226455669: getState() :  mService = null. Returning STATE_OFF
I/Places  (20203): ?: Couldn't find platform key file.
W/ResourceType(23112): ResTable_typeSpec entry count inconsistent: given 19, previously 27
I/CheckinRequestProcessor(20856): CheckinNowTaskTag : Checkin Succeeded: https://android.clients.google.com/checkin (fragment #1): 
I/GeofencerStateMachine(20203): removeGeofences: removeRequest=RemoveGeofencingRequest[REMOVE_BY_PENDING_INTENT pendingIntent=PendingIntent[creatorPackage=com.google.android.gms], packageName=null]
I/GeofencerStateMachine(20203): removeGeofences: removeRequest=RemoveGeofencingRequest[REMOVE_BY_PENDING_INTENT pendingIntent=PendingIntent[creatorPackage=com.google.android.gms], packageName=null]
I/GeofencerStateMachine(20203): removeGeofences: removeRequest=RemoveGeofencingRequest[REMOVE_BY_PENDING_INTENT pendingIntent=PendingIntent[creatorPackage=com.google.android.gms], packageName=null]
I/GeofencerStateMachine(20203): removeGeofences: removeRequest=RemoveGeofencingRequest[REMOVE_BY_PENDING_INTENT pendingIntent=PendingIntent[creatorPackage=com.google.android.gms], packageName=null]
I/GeofencerStateMachine(20203): removeGeofences: removeRequest=RemoveGeofencingRequest[REMOVE_BY_PENDING_INTENT pendingIntent=PendingIntent[creatorPackage=com.google.android.googlequicksearchbox], packageName=null]
E/GeofenceHelper(20742): Failed: remove geofences by PendingIntent
E/Finsky  (22751): [232] com.google.android.finsky.at.c.a(27): Unable to build selector: /storage/emulated/0/Download/marketenvs.csv: open failed: ENOENT (No such file or directory)
I/Finsky  (22751): [233] com.google.android.finsky.wear.eg.a(14): Do not start WearSupportService due to Wear service optimization
I/Finsky  (22751): [223] com.google.android.finsky.dt.a.a.a.b(29): Triggered update for experiment package com.google.android.finsky.regular.
W/DynamiteModule(23092): Local module descriptor class for com.google.android.gms.googlecertificates not found.
I/DynamiteModule(23092): Considering local module com.google.android.gms.googlecertificates:0 and remote module com.google.android.gms.googlecertificates:4
I/DynamiteModule(23092): Selected remote version of com.google.android.gms.googlecertificates, version >= 4
I/ShortcutBadger(22751): Checking if platform supports badge counters, attempt 1/3.
I/PeopleContactsSync(20856): CP2 cleanup done, kept= duration=379 ms
I/ShortcutBadger(22751): Checking if platform supports badge counters, attempt 2/3.
I/ShortcutBadger(22751): Checking if platform supports badge counters, attempt 3/3.
I/ServiceManager(  323): Waiting for service display.qservice...
W/mm-pp-daemon( 4521): type=1400 audit(0.0:3405): avc: denied { call } for scontext=u:r:mm-pp-daemon:s0 tcontext=u:r:servicemanager:s0 tclass=binder permissive=0
I/PeopleContactsSync(20856):   updateBabelActionMimeType
W/ShortcutBadger(22751): Badge counter seems not supported in this platform: unable to resolve intent: Intent { act=android.intent.action.BADGE_COUNT_UPDATE (has extras) }
I/Finsky  (22751): [235] com.google.android.finsky.verifier.impl.dq.e(125): Restoring notifications
I/PeopleContactsSync(20856):   new mimetype=vnd.android.cursor.item/vnd.googleplus.profile.comm
E/SQLiteLog(20313): (284) automatic index on sqlite_sq_5574AB7160(STAT_DATA_ID)
W/linker  (23112): /data/app/com.google.android.apps.maps-1/lib/arm64/libgmm-jni.so: unused DT entry: type 0x6ffffffe arg 0x81c0
W/linker  (23112): /data/app/com.google.android.apps.maps-1/lib/arm64/libgmm-jni.so: unused DT entry: type 0x6fffffff arg 0x3
I/Finsky  (22751): [235] com.google.android.finsky.verifier.impl.dq.e(131): Done restoring notifications
I/Finsky  (22751): [1] com.google.android.finsky.setup.bf.run(7): Detected restoreservicev2://recovery not needed, will not run
E/SQLiteLog(20313): (284) automatic index on sqlite_sq_5574ABA650(STAT_DATA_ID)
W/ContextImpl(23112): Failed to ensure directory: /storage/sdcard1/Android/data/com.google.android.apps.maps/files
W/art     (23092): Verification of void e.c() took 687.781ms
E/qdutils (  323): getBinder: invalid binder object
E/PPDaemon(  323): Success: Failed to signal HWC
W/ContextImpl(23112): Failed to ensure directory: /storage/sdcard1/Android/data/com.google.android.apps.maps/files
W/art     (23092): Verification of void e.d() took 379.054ms
I/PeopleContactsSync(20856): Updated babel action mime type
W/art     (23112): Suspending all threads took: 17.043ms
W/art     (23112): Suspending all threads took: 7.122ms
W/art     (22997): Verification of void bnab.<init>(char[][][][][][][][][][][][][][][][][][][][][][][][][][][][][][][][][][][][][][][][][][][][][][][][][][][][][][][][][][][][][][][][][][][][][][][][][][][][][][][][][][][][][][][][][][][][][][][][][][][][][][][][][][][][][][][][][][][][][][][][][][][][][][][][][][][][][][][][][][][][][][][][][][][][][][][][][][][][][][][][][][][][][][][][][][][][][][][][][][][][][][][]) took 125.163ms
I/Finsky  (22751): [223] com.google.android.finsky.dt.a.a.a.b(49): Already at the latest configurations for experiment package com.google.android.finsky.regular.
I/PeopleContactsSync(20856): CP2 cleanup done, kept= duration=237 ms
I/Finsky  (22751): [222] com.google.android.finsky.dt.a.a.a.b(29): Triggered update for experiment package com.google.android.finsky.regular.
I/Finsky  (22751): [222] com.google.android.finsky.dt.a.j.a(5): Started reading experiment flags from file [v6B-2IolLQRBwrwPhscSaeg04As].
I/Finsky  (22751): [222] com.google.android.finsky.dt.a.j.a(39): Finished reading experiment flags from file [v6B-2IolLQRBwrwPhscSaeg04As].
I/Finsky  (22751): [222] com.google.android.finsky.dt.a.a.a.b(49): Already at the latest configurations for experiment package com.google.android.finsky.regular.
I/Finsky  (22751): [234] com.google.android.finsky.dt.a.a.a.b(29): Triggered update for experiment package com.google.android.finsky.stable.
I/Finsky  (22751): [234] com.google.android.finsky.dt.a.a.a.b(49): Already at the latest configurations for experiment package com.google.android.finsky.stable.
D/wpa_supplicant(20154): wlan0: Control interface command 'SIGNAL_POLL'
I/ServiceManager(  323): Waiting for service display.qservice...
W/mm-pp-daemon( 4521): type=1400 audit(0.0:3406): avc: denied { call } for scontext=u:r:mm-pp-daemon:s0 tcontext=u:r:servicemanager:s0 tclass=binder permissive=0
V/WLAN_PSA(  258): NL MSG, len[048], NL type[0x11] WNI type[0x5050] len[028]
V/WLAN_PSA(  258): NL MSG, PID: 258
W/art     (20856): Verification of boolean ainc.e() took 135.919ms
W/art     (23112): Suspending all threads took: 28.210ms
W/ResourceType(20335): ResTable_typeSpec entry count inconsistent: given 19, previously 27
D/LocationManagerService(19709): getLastLocation: Request[ACCURACY_FINE gps requested=0 fastest=0 num=1]
D/LocationManagerService(19709): getLastLocation: Request[POWER_LOW network requested=0 fastest=0 num=1]
W/art     (23112): Suspending all threads took: 16.071ms
D/DownloadManager(22050): [41] Finished with status SUCCESS
W/art     (23112): Suspending all threads took: 11.930ms
I/InputReader(19709): Reconfiguring input devices.  changes=0x00000010
W/ContextImpl(23112): Failed to ensure directory: /storage/sdcard1/Android/data/com.google.android.apps.maps/files
W/ContextImpl(23112): Failed to ensure directory: /storage/sdcard1/Android/data/com.google.android.apps.maps/files
I/ServiceManager(  323): Waiting for service display.qservice...
W/mm-pp-daemon( 4521): type=1400 audit(0.0:3407): avc: denied { call } for scontext=u:r:mm-pp-daemon:s0 tcontext=u:r:servicemanager:s0 tclass=binder permissive=0
D/android.widget.GridLayout(20335): vertical constraints: y1-y0>=599, y2-y1>=599, y3-y2>=599, y3-y0<=1579 are inconsistent; permanently removing: y3-y0<=1579. 
D/android.widget.GridLayout(20335): vertical constraints: y1-y0>=599, y2-y1>=599, y3-y2>=599, y3-y0<=1579 are inconsistent; permanently removing: y3-y0<=1579. 
D/android.widget.GridLayout(20335): vertical constraints: y1-y0>=599, y2-y1>=599, y3-y2>=599, y3-y0<=1579 are inconsistent; permanently removing: y3-y0<=1579. 
D/ConnectivityManager.CallbackHandler(23112): CM callback handler got msg 524290
D/android.widget.GridLayout(20335): vertical constraints: y1-y0>=599, y2-y1>=599, y3-y2>=599, y3-y0<=1579 are inconsistent; permanently removing: y3-y0<=1579. 
W/linker  (23112): /data/data/com.google.android.gms/app_chimera/m/00000001/n/arm64-v8a/libcronet.68.0.3440.70.so: unused DT entry: type 0x6ffffef5 arg 0x98c08
W/linker  (23112): /data/data/com.google.android.gms/app_chimera/m/00000001/n/arm64-v8a/libcronet.68.0.3440.70.so: unused DT entry: type 0x6ffffffe arg 0x98ba4
W/linker  (23112): /data/data/com.google.android.gms/app_chimera/m/00000001/n/arm64-v8a/libcronet.68.0.3440.70.so: unused DT entry: type 0x6fffffff arg 0x3
I/cr_CronetLibraryLoader(23112): Cronet version: 68.0.3440.70, arch: aarch64
W/art     (23112): Verification of void com.google.android.apps.gmm.offline.m.a.a(com.google.android.apps.gmm.offline.l.ak, com.google.android.apps.gmm.offline.l.av) took 241.920ms
D/android.widget.GridLayout(20335): vertical constraints: y1-y0>=599, y2-y1>=599, y3-y2>=599, y3-y0<=1579 are inconsistent; permanently removing: y3-y0<=1579. 
D/android.widget.GridLayout(20335): vertical constraints: y1-y0>=599, y2-y1>=599, y3-y2>=599, y3-y0<=1579 are inconsistent; permanently removing: y3-y0<=1579. 
D/android.widget.GridLayout(20335): vertical constraints: y1-y0>=599, y2-y1>=599, y3-y2>=599, y3-y0<=1579 are inconsistent; permanently removing: y3-y0<=1579. 
D/android.widget.GridLayout(20335): vertical constraints: y1-y0>=599, y2-y1>=599, y3-y2>=599, y3-y0<=1579 are inconsistent; permanently removing: y3-y0<=1579. 
I/art     (23112): Rejecting re-init on previously-failed class java.lang.Class<android.support.v4.app.ca>
I/art     (23112): Rejecting re-init on previously-failed class java.lang.Class<android.support.v4.app.ca>
I/PeopleContactsSync(20856): CP2 cleanup done, kept= duration=620 ms
W/art     (23112): Verification of void com.google.android.apps.gmm.offline.m.a.i() took 150.844ms
W/art     (23112): Verification of void android.support.v4.app.bu.onCreate() took 146.414ms
I/GeofencerStateMachine(20203): removeGeofences: removeRequest=RemoveGeofencingRequest[REMOVE_BY_IDS Ids=[atn_geofence_request_id], packageName=com.google.android.apps.maps]
W/ContextImpl(23112): Failed to ensure directory: /storage/sdcard1/Android/data/com.google.android.apps.maps/files
W/mm-pp-daemon( 4521): type=1400 audit(0.0:3408): avc: denied { call } for scontext=u:r:mm-pp-daemon:s0 tcontext=u:r:servicemanager:s0 tclass=binder permissive=0
I/ServiceManager(  323): Waiting for service display.qservice...
W/art     (22997): Suspending all threads took: 7.856s
I/art     (22997): WaitForGcToComplete blocked for 4.178s for cause HomogeneousSpaceCompact
W/art     (22997): Suspending all threads took: 9.497ms
W/Primes  (22997): Primes not initialized, returning default (no-op) Primes instance which will ignore all calls. Please call Primes.initialize(...) before using any Primes API.
I/MagicTether(22997): [HostValidator] InvalidHost. MobileData: true, Tethering: false, whitelist: false, ble: true
W/art     (23214): Suspending all threads took: 5.343ms
W/PrimesInit(23214): Primes instant initialization
W/Primes  (23214): background initialization
I/art     (19461): Explicit concurrent mark sweep GC freed 709(30KB) AllocSpace objects, 0(0B) LOS objects, 89% free, 126KB/1150KB, paused 600us total 20.027ms
I/art     (19461): Explicit concurrent mark sweep GC freed 5(160B) AllocSpace objects, 0(0B) LOS objects, 89% free, 126KB/1150KB, paused 234us total 16.822ms
I/art     (19461): Explicit concurrent mark sweep GC freed 5(160B) AllocSpace objects, 0(0B) LOS objects, 89% free, 126KB/1150KB, paused 177us total 14.791ms
D/DownloadManager(22050): [42] Finished with status SUCCESS
I/PrimesTesting(23214): GserviceFlagsSupplier.get()
I/InputContentProvider(23245): Created InputContentProvider: exported=[true]
I/ServiceManager(  323): Waiting for service display.qservice...
W/mm-pp-daemon( 4521): type=1400 audit(0.0:3409): avc: denied { call } for scontext=u:r:mm-pp-daemon:s0 tcontext=u:r:servicemanager:s0 tclass=binder permissive=0
D/wpa_supplicant(20154): wlan0: Control interface command 'SIGNAL_POLL'
D/Launcher.Workspace(20335): 11683562 - addExtraEmptyScreenOnDrag()
D/Launcher.Workspace(20335): 11683562 - insertNewWorkspaceScreen(): -201 at index: 2
I/art     (19709): Background sticky concurrent mark sweep GC freed 20183(1399KB) AllocSpace objects, 5(100KB) LOS objects, 8% free, 16MB/18MB, paused 7.743ms total 44.040ms
I/TransientFileCleaner(23245): Deleting 0 files
I/TransientFileCleaner(23245): Deleting 0 files
I/ModuleManager(23245): Key 'module:com.google.android.apps.inputmethod.japanese.symbol.ISymbolKeyboardExtension' has value 'res/xml/extension_symbol.xml'
I/ModuleManager(23245): Adding [GIMS_UserUnlocked] NotificationListener for module com.google.android.apps.inputmethod.japanese.symbol.SymbolKeyboardExtension
I/ModuleManager(23245): Key 'module:com.google.android.apps.inputmethod.libs.mozc.extension.IJapaneseMozcExtension' has value 'res/xml/extension_japanese_mozc.xml'
I/ModuleManager(23245): Adding [App_UserUnlocked] NotificationListener for module com.google.android.apps.inputmethod.libs.mozc.extension.JapaneseMozcExtension
I/ModuleManager(23245): Key 'module:com.google.android.apps.inputmethod.libs.search.IEmoticonExtension' has value 'res/xml/extension_japanese_emoticon.xml'
I/ModuleManager(23245): Adding [GIMS_UserUnlocked] NotificationListener for module com.google.android.apps.inputmethod.libs.search.emoji.EmoticonExtension
I/ModuleManager(23245): Unexpected key 'com.google.android.backup.api_key' does not match 'module:'
I/ModuleManager(23245): Key 'module:com.google.android.apps.inputmethod.libs.search.IEmojiDataExtension' has value 'res/xml/extension_emoji_data.xml'
I/ModuleManager(23245): Adding [GIMS_UserUnlocked] NotificationListener for module com.google.android.apps.inputmethod.libs.search.emojisuggestion.EmptyEmojiDataExtension
I/ModuleManager(23245): Key 'module:com.google.android.apps.inputmethod.libs.search.IEmojiOrGifExtension' has value 'res/xml/extension_emoji_or_gif.xml'
I/ModuleManager(23245): Adding [GIMS_UserUnlocked] NotificationListener for module com.google.android.apps.inputmethod.libs.search.ArtExtension
I/ModuleManager(23245): Key 'module:com.google.android.apps.inputmethod.japanese.symbol.IDigitKeyboardExtension' has value 'res/xml/extension_digit.xml'
I/ModuleManager(23245): Adding [GIMS_UserUnlocked] NotificationListener for module com.google.android.apps.inputmethod.japanese.symbol.DigitKeyboardExtension
I/ModuleManager(23245): Unexpected key 'com.google.android.gms.version' does not match 'module:'
I/ModuleManager(23245): Key 'module:com.google.android.apps.inputmethod.libs.search.IEmojiSearchExtension' has value 'res/xml/extension_japanese_emoji_search.xml'
I/ModuleManager(23245): Adding [GIMS_UserUnlocked] NotificationListener for module com.google.android.apps.inputmethod.japanese.symbol.JapaneseEmojiSearchExtension
I/ModuleManager(23245): Key 'module:com.google.android.apps.inputmethod.libs.framework.module.IEmojiSuggestionExtension' has value 'res/xml/extension_emoji_suggestion.xml'
I/ModuleManager(23245): Adding [GIMS_UserUnlocked] NotificationListener for module com.google.android.apps.inputmethod.libs.search.emojisuggestion.EmojiSuggestionExtension
I/TransientFileCleaner(23245): Deleting 0 files
I/LauncherIconVisibility(23245): doUpdate() : Visible = false
E/AndroidIME(23245): azx: Can not upgrade InputMethodSubtype: TrySuppressingImeSwitcher,AsciiCapable,SupportTouchPositionCorrection,EmojiCapable
I/PhenotypeExpConfig(23245): refreshConfiguration() : Force = true : UpdateAvailable = true : Age = 25674338 minutes : MaxAge = 720 minutes
I/FirebaseJobDispatcher(23245): Schedule task: fetch_configuration. Success.
I/FirebaseJobDispatcher(23245): Schedule task: register. Success.
I/FirebaseJobDispatcher(23245): Schedule task: daily_ping_task. Success.
I/ModuleManager(23245): Module object of interface com.google.android.apps.inputmethod.libs.mozc.extension.JapaneseMozcExtension loaded.
I/ModuleManager(23245): com.google.android.apps.inputmethod.libs.mozc.extension.IJapaneseMozcExtension changed to available
I/LauncherIconVisibility(23245): doUpdate() : Visible = false
