I/AndroidIME(23245): cai: mozc.data is found in asset file.
W/ContextImpl(23245): Failed to ensure directory: /storage/sdcard1/Android/data/com.google.android.inputmethod.japanese/cache
W/ContextImpl(23245): Failed to ensure directory: /storage/sdcard1/Android/data/com.google.android.inputmethod.japanese/files
I/AndroidIME(23245): cai: Available directory /data/data/com.google.android.inputmethod.japanese/cache
I/AndroidIME(23245): cai: Available directory /storage/emulated/0/Android/data/com.google.android.inputmethod.japanese/cache
I/AndroidIME(23245): cai: Available directory /data/data/com.google.android.inputmethod.japanese/files
I/AndroidIME(23245): cai: Available directory /storage/emulated/0/Android/data/com.google.android.inputmethod.japanese/files
I/AndroidIME(23245): cai: Data file is unzipped into /data/data/com.google.android.inputmethod.japanese/files/mozc.data
W/art     (23282): Suspending all threads took: 8.003ms
I/ServiceManager(  323): Waiting for service display.qservice...
W/mm-pp-daemon( 4521): type=1400 audit(0.0:3410): avc: denied { call } for scontext=u:r:mm-pp-daemon:s0 tcontext=u:r:servicemanager:s0 tclass=binder permissive=0
W/art     (23282): Suspending all threads took: 39.560ms
W/art     (23282): Suspending all threads took: 7.051ms
E/SQLiteLog(23282): (283) recovered 21 frames from WAL file /data/data/com.google.android.gm/databases/mailstore.bluebirdtest7730@gmail.com.db-wal
D/Babel_SmsDep(22831): disabled
D/Launcher.Workspace(20335): 6557954 Animate widget drop, final view is appWidgetHostView
D/StatusBar.NetworkController(19886): hasService: mServiceState=1 1 home null null null  Unknown Unknown CSS not supported 0 0 RoamInd=0 DefRoamInd=0 EmergOnly=true retVal=false
D/StatusBar.NetworkController(19886): refreshViews: Data not connected!! Set no data type icon / Roaming
D/StatusBar.NetworkController(19886): hasService: mServiceState=1 1 home null null null  Unknown Unknown CSS not supported 0 0 RoamInd=0 DefRoamInd=0 EmergOnly=true retVal=false
D/StatusBar.NetworkController(19886): refreshViews connected={ wifi } level=0 combinedSignalIconId=0x7f020343/com.android.systemui:drawable/stat_sys_wifi_signal_4_fully combinedActivityIconId=0x0 mobileLabel=Emergency calls only wifiLabel="SW2_We8h"xxxxXXXXxxxxXXXX emergencyOnly=true combinedLabel="SW2_We8h"xxxxXXXXxxxxXXXX mAirplaneMode=false mDataActivity=0 mPhoneSignalIconId=0x0/(null) mQSPhoneSignalIconId=0x7f0200ab/com.android.systemui:drawable/ic_qs_signal_no_signal mDataDirectionIconId=0x0/(null) mDataSignalIconId=0x0/(null) mDataTypeIconId=0x0/(null) mQSDataTypeIconId=0x0/(null) mNoSimIconId=0x7f02008b/com.android.systemui:drawable/ic_qs_no_sim mWifiIconId=0x7f020343/com.android.systemui:drawable/stat_sys_wifi_signal_4_fully mQSWifiIconId=0x7f0200bc/com.android.systemui:drawable/ic_qs_wifi_full_4 mWifiActivityIconId=0x0/(null) mBluetoothTetherIconId=0x108069b/android:drawable/stat_sys_tether_bluetooth
W/PrimesInit(23282): Primes instant initialization
W/Primes  (23282): background initialization
D/Ulp_jni (19709): Location CB invoked
D/LocationManagerService(19709): incoming location: Location[fused 37.488738,127.053543 acc=1773 et=+1d3h36m43s284ms alt=0.0 vel=0.0 bear=81.0 {Bundle[{}]}]
D/LocationManagerService(19709): incoming location: Location[fused 37.488738,127.053543 acc=1773 et=+1d3h36m43s284ms alt=0.0 vel=0.0 bear=81.0 {Bundle[{}]}]
D/GpsLocationProvider(19709): NetworkLocationListener=Location[fused 37.488738,127.053543 acc=1773 et=+1d3h36m43s284ms alt=0.0 vel=0.0 bear=81.0 {Bundle[{noGPSLocation=Location[network 37.488738,127.053543 acc=18 et=+1d3h36m3s863ms alt=90.69999694824219 {Bundle[{networkLocationType=wifi, coarseLocation=Location[network 37.495495,127.038871 acc=2000 et=+1d3h36m3s863ms]}]}]}]}]
D/GpsLocationProvider(19709): This Location Timezone is [ Asia/Seoul ]
D/AlarmManagerService(19709): Kernel timezone updated to -540 minutes west of GMT
W/GAV2    (23282): Thread[main,5,main]: Need to call initialize() and be in fallback mode to start dispatch.
I/PrimesTesting(23282): GserviceFlagsSupplier.get()
W/Gmail   (23282): Gmail:For b/73513912, load account content://com.android.gmail.ui/account.-2137146394 from MailAppProvider. Is account valid result: 1.
W/Gmail   (23282): Gmail:For b/73513912, load account content://com.google.android.gm.email.provider/account.-437561172?suppress_combined%3Dtrue from MailAppProvider. Is account valid result: 1.
D/Launcher.Workspace(20335): 11683562 - removeExtraEmptyScreen()
D/Launcher.Workspace(20335): 11683562 - convertFinalScreenToEmptyScreenIfNecessary()
D/Launcher.Workspace(20335): 11683562 - fadeAndRemoveEmptyScreen()
E/qdutils (  323): getBinder: invalid binder object
E/PPDaemon(  323): Success: Failed to signal HWC
V/WLAN_PSA(  258): NL MSG, len[048], NL type[0x11] WNI type[0x5050] len[028]
V/WLAN_PSA(  258): NL MSG, PID: 258
W/Gmail   (23282): EasBundling:ExchangeUpgradeReceiver: action=android.intent.action.BOOT_COMPLETED data=null
W/Gmail   (23282): EasBundling:ExchangeUpgradeUtils: isExchangeLegacy=false
W/art     (23282): Suspending all threads took: 61.955ms
W/ContextImpl(23282): Failed to ensure directory: /storage/sdcard1/Android/data/com.google.android.gm/cache
E/AndroidIME(23343): ajy: Can not upgrade InputMethodSubtype: TrySuppressingImeSwitcher,AsciiCapable,SupportTouchPositionCorrection,EmojiCapable
D/wpa_supplicant(20154): wlan0: Control interface command 'SIGNAL_POLL'
W/AndroidIME(23343): com.google.android.apps.inputmethod.libs.hmm.AbstractHmmEngineFactory: You need to override this method to specify your own downloadable data consumer ID.
W/AndroidIME(23343): com.google.android.apps.inputmethod.libs.hmm.AbstractHmmEngineFactory: You need to override this method to specify your own downloadable data consumer ID.
W/AndroidIME(23343): com.google.android.apps.inputmethod.libs.hmm.AbstractHmmEngineFactory: You need to override this method to specify your own downloadable data consumer ID.
W/AndroidIME(23343): com.google.android.apps.inputmethod.libs.hmm.AbstractHmmEngineFactory: You need to override this method to specify your own downloadable data consumer ID.
W/AndroidIME(23343): com.google.android.apps.inputmethod.libs.hmm.AbstractHmmEngineFactory: You need to override this method to specify your own downloadable data consumer ID.
W/AndroidIME(23343): com.google.android.apps.inputmethod.libs.hmm.AbstractHmmEngineFactory: You need to override this method to specify your own downloadable data consumer ID.
E/SQLiteLog(23282): (283) recovered 103 frames from WAL file /data/data/com.google.android.gm/databases/bigTopDataDB.-188575405-wal
W/ContextImpl(23378): Implicit intents with startService are not safe: Intent { act=kr.hwangti.batterylog.BatteryLogService } android.content.ContextWrapper.startService:516 android.content.ContextWrapper.startService:516 kr.hwangti.batterylog.BootReceiver.onReceive:25 
E/SQLiteLog(22399): (284) automatic index on view_events(_id)
I/BgTaskExecutorImpl(20742): Starting EXCLUSIVE background task UPDATE_HOTWORD_MODELS.
I/ModelDownloadController(20742): requestHotwordModelUpdate modelType-OK_GOOGLE
I/ModelDownloadController(20742): Handle the downloaded hotword model
I/ModelDownloadController(20742): the model is already used
I/Authzen (20856): [DeviceStateSyncManager] Device state fast sync is disabled
W/MDM     (20856): [310] adeq.c: enableNfc
E/NetworkScheduler(20203): Invalid component specified.
W/MDM     (20856): [310] adeq.c: EnableNfc flag is true
V/NFC     (20856): this device does not have NFC support
E/NetworkScheduler(20203): Invalid component specified.
I/CastDatabase(20856): Opening the database
D/StatusBar.NetworkController(19886): hasService: mServiceState=1 1 home null null null  Unknown Unknown CSS not supported 0 0 RoamInd=0 DefRoamInd=0 EmergOnly=true retVal=false
D/StatusBar.NetworkController(19886): refreshViews: Data not connected!! Set no data type icon / Roaming
D/StatusBar.NetworkController(19886): hasService: mServiceState=1 1 home null null null  Unknown Unknown CSS not supported 0 0 RoamInd=0 DefRoamInd=0 EmergOnly=true retVal=false
D/StatusBar.NetworkController(19886): refreshViews connected={ wifi } level=0 combinedSignalIconId=0x7f020343/com.android.systemui:drawable/stat_sys_wifi_signal_4_fully combinedActivityIconId=0x0 mobileLabel=Emergency calls only wifiLabel="SW2_We8h"xxxxXXXXxxxxXXXX emergencyOnly=true combinedLabel="SW2_We8h"xxxxXXXXxxxxXXXX mAirplaneMode=false mDataActivity=0 mPhoneSignalIconId=0x0/(null) mQSPhoneSignalIconId=0x7f0200ab/com.android.systemui:drawable/ic_qs_signal_no_signal mDataDirectionIconId=0x0/(null) mDataSignalIconId=0x0/(null) mDataTypeIconId=0x0/(null) mQSDataTypeIconId=0x0/(null) mNoSimIconId=0x7f02008b/com.android.systemui:drawable/ic_qs_no_sim mWifiIconId=0x7f020343/com.android.systemui:drawable/stat_sys_wifi_signal_4_fully mQSWifiIconId=0x7f0200bc/com.android.systemui:drawable/ic_qs_wifi_full_4 mWifiActivityIconId=0x0/(null) mBluetoothTetherIconId=0x108069b/android:drawable/stat_sys_tether_bluetooth
I/SQLiteCastDBHelper(20856): Creating cast database
I/SQLiteCastStore(20856): 0 CastNetworkInfo instances loaded, 0 CastDeviceInfo instances loaded, 0 paired guest mode devices loaded.
W/trp     (23282): Failed to find local clusters.
W/trp     (23282): Failed to find local clusters.
W/trp     (23282): Failed to find local clusters.
D/Launcher.Workspace(20335): 11683562 - addExtraEmptyScreenOnDrag()
D/Launcher.Workspace(20335): 11683562 - insertNewWorkspaceScreen(): -201 at index: 2
I/CastSocket(20856): 22 >= 18. Adding new CastClientAuthKeyManager.
E/WifiStateMachine(19709): WifiStateMachine CMD_START_SCAN source 10008 txSuccessRate=588.57 rxSuccessRate=1490.25 targetRoamBSSID=any RSSI=-40
D/wpa_supplicant(20154): wlan0: Control interface command 'SCAN TYPE=ONLY'
D/wpa_supplicant(20154): wlan0: Setting scan request: 0.000000 sec
D/wpa_supplicant(20154): wlan0: Starting AP scan for wildcard SSID
D/wpa_supplicant(20154): wlan0: Add radio work 'scan'@0x55a6e747c0
D/wpa_supplicant(20154): wlan0: First radio work item in the queue - schedule start immediately
D/wpa_supplicant(20154): wlan0: Starting radio work 'scan'@0x55a6e747c0 after 0.000039 second wait
D/wpa_supplicant(20154): wlan0: nl80211: scan request
D/wpa_supplicant(20154): nl80211: Scan SSID - hexdump(len=0): [NULL]
D/wpa_supplicant(20154): Scan requested (ret=0) - scan timeout 30 seconds
D/wpa_supplicant(20154): nl80211: Event message available
D/wpa_supplicant(20154): nl80211: Drv Event 33 (NL80211_CMD_TRIGGER_SCAN) received for wlan0
D/wpa_supplicant(20154): wlan0: nl80211: Scan trigger
D/wpa_supplicant(20154): wlan0: Event SCAN_STARTED (49) received
I/WifiHAL (19709): Poll result = 1
D/wpa_supplicant(20154): wlan0: Own scan request started a scan in 0.000106 seconds
I/WifiHAL (19709): Found some events!!!
D/WifiHAL (19709): no_seq_check received
D/wpa_supplicant(20154): CTRL_IFACE monitor sent successfully to /data/misc/wifi/sockets/wpa_ctrl_19709-2\x00
I/WifiHAL (19709): event received NL80211_CMD_TRIGGER_SCAN
I/WifiHAL (19709): event received NL80211_CMD_TRIGGER_SCAN, vendor_id = 0x0
I/WifiHAL (19709): event ignored!!
V/WLAN_PSA(  258): NL MSG, len[914], NL type[0x11] WNI type[0x5050] len[894]
V/WLAN_PSA(  258): NL MSG, PID: 258
V/WLAN_PSA(  258): NL MSG, len[048], NL type[0x11] WNI type[0x5050] len[028]
V/WLAN_PSA(  258): NL MSG, PID: 258
I/DiscoveryManager(20856): WifiGuestModeDeviceScanner enabled.
E/AudioPolicyManager(19468): unknown stream type 13
E/AudioPolicyManager(19468): unknown stream type 13
I/MediaRouter(20856): Found default route: MediaRouter.RouteInfo{ uniqueId=android/ahs:DEFAULT_ROUTE, name=Phone, description=null, iconUri=null, enabled=true, connecting=false, connectionState=0, canDisconnect=false, playbackType=0, playbackStream=3, deviceType=0, volumeHandling=1, volume=11, volumeMax=15, presentationDisplayId=-1, extras=null, settingsIntent=null, providerPackageName=android }
I/MediaRouter(20856): Unselecting the current route because it is no longer selectable: null
W/linker  (23282): /data/app/com.google.android.gms-1/lib/arm64/libconscrypt_gmscore_jni.so: unused DT entry: type 0x6ffffffe arg 0x18e4
W/linker  (23282): /data/app/com.google.android.gms-1/lib/arm64/libconscrypt_gmscore_jni.so: unused DT entry: type 0x6fffffff arg 0x2
V/NativeCrypto(23282): Registering com/google/android/gms/org/conscrypt/NativeCrypto's 287 native methods...
I/art     (23282): Rejecting re-init on previously-failed class java.lang.Class<com.google.android.gms.org.conscrypt.Java7ExtendedSSLSession>
I/art     (23282): Rejecting re-init on previously-failed class java.lang.Class<com.google.android.gms.org.conscrypt.Java7ExtendedSSLSession>
I/art     (23282): Rejecting re-init on previously-failed class java.lang.Class<com.google.android.gms.org.conscrypt.Java8ExtendedSSLSession>
I/art     (23282): Rejecting re-init on previously-failed class java.lang.Class<com.google.android.gms.org.conscrypt.Java8ExtendedSSLSession>
V/WLAN_PSA(  258): NL MSG, len[914], NL type[0x11] WNI type[0x5050] len[894]
V/WLAN_PSA(  258): NL MSG, PID: 258
I/ProviderInstaller(23282): Installed default security provider GmsCore_OpenSSL
V/WLAN_PSA(  258): NL MSG, len[914], NL type[0x11] WNI type[0x5050] len[894]
V/WLAN_PSA(  258): NL MSG, PID: 258
V/WLAN_PSA(  258): NL MSG, len[048], NL type[0x11] WNI type[0x5050] len[028]
V/WLAN_PSA(  258): NL MSG, PID: 258
E/NetworkScheduler(20203): Invalid component specified.
V/WLAN_PSA(  258): NL MSG, len[914], NL type[0x11] WNI type[0x5050] len[894]
V/WLAN_PSA(  258): NL MSG, PID: 258
E/NetworkScheduler(20203): Invalid component specified.
W/SearchServiceCore(20742): Abort, client detached.
E/NetworkScheduler(20203): Invalid component specified.
I/EventLogSendingHelper(20742): Sending log events.
E/NetworkScheduler(20203): Invalid component specified.
I/GCoreUlr(20203): Starting service, intent=Intent { act=com.google.android.location.reporting.ACTION_UPDATE_WORLD cmp=com.google.android.gms/com.google.android.location.reporting.service.DispatchingService (has extras) }, extras=Bundle[{receiverAction=com.google.android.location.internal.server.ACTION_RESTARTED}]
V/WLAN_PSA(  258): NL MSG, len[914], NL type[0x11] WNI type[0x5050] len[894]
V/WLAN_PSA(  258): NL MSG, PID: 258
V/WLAN_PSA(  258): NL MSG, len[048], NL type[0x11] WNI type[0x5050] len[028]
V/WLAN_PSA(  258): NL MSG, PID: 258
D/StatusBar.NetworkController(19886): hasService: mServiceState=1 1 home null null null  Unknown Unknown CSS not supported 0 0 RoamInd=0 DefRoamInd=0 EmergOnly=true retVal=false
D/StatusBar.NetworkController(19886): refreshViews: Data not connected!! Set no data type icon / Roaming
D/StatusBar.NetworkController(19886): hasService: mServiceState=1 1 home null null null  Unknown Unknown CSS not supported 0 0 RoamInd=0 DefRoamInd=0 EmergOnly=true retVal=false
D/StatusBar.NetworkController(19886): refreshViews connected={ wifi } level=0 combinedSignalIconId=0x7f020343/com.android.systemui:drawable/stat_sys_wifi_signal_4_fully combinedActivityIconId=0x0 mobileLabel=Emergency calls only wifiLabel="SW2_We8h"xxxxXXXXxxxxXXXX emergencyOnly=true combinedLabel="SW2_We8h"xxxxXXXXxxxxXXXX mAirplaneMode=false mDataActivity=0 mPhoneSignalIconId=0x0/(null) mQSPhoneSignalIconId=0x7f0200ab/com.android.systemui:drawable/ic_qs_signal_no_signal mDataDirectionIconId=0x0/(null) mDataSignalIconId=0x0/(null) mDataTypeIconId=0x0/(null) mQSDataTypeIconId=0x0/(null) mNoSimIconId=0x7f02008b/com.android.systemui:drawable/ic_qs_no_sim mWifiIconId=0x7f020343/com.android.systemui:drawable/stat_sys_wifi_signal_4_fully mQSWifiIconId=0x7f0200bc/com.android.systemui:drawable/ic_qs_wifi_full_4 mWifiActivityIconId=0x0/(null) mBluetoothTetherIconId=0x108069b/android:drawable/stat_sys_tether_bluetooth
I/GCoreUlr(20203): WorldUpdater received intent Intent { act=com.google.android.location.reporting.ACTION_UPDATE_WORLD cmp=com.google.android.gms/com.google.android.location.reporting.service.DispatchingService (has extras) } with receiverAction com.google.android.location.internal.server.ACTION_RESTARTED
I/GCoreUlr(20203): WorldUpdater:com.google.android.location.internal.server.ACTION_RESTARTED: Ensuring that reporting is stopped because of reasons: {account#-5#=[InactiveReason{mIdentifier=6, mName='ReportingNotEnabled'}]}
V/WLAN_PSA(  258): NL MSG, len[914], NL type[0x11] WNI type[0x5050] len[894]
V/WLAN_PSA(  258): NL MSG, PID: 258
I/GCoreUlr(20203): Unbound from all signal providers.
I/GCoreUlr(20203): DispatchingService ignoring Intent { act=android.net.wifi.WIFI_STATE_CHANGED flg=0x4000010 (has extras) } because ULR inactive
V/WLAN_PSA(  258): NL MSG, len[914], NL type[0x11] WNI type[0x5050] len[894]
V/WLAN_PSA(  258): NL MSG, PID: 258
V/WLAN_PSA(  258): NL MSG, len[048], NL type[0x11] WNI type[0x5050] len[028]
V/WLAN_PSA(  258): NL MSG, PID: 258
I/GCoreUlr(20203): Unbound from all signal providers.
I/GCoreUlr(20203): Stopping handler for UlrDispSvcFast
V/Mms     (23425): mnc/mcc: 
V/Mms     (23425): tag: bool value: enabledMMS - true
V/Mms     (23425): tag: bool value: enableOMACP - false
V/Mms     (23425): tag: int value: maxMessageSize - 307200
V/Mms     (23425): tag: int value: maxImageHeight - 480
V/Mms     (23425): tag: int value: maxImageWidth - 640
V/Mms     (23425): tag: int value: defaultSMSMessagesPerThread - 1000
V/Mms     (23425): tag: int value: defaultMMSMessagesPerThread - 1000
V/Mms     (23425): tag: int value: minMessageCountPerThread - 10
V/Mms     (23425): tag: int value: maxMessageCountPerThread - 5000
V/Mms     (23425): tag: string value: uaProfUrl - http://www.google.com/oha/rdf/ua-profile-kila.xml
V/Mms     (23425): tag: int value: recipientLimit - -1
V/Mms     (23425): tag: bool value: enableMultipartSMS - true
V/Mms     (23425): tag: int value: smsToMmsTextThreshold - -1
V/Mms     (23425): tag: bool value: enableSlideDuration - true
V/Mms     (23425): tag: int value: maxMessageTextSize - -1
V/Mms     (23425): tag: bool value: enableCreationMode - false
I/ContactPhotoManager(23425): Cache adj: 1.0
E/ContactPhotoManager(23425): No contact photo service in context: com.android.mms.MmsApp@114ca500
V/Mms     (23425): onStart: #1 resultCode: -1 = Activity.RESULT_OK
V/WLAN_PSA(  258): NL MSG, len[914], NL type[0x11] WNI type[0x5050] len[894]
V/WLAN_PSA(  258): NL MSG, PID: 258
D/Mms     (23425): Cursor= >>>>> Dumping cursor android.content.ContentResolver$CursorWrapperInner@d0dfcd7
D/Mms     (23425): <<<<<
V/WLAN_PSA(  258): NL MSG, len[914], NL type[0x11] WNI type[0x5050] len[894]
V/WLAN_PSA(  258): NL MSG, PID: 258
V/WLAN_PSA(  258): NL MSG, len[048], NL type[0x11] WNI type[0x5050] len[028]
V/WLAN_PSA(  258): NL MSG, PID: 258
V/WLAN_PSA(  258): NL MSG, len[914], NL type[0x11] WNI type[0x5050] len[894]
V/WLAN_PSA(  258): NL MSG, PID: 258
I/MultiDex(23451): VM with version 2.1.0 has multidex support
I/MultiDex(23451): install
I/MultiDex(23451): VM has multidex support, MultiDex support library is disabled.
W/art     (23451): Suspending all threads took: 30.866ms
V/WLAN_PSA(  258): NL MSG, len[914], NL type[0x11] WNI type[0x5050] len[894]
V/WLAN_PSA(  258): NL MSG, PID: 258
V/WLAN_PSA(  258): NL MSG, len[048], NL type[0x11] WNI type[0x5050] len[028]
V/WLAN_PSA(  258): NL MSG, PID: 258
D/ProcessNameProvider(23451): Content provider MainProcessTypeInitializerContentProvider created for process MAIN
D/MusicLifecycle(23451): com.google.android.music.store.ConfigContentProvider generated event: Content provider created
D/MusicLifecycle(23451): com.google.android.music.api.MusicPublicContentProvider generated event: Content provider created
D/MusicLifecycle(23451): com.google.android.music.store.MusicContentProvider generated event: Content provider created
V/WLAN_PSA(  258): NL MSG, len[914], NL type[0x11] WNI type[0x5050] len[894]
V/WLAN_PSA(  258): NL MSG, PID: 258
D/InitAlarmsService(22369): Clearing and rescheduling alarms.
D/MusicLifecycle(23451): com.google.android.music.ui.PhoneMusicApplication generated event: Application created
I/AndroidMusic(23451): Application start. Process=MAIN
D/StatusBar.NetworkController(19886): hasService: mServiceState=1 1 home null null null  Unknown Unknown CSS not supported 0 0 RoamInd=0 DefRoamInd=0 EmergOnly=true retVal=false
D/StatusBar.NetworkController(19886): refreshViews: Data not connected!! Set no data type icon / Roaming
D/StatusBar.NetworkController(19886): hasService: mServiceState=1 1 home null null null  Unknown Unknown CSS not supported 0 0 RoamInd=0 DefRoamInd=0 EmergOnly=true retVal=false
D/StatusBar.NetworkController(19886): refreshViews connected={ wifi } level=0 combinedSignalIconId=0x7f020343/com.android.systemui:drawable/stat_sys_wifi_signal_4_fully combinedActivityIconId=0x0 mobileLabel=Emergency calls only wifiLabel="SW2_We8h"xxxxXXXXxxxxXXXX emergencyOnly=true combinedLabel="SW2_We8h"xxxxXXXXxxxxXXXX mAirplaneMode=false mDataActivity=0 mPhoneSignalIconId=0x0/(null) mQSPhoneSignalIconId=0x7f0200ab/com.android.systemui:drawable/ic_qs_signal_no_signal mDataDirectionIconId=0x0/(null) mDataSignalIconId=0x0/(null) mDataTypeIconId=0x0/(null) mQSDataTypeIconId=0x0/(null) mNoSimIconId=0x7f02008b/com.android.systemui:drawable/ic_qs_no_sim mWifiIconId=0x7f020343/com.android.systemui:drawable/stat_sys_wifi_signal_4_fully mQSWifiIconId=0x7f0200bc/com.android.systemui:drawable/ic_qs_wifi_full_4 mWifiActivityIconId=0x0/(null) mBluetoothTetherIconId=0x108069b/android:drawable/stat_sys_tether_bluetooth
V/WLAN_PSA(  258): NL MSG, len[914], NL type[0x11] WNI type[0x5050] len[894]
V/WLAN_PSA(  258): NL MSG, PID: 258
V/WLAN_PSA(  258): NL MSG, len[048], NL type[0x11] WNI type[0x5050] len[028]
V/WLAN_PSA(  258): NL MSG, PID: 258
D/Launcher.Workspace(20335): 11683562 - removeExtraEmptyScreen()
D/Launcher.Workspace(20335): 11683562 - convertFinalScreenToEmptyScreenIfNecessary()
D/Launcher.Workspace(20335): 11683562 - fadeAndRemoveEmptyScreen()
D/Launcher.Workspace(20335): 11683562 - stripEmptyScreens()
D/MusicLifecycle(23451): com.google.android.music.store.ConfigContentProvider generated event: initializing
I/BaseStore(23451): ConfigStore database version: 1
W/linker  (23451): /data/app/com.google.android.gms-1/lib/arm64/libconscrypt_gmscore_jni.so: unused DT entry: type 0x6ffffffe arg 0x18e4
W/linker  (23451): /data/app/com.google.android.gms-1/lib/arm64/libconscrypt_gmscore_jni.so: unused DT entry: type 0x6fffffff arg 0x2
V/NativeCrypto(23451): Registering com/google/android/gms/org/conscrypt/NativeCrypto's 287 native methods...
V/WLAN_PSA(  258): NL MSG, len[914], NL type[0x11] WNI type[0x5050] len[894]
V/WLAN_PSA(  258): NL MSG, PID: 258
I/art     (23451): Rejecting re-init on previously-failed class java.lang.Class<com.google.android.gms.org.conscrypt.Java7ExtendedSSLSession>
I/art     (23451): Rejecting re-init on previously-failed class java.lang.Class<com.google.android.gms.org.conscrypt.Java7ExtendedSSLSession>
I/art     (23451): Rejecting re-init on previously-failed class java.lang.Class<com.google.android.gms.org.conscrypt.Java8ExtendedSSLSession>
I/art     (23451): Rejecting re-init on previously-failed class java.lang.Class<com.google.android.gms.org.conscrypt.Java8ExtendedSSLSession>
D/wpa_supplicant(20154): wlan0: Control interface command 'SIGNAL_POLL'
I/ProviderInstaller(23451): Installed default security provider GmsCore_OpenSSL
D/AndroidMusic(23451): GMSCore installation verified
W/ContextImpl(23451): Failed to ensure directory: /storage/sdcard1/Android/data/com.google.android.music/files
V/WLAN_PSA(  258): NL MSG, len[914], NL type[0x11] WNI type[0x5050] len[894]
V/WLAN_PSA(  258): NL MSG, PID: 258
V/WLAN_PSA(  258): NL MSG, len[048], NL type[0x11] WNI type[0x5050] len[028]
V/WLAN_PSA(  258): NL MSG, PID: 258
W/ContextImpl(23451): Failed to ensure directory: /storage/sdcard1/Android/data/com.google.android.music/files
W/ContextImpl(23451): Failed to ensure directory: /storage/sdcard1/Android/data/com.google.android.music/files
I/MusicExperimentManager(23451): Received config change, experiments list is null
W/MusicExperimentManager(23451): Parsing error while updating analysis experiments
I/ServiceManager(17691): Waiting for service AtCmdFwd...
I/BaseStore(23451): Store database version: 146
W/art     (23451): Suspending all threads took: 5.127ms
I/PlaybackClient(23451): init: Initializing
D/MusicLifecycle(23451): com.google.android.music.autocache.AutoCacheSchedulingService$EnablingReceiver generated event: Broadcast received with context android.app.ReceiverRestrictedContext@2e23f486 and intent Intent { act=com.google.android.music.START_DOWNLOAD_SCHEDULING flg=0x10 cmp=com.google.android.music/.autocache.AutoCacheSchedulingService$EnablingReceiver }
D/MusicLifecycle(23451): com.google.android.music.net.NetworkConnectivityMonitor$NetworkChangedReceiver generated event: Broadcast received with context com.google.android.music.ui.PhoneMusicApplication@282bbf83 and intent Intent { act=android.net.conn.CONNECTIVITY_CHANGE flg=0x4000010 (has extras) }
V/WLAN_PSA(  258): NL MSG, len[048], NL type[0x11] WNI type[0x5050] len[028]
V/WLAN_PSA(  258): NL MSG, PID: 258
V/WLAN_PSA(  258): NL MSG, len[914], NL type[0x11] WNI type[0x5050] len[894]
V/WLAN_PSA(  258): NL MSG, PID: 258
I/NetworkConnectivity(23451): Network state changed: [type: WIFI[], state: CONNECTED/CONNECTED, reason: (unspecified), extra: "SW2_We8h", roaming: false, failover: false, isAvailable: true, isConnectedToProvisioningNetwork: false]
D/MusicLifecycle(23451): com.google.android.music.download.EncapsulatedBroadcastReceiver$1 generated event: Broadcast received with context com.google.android.music.ui.PhoneMusicApplication@282bbf83 and intent Intent { act=com.google.android.music.ResumeStorageMigration flg=0x10 (has extras) }
D/MusicLifecycle(23451): com.google.android.music.download.artwork.ArtDownloadService generated event: Service created
I/NetworkPolicyMonitor(23451): Download-ability status changed to (true) unmetered wifi/eth: true mobileOrMetered: false
I/NetworkPolicyMonitor(23451): Stream-ability status changed to (true) unmetered wifi/eth: true mobileOrMetered: false
V/WLAN_PSA(  258): NL MSG, len[914], NL type[0x11] WNI type[0x5050] len[894]
V/WLAN_PSA(  258): NL MSG, PID: 258
V/WLAN_PSA(  258): NL MSG, len[048], NL type[0x11] WNI type[0x5050] len[028]
V/WLAN_PSA(  258): NL MSG, PID: 258
D/MusicLifecycle(23451): com.google.android.music.autocache.AutoCacheSchedulingService generated event: Service created
D/MusicLifecycle(23451): com.google.android.music.autocache.AutoCacheSchedulingService generated event: Service started with intent Intent { act=com.google.android.music.leanback.APP_IN_USE cmp=com.google.android.music/.autocache.AutoCacheSchedulingService (has extras) }
D/MusicLifecycle(23451): com.google.android.music.wear.WearBroadcastReceiver generated event: Broadcast received with context android.app.ReceiverRestrictedContext@2e23f486 and intent Intent { act=com.google.android.music.START_DOWNLOAD_SCHEDULING flg=0x10 cmp=com.google.android.music/.wear.WearBroadcastReceiver }
D/MusicLifecycle(23451): com.google.android.music.download.EncapsulatedBroadcastReceiver$1 generated event: Broadcast received with context com.google.android.music.ui.PhoneMusicApplication@282bbf83 and intent Intent { act=com.google.android.music.download.keepon.KeeponSchedulingService.START_DOWNLOAD flg=0x10 }
W/WearSignatureVerifier(23451): No package com.google.android.wearable.app.cn
W/WearSignatureVerifier(23451): No package com.google.android.wearable.app.cn
I/MusicLeanback(23451): Stop autocaching.
W/WearSignatureVerifier(23451): No package com.google.android.wearable.app.cn
I/MusicLeanback(23451): Stop autocaching.
W/WearSignatureVerifier(23451): No package com.google.android.wearable.app.cn
I/MusicLeanback(23451): Stop autocaching.
D/MusicLifecycle(23451): com.google.android.music.wear.WearBroadcastReceiver generated event: Broadcast received with context android.app.ReceiverRestrictedContext@2e23f486 and intent Intent { act=com.google.android.music.IMPORT_COMPLETE flg=0x10 cmp=com.google.android.music/.wear.WearBroadcastReceiver }
I/Wear_Controller(20203): Wear requires a companion app to be installed.
I/WearableService(20203): onCreate: Wearable Services not starting. Wear is not available on this device.
D/StatusBar.NetworkController(19886): hasService: mServiceState=1 1 home null null null  Unknown Unknown CSS not supported 0 0 RoamInd=0 DefRoamInd=0 EmergOnly=true retVal=false
D/StatusBar.NetworkController(19886): refreshViews: Data not connected!! Set no data type icon / Roaming
D/StatusBar.NetworkController(19886): hasService: mServiceState=1 1 home null null null  Unknown Unknown CSS not supported 0 0 RoamInd=0 DefRoamInd=0 EmergOnly=true retVal=false
D/StatusBar.NetworkController(19886): refreshViews connected={ wifi } level=0 combinedSignalIconId=0x7f020343/com.android.systemui:drawable/stat_sys_wifi_signal_4_fully combinedActivityIconId=0x0 mobileLabel=Emergency calls only wifiLabel="SW2_We8h"xxxxXXXXxxxxXXXX emergencyOnly=true combinedLabel="SW2_We8h"xxxxXXXXxxxxXXXX mAirplaneMode=false mDataActivity=0 mPhoneSignalIconId=0x0/(null) mQSPhoneSignalIconId=0x7f0200ab/com.android.systemui:drawable/ic_qs_signal_no_signal mDataDirectionIconId=0x0/(null) mDataSignalIconId=0x0/(null) mDataTypeIconId=0x0/(null) mQSDataTypeIconId=0x0/(null) mNoSimIconId=0x7f02008b/com.android.systemui:drawable/ic_qs_no_sim mWifiIconId=0x7f020343/com.android.systemui:drawable/stat_sys_wifi_signal_4_fully mQSWifiIconId=0x7f0200bc/com.android.systemui:drawable/ic_qs_wifi_full_4 mWifiActivityIconId=0x0/(null) mBluetoothTetherIconId=0x108069b/android:drawable/stat_sys_tether_bluetooth
W/WearSignatureVerifier(23451): No package com.google.android.wearable.app.cn
W/WearSignatureVerifier(23451): No package com.google.android.wearable.app.cn
W/WearSignatureVerifier(23451): No package com.google.android.wearable.app.cn
W/WearSignatureVerifier(23451): No package com.google.android.wearable.app.cn
D/AwarenessRouter(23451): 0 new fences
W/WearableService(20203): onGetService: Wear is not available on this device.
W/WearSignatureVerifier(23451): No package com.google.android.wearable.app.cn
W/WearableService(20203): onGetService: Wear is not available on this device.
E/GmsUtils(23451): Failed to connect to Google API client: ConnectionResult{statusCode=API_UNAVAILABLE, resolution=null, message=null}
I/MusicLeanback(23451): Conditions not met for autocaching. okToAttempt=false
I/MusicLeanback(23451): Stop autocaching.
W/WearSignatureVerifier(23451): No package com.google.android.wearable.app.cn
E/GmsUtils(23451): Failed to connect to Google API client: ConnectionResult{statusCode=API_UNAVAILABLE, resolution=null, message=null}
D/AwarenessRouter(23451): 0 fences already registered
D/MusicLifecycle(23451): com.google.android.music.autocache.AutoCacheSchedulingService generated event: Service destroyed
D/AwarenessRouter(23451): Successfully removed 0 context fences
V/WLAN_PSA(  258): NL MSG, len[048], NL type[0x11] WNI type[0x5050] len[028]
V/WLAN_PSA(  258): NL MSG, PID: 258
V/WLAN_PSA(  258): NL MSG, len[914], NL type[0x11] WNI type[0x5050] len[894]
V/WLAN_PSA(  258): NL MSG, PID: 258
I/art     (20335): Background partial concurrent mark sweep GC freed 20825(1527KB) AllocSpace objects, 33(12MB) LOS objects, 27% free, 42MB/58MB, paused 6.933ms total 60.190ms
V/WLAN_PSA(  258): NL MSG, len[914], NL type[0x11] WNI type[0x5050] len[894]
V/WLAN_PSA(  258): NL MSG, PID: 258
V/WLAN_PSA(  258): NL MSG, len[048], NL type[0x11] WNI type[0x5050] len[028]
V/WLAN_PSA(  258): NL MSG, PID: 258
D/Launcher.Workspace(20335): 11683562 - addExtraEmptyScreenOnDrag()
D/Launcher.Workspace(20335): 11683562 - insertNewWorkspaceScreen(): -201 at index: 2
I/Exchange(23526): EasService.onCreate
V/WLAN_PSA(  258): NL MSG, len[048], NL type[0x11] WNI type[0x5050] len[028]
V/WLAN_PSA(  258): NL MSG, PID: 258
I/Exchange(23526): RestartPingTask
I/Email   (23505): Observing account changes for notifications
I/Exchange(23526): RestartPingsTask did not start any pings.
I/Exchange(23526): PSS stopIfIdle
I/Exchange(23526): PSS has no active accounts; stopping service.
I/ServiceManager(17691): Waiting for service AtCmdFwd...
V/WLAN_PSA(  258): NL MSG, len[914], NL type[0x11] WNI type[0x5050] len[894]
V/WLAN_PSA(  258): NL MSG, PID: 258
I/Exchange(23526): onDestroy
V/WLAN_PSA(  258): NL MSG, len[914], NL type[0x11] WNI type[0x5050] len[894]
V/WLAN_PSA(  258): NL MSG, PID: 258
V/WLAN_PSA(  258): NL MSG, len[048], NL type[0x11] WNI type[0x5050] len[028]
V/WLAN_PSA(  258): NL MSG, PID: 258
I/Exchange(23526): EasService.onCreate
I/Exchange(23526): RestartPingTask
E/NetworkScheduler(20203): Invalid component specified.
I/Exchange(23526): RestartPingsTask did not start any pings.
I/Exchange(23526): PSS stopIfIdle
I/Exchange(23526): PSS has no active accounts; stopping service.
I/Exchange(23526): onDestroy
V/WLAN_PSA(  258): NL MSG, len[914], NL type[0x11] WNI type[0x5050] len[894]
V/WLAN_PSA(  258): NL MSG, PID: 258
I/WifiHAL (19709): Poll result = 1
I/WifiHAL (19709): Found some events!!!
D/WifiHAL (19709): no_seq_check received
I/WifiHAL (19709): event received NL80211_CMD_NEW_SCAN_RESULTS
I/WifiHAL (19709): event received NL80211_CMD_NEW_SCAN_RESULTS, vendor_id = 0x0
I/WifiHAL (19709): event ignored!!
D/wpa_supplicant(20154): nl80211: Event message available
D/wpa_supplicant(20154): nl80211: Drv Event 34 (NL80211_CMD_NEW_SCAN_RESULTS) received for wlan0
D/wpa_supplicant(20154): wlan0: nl80211: New scan results available
D/wpa_supplicant(20154): nl80211: Scan included frequencies: 2412 2417 2422 2427 2432 2437 2442 2447 2452 2457 2462 2467 2472 5180 5200 5220 5240 5260 5280 5300 5320 5500 5520 5540 5560 5580 5600 5620 5745 5765 5785 5805
D/wpa_supplicant(20154): wlan0: Event SCAN_RESULTS (3) received
D/wpa_supplicant(20154): wlan0: Scan completed in 3.419691 seconds
D/wpa_supplicant(20154): nl80211: Associated on 2452 MHz
D/wpa_supplicant(20154): nl80211: Associated with 88:36:6c:88:ef:b8
D/wpa_supplicant(20154): nl80211: Received scan results (59 BSSes)
D/wpa_supplicant(20154): nl80211: Scan results indicate BSS status with 88:36:6c:88:ef:b8 as associated
D/wpa_supplicant(20154): wlan0: BSS: Start scan result update 3
D/wpa_supplicant(20154): wlan0: BSS: Add new id 51 BSSID 00:08:9f:7c:ad:64 SSID 'ch1-ch6'
D/wpa_supplicant(20154): CTRL_IFACE monitor sent successfully to /data/misc/wifi/sockets/wpa_ctrl_19709-2\x00
D/wpa_supplicant(20154): wlan0: BSS: Add new id 52 BSSID a0:63:91:1e:d7:6b SSID 'BLUEBIRD_R&D1'
D/wpa_supplicant(20154): CTRL_IFACE monitor sent successfully to /data/misc/wifi/sockets/wpa_ctrl_19709-2\x00
D/wpa_supplicant(20154): wlan0: BSS: Add new id 53 BSSID 90:9f:33:bb:ef:e0 SSID 'iptime_yh_yk'
D/wpa_supplicant(20154): CTRL_IFACE monitor sent successfully to /data/misc/wifi/sockets/wpa_ctrl_19709-2\x00
D/wpa_supplicant(20154): wlan0: BSS: Add new id 54 BSSID c0:ff:d4:8f:b9:a2 SSID 'BLUEBIRD_R&D3'
D/wpa_supplicant(20154): CTRL_IFACE monitor sent successfully to /data/misc/wifi/sockets/wpa_ctrl_19709-2\x00
D/wpa_supplicant(20154): wlan0: BSS: Add new id 55 BSSID 90:9f:33:8c:61:10 SSID 'RF_TEST_5G'
D/wpa_supplicant(20154): CTRL_IFACE monitor sent successfully to /data/misc/wifi/sockets/wpa_ctrl_19709-2\x00
D/wpa_supplicant(20154): wlan0: BSS: Add new id 56 BSSID 00:08:9f:7c:ad:61 SSID 'ch6-ch48'
D/wpa_supplicant(20154): CTRL_IFACE monitor sent successfully to /data/misc/wifi/sockets/wpa_ctrl_19709-2\x00
D/wpa_supplicant(20154): wlan0: BSS: Add new id 57 BSSID b0:00:b4:a0:ae:56 SSID 'Cisco-PEAP'
D/wpa_supplicant(20154): CTRL_IFACE monitor sent successfully to /data/misc/wifi/sockets/wpa_ctrl_19709-2\x00
D/wpa_supplicant(20154): wlan0: BSS: Add new id 58 BSSID 38:1c:1a:2e:e5:0e SSID '\x00'
D/wpa_supplicant(20154): CTRL_IFACE monitor sent successfully to /data/misc/wifi/sockets/wpa_ctrl_19709-2\x00
D/wpa_supplicant(20154): wlan0: BSS: Add new id 59 BSSID 38:1c:1a:2e:e5:03 SSID '\x00'
D/wpa_supplicant(20154): CTRL_IFACE monitor sent successfully to /data/misc/wifi/sockets/wpa_ctrl_19709-2\x00
D/wpa_supplicant(20154): BSS: last_scan_res_used=59/64
D/wpa_supplicant(20154): wlan0: Scan-only results received
D/wpa_supplicant(20154): CTRL_IFACE monitor sent successfully to /data/misc/wifi/sockets/wpa_ctrl_19709-2\x00
D/wpa_supplicant(20154): wlan0: Radio work 'scan'@0x55a6e747c0 done in 3.427852 seconds
D/wpa_supplicant(20154): wlan0: Control interface command 'BSS RANGE=0- MASK=0x21987'
D/wpa_supplicant(20154): wlan0: Control interface command 'BSS RANGE=32- MASK=0x21987'
D/LBSSystemMonitorService(19709): handleMessage what - 4
D/Wiper_jni(19709): Send Network Location.
D/ExtensionsFactory(23562): No custom extensions.
D/AlertReceiver(23562): onReceive: a=android.intent.action.PROVIDER_CHANGED Intent { act=android.intent.action.PROVIDER_CHANGED dat=content://com.android.calendar flg=0x10 cmp=com.android.calendar/.alerts.AlertReceiver }
D/AlertService(23562): 0 Action = android.intent.action.PROVIDER_CHANGED
I/IcingInternalCorpora(20856): Received calendar change notification.
D/StatusBar.NetworkController(19886): hasService: mServiceState=1 1 home null null null  Unknown Unknown CSS not supported 0 0 RoamInd=0 DefRoamInd=0 EmergOnly=true retVal=false
D/StatusBar.NetworkController(19886): refreshViews: Data not connected!! Set no data type icon / Roaming
D/StatusBar.NetworkController(19886): hasService: mServiceState=1 1 home null null null  Unknown Unknown CSS not supported 0 0 RoamInd=0 DefRoamInd=0 EmergOnly=true retVal=false
D/StatusBar.NetworkController(19886): refreshViews connected={ wifi } level=0 combinedSignalIconId=0x7f020343/com.android.systemui:drawable/stat_sys_wifi_signal_4_fully combinedActivityIconId=0x0 mobileLabel=Emergency calls only wifiLabel="SW2_We8h"xxxxXXXXxxxxXXXX emergencyOnly=true combinedLabel="SW2_We8h"xxxxXXXXxxxxXXXX mAirplaneMode=false mDataActivity=0 mPhoneSignalIconId=0x0/(null) mQSPhoneSignalIconId=0x7f0200ab/com.android.systemui:drawable/ic_qs_signal_no_signal mDataDirectionIconId=0x0/(null) mDataSignalIconId=0x0/(null) mDataTypeIconId=0x0/(null) mQSDataTypeIconId=0x0/(null) mNoSimIconId=0x7f02008b/com.android.systemui:drawable/ic_qs_no_sim mWifiIconId=0x7f020343/com.android.systemui:drawable/stat_sys_wifi_signal_4_fully mQSWifiIconId=0x7f0200bc/com.android.systemui:drawable/ic_qs_wifi_full_4 mWifiActivityIconId=0x0/(null) mBluetoothTetherIconId=0x108069b/android:drawable/stat_sys_tether_bluetooth
I/ServiceManager(17691): Waiting for service AtCmdFwd...
D/Launcher.Workspace(20335): 11683562 - removeExtraEmptyScreen()
D/Launcher.Workspace(20335): 11683562 - convertFinalScreenToEmptyScreenIfNecessary()
D/Launcher.Workspace(20335): 11683562 - fadeAndRemoveEmptyScreen()
D/Launcher.Workspace(20335): 11683562 - stripEmptyScreens()
D/StatusBar.NetworkController(19886): hasService: mServiceState=1 1 home null null null  Unknown Unknown CSS not supported 0 0 RoamInd=0 DefRoamInd=0 EmergOnly=true retVal=false
D/StatusBar.NetworkController(19886): refreshViews: Data not connected!! Set no data type icon / Roaming
D/StatusBar.NetworkController(19886): hasService: mServiceState=1 1 home null null null  Unknown Unknown CSS not supported 0 0 RoamInd=0 DefRoamInd=0 EmergOnly=true retVal=false
D/StatusBar.NetworkController(19886): refreshViews connected={ wifi } level=0 combinedSignalIconId=0x7f020343/com.android.systemui:drawable/stat_sys_wifi_signal_4_fully combinedActivityIconId=0x0 mobileLabel=Emergency calls only wifiLabel="SW2_We8h"xxxxXXXXxxxxXXXX emergencyOnly=true combinedLabel="SW2_We8h"xxxxXXXXxxxxXXXX mAirplaneMode=false mDataActivity=0 mPhoneSignalIconId=0x0/(null) mQSPhoneSignalIconId=0x7f0200ab/com.android.systemui:drawable/ic_qs_signal_no_signal mDataDirectionIconId=0x0/(null) mDataSignalIconId=0x0/(null) mDataTypeIconId=0x0/(null) mQSDataTypeIconId=0x0/(null) mNoSimIconId=0x7f02008b/com.android.systemui:drawable/ic_qs_no_sim mWifiIconId=0x7f020343/com.android.systemui:drawable/stat_sys_wifi_signal_4_fully mQSWifiIconId=0x7f0200bc/com.android.systemui:drawable/ic_qs_wifi_full_4 mWifiActivityIconId=0x0/(null) mBluetoothTetherIconId=0x108069b/android:drawable/stat_sys_tether_bluetooth
I/IcingInternalCorpora(20856): EventIndexer: starting incremental update
I/IcingInternalCorpora(20856): EventIndexer: 0 added, 0 removed, 0 changed, 51 unchanged, 0 errors.
I/IcingInternalCorpora(20856): EventIndexer: finished after 5 ms.
I/Sensors (19709): AccelSensor::setDelay++CONFIG_SENSORS_MXC400X++
D/AlertReceiver(23562): onReceive: a=android.intent.action.PROVIDER_CHANGED Intent { act=android.intent.action.PROVIDER_CHANGED dat=content://com.android.calendar flg=0x10 cmp=com.android.calendar/.alerts.AlertReceiver }
I/IcingInternalCorpora(20856): Received calendar change notification.
D/wpa_supplicant(20154): wlan0: Control interface command 'SIGNAL_POLL'
I/ServiceManager(17691): Waiting for service AtCmdFwd...
D/StatusBar.NetworkController(19886): hasService: mServiceState=1 1 home null null null  Unknown Unknown CSS not supported 0 0 RoamInd=0 DefRoamInd=0 EmergOnly=true retVal=false
D/StatusBar.NetworkController(19886): refreshViews: Data not connected!! Set no data type icon / Roaming
D/StatusBar.NetworkController(19886): hasService: mServiceState=1 1 home null null null  Unknown Unknown CSS not supported 0 0 RoamInd=0 DefRoamInd=0 EmergOnly=true retVal=false
D/StatusBar.NetworkController(19886): refreshViews connected={ wifi } level=0 combinedSignalIconId=0x7f020343/com.android.systemui:drawable/stat_sys_wifi_signal_4_fully combinedActivityIconId=0x0 mobileLabel=Emergency calls only wifiLabel="SW2_We8h"xxxxXXXXxxxxXXXX emergencyOnly=true combinedLabel="SW2_We8h"xxxxXXXXxxxxXXXX mAirplaneMode=false mDataActivity=0 mPhoneSignalIconId=0x0/(null) mQSPhoneSignalIconId=0x7f0200ab/com.android.systemui:drawable/ic_qs_signal_no_signal mDataDirectionIconId=0x0/(null) mDataSignalIconId=0x0/(null) mDataTypeIconId=0x0/(null) mQSDataTypeIconId=0x0/(null) mNoSimIconId=0x7f02008b/com.android.systemui:drawable/ic_qs_no_sim mWifiIconId=0x7f020343/com.android.systemui:drawable/stat_sys_wifi_signal_4_fully mQSWifiIconId=0x7f0200bc/com.android.systemui:drawable/ic_qs_wifi_full_4 mWifiActivityIconId=0x0/(null) mBluetoothTetherIconId=0x108069b/android:drawable/stat_sys_tether_bluetooth
D/AlertReceiver(23562): onReceive: a=android.intent.action.PROVIDER_CHANGED Intent { act=android.intent.action.PROVIDER_CHANGED dat=content://com.android.calendar flg=0x10 cmp=com.android.calendar/.alerts.AlertReceiver }
I/IcingInternalCorpora(20856): Received calendar change notification.
I/ServiceManager(17691): Waiting for service AtCmdFwd...
E/NetworkScheduler(20203): Invalid component specified.
E/NetworkScheduler(20203): Invalid component specified.
E/NetworkScheduler(20203): Invalid component specified.
E/NetworkScheduler(20203): Invalid component specified.
E/NetworkScheduler(20203): Invalid component specified.
E/NetworkScheduler(20203): Invalid component specified.
W/Atfwd_Sendcmd(17691): AtCmdFwd service not published, waiting... retryCnt : 4
E/NetworkScheduler(20203): Invalid component specified.
E/NetworkScheduler(20203): Invalid component specified.
I/MediaStoreImporter(23451): Update: incremental Success: true Added music: 0 Updated music: 0 Deleted music: 0 Created playlists: 0 Updated playlists: 0 Deleted playlists: 0 Inserted playlist items: 0 Deleted playlist items: 0 Removed orphaned playlist items: 0 Total item count: 0
E/NetworkScheduler(20203): Invalid component specified.
D/MusicLifecycle(23451): com.google.android.music.download.EncapsulatedBroadcastReceiver$1 generated event: Broadcast received with context com.google.android.music.ui.PhoneMusicApplication@282bbf83 and intent Intent { act=com.google.android.music.IMPORT_COMPLETE flg=0x10 }
E/NetworkScheduler(20203): Invalid component specified.
E/NetworkScheduler(20203): Invalid component specified.
E/NetworkScheduler(20203): Invalid component specified.
E/NetworkScheduler(20203): Invalid component specified.
E/NetworkScheduler(20203): Invalid component specified.
E/NetworkScheduler(20203): Invalid component specified.
I/Keyboard.Facilitator.LanguageModelFlusher(20124): run()
E/NetworkScheduler(20203): Invalid component specified.
E/NetworkScheduler(20203): Invalid component specified.
E/NetworkScheduler(20203): Invalid component specified.
E/NetworkScheduler(20203): Invalid component specified.
I/Keyboard.Facilitator(20124): flushDynamicLanguageModels()
E/NetworkScheduler(20203): Invalid component specified.
E/NetworkScheduler(20203): Invalid component specified.
E/NetworkScheduler(20203): Invalid component specified.
E/NetworkScheduler(20203): Invalid component specified.
E/NetworkScheduler(20203): Invalid component specified.
E/NetworkScheduler(20203): Invalid component specified.
E/NetworkScheduler(20203): Invalid component specified.
E/NetworkScheduler(20203): Invalid component specified.
E/NetworkScheduler(20203): Invalid component specified.
E/NetworkScheduler(20203): Invalid component specified.
E/NetworkScheduler(20203): Invalid component specified.
E/NetworkScheduler(20203): Invalid component specified.
E/NetworkScheduler(20203): Invalid component specified.
E/NetworkScheduler(20203): Invalid component specified.
E/NetworkScheduler(20203): Invalid component specified.
E/NetworkScheduler(20203): Invalid component specified.
E/NetworkScheduler(20203): Invalid component specified.
E/NetworkScheduler(20203): Invalid component specified.
E/NetworkScheduler(20203): Invalid component specified.
E/NetworkScheduler(20203): Invalid component specified.
E/NetworkScheduler(20203): Invalid component specified.
D/StatusBar.NetworkController(19886): hasService: mServiceState=1 1 home null null null  Unknown Unknown CSS not supported 0 0 RoamInd=0 DefRoamInd=0 EmergOnly=true retVal=false
D/StatusBar.NetworkController(19886): refreshViews: Data not connected!! Set no data type icon / Roaming
D/StatusBar.NetworkController(19886): hasService: mServiceState=1 1 home null null null  Unknown Unknown CSS not supported 0 0 RoamInd=0 DefRoamInd=0 EmergOnly=true retVal=false
D/StatusBar.NetworkController(19886): refreshViews connected={ wifi } level=0 combinedSignalIconId=0x7f020343/com.android.systemui:drawable/stat_sys_wifi_signal_4_fully combinedActivityIconId=0x0 mobileLabel=Emergency calls only wifiLabel="SW2_We8h"xxxxXXXXxxxxXXXX emergencyOnly=true combinedLabel="SW2_We8h"xxxxXXXXxxxxXXXX mAirplaneMode=false mDataActivity=0 mPhoneSignalIconId=0x0/(null) mQSPhoneSignalIconId=0x7f0200ab/com.android.systemui:drawable/ic_qs_signal_no_signal mDataDirectionIconId=0x0/(null) mDataSignalIconId=0x0/(null) mDataTypeIconId=0x0/(null) mQSDataTypeIconId=0x0/(null) mNoSimIconId=0x7f02008b/com.android.systemui:drawable/ic_qs_no_sim mWifiIconId=0x7f020343/com.android.systemui:drawable/stat_sys_wifi_signal_4_fully mQSWifiIconId=0x7f0200bc/com.android.systemui:drawable/ic_qs_wifi_full_4 mWifiActivityIconId=0x0/(null) mBluetoothTetherIconId=0x108069b/android:drawable/stat_sys_tether_bluetooth
E/NetworkScheduler(20203): Invalid component specified.
E/NetworkScheduler(20203): Invalid component specified.
E/NetworkScheduler(20203): Invalid component specified.
E/NetworkScheduler(20203): Invalid component specified.
E/NetworkScheduler(20203): Invalid component specified.
E/NetworkScheduler(20203): Invalid component specified.
D/Ulp_jni (19709): Location CB invoked
D/LocationManagerService(19709): incoming location: Location[fused 37.488738,127.053543 acc=1988 et=+1d3h36m53s287ms alt=0.0 vel=0.0 bear=81.0 {Bundle[{}]}]
D/LocationManagerService(19709): incoming location: Location[fused 37.488738,127.053543 acc=1988 et=+1d3h36m53s287ms alt=0.0 vel=0.0 bear=81.0 {Bundle[{}]}]
E/NetworkScheduler(20203): Invalid component specified.
D/GpsLocationProvider(19709): NetworkLocationListener=Location[fused 37.488738,127.053543 acc=1988 et=+1d3h36m53s287ms alt=0.0 vel=0.0 bear=81.0 {Bundle[{noGPSLocation=Location[network 37.488738,127.053543 acc=18 et=+1d3h36m3s863ms alt=90.69999694824219 {Bundle[{networkLocationType=wifi, coarseLocation=Location[network 37.495495,127.038871 acc=2000 et=+1d3h36m3s863ms]}]}]}]}]
E/NetworkScheduler(20203): Invalid component specified.
D/GpsLocationProvider(19709): This Location Timezone is [ Asia/Seoul ]
D/AlarmManagerService(19709): Kernel timezone updated to -540 minutes west of GMT
W/GmsApplication(23634): Failed to invoke the SupplierSetterRegistry.
I/MultiDex(23634): VM with version 2.1.0 has multidex support
I/MultiDex(23634): install
I/MultiDex(23634): MultiDexExtractor.load(/data/app/com.google.android.gms-1/base.apk, false)
I/MultiDex(23634): Blocking on lock /data/data/com.google.android.gms/code_cache/secondary-dexes/MultiDex.lock
I/MultiDex(23634): /data/data/com.google.android.gms/code_cache/secondary-dexes/MultiDex.lock locked
I/MultiDex(23634): loading existing secondary dex files
I/MultiDex(23634): load found 5 secondary dex files
I/MultiDex(23634): install done
W/art     (23634): Suspending all threads took: 8.495ms
W/linker  (23634): /data/app/com.google.android.gms-1/lib/arm64/libconscrypt_gmscore_jni.so: unused DT entry: type 0x6ffffffe arg 0x18e4
W/linker  (23634): /data/app/com.google.android.gms-1/lib/arm64/libconscrypt_gmscore_jni.so: unused DT entry: type 0x6fffffff arg 0x2
V/NativeCrypto(23634): Registering com/google/android/gms/org/conscrypt/NativeCrypto's 287 native methods...
I/art     (23634): Rejecting re-init on previously-failed class java.lang.Class<com.google.android.gms.org.conscrypt.Java7ExtendedSSLSession>
