I/SystemServer(19709): DPM configuration set to 3
D/WifiService(19709): New client listening to asynchronous messages
I/SystemServer(19709): Created DPM Service
I/SystemServer(19709): UpdateLock Service
I/SystemServiceManager(19709): Starting com.android.server.notification.NotificationManagerService
I/SystemServiceManager(19709): Starting com.android.server.storage.DeviceStorageMonitorService
I/SystemServer(19709): Location Manager
I/SystemServer(19709): Country Detector
I/SystemServer(19709): Search Service
I/SystemServer(19709): DropBox Service
I/SystemServer(19709): Wallpaper Service
I/SystemServer(19709): Audio Service
E/NetlinkEvent(19462): Unknown ifindex 33 in RTM_DELADDR
E/NetlinkEvent(19462): Unknown ifindex 33 in RTM_DELADDR
I/SystemServiceManager(19709): Starting com.android.server.DockObserver
W/DockObserver(19709): This kernel does not have dock station support
I/SystemServer(19709): Wired Accessory Manager
W/WiredAccessoryManager(19709): This kernel does not have usb audio support
W/WiredAccessoryManager(19709): This kernel does not have HDMI audio support
I/SystemServiceManager(19709): Starting com.android.server.usb.UsbService$Lifecycle
I/SystemServer(19709): Serial Service
I/SystemServiceManager(19709): Starting com.android.server.twilight.TwilightService
I/SystemServiceManager(19709): Starting com.android.server.UiModeManagerService
I/SystemServiceManager(19709): Starting com.android.server.job.JobSchedulerService
I/SystemServiceManager(19709): Starting com.android.server.backup.BackupManagerService$Lifecycle
I/SystemServiceManager(19709): Starting com.android.server.appwidget.AppWidgetService
I/SystemServiceManager(19709): Starting com.android.server.voiceinteraction.VoiceInteractionManagerService
I/SystemServer(19709): DiskStats Service
I/SystemServer(19709): SamplingProfiler Service
I/SystemServer(19709): NetworkTimeUpdateService
I/SystemServer(19709): CommonTimeManagementService
I/SystemServer(19709): CertBlacklister
I/SystemServiceManager(19709): Starting com.android.server.dreams.DreamManagerService
I/SystemServer(19709): Assets Atlas Service
I/SystemServiceManager(19709): Starting com.android.server.print.PrintManagerService
I/SystemServiceManager(19709): Starting com.android.server.restrictions.RestrictionsManagerService
I/SystemServiceManager(19709): Starting com.android.server.media.MediaSessionService
I/SystemServer(19709): Media Router Service
I/SystemServiceManager(19709): Starting com.android.server.trust.TrustManagerService
I/SystemServiceManager(19709): Starting com.android.server.fingerprint.FingerprintService
I/SystemServer(19709): BackgroundDexOptService
I/SystemServiceManager(19709): Starting com.android.server.pm.LauncherAppsService
D/SystemServer(19709): Wipower not supported
I/SystemServer(19709): Digital Pen Service
W/SystemServer(19709): ***********************************************
F/SystemServer(19709): BOOT FAILURE starting DigitalPenService
F/SystemServer(19709): java.lang.ClassNotFoundException: Didn't find class "com.qti.snapdragon.digitalpen.DigitalPenService" on path: DexPathList[[],nativeLibraryDirectories=[/vendor/lib64, /system/lib64]]
F/SystemServer(19709): 	at dalvik.system.BaseDexClassLoader.findClass(BaseDexClassLoader.java:56)
F/SystemServer(19709): 	at java.lang.ClassLoader.loadClass(ClassLoader.java:511)
F/SystemServer(19709): 	at java.lang.ClassLoader.loadClass(ClassLoader.java:469)
F/SystemServer(19709): 	at com.android.server.SystemServer.startOtherServices(SystemServer.java:1012)
F/SystemServer(19709): 	at com.android.server.SystemServer.run(SystemServer.java:267)
F/SystemServer(19709): 	at com.android.server.SystemServer.main(SystemServer.java:181)
F/SystemServer(19709): 	at java.lang.reflect.Method.invoke(Native Method)
F/SystemServer(19709): 	at java.lang.reflect.Method.invoke(Method.java:372)
F/SystemServer(19709): 	at com.android.internal.os.ZygoteInit$MethodAndArgsCaller.run(ZygoteInit.java:903)
F/SystemServer(19709): 	at com.android.internal.os.ZygoteInit.main(ZygoteInit.java:698)
F/SystemServer(19709): 	Suppressed: java.lang.ClassNotFoundException: Didn't find class "com.qti.snapdragon.digitalpen.DigitalPenService" on path: DexPathList[[directory "."],nativeLibraryDirectories=[/vendor/lib64, /system/lib64]]
F/SystemServer(19709): 		at dalvik.system.BaseDexClassLoader.findClass(BaseDexClassLoader.java:56)
F/SystemServer(19709): 		at java.lang.ClassLoader.loadClass(ClassLoader.java:511)
F/SystemServer(19709): 		at java.lang.ClassLoader.loadClass(ClassLoader.java:504)
F/SystemServer(19709): 		... 8 more
F/SystemServer(19709): 		Suppressed: java.lang.ClassNotFoundException: com.qti.snapdragon.digitalpen.DigitalPenService
F/SystemServer(19709): 			at java.lang.Class.classForName(Native Method)
F/SystemServer(19709): 			at java.lang.BootClassLoader.findClass(ClassLoader.java:781)
F/SystemServer(19709): 			at java.lang.BootClassLoader.loadClass(ClassLoader.java:841)
F/SystemServer(19709): 			at java.lang.ClassLoader.loadClass(ClassLoader.java:504)
F/SystemServer(19709): 			... 9 more
F/SystemServer(19709): 		Caused by: java.lang.NoClassDefFoundError: Class not found using the boot class loader; no stack available
I/SystemServer(19709): CustomSettingService
I/SystemServiceManager(19709): Starting com.android.server.media.projection.MediaProjectionManagerService
I/SystemServiceManager(19709): Starting com.android.server.MmsServiceBroker
E/LockSettingsStorage(19709): Cannot read file java.io.FileNotFoundException: /data/system/password.key: open failed: ENOENT (No such file or directory)
E/LockSettingsStorage(19709): Cannot read file java.io.FileNotFoundException: /data/system/gesture.key: open failed: ENOENT (No such file or directory)
I/SystemServiceManager(19709): Starting phase 480
I/SystemServiceManager(19709): Starting phase 500
I/WifiService(19709): WifiService starting up with Wi-Fi enabled
D/WifiService(19709): setWifiEnabled: true pid=19709, uid=1000
E/WifiService(19709): Invoking mWifiStateMachine.setWifiEnabled
D/WifiScanningService(19709): New client, channel: null messenger: null
I/ActivityManager(19709): Config changes=200 {1.0 ?mcc?mnc en_US ldltr sw360dp w360dp h567dp 480dpi nrml port finger -keyb/v/h -nav/h s.6}
W/BroadcastQueue(19709): pending app  [foreground]ProcessRecord{190dfdfe 0:com.android.deskclock/u0a37} died before responding to broadcast
V/BackupManagerService(19709): No ancestral data
D/BackupManagerService(19709): Now staging backup of com.google.android.googlequicksearchbox
D/BackupManagerService(19709): Now staging backup of com.android.vending
D/BackupManagerService(19709): Now staging backup of android
D/BackupManagerService(19709): Now staging backup of com.android.mms
D/BackupManagerService(19709): Now staging backup of com.google.android.gm
D/BackupManagerService(19709): Now staging backup of com.android.calendar
D/BackupManagerService(19709): Now staging backup of com.android.providers.settings
D/BackupManagerService(19709): Now staging backup of com.android.sharedstoragebackup
D/BackupManagerService(19709): Now staging backup of com.google.android.music
D/BackupManagerService(19709): Now staging backup of com.google.android.apps.maps
D/BackupManagerService(19709): Now staging backup of com.google.android.apps.plus
D/BackupManagerService(19709): Now staging backup of com.android.chrome
D/BackupManagerService(19709): Now staging backup of com.android.dialer
D/BackupManagerService(19709): Now staging backup of com.google.android.videos
D/BackupManagerService(19709): Now staging backup of com.qti.backupagent
D/BackupManagerService(19709): Now staging backup of com.google.android.apps.photos
D/BackupManagerService(19709): Now staging backup of com.google.android.inputmethod.pinyin
D/BackupManagerService(19709): Now staging backup of com.google.android.talk
D/BackupManagerService(19709): Now staging backup of com.android.providers.userdictionary
D/BackupManagerService(19709): Now staging backup of com.google.android.inputmethod.japanese
D/BackupManagerService(19709): Now staging backup of com.google.android.inputmethod.latin
V/BackupManagerService(19709): Starting with transport com.google.android.gms/.backup.BackupTransportService
V/BackupManagerService(19709): Found transports: 2
W/BackupManagerService(19709): Proposed transport ComponentInfo{android/com.android.internal.backup.LocalTransportService} not whitelisted; ignoring
W/BackupManagerService(19709): Proposed transport ComponentInfo{com.google.android.gms/com.google.android.gms.backup.BackupTransportService} not whitelisted; ignoring
I/BackupManagerService(19709): Found stale backup journal, scheduling
D/WindowManager(19709): mLongPressOnHomeBehavior : 2
I/DisplayManagerService(19709): Display device changed: DisplayDeviceInfo{"Built-in Screen": uniqueId="local:0", 1080 x 1920, 44.0 fps, supportedRefreshRates [44.0], density 480, 160.421 x 159.895 dpi, appVsyncOff 0, presDeadline 23727272, touch INTERNAL, rotation 0, type BUILT_IN, state ON, FLAG_DEFAULT_DISPLAY, FLAG_ROTATES_WITH_CONTENT, FLAG_SECURE, FLAG_SUPPORTS_PROTECTED_BUFFERS}
D/TaskPersister(19709): removeObsoleteFile: deleting file=14_task_thumbnail.png
I/AppOps  (19709): Pruning old package media/1013: new uid=-1
I/ActivityManager(19709): System now ready
I/SystemServer(19709): Making services ready
I/SystemServiceManager(19709): Starting phase 550
I/DigitalPenOffScreenDisplayAdapter(19709): mInfo is null, getting a new one
I/SystemServer(19709): WebViewFactory preparation
I/DisplayManagerService(19709): Display device added: DisplayDeviceInfo{"Digital Pen off-screen display": uniqueId="null", 480 x 640, 60.0 fps, supportedRefreshRates [], density 160, 160.0 x 160.0 dpi, appVsyncOff 0, presDeadline 0, touch EXTERNAL, rotation 0, type BUILT_IN, state ON, FLAG_ROTATES_WITH_CONTENT}
I/ActivityManager(19709): Start proc 19832:WebViewLoader-armeabi-v7a/1037 [android.webkit.WebViewFactory$RelroFileCreator] for 
I/ActivityManager(19709): Start proc 19848:android.process.media/u0a6 for broadcast com.android.providers.media/.MtpReceiver
I/ActivityManager(19709): Start proc 19869:WebViewLoader-arm64-v8a/1037 [android.webkit.WebViewFactory$RelroFileCreator] for 
I/ActivityManager(19709): Start proc 19886:com.android.systemui/u0a21 for service com.android.systemui/.SystemUIService
D/NetworkManagementService(19709): enabling bandwidth control
E/MountService(19709): Boot-time mount failed (-1)
E/MountService(19709): Boot-time mount failed (-1)
W/MountService(19709): Duplicate state transition (mounted -> mounted) for /storage/emulated/0
V/FingerprintService(19709): startListening(android.service.fingerprint.IFingerprintServiceReceiver$Stub$Proxy@c83ab15)
I/SystemServiceManager(19709): Starting phase 600
W/BroadcastQueue(19709): pending app  [foreground]ProcessRecord{190dfdfe 0:com.android.deskclock/u0a37} died before responding to broadcast
I/ActivityManager(19709): Start proc 20056:com.android.deskclock/u0a37 for broadcast com.android.deskclock/.AlarmInitReceiver
I/BackupManagerService(19709): Backup enabled => true
I/ActivityManager(19709): Start proc 20088:com.google.android.googlequicksearchbox:interactor/u0a22 for service com.google.android.googlequicksearchbox/com.google.android.voiceinteraction.GsaVoiceInteractionService
E/InputMethodManagerService(19709): Ignoring setImeWindowStatus due to an invalid token. uid:1000 token:null
I/ActivityManager(19709): Start proc 20124:com.google.android.inputmethod.latin/u0a60 for service com.google.android.inputmethod.latin/com.android.inputmethod.latin.LatinIME
V/InputMethodManagerService(19709): Adding window token: android.os.Binder@3ce4b705
D/LocationBlacklist(19709): whitelist: []
D/LocationBlacklist(19709): blacklist: []
I/StatusBarManagerService(19709): registerStatusBar bar=com.android.internal.statusbar.IStatusBar$Stub$Proxy@c9fee80
I/ActivityManager(19709): Start proc 20178:com.android.calendar/u0a28 for broadcast com.android.calendar/.alerts.AlertReceiver
I/ActivityManager(19709): Start proc 20203:com.google.android.gms.persistent/u0a8 for service com.google.android.gms/com.google.android.location.geocode.GeocodeService
W/ContextImpl(19709): Calling a method in the system process without a qualified user: android.app.ContextImpl.bindService:1780 com.android.server.location.GeoFencerProxy.<init>:86 com.android.server.location.GeoFencerProxy.getGeoFencerProxy:77 com.android.server.LocationManagerService.loadProvidersLocked:563 com.android.server.LocationManagerService.systemRunning:298 
E/LocationManagerService(19709): Hardware Activity-Recognition not supported.
W/ResourcesManager(20203): Asset path '/system/framework/com.android.media.remotedisplay.jar' does not exist or contains no resources.
W/ResourcesManager(20203): Asset path '/system/framework/com.android.location.provider.jar' does not exist or contains no resources.
I/MmsServiceBroker(19709): systemRunning
I/ActivityManager(19709): Start proc 20235:com.quicinc.cne.CNEService/1000 for added application com.quicinc.cne.CNEService
I/ActivityManager(19709): Start proc 20258:com.mypidion.customservice/1000 for added application com.mypidion.customservice
E/ActivityManager(19709): send ACTION_BEFORE_BOOT_COMPLETED
I/ActivityManager(19709): Start proc 20277:com.qualcomm.qti.services.secureui:sui_service/1000 for added application com.qualcomm.qti.services.secureui:sui_service
I/ActivityManager(19709): Start proc 20296:com.android.phone/1001 for added application com.android.phone
I/ActivityManager(19709): Start proc 20313:android.process.acore/u0a3 for added application android.process.acore
I/ActivityManager(19709): START u0 {act=android.intent.action.MAIN cat=[android.intent.category.HOME] flg=0x10000000 cmp=com.android.launcher3/.Launcher} from uid 0 on display 0
V/WindowManager(19709): addAppToken: AppWindowToken{229839 token=Token{b0b0800 ActivityRecord{29ce83 u0 com.android.launcher3/.Launcher t18}}} to stack=0 task=18 at 0
I/ActivityManager(19709): Start proc 20335:com.android.launcher3/u0a12 for activity com.android.launcher3/.Launcher
V/ActivityManager(19709): Display changed displayId=0
V/ActivityManager(19709): Display changed displayId=0
I/ActivityManager(19709): Start proc 20357:com.android.printspooler/u0a73 for service com.android.printspooler/.model.PrintSpoolerService
W/ResourcesManager(20235): Asset path '/system/framework/com.quicinc.cne.jar' does not exist or contains no resources.
I/ActivityManager(19709): Start proc 20378:com.google.process.gapps/u0a8 for content provider com.google.android.gsf/.gservices.GservicesProvider
D/WindowManager(19709): mLongPressOnHomeBehavior : 2
D/WindowManager(19709): mLongPressOnHomeBehavior : 2
I/ActivityManager(19709): Start proc 20397:com.android.providers.calendar/u0a29 for content provider com.android.providers.calendar/.CalendarProvider2
D/WifiService(19709): New client listening to asynchronous messages
W/ContextImpl(20235): Calling a method in the system process without a qualified user: android.app.ContextImpl.sendBroadcast:1351 android.content.ContextWrapper.sendBroadcast:377 com.quicinc.cne.CNEService.CNEServiceApp.broadcastCNEStarted:102 com.quicinc.cne.CNEService.CNEServiceApp.startCne:114 com.quicinc.cne.CNEService.CNEServiceApp.onCreate:93 
V/ActivityManager(19709): Display changed displayId=0
D/Telecom (19709): TelecomService: onCreate
I/Telecom (19709): TelecomGlobals: TelecomGlobals initializing
D/Telecom (19709): MissedCallNotifier: updateOnStartup()...
W/ResourcesManager(20397): Asset path '/system/framework/android.test.runner.jar' does not exist or contains no resources.
D/Telecom (19709): ProximitySensorManager: onCreate: mProximityWakeLock: 
I/Telecom (19709): TelecomGlobals: CallsManager initialized
W/ContextImpl(19709): Calling a method in the system process without a qualified user: android.app.ContextImpl.startService:1716 android.content.ContextWrapper.startService:516 com.android.server.telecom.BluetoothPhoneService.start:467 com.android.server.telecom.TelecomGlobals.initialize:94 com.android.server.telecom.TelecomService.onCreate:166 
D/Telecom (19709): TelecomService: onBind
V/ActivityManager(19709): Display added displayId=1
I/ValidateNoPeople(19709): skipping global notification
I/ActivityManager(19709): Start proc 20428:com.android.contacts/u0a3 for broadcast com.android.contacts/.util.RCSUtil$WifiReceiver
W/ResourcesManager(19709): Asset path '/system/framework/com.android.location.provider.jar' does not exist or contains no resources.
I/ActivityManager(19709): Start proc 20452:com.android.email/u0a40 for broadcast com.android.email/.service.EmailBroadcastReceiver
W/ResourcesManager(20428): Asset path '/system/framework/rcs_service_api.jar' does not exist or contains no resources.
I/ActivityManager(19709): Start proc 20472:com.qualcomm.location.XT/1000 for service com.qualcomm.location.XT/.XTSrv
W/ActivityManager(19709): Unable to start service Intent { act=com.qualcomm.services.location.LocationAlarmService pkg=com.qualcomm.services.location } U=0: not found
V/WiredAccessoryManager(19709): notifyWiredAccessoryChanged: when=0 bits= mask=54
V/WiredAccessoryManager(19709): newName=h2w newState=0 headsetState=0 prev headsetState=0
V/WiredAccessoryManager(19709): init()
E/NotificationService(19709): Not posting notification with icon==0: Notification(pri=0 contentView=null vibrate=default sound=default defaults=0x3 flags=0x10 color=0x00000000 vis=PRIVATE)
E/NotificationService(19709): WARNING: In a future release this will crash the app: android
D/WifiService(19709): New client listening to asynchronous messages
I/ActivityManager(19709): Start proc 20512:com.android.exchange/u0a41 for service com.android.exchange/.service.EasService
D/ActivityThread(20452): Loading provider com.android.email.provider;com.android.email.notifier: com.android.email.provider.EmailProvider
D/ConnectivityService(19709): listenForNetwork for NetworkRequest [ id=2, legacyType=-1, [] ]
D/ActivityThread(20452): Loading provider com.android.email.provider;com.android.email.notifier: com.android.email.provider.EmailProvider
V/WindowManager(19709): Based on layer: Adding window Window{392238bf u0 com.android.launcher3/com.android.launcher3.Launcher} at 0 of 1
I/ActivityManager(19709): Start proc 20555:com.android.smspush/u0a82 for service com.android.smspush/.WapPushManager
D/ConnectivityService(19709): Got NetworkFactory Messenger for WIFI
D/ConnectivityService(19709): Got NetworkFactory Messenger for WIFI_UT
E/ConnectivityService(19709): Failed to find Messenger in unregisterNetworkFactory
D/ConnectivityService(19709): Got NetworkFactory Messenger for Telephony
W/ResourcesManager(20335): Asset path '/system/framework/com.google.android.media.effects.jar' does not exist or contains no resources.
W/ResourcesManager(20296): Asset path '/system/framework/com.google.android.media.effects.jar' does not exist or contains no resources.
W/KeyguardServiceDelegate(19709): onScreenTurnedOn(): no keyguard service!
W/ActivityManager(19709): Unable to start service Intent { cmp=com.android.email/.service.AttachmentService } U=0: not found
D/ConnectivityService(19709): registerNetworkAgent NetworkAgentInfo{ ni{[type: WIFI[], state: CONNECTING/CONNECTING, reason: (unspecified), extra: "SW2_We8h", roaming: false, failover: false, isAvailable: true, isConnectedToProvisioningNetwork: false]}  network{null}  lp{{LinkAddresses: []  Routes: [] DnsAddresses: [] Domains: null MTU: 0 TcpBufferSizes: 524288,1048576,2097152,262144,524288,1048576}}  nc{[ Transports: WIFI Capabilities: INTERNET&NOT_RESTRICTED&TRUSTED&NOT_VPN LinkUpBandwidth>=1048576Kbps LinkDnBandwidth>=1048576Kbps]}  Score{20}  everValidated{false}  lastValidated{false}  created{false}  explicitlySelected{false} }
D/ConnectivityService(19709): NetworkAgentInfo [WIFI () - 100] EVENT_NETWORK_INFO_CHANGED, going from null to CONNECTING
W/ActivityManager(19709): Unable to start service Intent { cmp=com.android.email/.service.AttachmentService } U=0: not found
W/ActivityManager(19709): Unable to start service Intent { cmp=com.android.email/.service.AttachmentService } U=0: not found
D/ConnectivityService(19709): updateNetworkScore for NetworkAgentInfo [WIFI () - 100] to 60
W/ActivityManager(19709): Unable to start service Intent { cmp=com.android.email/.service.AttachmentService } U=0: not found
D/WifiService(19709): New client listening to asynchronous messages
I/ActivityManager(19709): Start proc 20660:com.google.android.youtube/u0a84 for broadcast com.google.android.youtube/com.google.android.apps.youtube.app.system.LocaleUpdatedReceiver
W/WindowManager(19709): Window freeze timeout expired.
W/WindowManager(19709): Force clearing orientation change: Window{1c11d499 u0 KeyguardScrim}
W/WindowManager(19709): Keyguard drawn timeout. Setting mKeyguardDrawComplete
W/ActivityManager(19709): getRunningAppProcesses: caller 10084 does not hold REAL_GET_TASKS; limiting output
W/ActivityManager(19709): getRunningAppProcesses: caller 10084 does not hold REAL_GET_TASKS; limiting output
W/ResourcesManager(20660): Asset path '/system/framework/com.android.media.remotedisplay.jar' does not exist or contains no resources.
W/ResourcesManager(20660): Asset path '/system/framework/com.android.location.provider.jar' does not exist or contains no resources.
W/WindowManager(19709): Timeout waiting for drawn: undrawn=[Window{1c11d499 u0 KeyguardScrim}]
V/ActivityManager(19709): Display changed displayId=1
V/ActivityManager(19709): Display changed displayId=1
D/Telecom (19709): BluetoothPhoneService: onCreate
I/ActivityManager(19709): Start proc 20742:com.google.android.googlequicksearchbox:search/u0a22 for service com.google.android.googlequicksearchbox/com.google.android.hotword.service.HotwordService
D/Telecom (19709): MissedCallNotifier: onQueryComplete()...
W/BackupManagerService(19709): dataChanged but no participant pkg='com.android.launcher3' uid=10012
D/MccTable(20296): updateMccMncConfiguration mccmnc='' fromServiceState=false
W/BackupManagerService(19709): dataChanged but no participant pkg='com.android.launcher3' uid=10012
W/BackupManagerService(19709): dataChanged but no participant pkg='com.android.launcher3' uid=10012
W/ActivityManager(19709): Unable to start service Intent { act=com.qualcomm.services.location.LocationAlarmService pkg=com.qualcomm.services.location } U=0: not found
W/BackupManagerService(19709): dataChanged but no participant pkg='com.android.launcher3' uid=10012
W/BackupManagerService(19709): dataChanged but no participant pkg='com.android.launcher3' uid=10012
W/BackupManagerService(19709): dataChanged but no participant pkg='com.android.launcher3' uid=10012
W/BackupManagerService(19709): dataChanged but no participant pkg='com.android.launcher3' uid=10012
W/BackupManagerService(19709): dataChanged but no participant pkg='com.android.launcher3' uid=10012
W/BackupManagerService(19709): dataChanged but no participant pkg='com.android.launcher3' uid=10012
W/BackupManagerService(19709): dataChanged but no participant pkg='com.android.launcher3' uid=10012
D/Telecom (19709): PhoneAccountRegistrar: addOrReplacePhoneAccount(ComponentInfo{com.android.phone/com.android.services.telephony.TelephonyConnectionService}, [356a192b7913b04c54574d18c28d46e6395428ab], UserHandle{0} -> [PhoneAccount: ComponentInfo{com.android.phone/com.android.services.telephony.TelephonyConnectionService}, [356a192b7913b04c54574d18c28d46e6395428ab], UserHandle{0} Capabilities: 54 Schemes: tel voicemail ])
D/ConnectivityService(19709): unregisterNetworkFactory for Telephony
D/ConnectivityService(19709): Got NetworkFactory Messenger for Telephony
D/Telecom (19709): PhoneAccountRegistrar: addOrReplacePhoneAccount(ComponentInfo{com.android.phone/com.android.services.telephony.TelephonyConnectionService}, [356a192b7913b04c54574d18c28d46e6395428ab], UserHandle{0} -> [PhoneAccount: ComponentInfo{com.android.phone/com.android.services.telephony.TelephonyConnectionService}, [356a192b7913b04c54574d18c28d46e6395428ab], UserHandle{0} Capabilities: 54 Schemes: tel voicemail ])
E/Vold    (  236): Failed to find mounted volume for /storage/sdcard1/Android/data/com.google.android.youtube/cache/
W/Vold    (  236): Returning OperationFailed - no handler for errno 0
D/WifiService(19709): New client listening to asynchronous messages
D/VoldCmdListener(  236): cryptfs getpw
D/VoldCmdListener(  236): cryptfs clearpw
D/Telecom (19709): PhoneAccountRegistrar: addOrReplacePhoneAccount(ComponentInfo{com.android.phone/com.android.services.telephony.TelephonyConnectionService}, [356a192b7913b04c54574d18c28d46e6395428ab], UserHandle{0} -> [PhoneAccount: ComponentInfo{com.android.phone/com.android.services.telephony.TelephonyConnectionService}, [356a192b7913b04c54574d18c28d46e6395428ab], UserHandle{0} Capabilities: 54 Schemes: tel voicemail ])
D/Telecom (19709): PhoneAccountRegistrar: addOrReplacePhoneAccount(ComponentInfo{com.android.phone/com.android.services.telephony.TelephonyConnectionService}, [356a192b7913b04c54574d18c28d46e6395428ab], UserHandle{0} -> [PhoneAccount: ComponentInfo{com.android.phone/com.android.services.telephony.TelephonyConnectionService}, [356a192b7913b04c54574d18c28d46e6395428ab], UserHandle{0} Capabilities: 54 Schemes: tel voicemail ])
D/NotificationService(19709): onNotification error pkg=android tag=null id=1169; will crashApplication(uid=1000, pid=19709)
D/Telecom (19709): PhoneAccountRegistrar: addOrReplacePhoneAccount(ComponentInfo{com.android.phone/com.android.services.telephony.TelephonyConnectionService}, [356a192b7913b04c54574d18c28d46e6395428ab], UserHandle{0} -> [PhoneAccount: ComponentInfo{com.android.phone/com.android.services.telephony.TelephonyConnectionService}, [356a192b7913b04c54574d18c28d46e6395428ab], UserHandle{0} Capabilities: 54 Schemes: tel voicemail ])
I/ActivityManager(19709): Start proc 20856:com.google.android.gms/u0a8 for service com.google.android.gms/.ads.identifier.service.AdvertisingIdService
W/KeyphraseEnrollmentInfo(20088): Enrollment application doesn't support keyphrases
W/ResourcesManager(20856): Asset path '/system/framework/com.android.media.remotedisplay.jar' does not exist or contains no resources.
W/ResourcesManager(20856): Asset path '/system/framework/com.android.location.provider.jar' does not exist or contains no resources.
E/Vold    (  236): Failed to find mounted volume for /storage/sdcard1/Android/data/com.google.android.youtube/cache/
W/Vold    (  236): Returning OperationFailed - no handler for errno 0
E/Vold    (  236): Failed to find mounted volume for /storage/sdcard1/Android/data/com.google.android.youtube/files/
W/Vold    (  236): Returning OperationFailed - no handler for errno 0
E/Vold    (  236): Failed to find mounted volume for /storage/sdcard1/Android/data/com.google.android.youtube/files/
W/Vold    (  236): Returning OperationFailed - no handler for errno 0
I/ActivityManager(19709): Start proc 20912:com.android.vending/u0a17 for broadcast com.android.vending/com.google.android.finsky.userlanguages.LocaleChangedReceiver
D/ConnectivityService(19709): NetworkAgentInfo [WIFI () - 100] EVENT_NETWORK_INFO_CHANGED, going from CONNECTING to CONNECTED
D/ConnectivityService(19709): Adding iface wlan0 to network 100
E/ConnectivityService(19709): Unexpected mtu value: 0, wlan0
D/ConnectivityService(19709): Adding Route [fe80::/64 -> :: wlan0] to network 100
D/ConnectivityService(19709): Adding Route [192.168.0.0/24 -> 0.0.0.0 wlan0] to network 100
D/ConnectivityService(19709): Adding Route [0.0.0.0/0 -> 192.168.0.1 wlan0] to network 100
D/ConnectivityService(19709): Setting Dns servers for network 100 to [/168.126.63.1, /211.63.64.10]
D/ConnectivityService(19709): notifyType IP_CHANGED for NetworkAgentInfo [WIFI () - 100]
D/ConnectivityService(19709): notifyType PRECHECK for NetworkAgentInfo [WIFI () - 100]
D/ConnectivityService(19709): rematching NetworkAgentInfo [WIFI () - 100]
D/ConnectivityService(19709):    accepting network in place of null
D/ConnectivityService(19709): Switching to new default network: NetworkAgentInfo{ ni{[type: WIFI[], state: CONNECTED/CONNECTED, reason: (unspecified), extra: "SW2_We8h", roaming: false, failover: false, isAvailable: true, isConnectedToProvisioningNetwork: false]}  network{100}  lp{{InterfaceName: wlan0 LinkAddresses: [fe80::216:7fff:fe3d:20b3/64,192.168.0.90/24,]  Routes: [fe80::/64 -> :: wlan0,192.168.0.0/24 -> 0.0.0.0 wlan0,0.0.0.0/0 -> 192.168.0.1 wlan0,] DnsAddresses: [168.126.63.1,211.63.64.10,] Domains:  MTU: 0 TcpBufferSizes: 524288,1048576,2097152,262144,524288,1048576}}  nc{[ Transports: WIFI Capabilities: INTERNET&NOT_RESTRICTED&TRUSTED&NOT_VPN LinkUpBandwidth>=1048576Kbps LinkDnBandwidth>=1048576Kbps]}  Score{20}  everValidated{false}  lastValidated{false}  created{true}  explicitlySelected{false} }
D/ConnectivityService(19709): Setting tx/rx TCP buffers to 524288,1048576,2097152,262144,524288,1048576
D/ConnectivityService(19709): notifyType AVAILABLE for NetworkAgentInfo [WIFI () - 100]
D/CSLegacyTypeTracker(19709): Sending connected broadcast for type 1 NetworkAgentInfo [WIFI () - 100] isDefaultNetwork=true
D/ConnectivityService(19709): sendStickyBroadcast: action=android.net.conn.CONNECTIVITY_CHANGE_IMMEDIATE
D/ConnectivityService(19709): sendStickyBroadcast: action=android.net.conn.CONNECTIVITY_CHANGE
D/ConnectivityService(19709): setProvNotificationVisibleIntent: E visible=false networkType=0 extraInfo=null
D/ConnectivityService(19709): Validated NetworkAgentInfo [WIFI () - 100]
D/ConnectivityService(19709): rematching NetworkAgentInfo [WIFI () - 100]
D/ConnectivityService(19709): Network NetworkAgentInfo [WIFI () - 100] was already satisfying request 1. No change.
D/ConnectivityService(19709): notifyType AVAILABLE for NetworkAgentInfo [WIFI () - 100]
D/ConnectivityService(19709): sendStickyBroadcast: action=android.net.conn.INET_CONDITION_ACTION
I/ActivityManager(19709): Start proc 20957:com.google.android.partnersetup/u0a11 for content provider com.google.android.partnersetup/.RlzAppProvider
D/ConnectivityService(19709): listenForNetwork for NetworkRequest [ id=3, legacyType=-1, [ Capabilities: INTERNET&NOT_RESTRICTED&TRUSTED] ]
D/ConnectivityService(19709): handleRegisterNetworkRequest checking NetworkAgentInfo [WIFI () - 100]
D/ConnectivityService(19709): apparently satisfied.  currentScore=60
W/ActivityManager(19709): getRunningAppProcesses: caller 10084 does not hold REAL_GET_TASKS; limiting output
E/ActivityManager(19709): Unable to mark boot complete for abi: armeabi-v7a
I/SystemServiceManager(19709): Starting phase 1000
F/PowerManagerService(19709): [initTouchState] touch Type : 0
V/WindowManager(19709): rotationForOrientationLw(orient=5, last=0); user=0 
D/WindowManager(19709): mLongPressOnHomeBehavior : 2
D/WindowManager(19709): mLongPressOnHomeBehavior : 2
V/WindowManager(19709): rotationForOrientationLw(orient=5, last=0); user=0 
V/ActivityManager(19709): Display changed displayId=0
W/ActivityManager(19709): getRunningAppProcesses: caller 10084 does not hold REAL_GET_TASKS; limiting output
W/ContextImpl(19709): Calling a method in the system process without a qualified user: android.app.ContextImpl.sendBroadcast:1351 android.content.ContextWrapper.sendBroadcast:377 com.qualcomm.location.xtwifi.XTWiFiLocationProvider.broadcastNLPIntent:2020 com.qualcomm.location.xtwifi.XTWiFiLocationProvider.fnTimeoutNextFixSessionDue:822 com.qualcomm.location.xtwifi.XTWiFiLocationProvider.handleEnableLocationTracking:525 
W/ContextImpl(19709): Calling a method in the system process without a qualified user: android.app.ContextImpl.sendBroadcast:1351 android.content.ContextWrapper.sendBroadcast:377 com.qualcomm.location.xtwifi.XTWiFiLocationProvider.broadcastNLPIntent:2020 com.qualcomm.location.xtwifi.XTWiFiLocationProvider.handleFixReportFromXtwifi:1511 com.qualcomm.location.xtwifi.XTWiFiLocationProvider.handleZppFix:969 
W/ContextImpl(19709): Calling a method in the system process without a qualified user: android.app.ContextImpl.sendBroadcast:1351 android.content.ContextWrapper.sendBroadcast:377 com.qualcomm.location.xtwifi.XTWiFiLocationProvider.broadcastNLPIntent:2020 com.qualcomm.location.xtwifi.XTWiFiLocationProvider.reInstallTbfTimer:1163 com.qualcomm.location.xtwifi.XTWiFiLocationProvider.handleZppFix:975 
I/ActivityManager(19709): Start proc 21174:com.google.android.apps.photos/u0a71 for broadcast com.google.android.apps.photos/.localization.LocaleChangedReceiver
D/WifiService(19709): New client listening to asynchronous messages
I/ActivityManager(19709): Start proc 21218:com.google.android.gms.unstable/u0a8 for service com.google.android.gms/.droidguard.DroidGuardService
W/ResourcesManager(21218): Asset path '/system/framework/com.android.media.remotedisplay.jar' does not exist or contains no resources.
W/ResourcesManager(21218): Asset path '/system/framework/com.android.location.provider.jar' does not exist or contains no resources.
W/ActivityManager(19709): getRunningAppProcesses: caller 10071 does not hold REAL_GET_TASKS; limiting output
W/InputMethodManagerService(19709): Window already focused, ignoring focus gain of: com.android.internal.view.IInputMethodClient$Stub$Proxy@7328497 attribute=null, token = android.os.BinderProxy@5165ede
I/ActivityManager(19709): Start proc 21268:com.google.android.music:main/u0a64 for broadcast com.google.android.music/.notifications.NotificationChannelInitializationBroadcastReceiver
I/ActivityManager(19709): Start proc 21294:com.google.android.apps.maps/u0a63 for broadcast com.google.android.apps.maps/com.google.android.apps.gmm.locationsharing.usr.LocationAvailabilityChecker$LocationProvidersChangedBroadcastReceiver
W/ActivityManager(19709): getRunningAppProcesses: caller 10064 does not hold REAL_GET_TASKS; limiting output
E/Vold    (  236): Failed to find mounted volume for /storage/sdcard1/Android/data/com.google.android.gms/files/
W/Vold    (  236): Returning OperationFailed - no handler for errno 0
E/Vold    (  236): Failed to find mounted volume for /storage/sdcard1/Android/data/com.google.android.gms/files/
W/Vold    (  236): Returning OperationFailed - no handler for errno 0
W/ResourcesManager(21268): Asset path '/system/framework/com.android.media.remotedisplay.jar' does not exist or contains no resources.
W/ResourcesManager(21268): Asset path '/system/framework/com.android.location.provider.jar' does not exist or contains no resources.
W/ActivityManager(19709): getRunningAppProcesses: caller 10071 does not hold REAL_GET_TASKS; limiting output
E/Vold    (  236): Failed to find mounted volume for /storage/sdcard1/Android/data/com.google.android.music/files/
W/Vold    (  236): Returning OperationFailed - no handler for errno 0
E/Vold    (  236): Failed to find mounted volume for /storage/sdcard1/Android/data/com.google.android.music/files/
W/Vold    (  236): Returning OperationFailed - no handler for errno 0
E/Vold    (  236): Failed to find mounted volume for /storage/sdcard1/Android/data/com.google.android.music/files/
W/Vold    (  236): Returning OperationFailed - no handler for errno 0
W/BackupManagerService(19709): dataChanged but no participant pkg='com.android.launcher3' uid=10012
E/Vold    (  236): Failed to find mounted volume for /storage/sdcard1/Android/data/com.google.android.apps.maps/files/
W/Vold    (  236): Returning OperationFailed - no handler for errno 0
D/ConnectivityService(19709): ConnectivityService NetworkRequestInfo binderDied(NetworkRequest [ id=3, legacyType=-1, [ Capabilities: INTERNET&NOT_RESTRICTED&TRUSTED] ], android.os.BinderProxy@24382679)
D/ConnectivityService(19709): releasing NetworkRequest NetworkRequest [ id=3, legacyType=-1, [ Capabilities: INTERNET&NOT_RESTRICTED&TRUSTED] ]
E/ConnectivityService(19709): RemoteException caught trying to send a callback msg for NetworkRequest [ id=3, legacyType=-1, [ Capabilities: INTERNET&NOT_RESTRICTED&TRUSTED] ]
I/ActivityManager(19709): Process com.android.vending (pid 20912) has died
D/ActivityManager(19709): cleanUpApplicationRecord -- 20912
E/Vold    (  236): Failed to find mounted volume for /storage/sdcard1/Android/data/com.google.android.apps.maps/files/
W/Vold    (  236): Returning OperationFailed - no handler for errno 0
I/ActivityManager(19709): Start proc 21417:com.google.android.apps.plus/u0a72 for broadcast com.google.android.apps.plus/.locale.LocaleChangeReceiver
E/Vold    (  236): Failed to find mounted volume for /storage/sdcard1/Android/data/com.google.android.gms/files/
W/Vold    (  236): Returning OperationFailed - no handler for errno 0
W/ResourcesManager(20856): Asset path '/system/framework/com.google.android.media.effects.jar' does not exist or contains no resources.
E/Vold    (  236): Failed to find mounted volume for /storage/sdcard1/Android/data/com.google.android.apps.maps/files/
W/Vold    (  236): Returning OperationFailed - no handler for errno 0
W/ActivityManager(19709): getRunningAppProcesses: caller 10072 does not hold REAL_GET_TASKS; limiting output
W/ResourcesManager(21294): Asset path '/system/framework/com.android.media.remotedisplay.jar' does not exist or contains no resources.
W/ResourcesManager(21294): Asset path '/system/framework/com.android.location.provider.jar' does not exist or contains no resources.
E/Vold    (  236): Failed to find mounted volume for /storage/sdcard1/Android/data/com.google.android.apps.maps/files/
W/Vold    (  236): Returning OperationFailed - no handler for errno 0
I/ActivityManager(19709): Start proc 21459:com.google.android.gm/u0a49 for broadcast com.google.android.gm/.MailIntentReceiver
E/Vold    (  236): Failed to find mounted volume for /storage/sdcard1/Android/data/com.google.android.apps.maps/files/
W/Vold    (  236): Returning OperationFailed - no handler for errno 0
D/ActivityThread(21459): Loading provider com.google.android.gm.sapi: com.google.android.gm.sapi.SapiUiProvider
D/ConnectivityService(19709): listenForNetwork for NetworkRequest [ id=4, legacyType=-1, [ Capabilities: INTERNET&NOT_RESTRICTED&TRUSTED] ]
D/ConnectivityService(19709): handleRegisterNetworkRequest checking NetworkAgentInfo [WIFI () - 100]
D/ConnectivityService(19709): apparently satisfied.  currentScore=60
D/WifiService(19709): acquireWifiLockLocked: WifiLock{NlpWifiLock type=2 binder=android.os.BinderProxy@26e89fde}
I/ActivityManager(19709): Start proc 21531:com.android.mms/u0a14 for broadcast com.android.mms/.widget.MmsWidgetProvider
D/CountryDetector(19709): The first listener is added
W/ResourcesManager(21531): Asset path '/system/framework/com.google.android.media.effects.jar' does not exist or contains no resources.
I/ActivityManager(19709): Start proc 21562:com.qualcomm.qti.calendarwidget/u0a30 for broadcast com.qualcomm.qti.calendarwidget/.CalendarWidget
E/ActivityThread(21562): Failed to find provider info for com.qualcomm.qti.lunarinfo
I/ActivityManager(19709): Start proc 21589:com.qualcomm.timeservice/1000 for broadcast com.qualcomm.timeservice/.TimeServiceBroadcastReceiver
I/ActivityManager(19709): Killing 20428:com.android.contacts/u0a3 (adj 15): empty #17
I/ActivityManager(19709): Killing 20397:com.android.providers.calendar/u0a29 (adj 9): empty #17
D/ActivityManager(19709): cleanUpApplicationRecord -- 20428
D/ActivityManager(19709): cleanUpApplicationRecord -- 20397
I/ActivityManager(19709): Killing 21562:com.qualcomm.qti.calendarwidget/u0a30 (adj 9): depends on provider com.android.providers.calendar/.CalendarProvider2 in dying proc com.android.providers.calendar
W/ActivityManager(19709): Unable to start service Intent { cmp=com.google.android.gm/com.android.email.service.AttachmentService } U=0: not found
D/ActivityManager(19709): cleanUpApplicationRecord -- 21562
E/Vold    (  236): Failed to find mounted volume for /storage/sdcard1/Android/data/com.google.android.gm/cache/
W/Vold    (  236): Returning OperationFailed - no handler for errno 0
I/ActivityManager(19709): Start proc 21656:.remote/1000 for broadcast com.mypidion.customservice/.CustomServiceBootIntentReceiver
W/ContextImpl(21656): Calling a method in the system process without a qualified user: android.app.ContextImpl.startService:1716 android.content.ContextWrapper.startService:516 android.content.ContextWrapper.startService:516 com.mypidion.customservice.CustomServiceBootIntentReceiver.onReceive:68 android.app.ActivityThread.handleReceiver:2609 
I/ActivityManager(19709): Start proc 21680:com.mypidion.customservice:remote/1000 for service com.mypidion.customservice/.CustomService
I/ActivityManager(19709): Start proc 21701:com.android.contacts/u0a3 for broadcast com.android.contacts/.util.RCSUtil$WifiReceiver
I/ActivityManager(19709): Killing 20452:com.android.email/u0a40 (adj 15): empty #17
W/ResourcesManager(21701): Asset path '/system/framework/rcs_service_api.jar' does not exist or contains no resources.
D/ActivityManager(19709): cleanUpApplicationRecord -- 20452
I/ActivityManager(19709): Start proc 21731:com.android.email/u0a40 for broadcast com.android.email/.provider.WidgetProvider
W/ResourcesManager(21459): Asset path '/system/framework/com.android.media.remotedisplay.jar' does not exist or contains no resources.
W/ResourcesManager(21459): Asset path '/system/framework/com.android.location.provider.jar' does not exist or contains no resources.
D/ActivityThread(21731): Loading provider com.android.email.provider;com.android.email.notifier: com.android.email.provider.EmailProvider
W/ActivityManager(19709): Unable to start service Intent { cmp=com.android.email/.service.AttachmentService } U=0: not found
W/ActivityManager(19709): Unable to start service Intent { cmp=com.android.email/.service.AttachmentService } U=0: not found
W/ActivityManager(19709): Unable to start service Intent { cmp=com.android.email/.service.AttachmentService } U=0: not found
I/ActivityManager(19709): Killing 20660:com.google.android.youtube/u0a84 (adj 15): empty #17
D/ActivityManager(19709): cleanUpApplicationRecord -- 20660
D/ConnectivityService(19709): listenForNetwork for NetworkRequest [ id=5, legacyType=-1, [ Capabilities: INTERNET&NOT_RESTRICTED&TRUSTED] ]
D/ConnectivityService(19709): handleRegisterNetworkRequest checking NetworkAgentInfo [WIFI () - 100]
D/ConnectivityService(19709): apparently satisfied.  currentScore=60
W/InputManager(19709): ### injectInputEventInternal:: displayId = 0,  mode = 0
W/InputManager(19709): ### injectInputEventInternal:: pid = 19886,  uid = 10021, ident = 43039867293102
W/InputManager(19709): ### Input event injection from pid 19886 succeeded.
D/WifiService(19709): releaseWifiLockLocked: WifiLock{NlpWifiLock type=2 binder=android.os.BinderProxy@26e89fde}
W/InputManager(19709): ### injectInputEventInternal:: displayId = 0,  mode = 0
W/InputManager(19709): ### injectInputEventInternal:: pid = 19886,  uid = 10021, ident = 43039867293102
W/InputManager(19709): ### Input event injection from pid 19886 succeeded.
I/ActivityManager(19709): Start proc 21791:com.qualcomm.telephony/1000 for broadcast com.qualcomm.simcontacts/.SimStateReceiver
I/ActivityManager(19709): START u0 {act=android.intent.action.MAIN cat=[android.intent.category.HOME] flg=0x10200000 cmp=com.android.launcher3/.Launcher} from uid 1000 on display 0
W/ContextImpl(21791): Calling a method in the system process without a qualified user: android.app.ContextImpl.startService:1716 android.content.ContextWrapper.startService:516 android.content.ContextWrapper.startService:516 com.qualcomm.simcontacts.SimStateReceiver.sendSimState:78 com.qualcomm.simcontacts.SimStateReceiver.onReceive:54 
I/ActivityManager(19709): Start proc 21813:com.android.vending/u0a17 for broadcast com.android.vending/com.google.android.finsky.simhandler.SimStateReceiver
W/InputMethodManagerService(19709): Window already focused, ignoring focus gain of: com.android.internal.view.IInputMethodClient$Stub$Proxy@1ababaad attribute=null, token = android.os.BinderProxy@5165ede
W/ProcessCpuTracker(19709): Skipping unknown process pid 21844
D/ConnectivityService(19709): listenForNetwork for NetworkRequest [ id=6, legacyType=-1, [ Capabilities: INTERNET&NOT_RESTRICTED&TRUSTED] ]
D/ConnectivityService(19709): handleRegisterNetworkRequest checking NetworkAgentInfo [WIFI () - 100]
D/ConnectivityService(19709): apparently satisfied.  currentScore=60
I/ActivityManager(19709): Killing 21268:com.google.android.music:main/u0a64 (adj 15): empty #17
I/ActivityManager(19709): Killing 20357:com.android.printspooler/u0a73 (adj 15): empty #18
D/ActivityManager(19709): cleanUpApplicationRecord -- 21268
D/ActivityManager(19709): cleanUpApplicationRecord -- 20357
I/ActivityManager(19709): Start proc 21913:com.android.cellbroadcastreceiver/u0a2 for broadcast com.android.cellbroadcastreceiver/.CellBroadcastReceiver
--------- beginning of main
W/art     (21813): Suspending all threads took: 6.142ms
I/ServiceManager(  323): Waiting for service display.qservice...
W/mm-pp-daemon( 4521): type=1400 audit(0.0:3374): avc: denied { call } for scontext=u:r:mm-pp-daemon:s0 tcontext=u:r:servicemanager:s0 tclass=binder permissive=0
D/CellBroadcastReceiver(21913): onReceive Intent { act=android.intent.action.SERVICE_STATE flg=0x10 cmp=com.android.cellbroadcastreceiver/.CellBroadcastReceiver (has extras) }
D/CellBroadcastReceiver(21913): Intent ACTION_SERVICE_STATE_CHANGED
D/CellBroadcastReceiver(21913): Service state changed! 3 Full: 3 3 home null null null  Unknown Unknown CSS not supported -1 -1 RoamInd=-1 DefRoamInd=-1 EmergOnly=false Current state=-1
I/ActivityManager(19709): Killing 21174:com.google.android.apps.photos/u0a71 (adj 15): empty #17
I/Finsky  (21813): [1] com.google.android.finsky.splitinstallservice.di.a(10): Connecting InstallListener to SplitInstallService broadcaster...
D/ConnectivityService(19709): ConnectivityService NetworkRequestInfo binderDied(NetworkRequest [ id=5, legacyType=-1, [ Capabilities: INTERNET&NOT_RESTRICTED&TRUSTED] ], android.os.BinderProxy@3159f6ea)
D/ConnectivityService(19709): releasing NetworkRequest NetworkRequest [ id=5, legacyType=-1, [ Capabilities: INTERNET&NOT_RESTRICTED&TRUSTED] ]
E/ConnectivityService(19709): RemoteException caught trying to send a callback msg for NetworkRequest [ id=5, legacyType=-1, [ Capabilities: INTERNET&NOT_RESTRICTED&TRUSTED] ]
I/Icing   (20856): Indexing com.google.android.gms-apps from com.google.android.gms
D/ActivityManager(19709): cleanUpApplicationRecord -- 21174
W/ChimeraUtils(20203): Non Chimera context
I/PlayCommon(21813): [192] com.google.android.play.b.g.a(422): Connecting to server: https://play.googleapis.com/play/log?format=raw&proto_v2=true
D/AlertReceiver(20178): onReceive: a=android.intent.action.PROVIDER_CHANGED Intent { act=android.intent.action.PROVIDER_CHANGED dat=content://com.android.calendar flg=0x10 cmp=com.android.calendar/.alerts.AlertReceiver }
D/SIP     (20296): [SipSharedPreferences] isReceivingCallsEnabled, option not set; use default value, exception: android.provider.Settings$SettingNotFoundException: sip_receive_calls
I/IcingInternalCorpora(20856): Received calendar change notification.
D/AlertService(20178): 0 Action = android.intent.action.PROVIDER_CHANGED
I/ActivityManager(19709): Start proc 21941:com.android.providers.calendar/u0a29 for content provider com.android.providers.calendar/.CalendarProvider2
W/ResourcesManager(21941): Asset path '/system/framework/android.test.runner.jar' does not exist or contains no resources.
I/CalendarProvider2(21941): Created com.android.providers.calendar.CalendarAlarmManager@2f022e3d(com.android.providers.calendar.CalendarProvider2@2e327632)
W/Glide   (20742): Failed to find GeneratedAppGlideModule. You should include an annotationProcessor compile dependency on com.github.bumptech.glide:compiler in your application and a @GlideModule annotated AppGlideModule implementation or LibraryGlideModules will be silently ignored
I/Adreno-EGL(21218): <qeglDrvAPI_eglInitialize:379>: EGL 1.4 QUALCOMM build: AU_LINUX_ANDROID_LA.BR.1.1.3_RB1.05.01.00.032.017_msm8916_64_LA.BR.1.1.3_RB1__release_AU (Ie228694f41)
I/Adreno-EGL(21218): OpenGL ES Shader Compiler Version: E031.25.03.04
I/Adreno-EGL(21218): Build Date: 09/29/15 Tue
I/Adreno-EGL(21218): Local Branch: mybranch14662643
I/Adreno-EGL(21218): Remote Branch: quic/LA.BR.1.1.3_rb1.32
I/Adreno-EGL(21218): Local Patches: NONE
I/Adreno-EGL(21218): Reconstruct Branch: AU_LINUX_ANDROID_LA.BR.1.1.3_RB1.05.01.00.032.017 + 26a3cba + 6f69ea6 + 8bc2bc8 + 649fcde + a52cccf + dbf281f + 15f0bf8 + 8d02f76 + 9b2cb1a + 25f3b04 + 7cd8c84 + b54906e + 675fd74 + 7c22ef4 + 79b094c 
I/PlayCommon(21813): [192] com.google.android.play.b.g.a(511): Successfully uploaded logs.
I/Adreno-EGL(21218): <qeglDrvAPI_eglInitialize:379>: EGL 1.4 QUALCOMM build: AU_LINUX_ANDROID_LA.BR.1.1.3_RB1.05.01.00.032.017_msm8916_64_LA.BR.1.1.3_RB1__release_AU (Ie228694f41)
I/Adreno-EGL(21218): OpenGL ES Shader Compiler Version: E031.25.03.04
I/Adreno-EGL(21218): Build Date: 09/29/15 Tue
I/Adreno-EGL(21218): Local Branch: mybranch14662643
I/Adreno-EGL(21218): Remote Branch: quic/LA.BR.1.1.3_rb1.32
I/Adreno-EGL(21218): Local Patches: NONE
I/Adreno-EGL(21218): Reconstruct Branch: AU_LINUX_ANDROID_LA.BR.1.1.3_RB1.05.01.00.032.017 + 26a3cba + 6f69ea6 + 8bc2bc8 + 649fcde + a52cccf + dbf281f + 15f0bf8 + 8d02f76 + 9b2cb1a + 25f3b04 + 7cd8c84 + b54906e + 675fd74 + 7c22ef4 + 79b094c 
W/Binder_2(21235): type=1400 audit(0.0:3375): avc: denied { read } for name="/" dev="tmpfs" ino=7504 scontext=u:r:untrusted_app:s0 tcontext=u:object_r:device:s0 tclass=dir permissive=0
W/ResourcesManager(20856): Asset path '/system/framework/com.google.android.media.effects.jar' does not exist or contains no resources.
