E/AudioPolicyManager(19468): unknown stream type 13
E/AudioPolicyManager(19468): unknown stream type 13
E/AudioPolicyManager(19468): unknown stream type 13
E/AudioPolicyManager(19468): unknown stream type 13
E/AudioPolicyManager(19468): unknown stream type 13
E/AudioPolicyManager(19468): unknown stream type 13
E/AudioPolicyManager(19468): unknown stream type 13
E/AudioPolicyManager(19468): unknown stream type 13
E/AudioPolicyManager(19468): unknown stream type 13
E/AudioPolicyManager(19468): unknown stream type 13
E/AudioPolicyManager(19468): unknown stream type 13
E/AudioPolicyManager(19468): unknown stream type 13
E/AudioPolicyManager(19468): unknown stream type 13
E/AudioPolicyManager(19468): unknown stream type 13
I/ActivityManager(19709): Resuming delayed broadcast
D/ActivityManager(19709): cleanUpApplicationRecord -- 20512
I/CheckinUtil(20856): Classify the device as Phone.
I/ActivityManager(19709): Start proc 22288:com.android.managedprovisioning/u0a13 for broadcast com.android.managedprovisioning/.BootReminder
I/ActivityManager(19709): Killing 21731:com.android.email/u0a40 (adj 15): empty #17
D/ActivityManager(19709): cleanUpApplicationRecord -- 21731
I/GeofencerStateMachine(20203): sendQueryLocationOptIn
W/CheckinConnFactory(20856): Fail to connect to GoogleApiClient error : ovu{statusCode=TIMEOUT, resolution=null, message=null}
I/RlzPingService(20957): Setting next ping for 1541065057072
I/GeofencerStateMachine(20203): sendQueryLocationOptIn
I/GeofencerStateMachine(20203): sendQueryLocationOptIn
W/linker  (22204): /data/app/com.google.android.gms-1/lib/arm64/libconscrypt_gmscore_jni.so: unused DT entry: type 0x6ffffffe arg 0x18e4
W/linker  (22204): /data/app/com.google.android.gms-1/lib/arm64/libconscrypt_gmscore_jni.so: unused DT entry: type 0x6fffffff arg 0x2
V/NativeCrypto(22204): Registering com/google/android/gms/org/conscrypt/NativeCrypto's 287 native methods...
I/GeofencerStateMachine(20203): sendQueryLocationOptIn
I/art     (22204): Rejecting re-init on previously-failed class java.lang.Class<com.google.android.gms.org.conscrypt.Java7ExtendedSSLSession>
I/art     (22204): Rejecting re-init on previously-failed class java.lang.Class<com.google.android.gms.org.conscrypt.Java7ExtendedSSLSession>
I/art     (22204): Rejecting re-init on previously-failed class java.lang.Class<com.google.android.gms.org.conscrypt.Java8ExtendedSSLSession>
I/art     (22204): Rejecting re-init on previously-failed class java.lang.Class<com.google.android.gms.org.conscrypt.Java8ExtendedSSLSession>
I/GeofencerStateMachine(20203): sendQueryLocationOptIn
I/ProviderInstaller(22204): Installed default security provider GmsCore_OpenSSL
I/GeofencerStateMachine(20203): sendQueryLocationOptIn
I/GeofencerStateMachine(20203): sendQueryLocationOptIn
I/ServiceManager(17691): Waiting for service AtCmdFwd...
D/Mms     (21531): cancelNotification
W/ContextImpl(19709): Calling a method in the system process without a qualified user: android.app.ContextImpl.startService:1716 android.content.ContextWrapper.startService:516 android.content.ContextWrapper.startService:516 com.dsi.ant.server.AntService.startService:129 com.dsi.ant.server.startup.BootCompletedReceiver.onReceive:41 
W/ContextImpl(19709): Implicit intents with startService are not safe: Intent { act=com.dsi.ant.server.IAntHal } android.content.ContextWrapper.startService:516 android.content.ContextWrapper.startService:516 com.dsi.ant.server.AntService.startService:129 
E/SQLiteLog(22050): (283) recovered 72 frames from WAL file /data/data/com.android.providers.media/databases/internal.db-wal
I/DatabaseOpenHelper(20856): Upgrading DocList.db from version 163 to 172, databasePath=/data/data/com.google.android.gms/databases/DocList.db
I/ActivityManager(19709): Start proc 22317:kr.co.bluebird.android.bbupdate/1000 for broadcast kr.co.bluebird.android.bbupdate/.IntentReceiver
I/CustomSettingService(19709): barcode :false,sam :false,nfc :false,gps :true, modem :true
E/CustomSettingService(19709): java.lang.IllegalArgumentException: Unknown package: kr.co.bluebird.android.test.BarcodeTest
E/CustomSettingService(19709): java.lang.IllegalArgumentException: Unknown package: com.bluebird.iccard.service
W/CustomSettingService(19709): exception :android.content.pm.PackageManager$NameNotFoundException: Application package com.bluebird.android.customizing not found
D/Mms     (21531): Cursor= >>>>> Dumping cursor android.content.ContentResolver$CursorWrapperInner@2dd71d5c
D/Mms     (21531): <<<<<
D/StatusBar.NetworkController(19886): hasService: mServiceState=1 1 home null null null  Unknown Unknown CSS not supported 0 0 RoamInd=0 DefRoamInd=0 EmergOnly=true retVal=false
D/StatusBar.NetworkController(19886): refreshViews: Data not connected!! Set no data type icon / Roaming
D/StatusBar.NetworkController(19886): hasService: mServiceState=1 1 home null null null  Unknown Unknown CSS not supported 0 0 RoamInd=0 DefRoamInd=0 EmergOnly=true retVal=false
D/StatusBar.NetworkController(19886): refreshViews connected={ wifi } level=0 combinedSignalIconId=0x7f020343/com.android.systemui:drawable/stat_sys_wifi_signal_4_fully combinedActivityIconId=0x0 mobileLabel=Emergency calls only wifiLabel="SW2_We8h"xxxxXXXXxxxxXXXX emergencyOnly=true combinedLabel="SW2_We8h"xxxxXXXXxxxxXXXX mAirplaneMode=false mDataActivity=0 mPhoneSignalIconId=0x0/(null) mQSPhoneSignalIconId=0x7f0200ab/com.android.systemui:drawable/ic_qs_signal_no_signal mDataDirectionIconId=0x0/(null) mDataSignalIconId=0x0/(null) mDataTypeIconId=0x0/(null) mQSDataTypeIconId=0x0/(null) mNoSimIconId=0x7f02008b/com.android.systemui:drawable/ic_qs_no_sim mWifiIconId=0x7f020343/com.android.systemui:drawable/stat_sys_wifi_signal_4_fully mQSWifiIconId=0x7f0200bc/com.android.systemui:drawable/ic_qs_wifi_full_4 mWifiActivityIconId=0x0/(null) mBluetoothTetherIconId=0x108069b/android:drawable/stat_sys_tether_bluetooth
D/BBUpdate(22317): SHAREDPREFERENCE Initialize
D/BBUpdate(22317): onReceiver : ACTION_BOOT_COMPLETED
D/BBUpdate(22317): SHAREDPREFERENCE GET DOWNLOAD STATUS : -1
D/BBUpdate(22317): DOWNLOAD STATUS : -1
D/BBUpdate(22317): DOWNLOAD STATUS NULL
I/ActivityManager(19709): Start proc 22340:com.qualcomm.display/1000 for broadcast com.qualcomm.cabl/.CABLReceiver
I/ActivityManager(19709): Killing 20178:com.android.calendar/u0a28 (adj 15): empty #17
D/ActivityManager(19709): cleanUpApplicationRecord -- 20178
W/ContextImpl(22340): Calling a method in the system process without a qualified user: android.app.ContextImpl.startService:1716 android.content.ContextWrapper.startService:516 android.content.ContextWrapper.startService:516 com.qualcomm.cabl.CABLReceiver.onReceive:30 android.app.ActivityThread.handleReceiver:2609 
I/CheckinRequestProcessor(20856): cookie is null
I/ActivityManager(19709): Killing 21941:com.android.providers.calendar/u0a29 (adj 15): empty #17
D/CABL    (22340): PostProc daemon status: running
D/Launcher.Workspace(20335): 11683562 - addExtraEmptyScreenOnDrag()
D/Launcher.Workspace(20335): 11683562 - insertNewWorkspaceScreen(): -201 at index: 2
I/Finsky  (21813): [230] com.google.android.finsky.wear.eg.a(14): Do not start WearSupportService due to Wear service optimization
W/art     (22204): Verification of axjg pww.b(android.content.Context) took 178.732ms
E/Finsky  (21813): [229] com.google.android.finsky.at.c.a(27): Unable to build selector: /storage/emulated/0/Download/marketenvs.csv: open failed: ENOENT (No such file or directory)
I/ActivityManager(19709): Start proc 22369:com.android.calendar/u0a28 for broadcast com.android.calendar/.alerts.AlertReceiver
D/ActivityManager(19709): cleanUpApplicationRecord -- 21941
I/ShortcutBadger(21813): Checking if platform supports badge counters, attempt 1/3.
D/CABL    (22340): Connected to the daemon socket
D/CABL    (22340): Bootup: CABL state is:true
D/CABL    (22340): Starting CABL at bootup
D/PPDaemon(  323): CABLControl: CABL is already on!
D/CABL    (22340): PostProc Daemon sent: Success
D/CABL    (22340): Matching expected outcome Success with response from daemon Success
I/ServiceManager(17691): Waiting for service AtCmdFwd...
I/ShortcutBadger(21813): Checking if platform supports badge counters, attempt 2/3.
W/MediaScanner(22050): Error opening directory '/oem/media/', skipping: No such file or directory.
W/Conscrypt(20856): Could not set socket write timeout: java.net.SocketException: Socket closed
W/Conscrypt(20856): 	at com.google.android.gms.org.conscrypt.Platform.setSocketWriteTimeout(:com.google.android.gms@14366012@14.3.66 (020408-213742215):2)
W/Conscrypt(20856): 	at com.google.android.gms.org.conscrypt.ConscryptFileDescriptorSocket.setSoWriteTimeout(:com.google.android.gms@14366012@14.3.66 (020408-213742215):2)
I/Finsky  (21813): [219] com.google.android.finsky.dt.a.a.a.b(29): Triggered update for experiment package com.google.android.finsky.stable.
D/ExtensionsFactory(22369): No custom extensions.
D/AlertReceiver(22369): onReceive: a=android.intent.action.BOOT_COMPLETED Intent { act=android.intent.action.BOOT_COMPLETED flg=0x8000010 cmp=com.android.calendar/.alerts.AlertReceiver (has extras) }
D/AlertService(22369): 0 Action = android.intent.action.BOOT_COMPLETED
I/ServiceManager(  323): Waiting for service display.qservice...
W/mm-pp-daemon( 4521): type=1400 audit(0.0:3385): avc: denied { call } for scontext=u:r:mm-pp-daemon:s0 tcontext=u:r:servicemanager:s0 tclass=binder permissive=0
I/ActivityManager(19709): Start proc 22399:com.android.providers.calendar/u0a29 for broadcast com.android.providers.calendar/.CalendarReceiver
D/AlertService(22369): Scheduling next alarm with AlarmScheduler. sEventReminderReceived: null
W/ResourcesManager(22399): Asset path '/system/framework/android.test.runner.jar' does not exist or contains no resources.
I/ShortcutBadger(21813): Checking if platform supports badge counters, attempt 3/3.
W/art     (22204): Suspending all threads took: 16.558ms
W/Conscrypt(20856): Could not set socket write timeout: java.net.SocketException: Socket closed
W/Conscrypt(20856): 	at com.google.android.gms.org.conscrypt.Platform.setSocketWriteTimeout(:com.google.android.gms@14366012@14.3.66 (020408-213742215):2)
W/Conscrypt(20856): 	at com.google.android.gms.org.conscrypt.ConscryptFileDescriptorSocket.setSoWriteTimeout(:com.google.android.gms@14366012@14.3.66 (020408-213742215):2)
E/SQLiteLog(21813): (283) recovered 20 frames from WAL file /data/data/com.android.vending/databases/phenotype.db-wal
W/ShortcutBadger(21813): Badge counter seems not supported in this platform: unable to resolve intent: Intent { act=android.intent.action.BADGE_COUNT_UPDATE (has extras) }
I/CalendarProvider2(22399): Created com.android.providers.calendar.CalendarAlarmManager@2f022e3d(com.android.providers.calendar.CalendarProvider2@2e327632)
D/Mms     (21531): cancelNotification
I/CalendarProvider2(22399): Created com.android.providers.calendar.CalendarAlarmManager@3c60d0df(com.android.providers.calendar.CalendarProvider2@2057112c)
I/ActivityManager(19709): Killing 21978:com.caf.fmradio/1000 (adj 15): empty #17
I/Finsky  (21813): [231] com.google.android.finsky.verifier.impl.dq.e(125): Restoring notifications
D/wpa_supplicant(20154): wlan0: Control interface command 'SIGNAL_POLL'
I/Finsky  (21813): [231] com.google.android.finsky.verifier.impl.dq.e(131): Done restoring notifications
D/ActivityManager(19709): cleanUpApplicationRecord -- 21978
I/Finsky  (21813): [1] com.google.android.finsky.setup.bf.run(7): Detected restoreservicev2://recovery not needed, will not run
I/ActivityManager(19709): Killing 21913:com.android.cellbroadcastreceiver/u0a2 (adj 15): empty #17
W/Atfwd_Sendcmd(17691): AtCmdFwd service not published, waiting... retryCnt : 2
I/ActivityManager(19709): Start proc 22428:com.google.android.configupdater/u0a35 for broadcast com.google.android.configupdater/.CertPin.CertPinUpdateRequestReceiver
I/ActivityManager(19709): Waited long enough for: ServiceRecord{310c648b u0 com.mypidion.customservice/.CustomService}
D/ActivityManager(19709): cleanUpApplicationRecord -- 21913
D/AlarmScheduler(22369): No events found starting within 1 week.
D/ConnectivityService(19709): listenForNetwork for NetworkRequest [ id=7, legacyType=-1, [ Capabilities: INTERNET&NOT_RESTRICTED&TRUSTED&NOT_VPN] ]
D/ConnectivityService(19709): handleRegisterNetworkRequest checking NetworkAgentInfo [WIFI () - 100]
D/ConnectivityService(19709): apparently satisfied.  currentScore=60
D/ConnectivityManager.CallbackHandler(20856): CM callback handler got msg 524290
D/MediaProvider(22050): object removed 2913
D/MediaProvider(22050): object removed 2914
D/MediaProvider(22050): object removed 2915
D/Launcher.Workspace(20335): 6557954 Animate widget drop, final view is appWidgetHostView
I/ServiceManager(  323): Waiting for service display.qservice...
W/mm-pp-daemon( 4521): type=1400 audit(0.0:3386): avc: denied { call } for scontext=u:r:mm-pp-daemon:s0 tcontext=u:r:servicemanager:s0 tclass=binder permissive=0
D/audio_hw_primary(19468): out_standby: enter: stream (0xaac685f8) usecase(1: low-latency-playback)
E/UpdateRequestReceiver(22428): ignoring update request
E/UpdateRequestReceiver(22428): ignoring update request
E/UpdateRequestReceiver(22428): ignoring update request
E/UpdateRequestReceiver(22428): ignoring update request
D/soundtrigger(19468): audio_extn_sound_trigger_update_stream_status: uc_id 1 of type 0 for Event 2, with Raise=0
D/hardware_info(19468): hw_info_append_hw_type : device_name = speaker
I/soundtrigger(19468): audio_extn_sound_trigger_update_device_status: device 0x2 of type 0 for Event 0, with Raise=0
E/UpdateRequestReceiver(22428): ignoring update request
I/CheckinRequestProcessor(20856): updateCheckinIdTokenFileFromResponse, Reading existing AID
E/UpdateRequestReceiver(22428): ignoring update request
I/ActivityManager(19709): Start proc 22464:.remote/1000 for broadcast com.mypidion.customservice/.CustomServiceBootIntentReceiver
D/CustomServiceBootIntentReceiver(22464): onReceive: ACTION_BOOT_COMPLETED
W/ContextImpl(22464): Calling a method in the system process without a qualified user: android.app.ContextImpl.startService:1716 android.content.ContextWrapper.startService:516 android.content.ContextWrapper.startService:516 com.mypidion.customservice.CustomServiceBootIntentReceiver.onReceive:48 android.app.ActivityThread.handleReceiver:2609 
E/custommanager_customservice(21680): onStartCommand
I/ActivityManager(19709): Start proc 22481:com.android.email/u0a40 for broadcast com.android.email/.service.EmailBroadcastReceiver
I/ActivityManager(19709): Killing 21995:com.qualcomm.qti.telephony/1001 (adj 15): empty #17
D/Launcher.Workspace(20335): 11683562 - removeExtraEmptyScreen()
D/Launcher.Workspace(20335): 11683562 - convertFinalScreenToEmptyScreenIfNecessary()
D/Launcher.Workspace(20335): 11683562 - fadeAndRemoveEmptyScreen()
W/BackupManagerService(19709): dataChanged but no participant pkg='com.android.launcher3' uid=10012
I/CalendarProvider2(22399): Sending notification intent: Intent { act=android.intent.action.PROVIDER_CHANGED dat=content://com.android.calendar }
W/ContentResolver(22399): Failed to get type for: content://com.android.calendar (Unknown URL content://com.android.calendar)
V/WLAN_PSA(  258): NL MSG, len[048], NL type[0x11] WNI type[0x5050] len[028]
V/WLAN_PSA(  258): NL MSG, PID: 258
W/Binder_1(21233): type=1400 audit(0.0:3387): avc: denied { read } for name="/" dev="tmpfs" ino=7504 scontext=u:r:untrusted_app:s0 tcontext=u:object_r:device:s0 tclass=dir permissive=0
D/ActivityManager(19709): cleanUpApplicationRecord -- 21995
I/ActivityManager(19709): Killing 21701:com.android.contacts/u0a3 (adj 15): empty #17
I/Finsky  (21813): [219] com.google.android.finsky.dt.a.a.a.b(49): Already at the latest configurations for experiment package com.google.android.finsky.stable.
I/Finsky  (21813): [218] com.google.android.finsky.dt.a.a.a.b(29): Triggered update for experiment package com.google.android.finsky.regular.
D/ActivityManager(19709): cleanUpApplicationRecord -- 21701
I/CalendarProvider2(22399): Sending notification intent: Intent { act=android.intent.action.PROVIDER_CHANGED dat=content://com.android.calendar }
W/ContentResolver(22399): Failed to get type for: content://com.android.calendar (Unknown URL content://com.android.calendar)
I/ActivityManager(19709): Start proc 22504:com.android.exchange/u0a41 for service com.android.exchange/.service.EasService
D/ActivityThread(22481): Loading provider com.android.email.provider;com.android.email.notifier: com.android.email.provider.EmailProvider
I/Finsky  (21813): [218] com.google.android.finsky.dt.a.a.a.b(49): Already at the latest configurations for experiment package com.google.android.finsky.regular.
I/Finsky  (21813): [220] com.google.android.finsky.dt.a.a.a.b(29): Triggered update for experiment package com.google.android.finsky.regular.
I/ServiceManager(  323): Waiting for service display.qservice...
W/mm-pp-daemon( 4521): type=1400 audit(0.0:3388): avc: denied { call } for scontext=u:r:mm-pp-daemon:s0 tcontext=u:r:servicemanager:s0 tclass=binder permissive=0
D/EmailBroadcastReceiver(22481): Received android.intent.action.BOOT_COMPLETED
I/ActivityManager(19709): Start proc 22531:com.caf.fmradio/1000 for broadcast com.caf.fmradio/.FMTransmitterConfigReceiver
I/art     (19461): Explicit concurrent mark sweep GC freed 707(30KB) AllocSpace objects, 0(0B) LOS objects, 89% free, 126KB/1150KB, paused 238us total 20.260ms
I/art     (19461): Explicit concurrent mark sweep GC freed 7(240B) AllocSpace objects, 0(0B) LOS objects, 89% free, 126KB/1150KB, paused 185us total 19.185ms
I/art     (19461): Explicit concurrent mark sweep GC freed 5(160B) AllocSpace objects, 0(0B) LOS objects, 89% free, 126KB/1150KB, paused 221us total 19.090ms
I/art     (21218): WaitForGcToComplete blocked for 14.798ms for cause DisableMovingGc
I/ActivityManager(19709): Killing 22107:com.google.android.apps.plus/u0a72 (adj 15): empty #17
I/Adreno-EGL(21218): <qeglDrvAPI_eglInitialize:379>: EGL 1.4 QUALCOMM build: AU_LINUX_ANDROID_LA.BR.1.1.3_RB1.05.01.00.032.017_msm8916_64_LA.BR.1.1.3_RB1__release_AU (Ie228694f41)
I/Adreno-EGL(21218): OpenGL ES Shader Compiler Version: E031.25.03.04
I/Adreno-EGL(21218): Build Date: 09/29/15 Tue
I/Adreno-EGL(21218): Local Branch: mybranch14662643
I/Adreno-EGL(21218): Remote Branch: quic/LA.BR.1.1.3_rb1.32
I/Adreno-EGL(21218): Local Patches: NONE
I/Adreno-EGL(21218): Reconstruct Branch: AU_LINUX_ANDROID_LA.BR.1.1.3_RB1.05.01.00.032.017 + 26a3cba + 6f69ea6 + 8bc2bc8 + 649fcde + a52cccf + dbf281f + 15f0bf8 + 8d02f76 + 9b2cb1a + 25f3b04 + 7cd8c84 + b54906e + 675fd74 + 7c22ef4 + 79b094c 
D/FMAdapterApp(22531): Loading FM-JNI Library
E/android_hardware_fm(22531): FM : loading QCOMM FM-JNI
D/FMAdapterApp(22531): REFCOUNT: Constructed com.caf.fmradio.FMAdapterApp@6436301 Instance Count = 1
D/FMFolderConfigReceiver(22531): Received intent: android.intent.action.BOOT_COMPLETED
D/FMFolderConfigReceiver(22531): boot complete intent received
D/FMFolderConfigReceiver(22531): disableing the FM Transmitter
I/CheckinRequestProcessor(20856): CheckinNowTaskTag : Checkin Succeeded: https://android.clients.google.com/checkin (fragment #1): 
I/Finsky  (21813): [220] com.google.android.finsky.dt.a.j.a(5): Started reading experiment flags from file [v6B-2IolLQRBwrwPhscSaeg04As].
I/Adreno-EGL(21218): <qeglDrvAPI_eglInitialize:379>: EGL 1.4 QUALCOMM build: AU_LINUX_ANDROID_LA.BR.1.1.3_RB1.05.01.00.032.017_msm8916_64_LA.BR.1.1.3_RB1__release_AU (Ie228694f41)
I/Adreno-EGL(21218): OpenGL ES Shader Compiler Version: E031.25.03.04
I/Adreno-EGL(21218): Build Date: 09/29/15 Tue
I/Adreno-EGL(21218): Local Branch: mybranch14662643
I/Adreno-EGL(21218): Remote Branch: quic/LA.BR.1.1.3_rb1.32
I/Adreno-EGL(21218): Local Patches: NONE
I/Adreno-EGL(21218): Reconstruct Branch: AU_LINUX_ANDROID_LA.BR.1.1.3_RB1.05.01.00.032.017 + 26a3cba + 6f69ea6 + 8bc2bc8 + 649fcde + a52cccf + dbf281f + 15f0bf8 + 8d02f76 + 9b2cb1a + 25f3b04 + 7cd8c84 + b54906e + 675fd74 + 7c22ef4 + 79b094c 
W/ActivityManager(19709): Unable to start service Intent { cmp=com.android.email/.service.AttachmentService } U=0: not found
D/ActivityManager(19709): cleanUpApplicationRecord -- 22107
W/ActivityManager(19709): Unable to start service Intent { cmp=com.android.email/.service.AttachmentService } U=0: not found
I/Exchange(22504): EasService.onCreate
I/Finsky  (21813): [220] com.google.android.finsky.dt.a.j.a(39): Finished reading experiment flags from file [v6B-2IolLQRBwrwPhscSaeg04As].
I/Finsky  (21813): [220] com.google.android.finsky.dt.a.a.a.b(49): Already at the latest configurations for experiment package com.google.android.finsky.regular.
I/Email   (22481): Observing account changes for notifications
I/GoogleHttpClient(20378): GMS http client unavailable, use old client
I/ActivityManager(19709): Start proc 22556:com.google.android.apps.inputmethod.hindi/u0a51 for broadcast com.google.android.apps.inputmethod.hindi/com.google.android.apps.inputmethod.libs.framework.core.LauncherIconVisibilityInitializer
I/Exchange(22504): RestartPingTask
I/ActivityManager(19709): Killing 22079:com.google.android.apps.photos/u0a71 (adj 15): empty #17
W/MediaScanner(22050): Error opening directory '/storage/sdcard1/', skipping: Permission denied.
W/MediaScanner(22050): Error opening directory '/storage/uicc1/', skipping: Permission denied.
W/MediaScanner(22050): Error opening directory '/storage/usbotg/', skipping: Permission denied.
D/ActivityManager(19709): cleanUpApplicationRecord -- 22079
I/Exchange(22504): RestartPingsTask did not start any pings.
I/Exchange(22504): PSS stopIfIdle
I/Exchange(22504): PSS has no active accounts; stopping service.
I/Exchange(22504): onDestroy
I/ActivityManager(19709): Killing 21813:com.android.vending/u0a17 (adj 15): empty #17
E/PhoneInterfaceManager(20296): [PhoneIntfMgr] getIccId: ICC ID is null or empty.
D/ConnectivityService(19709): ConnectivityService NetworkRequestInfo binderDied(NetworkRequest [ id=6, legacyType=-1, [ Capabilities: INTERNET&NOT_RESTRICTED&TRUSTED] ], android.os.BinderProxy@2ea8a6ef)
D/ConnectivityService(19709): releasing NetworkRequest NetworkRequest [ id=6, legacyType=-1, [ Capabilities: INTERNET&NOT_RESTRICTED&TRUSTED] ]
E/ConnectivityService(19709): RemoteException caught trying to send a callback msg for NetworkRequest [ id=6, legacyType=-1, [ Capabilities: INTERNET&NOT_RESTRICTED&TRUSTED] ]
D/ActivityManager(19709): cleanUpApplicationRecord -- 21813
I/EventLogChimeraService(20856): Opted in for usage reporting
I/EventLogChimeraService(20856): Accumulating logs since 1540460251420
I/ActivityManager(19709): Killing 22154:com.android.deskclock/u0a37 (adj 15): empty #17
I/AndroidIME(22556): com.google.android.apps.inputmethod.libs.framework.core.LauncherIconVisibilityInitializerBase: android.intent.action.BOOT_COMPLETED
D/ActivityManager(19709): cleanUpApplicationRecord -- 22154
I/EventLogChimeraService(20856): Opted in for usage reporting
I/ActivityManager(19709): Start proc 22579:com.google.android.inputmethod.korean/u0a59 for broadcast com.google.android.inputmethod.korean/com.google.android.apps.inputmethod.libs.framework.core.LauncherIconVisibilityInitializer
I/ActivityManager(19709): Waited long enough for: ServiceRecord{2e851bc4 u0 com.qualcomm.simcontacts/.SimContactsService}
I/ActivityManager(19709): Killing 22176:com.android.keychain/1000 (adj 15): empty #17
I/CheckinRequestProcessor(20856): Gmscore running on device, checkin will use Gmscore context
I/CheckinRequestBuilder(20856): Checkin reason type: 8 attempt count: 2
D/ActivityManager(19709): cleanUpApplicationRecord -- 22176
I/ServiceManager(  323): Waiting for service display.qservice...
W/mm-pp-daemon( 4521): type=1400 audit(0.0:3389): avc: denied { call } for scontext=u:r:mm-pp-daemon:s0 tcontext=u:r:servicemanager:s0 tclass=binder permissive=0
E/Drm     (19468): Failed to find drm plugin
W/DG.WV   (21218): Widevine DRM not supported on this device
W/DG.WV   (21218): android.media.UnsupportedSchemeException: Failed to instantiate drm object.
W/DG.WV   (21218): 	at android.media.MediaDrm.native_setup(Native Method)
W/DG.WV   (21218): 	at android.media.MediaDrm.<init>(MediaDrm.java:180)
W/DG.WV   (21218): 	at tea.run(:com.google.android.gms@14366012@14.3.66 (020408-213742215):7)
W/DG.WV   (21218): 	at qfk.run(:com.google.android.gms@14366012@14.3.66 (020408-213742215):35)
W/DG.WV   (21218): 	at java.util.concurrent.ThreadPoolExecutor.runWorker(ThreadPoolExecutor.java:1112)
W/DG.WV   (21218): 	at java.util.concurrent.ThreadPoolExecutor$Worker.run(ThreadPoolExecutor.java:587)
W/DG.WV   (21218): 	at qll.run(:com.google.android.gms@14366012@14.3.66 (020408-213742215))
W/DG.WV   (21218): 	at java.lang.Thread.run(Thread.java:818)
W/DriveInitializer(20856): Awaiting to be initialized
I/ActivityManager(19709): Killing 22204:com.google.android.play.games.ui/u0a8 (adj 15): empty #17
E/Vold    (  236): Failed to find mounted volume for /storage/sdcard1/Android/data/com.google.android.gms/files/
W/Vold    (  236): Returning OperationFailed - no handler for errno 0
W/ContextImpl(20856): Failed to ensure directory: /storage/sdcard1/Android/data/com.google.android.gms/files
D/ActivityManager(19709): cleanUpApplicationRecord -- 22204
I/AndroidIME(22579): com.google.android.apps.inputmethod.libs.framework.core.LauncherIconVisibilityInitializerBase: android.intent.action.BOOT_COMPLETED
E/PhoneInterfaceManager(20296): [PhoneIntfMgr] getIccId: ICC ID is null or empty.
I/SystemBroadcastReceiver(20124): Boot has been completed
I/SystemBroadcastReceiver(20124): toggleAppIcon() : FLAG_SYSTEM = true
W/CheckinRequestBuilder(20856): Exception while truncating the IMSI
W/CheckinRequestBuilder(20856): java.lang.NullPointerException: Attempt to invoke virtual method 'byte[] java.lang.String.getBytes(java.lang.String)' on a null object reference
W/CheckinRequestBuilder(20856): 	at awcw.a(:com.google.android.gms@14366012@14.3.66 (020408-213742215):1)
W/CheckinRequestBuilder(20856): 	at awcw.a(:com.google.android.gms@14366012@14.3.66 (020408-213742215):4)
W/CheckinRequestBuilder(20856): 	at obm.a(:com.google.android.gms@14366012@14.3.66 (020408-213742215):222)
W/CheckinRequestBuilder(20856): 	at obm.a(:com.google.android.gms@14366012@14.3.66 (020408-213742215):96)
W/CheckinRequestBuilder(20856): 	at obn.a(:com.google.android.gms@14366012@14.3.66 (020408-213742215):145)
W/CheckinRequestBuilder(20856): 	at com.google.android.gms.checkin.CheckinChimeraService.a(:com.google.android.gms@14366012@14.3.66 (020408-213742215):122)
W/CheckinRequestBuilder(20856): 	at obi.run(:com.google.android.gms@14366012@14.3.66 (020408-213742215))
W/CheckinRequestBuilder(20856): 	at qfk.run(:com.google.android.gms@14366012@14.3.66 (020408-213742215):35)
W/CheckinRequestBuilder(20856): 	at java.util.concurrent.ThreadPoolExecutor.runWorker(ThreadPoolExecutor.java:1112)
W/CheckinRequestBuilder(20856): 	at java.util.concurrent.ThreadPoolExecutor$Worker.run(ThreadPoolExecutor.java:587)
W/CheckinRequestBuilder(20856): 	at qll.run(:com.google.android.gms@14366012@14.3.66 (020408-213742215))
W/CheckinRequestBuilder(20856): 	at java.lang.Thread.run(Thread.java:818)
I/PinnedContentDownloader(20856): Finished downloading pinned content.
I/ActivityManager(19709): Start proc 22610:com.bluebird.factory.reliability/1000 for broadcast com.bluebird.factory.reliability/.StartupIntentReceiver
W/ChimeraUtils(20203): Non Chimera context
I/ContentMaintenance(20856): Internal cache bytes used: 0; limit: 100000000; download size: 0
I/ActivityManager(19709): Killing 22222:com.android.dialer/u0a5 (adj 15): empty #17
I/RealtimeCacheCleanup(20856): Beginning Realtime garbage collection.
I/RealtimeCacheCleanup(20856): Finished Realtime garbage collection.
D/wpa_supplicant(20154): wlan0: Control interface command 'SIGNAL_POLL'
D/ActivityManager(19709): cleanUpApplicationRecord -- 22222
W/ChimeraUtils(20203): Non Chimera context
D/Launcher.Workspace(20335): 11683562 - addExtraEmptyScreenOnDrag()
D/Launcher.Workspace(20335): 11683562 - insertNewWorkspaceScreen(): -201 at index: 2
I/ServiceManager(  323): Waiting for service display.qservice...
W/mm-pp-daemon( 4521): type=1400 audit(0.0:3390): avc: denied { call } for scontext=u:r:mm-pp-daemon:s0 tcontext=u:r:servicemanager:s0 tclass=binder permissive=0
W/BackupManagerService(19709): dataChanged but no participant pkg='com.android.launcher3' uid=10012
W/BackupManagerService(19709): dataChanged but no participant pkg='com.android.launcher3' uid=10012
D/Launcher.Workspace(20335): 11683562 - removeExtraEmptyScreen()
D/Launcher.Workspace(20335): 11683562 - convertFinalScreenToEmptyScreenIfNecessary()
D/Launcher.Workspace(20335): 11683562 - fadeAndRemoveEmptyScreen()
D/StatusBar.NetworkController(19886): hasService: mServiceState=1 1 home null null null  Unknown Unknown CSS not supported 0 0 RoamInd=0 DefRoamInd=0 EmergOnly=true retVal=false
D/StatusBar.NetworkController(19886): refreshViews: Data not connected!! Set no data type icon / Roaming
D/StatusBar.NetworkController(19886): hasService: mServiceState=1 1 home null null null  Unknown Unknown CSS not supported 0 0 RoamInd=0 DefRoamInd=0 EmergOnly=true retVal=false
D/StatusBar.NetworkController(19886): refreshViews connected={ wifi } level=0 combinedSignalIconId=0x7f020343/com.android.systemui:drawable/stat_sys_wifi_signal_4_fully combinedActivityIconId=0x0 mobileLabel=Emergency calls only wifiLabel="SW2_We8h"xxxxXXXXxxxxXXXX emergencyOnly=true combinedLabel="SW2_We8h"xxxxXXXXxxxxXXXX mAirplaneMode=false mDataActivity=0 mPhoneSignalIconId=0x0/(null) mQSPhoneSignalIconId=0x7f0200ab/com.android.systemui:drawable/ic_qs_signal_no_signal mDataDirectionIconId=0x0/(null) mDataSignalIconId=0x0/(null) mDataTypeIconId=0x0/(null) mQSDataTypeIconId=0x0/(null) mNoSimIconId=0x7f02008b/com.android.systemui:drawable/ic_qs_no_sim mWifiIconId=0x7f020343/com.android.systemui:drawable/stat_sys_wifi_signal_4_fully mQSWifiIconId=0x7f0200bc/com.android.systemui:drawable/ic_qs_wifi_full_4 mWifiActivityIconId=0x0/(null) mBluetoothTetherIconId=0x108069b/android:drawable/stat_sys_tether_bluetooth
D/Launcher.Workspace(20335): 11683562 - stripEmptyScreens()
E/qdutils (  323): getBinder: invalid binder object
E/PPDaemon(  323): Success: Failed to signal HWC
W/Binder_2(21235): type=1400 audit(0.0:3391): avc: denied { read } for name="/" dev="tmpfs" ino=7504 scontext=u:r:untrusted_app:s0 tcontext=u:object_r:device:s0 tclass=dir permissive=0
I/Adreno-EGL(21218): <qeglDrvAPI_eglInitialize:379>: EGL 1.4 QUALCOMM build: AU_LINUX_ANDROID_LA.BR.1.1.3_RB1.05.01.00.032.017_msm8916_64_LA.BR.1.1.3_RB1__release_AU (Ie228694f41)
I/Adreno-EGL(21218): OpenGL ES Shader Compiler Version: E031.25.03.04
I/Adreno-EGL(21218): Build Date: 09/29/15 Tue
I/Adreno-EGL(21218): Local Branch: mybranch14662643
I/Adreno-EGL(21218): Remote Branch: quic/LA.BR.1.1.3_rb1.32
I/Adreno-EGL(21218): Local Patches: NONE
I/Adreno-EGL(21218): Reconstruct Branch: AU_LINUX_ANDROID_LA.BR.1.1.3_RB1.05.01.00.032.017 + 26a3cba + 6f69ea6 + 8bc2bc8 + 649fcde + a52cccf + dbf281f + 15f0bf8 + 8d02f76 + 9b2cb1a + 25f3b04 + 7cd8c84 + b54906e + 675fd74 + 7c22ef4 + 79b094c 
I/Adreno-EGL(21218): <qeglDrvAPI_eglInitialize:379>: EGL 1.4 QUALCOMM build: AU_LINUX_ANDROID_LA.BR.1.1.3_RB1.05.01.00.032.017_msm8916_64_LA.BR.1.1.3_RB1__release_AU (Ie228694f41)
I/Adreno-EGL(21218): OpenGL ES Shader Compiler Version: E031.25.03.04
I/Adreno-EGL(21218): Build Date: 09/29/15 Tue
I/Adreno-EGL(21218): Local Branch: mybranch14662643
I/Adreno-EGL(21218): Remote Branch: quic/LA.BR.1.1.3_rb1.32
I/Adreno-EGL(21218): Local Patches: NONE
I/Adreno-EGL(21218): Reconstruct Branch: AU_LINUX_ANDROID_LA.BR.1.1.3_RB1.05.01.00.032.017 + 26a3cba + 6f69ea6 + 8bc2bc8 + 649fcde + a52cccf + dbf281f + 15f0bf8 + 8d02f76 + 9b2cb1a + 25f3b04 + 7cd8c84 + b54906e + 675fd74 + 7c22ef4 + 79b094c 
I/Adreno-EGL(21218): <qeglDrvAPI_eglInitialize:379>: EGL 1.4 QUALCOMM build: AU_LINUX_ANDROID_LA.BR.1.1.3_RB1.05.01.00.032.017_msm8916_64_LA.BR.1.1.3_RB1__release_AU (Ie228694f41)
I/Adreno-EGL(21218): OpenGL ES Shader Compiler Version: E031.25.03.04
I/Adreno-EGL(21218): Build Date: 09/29/15 Tue
I/Adreno-EGL(21218): Local Branch: mybranch14662643
I/Adreno-EGL(21218): Remote Branch: quic/LA.BR.1.1.3_rb1.32
I/Adreno-EGL(21218): Local Patches: NONE
I/Adreno-EGL(21218): Reconstruct Branch: AU_LINUX_ANDROID_LA.BR.1.1.3_RB1.05.01.00.032.017 + 26a3cba + 6f69ea6 + 8bc2bc8 + 649fcde + a52cccf + dbf281f + 15f0bf8 + 8d02f76 + 9b2cb1a + 25f3b04 + 7cd8c84 + b54906e + 675fd74 + 7c22ef4 + 79b094c 
I/Adreno-EGL(21218): <qeglDrvAPI_eglInitialize:379>: EGL 1.4 QUALCOMM build: AU_LINUX_ANDROID_LA.BR.1.1.3_RB1.05.01.00.032.017_msm8916_64_LA.BR.1.1.3_RB1__release_AU (Ie228694f41)
I/Adreno-EGL(21218): OpenGL ES Shader Compiler Version: E031.25.03.04
I/Adreno-EGL(21218): Build Date: 09/29/15 Tue
I/Adreno-EGL(21218): Local Branch: mybranch14662643
I/Adreno-EGL(21218): Remote Branch: quic/LA.BR.1.1.3_rb1.32
I/Adreno-EGL(21218): Local Patches: NONE
I/Adreno-EGL(21218): Reconstruct Branch: AU_LINUX_ANDROID_LA.BR.1.1.3_RB1.05.01.00.032.017 + 26a3cba + 6f69ea6 + 8bc2bc8 + 649fcde + a52cccf + dbf281f + 15f0bf8 + 8d02f76 + 9b2cb1a + 25f3b04 + 7cd8c84 + b54906e + 675fd74 + 7c22ef4 + 79b094c 
W/Binder_3(21720): type=1400 audit(0.0:3392): avc: denied { read } for name="/" dev="tmpfs" ino=7504 scontext=u:r:untrusted_app:s0 tcontext=u:object_r:device:s0 tclass=dir permissive=0
D/Ulp_jni (19709): Location CB invoked
D/LocationManagerService(19709): incoming location: Location[fused 37.488738,127.053543 acc=1343 et=+1d3h36m23s281ms alt=0.0 vel=0.0 bear=81.0 {Bundle[{}]}]
D/LocationManagerService(19709): incoming location: Location[fused 37.488738,127.053543 acc=1343 et=+1d3h36m23s281ms alt=0.0 vel=0.0 bear=81.0 {Bundle[{}]}]
D/GpsLocationProvider(19709): NetworkLocationListener=Location[fused 37.488738,127.053543 acc=1343 et=+1d3h36m23s281ms alt=0.0 vel=0.0 bear=81.0 {Bundle[{noGPSLocation=Location[network 37.488738,127.053543 acc=18 et=+1d3h36m3s863ms alt=90.69999694824219 {Bundle[{networkLocationType=wifi, coarseLocation=Location[network 37.495495,127.038871 acc=2000 et=+1d3h36m3s863ms]}]}]}]}]
D/GpsLocationProvider(19709): This Location Timezone is [ Asia/Seoul ]
D/AlarmManagerService(19709): Kernel timezone updated to -540 minutes west of GMT
D/wpa_supplicant(20154): wlan0: Control interface command 'SIGNAL_POLL'
W/ContextImpl(22340): Calling a method in the system process without a qualified user: android.app.ContextImpl.startService:1716 android.content.ContextWrapper.startService:516 android.content.ContextWrapper.startService:516 com.qualcomm.svi.SVIReceiver.onReceive:30 android.app.ActivityThread.handleReceiver:2609 
D/SimStateReceiver(21791): received broadcast android.intent.action.BOOT_COMPLETED
W/ContextImpl(21791): Calling a method in the system process without a qualified user: android.app.ContextImpl.startService:1716 android.content.ContextWrapper.startService:516 android.content.ContextWrapper.startService:516 com.qualcomm.simcontacts.SimStateReceiver.sendPhoneBoot:69 com.qualcomm.simcontacts.SimStateReceiver.onReceive:56 
D/SimContactsService(21791): service onStart!
D/SimContactsService(21791): SIM contacts auto-sync is not enabled!
I/ActivityManager(19709): Start proc 22640:com.google.android.youtube/u0a84 for broadcast com.google.android.youtube/com.google.android.libraries.youtube.upload.service.UploadService$BootReceiver
V/WLAN_PSA(  258): NL MSG, len[048], NL type[0x11] WNI type[0x5050] len[028]
V/WLAN_PSA(  258): NL MSG, PID: 258
W/ActivityManager(19709): getRunningAppProcesses: caller 10084 does not hold REAL_GET_TASKS; limiting output
W/ActivityManager(19709): getRunningAppProcesses: caller 10084 does not hold REAL_GET_TASKS; limiting output
W/ResourcesManager(22640): Asset path '/system/framework/com.android.media.remotedisplay.jar' does not exist or contains no resources.
W/ResourcesManager(22640): Asset path '/system/framework/com.android.location.provider.jar' does not exist or contains no resources.
W/linker  (22640): /data/app/com.google.android.gms-1/lib/arm64/libconscrypt_gmscore_jni.so: unused DT entry: type 0x6ffffffe arg 0x18e4
W/linker  (22640): /data/app/com.google.android.gms-1/lib/arm64/libconscrypt_gmscore_jni.so: unused DT entry: type 0x6fffffff arg 0x2
V/NativeCrypto(22640): Registering com/google/android/gms/org/conscrypt/NativeCrypto's 287 native methods...
W/art     (22640): Suspending all threads took: 8.360ms
D/StatusBar.NetworkController(19886): hasService: mServiceState=1 1 home null null null  Unknown Unknown CSS not supported 0 0 RoamInd=0 DefRoamInd=0 EmergOnly=true retVal=false
D/StatusBar.NetworkController(19886): refreshViews: Data not connected!! Set no data type icon / Roaming
D/StatusBar.NetworkController(19886): hasService: mServiceState=1 1 home null null null  Unknown Unknown CSS not supported 0 0 RoamInd=0 DefRoamInd=0 EmergOnly=true retVal=false
D/StatusBar.NetworkController(19886): refreshViews connected={ wifi } level=0 combinedSignalIconId=0x7f020343/com.android.systemui:drawable/stat_sys_wifi_signal_4_fully combinedActivityIconId=0x0 mobileLabel=Emergency calls only wifiLabel="SW2_We8h"xxxxXXXXxxxxXXXX emergencyOnly=true combinedLabel="SW2_We8h"xxxxXXXXxxxxXXXX mAirplaneMode=false mDataActivity=0 mPhoneSignalIconId=0x0/(null) mQSPhoneSignalIconId=0x7f0200ab/com.android.systemui:drawable/ic_qs_signal_no_signal mDataDirectionIconId=0x0/(null) mDataSignalIconId=0x0/(null) mDataTypeIconId=0x0/(null) mQSDataTypeIconId=0x0/(null) mNoSimIconId=0x7f02008b/com.android.systemui:drawable/ic_qs_no_sim mWifiIconId=0x7f020343/com.android.systemui:drawable/stat_sys_wifi_signal_4_fully mQSWifiIconId=0x7f0200bc/com.android.systemui:drawable/ic_qs_wifi_full_4 mWifiActivityIconId=0x0/(null) mBluetoothTetherIconId=0x108069b/android:drawable/stat_sys_tether_bluetooth
I/art     (22640): Rejecting re-init on previously-failed class java.lang.Class<com.google.android.gms.org.conscrypt.Java7ExtendedSSLSession>
I/art     (22640): Rejecting re-init on previously-failed class java.lang.Class<com.google.android.gms.org.conscrypt.Java7ExtendedSSLSession>
I/art     (22640): Rejecting re-init on previously-failed class java.lang.Class<com.google.android.gms.org.conscrypt.Java8ExtendedSSLSession>
I/art     (22640): Rejecting re-init on previously-failed class java.lang.Class<com.google.android.gms.org.conscrypt.Java8ExtendedSSLSession>
W/art     (22640): Suspending all threads took: 9.252ms
I/ProviderInstaller(22640): Installed default security provider GmsCore_OpenSSL
I/ServiceManager(  323): Waiting for service display.qservice...
W/mm-pp-daemon( 4521): type=1400 audit(0.0:3393): avc: denied { call } for scontext=u:r:mm-pp-daemon:s0 tcontext=u:r:servicemanager:s0 tclass=binder permissive=0
W/art     (22640): Suspending all threads took: 5.703ms
W/DynamiteModule(22640): Failed to load module via V2: java.lang.ClassNotFoundException: Didn't find class "com.google.android.gms.dynamite.DynamiteModule$DynamiteLoaderClassLoader" on path: DexPathList[[zip file "/system/app/YouTube/YouTube.apk"],nativeLibraryDirectories=[/system/app/YouTube/lib/arm64, /vendor/lib64, /system/lib64]]
I/DynamiteModule(22640): Considering local module com.google.android.gms.ads.dynamite:0 and remote module com.google.android.gms.ads.dynamite:320
I/DynamiteModule(22640): Selected remote version of com.google.android.gms.ads.dynamite, version >= 320
E/Vold    (  236): Failed to find mounted volume for /storage/sdcard1/Android/data/com.google.android.youtube/cache/
W/Vold    (  236): Returning OperationFailed - no handler for errno 0
W/ContextImpl(22640): Failed to ensure directory: /storage/sdcard1/Android/data/com.google.android.youtube/cache
D/DynamitePackage(22640): Instantiated singleton DynamitePackage.
D/DynamitePackage(22640): Instantiating com.google.android.gms.ads.adshield.ChimeraAdShieldCreatorImpl
W/ActivityManager(19709): getRunningAppProcesses: caller 10084 does not hold REAL_GET_TASKS; limiting output
E/Vold    (  236): Failed to find mounted volume for /storage/sdcard1/Android/data/com.google.android.youtube/cache/
W/Vold    (  236): Returning OperationFailed - no handler for errno 0
W/ContextImpl(22640): Failed to ensure directory: /storage/sdcard1/Android/data/com.google.android.youtube/cache
E/Vold    (  236): Failed to find mounted volume for /storage/sdcard1/Android/data/com.google.android.youtube/files/
W/Vold    (  236): Returning OperationFailed - no handler for errno 0
W/ContextImpl(22640): Failed to ensure directory: /storage/sdcard1/Android/data/com.google.android.youtube/files
E/Vold    (  236): Failed to find mounted volume for /storage/sdcard1/Android/data/com.google.android.youtube/files/
W/Vold    (  236): Returning OperationFailed - no handler for errno 0
W/ContextImpl(22640): Failed to ensure directory: /storage/sdcard1/Android/data/com.google.android.youtube/files
W/InstanceID/Rpc(22640): Found 10008
D/StatusBar.NetworkController(19886): hasService: mServiceState=1 1 home null null null  Unknown Unknown CSS not supported 0 0 RoamInd=0 DefRoamInd=0 EmergOnly=true retVal=false
D/StatusBar.NetworkController(19886): refreshViews: Data not connected!! Set no data type icon / Roaming
D/StatusBar.NetworkController(19886): hasService: mServiceState=1 1 home null null null  Unknown Unknown CSS not supported 0 0 RoamInd=0 DefRoamInd=0 EmergOnly=true retVal=false
D/StatusBar.NetworkController(19886): refreshViews connected={ wifi } level=0 combinedSignalIconId=0x7f020343/com.android.systemui:drawable/stat_sys_wifi_signal_4_fully combinedActivityIconId=0x0 mobileLabel=Emergency calls only wifiLabel="SW2_We8h"xxxxXXXXxxxxXXXX emergencyOnly=true combinedLabel="SW2_We8h"xxxxXXXXxxxxXXXX mAirplaneMode=false mDataActivity=0 mPhoneSignalIconId=0x0/(null) mQSPhoneSignalIconId=0x7f0200ab/com.android.systemui:drawable/ic_qs_signal_no_signal mDataDirectionIconId=0x0/(null) mDataSignalIconId=0x0/(null) mDataTypeIconId=0x0/(null) mQSDataTypeIconId=0x0/(null) mNoSimIconId=0x7f02008b/com.android.systemui:drawable/ic_qs_no_sim mWifiIconId=0x7f020343/com.android.systemui:drawable/stat_sys_wifi_signal_4_fully mQSWifiIconId=0x7f0200bc/com.android.systemui:drawable/ic_qs_wifi_full_4 mWifiActivityIconId=0x0/(null) mBluetoothTetherIconId=0x108069b/android:drawable/stat_sys_tether_bluetooth
W/ActivityManager(19709): getRunningAppProcesses: caller 10084 does not hold REAL_GET_TASKS; limiting output
W/ContextImpl(20277): Calling a method in the system process without a qualified user: android.app.ContextImpl.startService:1716 android.content.ContextWrapper.startService:516 android.content.ContextWrapper.startService:516 com.qualcomm.qti.services.secureui.BootReceiver.onReceive:30 android.app.ActivityThread.handleReceiver:2609 
D/SecUISvc(20277): Service started flags 0 startId 1
D/SecUISvc(20277): Thread created.
D/SecUISvc.WfdReceiver(20277): WfdReceiver(), wfdActive=false
W/ResourcesManager(21791): Asset path '/system/framework/qcrilhook.jar' does not exist or contains no resources.
D/DormancyReceiver(21791): Received Unexpected Intent Intent { act=android.intent.action.BOOT_COMPLETED flg=0x8000010 cmp=com.qualcomm.fastdormancy/.FastDormancyReceiver (has extras) }
D/QcrilMsgTunnelAutoboot(22014): ComponentInfo{com.qualcomm.qcrilmsgtunnel/com.qualcomm.qcrilmsgtunnel.QcrilMsgTunnelService} started successfully
V/XDivert (20296): Action intent recieved:Intent { act=android.intent.action.BOOT_COMPLETED flg=0x8000010 cmp=com.qti.xdivert/.XDivert (has extras) }
I/ActivityManager(19709): Start proc 22733:com.qualcomm.telephony/1001 for broadcast org.codeaurora.ims/com.qualcomm.ims.csvt.CsvtServiceAutoboot
I/ActivityManager(19709): Killing 22253:com.google.android.onetimeinitializer/u0a10 (adj 15): empty #17
I/ServiceManager(  323): Waiting for service display.qservice...
W/mm-pp-daemon( 4521): type=1400 audit(0.0:3394): avc: denied { call } for scontext=u:r:mm-pp-daemon:s0 tcontext=u:r:servicemanager:s0 tclass=binder permissive=0
D/ActivityManager(19709): cleanUpApplicationRecord -- 22253
I/CsvtService AutoBoot(22733): Received boot complete.CsvtEnabled = false
I/ActivityManager(19709): Start proc 22751:com.android.vending/u0a17 for broadcast com.android.vending/com.google.android.finsky.boothandler.BootCompletedReceiver
I/ActivityManager(19709): Killing 22288:com.android.managedprovisioning/u0a13 (adj 15): empty #17
E/AudioPolicyManager(19468): unknown stream type 13
E/AudioPolicyManager(19468): unknown stream type 13
E/AudioPolicyManager(19468): unknown stream type 13
E/AudioPolicyManager(19468): unknown stream type 13
E/AudioPolicyManager(19468): unknown stream type 13
E/AudioPolicyManager(19468): unknown stream type 13
E/AudioPolicyManager(19468): unknown stream type 13
E/AudioPolicyManager(19468): unknown stream type 13
E/AudioPolicyManager(19468): unknown stream type 13
D/audio_hw_primary(19468): start_output_stream: enter: stream(0xaac685f8)usecase(1: low-latency-playback) devices(0x2)
D/audio_hw_primary(19468): select_devices: out_snd_device(2: speaker) in_snd_device(0: )
D/hardware_info(19468): hw_info_append_hw_type : device_name = speaker
I/soundtrigger(19468): audio_extn_sound_trigger_update_device_status: device 0x2 of type 0 for Event 1, with Raise=0
W/audio_hw_utils(19468): audio_extn_utils_update_stream_app_type_cfg: App type could not be selected. Falling back to default
I/audio_hw_primary(19468): select_devices Selected apptype: 69936
D/soundtrigger(19468): audio_extn_sound_trigger_update_stream_status: uc_id 1 of type 0 for Event 3, with Raise=0
D/ACDB-LOADER(19468): ACDB -> send_audio_cal, acdb_id = 14, path =  0
D/ACDB-LOADER(19468): ACDB -> send_asm_topology
D/ACDB-LOADER(19468): ACDB -> ACDB_CMD_GET_AUDPROC_STREAM_TOPOLOGY_ID
D/ACDB-LOADER(19468): ACDB -> send_adm_topology
D/ACDB-LOADER(19468): ACDB -> ACDB_CMD_GET_AUDPROC_COMMON_TOPOLOGY_ID
D/ACDB-LOADER(19468): ACDB -> send_audtable
D/ACDB-LOADER(19468): ACDB -> ACDB_CMD_GET_AUDPROC_COMMON_TABLE
D/ACDB-LOADER(19468): ACDB -> AUDIO_SET_AUDPROC_CAL
D/ACDB-LOADER(19468): ACDB -> send_audvoltable
D/ACDB-LOADER(19468): ACDB -> ACDB_CMD_GET_AUDPROC_GAIN_DEP_STEP_TABLE
D/ACDB-LOADER(19468): ACDB -> AUDIO_SET_AUDPROC_VOL_CAL
D/ACDB-LOADER(19468): ACDB -> send_afe_cal
D/ACDB-LOADER(19468): ACDB -> ACDB_CMD_GET_AFE_COMMON_TABLE
D/ACDB-LOADER(19468): ACDB -> AUDIO_SET_AFE_CAL
D/ACDB-LOADER(19468): ACDB -> send_hw_delay : acdb_id = 14 path = 0
D/ACDB-LOADER(19468): ACDB -> ACDB_AVSYNC_INFO: ACDB_CMD_GET_DEVICE_PROPERTY
I/audio_hw_utils(19468): audio_extn_utils_send_app_type_cfg app_type 69936, acdb_dev_id 14, sample_rate 48000
D/audio_hw_primary(19468): select_devices: done
D/ActivityManager(19709): cleanUpApplicationRecord -- 22288
D/android.widget.GridLayout(20335): vertical constraints: y1-y0>=599, y2-y1>=599, y3-y2>=599, y3-y0<=1579 are inconsistent; permanently removing: y3-y0<=1579. 
E/AudioPolicyManager(19468): unknown stream type 13
E/AudioPolicyManager(19468): unknown stream type 13
E/AudioPolicyManager(19468): unknown stream type 13
E/AudioPolicyManager(19468): unknown stream type 13
E/AudioPolicyManager(19468): unknown stream type 13
E/AudioPolicyManager(19468): unknown stream type 13
E/AudioPolicyManager(19468): unknown stream type 13
E/AudioPolicyManager(19468): unknown stream type 13
E/AudioPolicyManager(19468): unknown stream type 13
E/AudioPolicyManager(19468): unknown stream type 13
E/AudioPolicyManager(19468): unknown stream type 13
E/AudioPolicyManager(19468): unknown stream type 13
E/AudioPolicyManager(19468): unknown stream type 13
E/AudioPolicyManager(19468): unknown stream type 13
E/AudioPolicyManager(19468): unknown stream type 13
E/AudioPolicyManager(19468): unknown stream type 13
E/AudioPolicyManager(19468): unknown stream type 13
D/android.widget.GridLayout(20335): vertical constraints: y1-y0>=599, y2-y1>=599, y3-y2>=599, y3-y0<=1579 are inconsistent; permanently removing: y3-y0<=1579. 
D/android.widget.GridLayout(20335): vertical constraints: y1-y0>=599, y2-y1>=599, y3-y2>=599, y3-y0<=1579 are inconsistent; permanently removing: y3-y0<=1579. 
D/android.widget.GridLayout(20335): vertical constraints: y1-y0>=599, y2-y1>=599, y3-y2>=599, y3-y0<=1579 are inconsistent; permanently removing: y3-y0<=1579. 
D/android.widget.GridLayout(20335): vertical constraints: y1-y0>=599, y2-y1>=599, y3-y2>=599, y3-y0<=1579 are inconsistent; permanently removing: y3-y0<=1579. 
I/CheckinUtil(20856): Classify the device as Phone.
I/CheckinConnFactory(20856): Get token from PseudonymousIdApi: 144=xT3jOqy5KJqkAf4tSLu0X3uvyXZIXmvtPj-7BQf7Fuxsb2AOP23yt0saXiF2qPywSjnfgmuR0NM_afIMN6Na7bxfpAUP0Nvt-S3nlk18A5HiRzih0bEJZ9KpVrwGaJyNFr3f-aF6oJO_Z2wh6ap7LtoKw-g5jR6ErCixxPMH6vA
I/CheckinRequestProcessor(20856): set cookie as: NID=144=xT3jOqy5KJqkAf4tSLu0X3uvyXZIXmvtPj-7BQf7Fuxsb2AOP23yt0saXiF2qPywSjnfgmuR0NM_afIMN6Na7bxfpAUP0Nvt-S3nlk18A5HiRzih0bEJZ9KpVrwGaJyNFr3f-aF6oJO_Z2wh6ap7LtoKw-g5jR6ErCixxPMH6vA
W/Conscrypt(20856): Could not set socket write timeout: java.net.SocketException: Socket closed
W/Conscrypt(20856): 	at com.google.android.gms.org.conscrypt.Platform.setSocketWriteTimeout(:com.google.android.gms@14366012@14.3.66 (020408-213742215):2)
W/Conscrypt(20856): 	at com.google.android.gms.org.conscrypt.ConscryptFileDescriptorSocket.setSoWriteTimeout(:com.google.android.gms@14366012@14.3.66 (020408-213742215):2)
W/Conscrypt(20856): Could not set socket write timeout: java.net.SocketException: Socket closed
W/Conscrypt(20856): 	at com.google.android.gms.org.conscrypt.Platform.setSocketWriteTimeout(:com.google.android.gms@14366012@14.3.66 (020408-213742215):2)
