D/StrictMode(22751): 	at com.google.android.play.b.g.<init>(SourceFile:21)
D/StrictMode(22751): 	at com.google.android.play.b.g.<init>(SourceFile:4)
D/StrictMode(22751): 	at com.google.android.finsky.e.w.<init>(SourceFile:94)
D/StrictMode(22751): 	at com.google.android.finsky.application.impl.c.a(SourceFile:1288)
D/StrictMode(22751): 	at com.google.android.finsky.application.impl.c.cw(SourceFile:1297)
D/StrictMode(22751): 	at com.google.android.finsky.application.impl.c.cy(SourceFile:65)
D/StrictMode(22751): 	at com.google.android.finsky.application.impl.bp.a_(SourceFile:12)
D/StrictMode(22751): 	at b.b.a.f.a(SourceFile:11)
D/StrictMode(22751): 	at com.google.common.util.concurrent.s.a(SourceFile:5)
D/StrictMode(22751): 	at com.google.common.util.concurrent.r.run(SourceFile:17)
D/StrictMode(22751): 	at com.google.common.util.concurrent.bi.run(SourceFile:3)
D/StrictMode(22751): 	at com.google.android.apps.gsa.a.f.a.i.run(SourceFile:7)
D/StrictMode(22751): 	at java.util.concurrent.ThreadPoolExecutor.runWorker(ThreadPoolExecutor.java:1112)
D/StrictMode(22751): 	at java.util.concurrent.ThreadPoolExecutor$Worker.run(ThreadPoolExecutor.java:587)
D/StrictMode(22751): 	at com.google.android.finsky.bo.q.run(Unknown Source)
D/StrictMode(22751): 	at java.lang.Thread.run(Thread.java:818)
D/StrictMode(22751): StrictMode policy violation: android.os.StrictMode$StrictModeDiskReadViolation: policy=31 violation=2
D/StrictMode(22751): 	at android.os.StrictMode$AndroidBlockGuardPolicy.onReadFromDisk(StrictMode.java:1137)
D/StrictMode(22751): 	at libcore.io.BlockGuardOs.fstat(BlockGuardOs.java:132)
D/StrictMode(22751): 	at libcore.io.IoBridge.open(IoBridge.java:445)
D/StrictMode(22751): 	at java.io.FileInputStream.<init>(FileInputStream.java:76)
D/StrictMode(22751): 	at com.google.android.play.b.e.a(SourceFile:49)
D/StrictMode(22751): 	at com.google.android.play.b.e.<init>(SourceFile:13)
D/StrictMode(22751): 	at com.google.android.play.b.g.<init>(SourceFile:21)
D/StrictMode(22751): 	at com.google.android.play.b.g.<init>(SourceFile:4)
D/StrictMode(22751): 	at com.google.android.finsky.e.w.<init>(SourceFile:94)
D/StrictMode(22751): 	at com.google.android.finsky.application.impl.c.a(SourceFile:1288)
D/StrictMode(22751): 	at com.google.android.finsky.application.impl.c.cw(SourceFile:1297)
D/StrictMode(22751): 	at com.google.android.finsky.application.impl.c.cy(SourceFile:65)
D/StrictMode(22751): 	at com.google.android.finsky.application.impl.bp.a_(SourceFile:12)
D/StrictMode(22751): 	at b.b.a.f.a(SourceFile:11)
D/StrictMode(22751): 	at com.google.common.util.concurrent.s.a(SourceFile:5)
D/StrictMode(22751): 	at com.google.common.util.concurrent.r.run(SourceFile:17)
D/StrictMode(22751): 	at com.google.common.util.concurrent.bi.run(SourceFile:3)
D/StrictMode(22751): 	at com.google.android.apps.gsa.a.f.a.i.run(SourceFile:7)
D/StrictMode(22751): 	at java.util.concurrent.ThreadPoolExecutor.runWorker(ThreadPoolExecutor.java:1112)
D/StrictMode(22751): 	at java.util.concurrent.ThreadPoolExecutor$Worker.run(ThreadPoolExecutor.java:587)
D/StrictMode(22751): 	at com.google.android.finsky.bo.q.run(Unknown Source)
D/StrictMode(22751): 	at java.lang.Thread.run(Thread.java:818)
D/StrictMode(22751): StrictMode policy violation: android.os.StrictMode$StrictModeDiskReadViolation: policy=31 violation=2
D/StrictMode(22751): 	at android.os.StrictMode$AndroidBlockGuardPolicy.onReadFromDisk(StrictMode.java:1137)
D/StrictMode(22751): 	at libcore.io.BlockGuardOs.stat(BlockGuardOs.java:292)
D/StrictMode(22751): 	at java.io.File.length(File.java:724)
D/StrictMode(22751): 	at com.google.android.play.b.e.a(SourceFile:50)
D/StrictMode(22751): 	at com.google.android.play.b.e.<init>(SourceFile:13)
D/StrictMode(22751): 	at com.google.android.play.b.g.<init>(SourceFile:21)
D/StrictMode(22751): 	at com.google.android.play.b.g.<init>(SourceFile:4)
D/StrictMode(22751): 	at com.google.android.finsky.e.w.<init>(SourceFile:94)
D/StrictMode(22751): 	at com.google.android.finsky.application.impl.c.a(SourceFile:1288)
D/StrictMode(22751): 	at com.google.android.finsky.application.impl.c.cw(SourceFile:1297)
D/StrictMode(22751): 	at com.google.android.finsky.application.impl.c.cy(SourceFile:65)
D/StrictMode(22751): 	at com.google.android.finsky.application.impl.bp.a_(SourceFile:12)
D/StrictMode(22751): 	at b.b.a.f.a(SourceFile:11)
D/StrictMode(22751): 	at com.google.common.util.concurrent.s.a(SourceFile:5)
D/StrictMode(22751): 	at com.google.common.util.concurrent.r.run(SourceFile:17)
D/StrictMode(22751): 	at com.google.common.util.concurrent.bi.run(SourceFile:3)
D/StrictMode(22751): 	at com.google.android.apps.gsa.a.f.a.i.run(SourceFile:7)
D/StrictMode(22751): 	at java.util.concurrent.ThreadPoolExecutor.runWorker(ThreadPoolExecutor.java:1112)
D/StrictMode(22751): 	at java.util.concurrent.ThreadPoolExecutor$Worker.run(ThreadPoolExecutor.java:587)
D/StrictMode(22751): 	at com.google.android.finsky.bo.q.run(Unknown Source)
D/StrictMode(22751): 	at java.lang.Thread.run(Thread.java:818)
W/mm-pp-daemon( 4521): type=1400 audit(0.0:3395): avc: denied { call } for scontext=u:r:mm-pp-daemon:s0 tcontext=u:r:servicemanager:s0 tclass=binder permissive=0
I/ServiceManager(  323): Waiting for service display.qservice...
D/StrictMode(22751): StrictMode policy violation: android.os.StrictMode$StrictModeDiskReadViolation: policy=31 violation=2
D/StrictMode(22751): 	at android.os.StrictMode$AndroidBlockGuardPolicy.onReadFromDisk(StrictMode.java:1137)
D/StrictMode(22751): 	at libcore.io.BlockGuardOs.access(BlockGuardOs.java:67)
D/StrictMode(22751): 	at java.io.File.doAccess(File.java:283)
D/StrictMode(22751): 	at java.io.File.exists(File.java:363)
D/StrictMode(22751): 	at com.google.android.play.b.g.<init>(SourceFile:75)
D/StrictMode(22751): 	at com.google.android.play.b.g.<init>(SourceFile:4)
D/StrictMode(22751): 	at com.google.android.finsky.e.w.<init>(SourceFile:94)
D/StrictMode(22751): 	at com.google.android.finsky.application.impl.c.a(SourceFile:1288)
D/StrictMode(22751): 	at com.google.android.finsky.application.impl.c.cw(SourceFile:1297)
D/StrictMode(22751): 	at com.google.android.finsky.application.impl.c.cy(SourceFile:65)
D/StrictMode(22751): 	at com.google.android.finsky.application.impl.bp.a_(SourceFile:12)
D/StrictMode(22751): 	at b.b.a.f.a(SourceFile:11)
D/StrictMode(22751): 	at com.google.common.util.concurrent.s.a(SourceFile:5)
D/StrictMode(22751): 	at com.google.common.util.concurrent.r.run(SourceFile:17)
D/StrictMode(22751): 	at com.google.common.util.concurrent.bi.run(SourceFile:3)
D/StrictMode(22751): 	at com.google.android.apps.gsa.a.f.a.i.run(SourceFile:7)
D/StrictMode(22751): 	at java.util.concurrent.ThreadPoolExecutor.runWorker(ThreadPoolExecutor.java:1112)
D/StrictMode(22751): 	at java.util.concurrent.ThreadPoolExecutor$Worker.run(ThreadPoolExecutor.java:587)
D/StrictMode(22751): 	at com.google.android.finsky.bo.q.run(Unknown Source)
D/StrictMode(22751): 	at java.lang.Thread.run(Thread.java:818)
D/StrictMode(22751): StrictMode policy violation: android.os.StrictMode$StrictModeDiskReadViolation: policy=31 violation=2
D/StrictMode(22751): 	at android.os.StrictMode$AndroidBlockGuardPolicy.onReadFromDisk(StrictMode.java:1137)
D/StrictMode(22751): 	at libcore.io.BlockGuardOs.access(BlockGuardOs.java:67)
D/StrictMode(22751): 	at java.io.File.doAccess(File.java:283)
D/StrictMode(22751): 	at java.io.File.exists(File.java:363)
D/StrictMode(22751): 	at com.google.android.play.b.s.b(SourceFile:55)
D/StrictMode(22751): 	at com.google.android.play.b.s.<init>(SourceFile:18)
D/StrictMode(22751): 	at com.google.android.play.b.g.<init>(SourceFile:79)
D/StrictMode(22751): 	at com.google.android.play.b.g.<init>(SourceFile:4)
D/StrictMode(22751): 	at com.google.android.finsky.e.w.<init>(SourceFile:94)
D/StrictMode(22751): 	at com.google.android.finsky.application.impl.c.a(SourceFile:1288)
D/StrictMode(22751): 	at com.google.android.finsky.application.impl.c.cw(SourceFile:1297)
D/StrictMode(22751): 	at com.google.android.finsky.application.impl.c.cy(SourceFile:65)
D/StrictMode(22751): 	at com.google.android.finsky.application.impl.bp.a_(SourceFile:12)
D/StrictMode(22751): 	at b.b.a.f.a(SourceFile:11)
D/StrictMode(22751): 	at com.google.common.util.concurrent.s.a(SourceFile:5)
D/StrictMode(22751): 	at com.google.common.util.concurrent.r.run(SourceFile:17)
D/StrictMode(22751): 	at com.google.common.util.concurrent.bi.run(SourceFile:3)
D/StrictMode(22751): 	at com.google.android.apps.gsa.a.f.a.i.run(SourceFile:7)
D/StrictMode(22751): 	at java.util.concurrent.ThreadPoolExecutor.runWorker(ThreadPoolExecutor.java:1112)
D/StrictMode(22751): 	at java.util.concurrent.ThreadPoolExecutor$Worker.run(ThreadPoolExecutor.java:587)
D/StrictMode(22751): 	at com.google.android.finsky.bo.q.run(Unknown Source)
D/StrictMode(22751): 	at java.lang.Thread.run(Thread.java:818)
D/StrictMode(22751): StrictMode policy violation: android.os.StrictMode$StrictModeDiskReadViolation: policy=31 violation=2
D/StrictMode(22751): 	at android.os.StrictMode$AndroidBlockGuardPolicy.onReadFromDisk(StrictMode.java:1137)
D/StrictMode(22751): 	at libcore.io.BlockGuardOs.open(BlockGuardOs.java:182)
D/StrictMode(22751): 	at java.io.File.createNewFile(File.java:934)
D/StrictMode(22751): 	at java.io.File.createTempFile(File.java:1006)
D/StrictMode(22751): 	at com.google.android.play.b.s.b(SourceFile:58)
D/StrictMode(22751): 	at com.google.android.play.b.s.<init>(SourceFile:18)
D/StrictMode(22751): 	at com.google.android.play.b.g.<init>(SourceFile:79)
D/StrictMode(22751): 	at com.google.android.play.b.g.<init>(SourceFile:4)
D/StrictMode(22751): 	at com.google.android.finsky.e.w.<init>(SourceFile:94)
D/StrictMode(22751): 	at com.google.android.finsky.application.impl.c.a(SourceFile:1288)
D/StrictMode(22751): 	at com.google.android.finsky.application.impl.c.cw(SourceFile:1297)
D/StrictMode(22751): 	at com.google.android.finsky.application.impl.c.cy(SourceFile:65)
D/StrictMode(22751): 	at com.google.android.finsky.application.impl.bp.a_(SourceFile:12)
D/StrictMode(22751): 	at b.b.a.f.a(SourceFile:11)
D/StrictMode(22751): 	at com.google.common.util.concurrent.s.a(SourceFile:5)
D/StrictMode(22751): 	at com.google.common.util.concurrent.r.run(SourceFile:17)
D/StrictMode(22751): 	at com.google.common.util.concurrent.bi.run(SourceFile:3)
D/StrictMode(22751): 	at com.google.android.apps.gsa.a.f.a.i.run(SourceFile:7)
D/StrictMode(22751): 	at java.util.concurrent.ThreadPoolExecutor.runWorker(ThreadPoolExecutor.java:1112)
D/StrictMode(22751): 	at java.util.concurrent.ThreadPoolExecutor$Worker.run(ThreadPoolExecutor.java:587)
D/StrictMode(22751): 	at com.google.android.finsky.bo.q.run(Unknown Source)
D/StrictMode(22751): 	at java.lang.Thread.run(Thread.java:818)
D/StrictMode(22751): StrictMode policy violation: android.os.StrictMode$StrictModeDiskReadViolation: policy=31 violation=2
D/StrictMode(22751): 	at android.os.StrictMode$AndroidBlockGuardPolicy.onReadFromDisk(StrictMode.java:1137)
D/StrictMode(22751): 	at libcore.io.BlockGuardOs.open(BlockGuardOs.java:182)
D/StrictMode(22751): 	at libcore.io.IoBridge.open(IoBridge.java:442)
D/StrictMode(22751): 	at java.io.FileOutputStream.<init>(FileOutputStream.java:87)
D/StrictMode(22751): 	at java.io.FileOutputStream.<init>(FileOutputStream.java:72)
D/StrictMode(22751): 	at com.google.android.play.b.s.b(SourceFile:59)
D/StrictMode(22751): 	at com.google.android.play.b.s.<init>(SourceFile:18)
D/StrictMode(22751): 	at com.google.android.play.b.g.<init>(SourceFile:79)
D/StrictMode(22751): 	at com.google.android.play.b.g.<init>(SourceFile:4)
D/StrictMode(22751): 	at com.google.android.finsky.e.w.<init>(SourceFile:94)
D/StrictMode(22751): 	at com.google.android.finsky.application.impl.c.a(SourceFile:1288)
D/StrictMode(22751): 	at com.google.android.finsky.application.impl.c.cw(SourceFile:1297)
D/StrictMode(22751): 	at com.google.android.finsky.application.impl.c.cy(SourceFile:65)
D/StrictMode(22751): 	at com.google.android.finsky.application.impl.bp.a_(SourceFile:12)
D/StrictMode(22751): 	at b.b.a.f.a(SourceFile:11)
D/StrictMode(22751): 	at com.google.common.util.concurrent.s.a(SourceFile:5)
D/StrictMode(22751): 	at com.google.common.util.concurrent.r.run(SourceFile:17)
D/StrictMode(22751): 	at com.google.common.util.concurrent.bi.run(SourceFile:3)
D/StrictMode(22751): 	at com.google.android.apps.gsa.a.f.a.i.run(SourceFile:7)
D/StrictMode(22751): 	at java.util.concurrent.ThreadPoolExecutor.runWorker(ThreadPoolExecutor.java:1112)
D/StrictMode(22751): 	at java.util.concurrent.ThreadPoolExecutor$Worker.run(ThreadPoolExecutor.java:587)
D/StrictMode(22751): 	at com.google.android.finsky.bo.q.run(Unknown Source)
D/StrictMode(22751): 	at java.lang.Thread.run(Thread.java:818)
D/StrictMode(22751): StrictMode policy violation: android.os.StrictMode$StrictModeDiskReadViolation: policy=31 violation=2
D/StrictMode(22751): 	at android.os.StrictMode$AndroidBlockGuardPolicy.onReadFromDisk(StrictMode.java:1137)
D/StrictMode(22751): 	at libcore.io.BlockGuardOs.fstat(BlockGuardOs.java:132)
D/StrictMode(22751): 	at libcore.io.IoBridge.open(IoBridge.java:445)
D/StrictMode(22751): 	at java.io.FileOutputStream.<init>(FileOutputStream.java:87)
D/StrictMode(22751): 	at java.io.FileOutputStream.<init>(FileOutputStream.java:72)
D/StrictMode(22751): 	at com.google.android.play.b.s.b(SourceFile:59)
D/StrictMode(22751): 	at com.google.android.play.b.s.<init>(SourceFile:18)
D/StrictMode(22751): 	at com.google.android.play.b.g.<init>(SourceFile:79)
D/StrictMode(22751): 	at com.google.android.play.b.g.<init>(SourceFile:4)
D/StrictMode(22751): 	at com.google.android.finsky.e.w.<init>(SourceFile:94)
D/StrictMode(22751): 	at com.google.android.finsky.application.impl.c.a(SourceFile:1288)
D/StrictMode(22751): 	at com.google.android.finsky.application.impl.c.cw(SourceFile:1297)
D/StrictMode(22751): 	at com.google.android.finsky.application.impl.c.cy(SourceFile:65)
D/StrictMode(22751): 	at com.google.android.finsky.application.impl.bp.a_(SourceFile:12)
D/StrictMode(22751): 	at b.b.a.f.a(SourceFile:11)
D/StrictMode(22751): 	at com.google.common.util.concurrent.s.a(SourceFile:5)
D/StrictMode(22751): 	at com.google.common.util.concurrent.r.run(SourceFile:17)
D/StrictMode(22751): 	at com.google.common.util.concurrent.bi.run(SourceFile:3)
D/StrictMode(22751): 	at com.google.android.apps.gsa.a.f.a.i.run(SourceFile:7)
D/StrictMode(22751): 	at java.util.concurrent.ThreadPoolExecutor.runWorker(ThreadPoolExecutor.java:1112)
D/StrictMode(22751): 	at java.util.concurrent.ThreadPoolExecutor$Worker.run(ThreadPoolExecutor.java:587)
D/StrictMode(22751): 	at com.google.android.finsky.bo.q.run(Unknown Source)
D/StrictMode(22751): 	at java.lang.Thread.run(Thread.java:818)
D/StrictMode(22751): StrictMode policy violation: android.os.StrictMode$StrictModeDiskReadViolation: policy=31 violation=2
D/StrictMode(22751): 	at android.os.StrictMode$AndroidBlockGuardPolicy.onReadFromDisk(StrictMode.java:1137)
D/StrictMode(22751): 	at libcore.io.BlockGuardOs.access(BlockGuardOs.java:67)
D/StrictMode(22751): 	at java.io.File.doAccess(File.java:283)
D/StrictMode(22751): 	at java.io.File.exists(File.java:363)
D/StrictMode(22751): 	at com.google.android.play.b.s.<init>(SourceFile:23)
D/StrictMode(22751): 	at com.google.android.play.b.g.<init>(SourceFile:79)
D/StrictMode(22751): 	at com.google.android.play.b.g.<init>(SourceFile:4)
D/StrictMode(22751): 	at com.google.android.finsky.e.w.<init>(SourceFile:94)
D/StrictMode(22751): 	at com.google.android.finsky.application.impl.c.a(SourceFile:1288)
D/StrictMode(22751): 	at com.google.android.finsky.application.impl.c.cw(SourceFile:1297)
D/StrictMode(22751): 	at com.google.android.finsky.application.impl.c.cy(SourceFile:65)
D/StrictMode(22751): 	at com.google.android.finsky.application.impl.bp.a_(SourceFile:12)
D/StrictMode(22751): 	at b.b.a.f.a(SourceFile:11)
D/StrictMode(22751): 	at com.google.common.util.concurrent.s.a(SourceFile:5)
D/StrictMode(22751): 	at com.google.common.util.concurrent.r.run(SourceFile:17)
D/StrictMode(22751): 	at com.google.common.util.concurrent.bi.run(SourceFile:3)
D/StrictMode(22751): 	at com.google.android.apps.gsa.a.f.a.i.run(SourceFile:7)
D/StrictMode(22751): 	at java.util.concurrent.ThreadPoolExecutor.runWorker(ThreadPoolExecutor.java:1112)
D/StrictMode(22751): 	at java.util.concurrent.ThreadPoolExecutor$Worker.run(ThreadPoolExecutor.java:587)
D/StrictMode(22751): 	at com.google.android.finsky.bo.q.run(Unknown Source)
D/StrictMode(22751): 	at java.lang.Thread.run(Thread.java:818)
D/StrictMode(22751): StrictMode policy violation: android.os.StrictMode$StrictModeDiskReadViolation: policy=31 violation=2
D/StrictMode(22751): 	at android.os.StrictMode$AndroidBlockGuardPolicy.onReadFromDisk(StrictMode.java:1137)
D/StrictMode(22751): 	at libcore.io.BlockGuardOs.access(BlockGuardOs.java:67)
D/StrictMode(22751): 	at java.io.File.doAccess(File.java:283)
D/StrictMode(22751): 	at java.io.File.exists(File.java:363)
D/StrictMode(22751): 	at com.google.android.play.b.s.<init>(SourceFile:33)
D/StrictMode(22751): 	at com.google.android.play.b.g.<init>(SourceFile:79)
D/StrictMode(22751): 	at com.google.android.play.b.g.<init>(SourceFile:4)
D/StrictMode(22751): 	at com.google.android.finsky.e.w.<init>(SourceFile:94)
D/StrictMode(22751): 	at com.google.android.finsky.application.impl.c.a(SourceFile:1288)
D/StrictMode(22751): 	at com.google.android.finsky.application.impl.c.cw(SourceFile:1297)
D/StrictMode(22751): 	at com.google.android.finsky.application.impl.c.cy(SourceFile:65)
D/StrictMode(22751): 	at com.google.android.finsky.application.impl.bp.a_(SourceFile:12)
D/StrictMode(22751): 	at b.b.a.f.a(SourceFile:11)
D/StrictMode(22751): 	at com.google.common.util.concurrent.s.a(SourceFile:5)
D/StrictMode(22751): 	at com.google.common.util.concurrent.r.run(SourceFile:17)
D/StrictMode(22751): 	at com.google.common.util.concurrent.bi.run(SourceFile:3)
D/StrictMode(22751): 	at com.google.android.apps.gsa.a.f.a.i.run(SourceFile:7)
D/StrictMode(22751): 	at java.util.concurrent.ThreadPoolExecutor.runWorker(ThreadPoolExecutor.java:1112)
D/StrictMode(22751): 	at java.util.concurrent.ThreadPoolExecutor$Worker.run(ThreadPoolExecutor.java:587)
D/StrictMode(22751): 	at com.google.android.finsky.bo.q.run(Unknown Source)
D/StrictMode(22751): 	at java.lang.Thread.run(Thread.java:818)
D/StrictMode(22751): StrictMode policy violation: android.os.StrictMode$StrictModeDiskReadViolation: policy=31 violation=2
D/StrictMode(22751): 	at android.os.StrictMode$AndroidBlockGuardPolicy.onReadFromDisk(StrictMode.java:1137)
D/StrictMode(22751): 	at libcore.io.BlockGuardOs.stat(BlockGuardOs.java:292)
D/StrictMode(22751): 	at java.io.File.isFile(File.java:539)
D/StrictMode(22751): 	at com.google.android.play.b.s.<init>(SourceFile:36)
D/StrictMode(22751): 	at com.google.android.play.b.g.<init>(SourceFile:79)
D/StrictMode(22751): 	at com.google.android.play.b.g.<init>(SourceFile:4)
D/StrictMode(22751): 	at com.google.android.finsky.e.w.<init>(SourceFile:94)
D/StrictMode(22751): 	at com.google.android.finsky.application.impl.c.a(SourceFile:1288)
D/StrictMode(22751): 	at com.google.android.finsky.application.impl.c.cw(SourceFile:1297)
D/StrictMode(22751): 	at com.google.android.finsky.application.impl.c.cy(SourceFile:65)
D/StrictMode(22751): 	at com.google.android.finsky.application.impl.bp.a_(SourceFile:12)
D/StrictMode(22751): 	at b.b.a.f.a(SourceFile:11)
D/StrictMode(22751): 	at com.google.common.util.concurrent.s.a(SourceFile:5)
D/StrictMode(22751): 	at com.google.common.util.concurrent.r.run(SourceFile:17)
D/StrictMode(22751): 	at com.google.common.util.concurrent.bi.run(SourceFile:3)
D/StrictMode(22751): 	at com.google.android.apps.gsa.a.f.a.i.run(SourceFile:7)
D/StrictMode(22751): 	at java.util.concurrent.ThreadPoolExecutor.runWorker(ThreadPoolExecutor.java:1112)
D/StrictMode(22751): 	at java.util.concurrent.ThreadPoolExecutor$Worker.run(ThreadPoolExecutor.java:587)
D/StrictMode(22751): 	at com.google.android.finsky.bo.q.run(Unknown Source)
D/StrictMode(22751): 	at java.lang.Thread.run(Thread.java:818)
D/StrictMode(22751): StrictMode policy violation: android.os.StrictMode$StrictModeDiskReadViolation: policy=31 violation=2
D/StrictMode(22751): 	at android.os.StrictMode$AndroidBlockGuardPolicy.onReadFromDisk(StrictMode.java:1137)
D/StrictMode(22751): 	at libcore.io.BlockGuardOs.stat(BlockGuardOs.java:292)
D/StrictMode(22751): 	at java.io.File.length(File.java:724)
D/StrictMode(22751): 	at com.google.android.play.b.s.<init>(SourceFile:37)
D/StrictMode(22751): 	at com.google.android.play.b.g.<init>(SourceFile:79)
D/StrictMode(22751): 	at com.google.android.play.b.g.<init>(SourceFile:4)
D/StrictMode(22751): 	at com.google.android.finsky.e.w.<init>(SourceFile:94)
D/StrictMode(22751): 	at com.google.android.finsky.application.impl.c.a(SourceFile:1288)
D/StrictMode(22751): 	at com.google.android.finsky.application.impl.c.cw(SourceFile:1297)
D/StrictMode(22751): 	at com.google.android.finsky.application.impl.c.cy(SourceFile:65)
D/StrictMode(22751): 	at com.google.android.finsky.application.impl.bp.a_(SourceFile:12)
D/StrictMode(22751): 	at b.b.a.f.a(SourceFile:11)
D/StrictMode(22751): 	at com.google.common.util.concurrent.s.a(SourceFile:5)
D/StrictMode(22751): 	at com.google.common.util.concurrent.r.run(SourceFile:17)
D/StrictMode(22751): 	at com.google.common.util.concurrent.bi.run(SourceFile:3)
D/StrictMode(22751): 	at com.google.android.apps.gsa.a.f.a.i.run(SourceFile:7)
D/StrictMode(22751): 	at java.util.concurrent.ThreadPoolExecutor.runWorker(ThreadPoolExecutor.java:1112)
D/StrictMode(22751): 	at java.util.concurrent.ThreadPoolExecutor$Worker.run(ThreadPoolExecutor.java:587)
D/StrictMode(22751): 	at com.google.android.finsky.bo.q.run(Unknown Source)
D/StrictMode(22751): 	at java.lang.Thread.run(Thread.java:818)
D/StrictMode(22751): StrictMode policy violation: android.os.StrictMode$StrictModeDiskWriteViolation: policy=31 violation=1
D/StrictMode(22751): 	at android.os.StrictMode$AndroidBlockGuardPolicy.onWriteToDisk(StrictMode.java:1111)
D/StrictMode(22751): 	at libcore.io.BlockGuardOs.remove(BlockGuardOs.java:254)
D/StrictMode(22751): 	at java.io.File.delete(File.java:313)
D/StrictMode(22751): 	at com.google.android.play.b.s.<init>(SourceFile:38)
D/StrictMode(22751): 	at com.google.android.play.b.g.<init>(SourceFile:79)
D/StrictMode(22751): 	at com.google.android.play.b.g.<init>(SourceFile:4)
D/StrictMode(22751): 	at com.google.android.finsky.e.w.<init>(SourceFile:94)
D/StrictMode(22751): 	at com.google.android.finsky.application.impl.c.a(SourceFile:1288)
D/StrictMode(22751): 	at com.google.android.finsky.application.impl.c.cw(SourceFile:1297)
D/StrictMode(22751): 	at com.google.android.finsky.application.impl.c.cy(SourceFile:65)
D/StrictMode(22751): 	at com.google.android.finsky.application.impl.bp.a_(SourceFile:12)
D/StrictMode(22751): 	at b.b.a.f.a(SourceFile:11)
D/StrictMode(22751): 	at com.google.common.util.concurrent.s.a(SourceFile:5)
D/StrictMode(22751): 	at com.google.common.util.concurrent.r.run(SourceFile:17)
D/StrictMode(22751): 	at com.google.common.util.concurrent.bi.run(SourceFile:3)
D/StrictMode(22751): 	at com.google.android.apps.gsa.a.f.a.i.run(SourceFile:7)
D/StrictMode(22751): 	at java.util.concurrent.ThreadPoolExecutor.runWorker(ThreadPoolExecutor.java:1112)
D/StrictMode(22751): 	at java.util.concurrent.ThreadPoolExecutor$Worker.run(ThreadPoolExecutor.java:587)
D/StrictMode(22751): 	at com.google.android.finsky.bo.q.run(Unknown Source)
D/StrictMode(22751): 	at java.lang.Thread.run(Thread.java:818)
D/StrictMode(22751): StrictMode policy violation: android.os.StrictMode$StrictModeDiskReadViolation: policy=31 violation=2
D/StrictMode(22751): 	at android.os.StrictMode$AndroidBlockGuardPolicy.onReadFromDisk(StrictMode.java:1137)
D/StrictMode(22751): 	at libcore.io.BlockGuardOs.stat(BlockGuardOs.java:292)
D/StrictMode(22751): 	at java.io.File.length(File.java:724)
D/StrictMode(22751): 	at com.google.android.play.b.s.c(SourceFile:75)
D/StrictMode(22751): 	at com.google.android.play.b.s.<init>(SourceFile:41)
D/StrictMode(22751): 	at com.google.android.play.b.g.<init>(SourceFile:79)
D/StrictMode(22751): 	at com.google.android.play.b.g.<init>(SourceFile:4)
D/StrictMode(22751): 	at com.google.android.finsky.e.w.<init>(SourceFile:94)
D/StrictMode(22751): 	at com.google.android.finsky.application.impl.c.a(SourceFile:1288)
D/StrictMode(22751): 	at com.google.android.finsky.application.impl.c.cw(SourceFile:1297)
D/StrictMode(22751): 	at com.google.android.finsky.application.impl.c.cy(SourceFile:65)
D/StrictMode(22751): 	at com.google.android.finsky.application.impl.bp.a_(SourceFile:12)
D/StrictMode(22751): 	at b.b.a.f.a(SourceFile:11)
D/StrictMode(22751): 	at com.google.common.util.concurrent.s.a(SourceFile:5)
D/StrictMode(22751): 	at com.google.common.util.concurrent.r.run(SourceFile:17)
D/StrictMode(22751): 	at com.google.common.util.concurrent.bi.run(SourceFile:3)
D/StrictMode(22751): 	at com.google.android.apps.gsa.a.f.a.i.run(SourceFile:7)
D/StrictMode(22751): 	at java.util.concurrent.ThreadPoolExecutor.runWorker(ThreadPoolExecutor.java:1112)
D/StrictMode(22751): 	at java.util.concurrent.ThreadPoolExecutor$Worker.run(ThreadPoolExecutor.java:587)
D/StrictMode(22751): 	at com.google.android.finsky.bo.q.run(Unknown Source)
D/StrictMode(22751): 	at java.lang.Thread.run(Thread.java:818)
D/StrictMode(22751): StrictMode policy violation: android.os.StrictMode$StrictModeDiskReadViolation: policy=31 violation=2
D/StrictMode(22751): 	at android.os.StrictMode$AndroidBlockGuardPolicy.onReadFromDisk(StrictMode.java:1137)
D/StrictMode(22751): 	at android.app.SharedPreferencesImpl.awaitLoadedLocked(SharedPreferencesImpl.java:202)
D/StrictMode(22751): 	at android.app.SharedPreferencesImpl.getLong(SharedPreferencesImpl.java:245)
D/StrictMode(22751): 	at com.google.android.finsky.e.j.<init>(SourceFile:24)
D/StrictMode(22751): 	at com.google.android.finsky.e.j.a(SourceFile:17)
D/StrictMode(22751): 	at com.google.android.finsky.e.w.<init>(SourceFile:35)
D/StrictMode(22751): 	at com.google.android.finsky.application.impl.c.a(SourceFile:1288)
D/StrictMode(22751): 	at com.google.android.finsky.application.impl.c.cw(SourceFile:1297)
D/StrictMode(22751): 	at com.google.android.finsky.application.impl.c.cy(SourceFile:65)
D/StrictMode(22751): 	at com.google.android.finsky.application.impl.bp.a_(SourceFile:12)
D/StrictMode(22751): 	at b.b.a.f.a(SourceFile:11)
D/StrictMode(22751): 	at com.google.common.util.concurrent.s.a(SourceFile:5)
D/StrictMode(22751): 	at com.google.common.util.concurrent.r.run(SourceFile:17)
D/StrictMode(22751): 	at com.google.common.util.concurrent.bi.run(SourceFile:3)
D/StrictMode(22751): 	at com.google.android.apps.gsa.a.f.a.i.run(SourceFile:7)
D/StrictMode(22751): 	at java.util.concurrent.ThreadPoolExecutor.runWorker(ThreadPoolExecutor.java:1112)
D/StrictMode(22751): 	at java.util.concurrent.ThreadPoolExecutor$Worker.run(ThreadPoolExecutor.java:587)
D/StrictMode(22751): 	at com.google.android.finsky.bo.q.run(Unknown Source)
D/StrictMode(22751): 	at java.lang.Thread.run(Thread.java:818)
D/StrictMode(22751): StrictMode policy violation: android.os.StrictMode$StrictModeDiskReadViolation: policy=31 violation=2
D/StrictMode(22751): 	at android.os.StrictMode$AndroidBlockGuardPolicy.onReadFromDisk(StrictMode.java:1137)
D/StrictMode(22751): 	at android.app.SharedPreferencesImpl.awaitLoadedLocked(SharedPreferencesImpl.java:202)
D/StrictMode(22751): 	at android.app.SharedPreferencesImpl.contains(SharedPreferencesImpl.java:267)
D/StrictMode(22751): 	at com.google.android.finsky.ai.k.a(SourceFile:5)
D/StrictMode(22751): 	at com.google.android.finsky.ai.q.a(SourceFile:5)
D/StrictMode(22751): 	at com.google.android.finsky.e.ag.a(SourceFile:29)
D/StrictMode(22751): 	at com.google.android.finsky.e.ag.a(SourceFile:12)
D/StrictMode(22751): 	at com.google.android.finsky.e.ag.a(SourceFile:11)
D/StrictMode(22751): 	at com.google.android.finsky.e.ag.a(SourceFile:9)
D/StrictMode(22751): 	at com.google.android.finsky.application.impl.c.cy(SourceFile:68)
D/StrictMode(22751): 	at com.google.android.finsky.application.impl.bp.a_(SourceFile:12)
D/StrictMode(22751): 	at b.b.a.f.a(SourceFile:11)
D/StrictMode(22751): 	at com.google.common.util.concurrent.s.a(SourceFile:5)
D/StrictMode(22751): 	at com.google.common.util.concurrent.r.run(SourceFile:17)
D/StrictMode(22751): 	at com.google.common.util.concurrent.bi.run(SourceFile:3)
D/StrictMode(22751): 	at com.google.android.apps.gsa.a.f.a.i.run(SourceFile:7)
D/StrictMode(22751): 	at java.util.concurrent.ThreadPoolExecutor.runWorker(ThreadPoolExecutor.java:1112)
D/StrictMode(22751): 	at java.util.concurrent.ThreadPoolExecutor$Worker.run(ThreadPoolExecutor.java:587)
D/StrictMode(22751): 	at com.google.android.finsky.bo.q.run(Unknown Source)
D/StrictMode(22751): 	at java.lang.Thread.run(Thread.java:818)
I/Finsky  (22751): [190] com.google.android.finsky.application.impl.c.cA(95): Not a unicorn device
W/Settings(22751): Setting download_manager_max_bytes_over_mobile has moved from android.provider.Settings.Secure to android.provider.Settings.Global.
D/StrictMode(22751): StrictMode policy violation: android.os.StrictMode$StrictModeDiskReadViolation: policy=31 violation=2
D/StrictMode(22751): 	at android.os.StrictMode$AndroidBlockGuardPolicy.onReadFromDisk(StrictMode.java:1137)
D/StrictMode(22751): 	at libcore.io.BlockGuardOs.access(BlockGuardOs.java:67)
D/StrictMode(22751): 	at java.io.File.doAccess(File.java:283)
D/StrictMode(22751): 	at java.io.File.exists(File.java:363)
D/StrictMode(22751): 	at android.app.ContextImpl.createFilesDirLocked(ContextImpl.java:1019)
D/StrictMode(22751): 	at android.app.ContextImpl.getCacheDir(ContextImpl.java:1104)
D/StrictMode(22751): 	at android.content.ContextWrapper.getCacheDir(ContextWrapper.java:232)
D/StrictMode(22751): 	at com.google.android.finsky.a.a(SourceFile:7)
D/StrictMode(22751): 	at com.google.android.finsky.application.impl.c.j(SourceFile:519)
D/StrictMode(22751): 	at com.google.android.finsky.application.impl.c.cX(SourceFile:458)
D/StrictMode(22751): 	at com.google.android.finsky.application.impl.bt.a_(SourceFile:21)
D/StrictMode(22751): 	at b.b.a.f.a(SourceFile:11)
D/StrictMode(22751): 	at com.google.common.util.concurrent.s.a(SourceFile:5)
D/StrictMode(22751): 	at com.google.common.util.concurrent.r.run(SourceFile:17)
D/StrictMode(22751): 	at com.google.common.util.concurrent.bi.run(SourceFile:3)
D/StrictMode(22751): 	at com.google.android.apps.gsa.a.f.a.i.run(SourceFile:7)
D/StrictMode(22751): 	at java.util.concurrent.ThreadPoolExecutor.runWorker(ThreadPoolExecutor.java:1112)
D/StrictMode(22751): 	at java.util.concurrent.ThreadPoolExecutor$Worker.run(ThreadPoolExecutor.java:587)
D/StrictMode(22751): 	at com.google.android.finsky.bo.q.run(Unknown Source)
D/StrictMode(22751): 	at java.lang.Thread.run(Thread.java:818)
W/Settings(22751): Setting download_manager_recommended_max_bytes_over_mobile has moved from android.provider.Settings.Secure to android.provider.Settings.Global.
D/StrictMode(22751): StrictMode policy violation: android.os.StrictMode$StrictModeDiskReadViolation: policy=31 violation=2
D/StrictMode(22751): 	at android.os.StrictMode$AndroidBlockGuardPolicy.onReadFromDisk(StrictMode.java:1137)
D/StrictMode(22751): 	at android.app.SharedPreferencesImpl.awaitLoadedLocked(SharedPreferencesImpl.java:202)
D/StrictMode(22751): 	at android.app.SharedPreferencesImpl.contains(SharedPreferencesImpl.java:267)
D/StrictMode(22751): 	at com.google.android.finsky.ai.j.a(SourceFile:5)
D/StrictMode(22751): 	at com.google.android.finsky.ai.q.a(SourceFile:5)
D/StrictMode(22751): 	at com.google.android.finsky.application.impl.c.cH(SourceFile:133)
D/StrictMode(22751): 	at com.google.android.finsky.application.impl.be.a_(SourceFile:24)
D/StrictMode(22751): 	at b.b.a.f.a(SourceFile:11)
D/StrictMode(22751): 	at com.google.common.util.concurrent.s.a(SourceFile:5)
D/StrictMode(22751): 	at com.google.common.util.concurrent.r.run(SourceFile:17)
D/StrictMode(22751): 	at com.google.common.util.concurrent.bi.run(SourceFile:3)
D/StrictMode(22751): 	at com.google.android.apps.gsa.a.f.a.i.run(SourceFile:7)
D/StrictMode(22751): 	at java.util.concurrent.ThreadPoolExecutor.runWorker(ThreadPoolExecutor.java:1112)
D/StrictMode(22751): 	at java.util.concurrent.ThreadPoolExecutor$Worker.run(ThreadPoolExecutor.java:587)
D/StrictMode(22751): 	at com.google.android.finsky.bo.q.run(Unknown Source)
D/StrictMode(22751): 	at java.lang.Thread.run(Thread.java:818)
D/StrictMode(22751): StrictMode policy violation: android.os.StrictMode$StrictModeDiskReadViolation: policy=31 violation=2
D/StrictMode(22751): 	at android.os.StrictMode$AndroidBlockGuardPolicy.onReadFromDisk(StrictMode.java:1137)
D/StrictMode(22751): 	at android.app.SharedPreferencesImpl.awaitLoadedLocked(SharedPreferencesImpl.java:202)
D/StrictMode(22751): 	at android.app.SharedPreferencesImpl.contains(SharedPreferencesImpl.java:267)
D/StrictMode(22751): 	at com.google.android.finsky.ai.j.a(SourceFile:5)
D/StrictMode(22751): 	at com.google.android.finsky.ai.q.a(SourceFile:5)
D/StrictMode(22751): 	at com.google.android.finsky.hygiene.impl.i.a(SourceFile:2)
D/StrictMode(22751): 	at com.google.android.finsky.hygiene.impl.e.d(SourceFile:19)
D/StrictMode(22751): 	at com.google.android.finsky.application.impl.c.cM(SourceFile:223)
D/StrictMode(22751): 	at com.google.android.finsky.application.impl.bq.a_(SourceFile:16)
D/StrictMode(22751): 	at b.b.a.f.a(SourceFile:11)
D/StrictMode(22751): 	at com.google.common.util.concurrent.s.a(SourceFile:5)
D/StrictMode(22751): 	at com.google.common.util.concurrent.r.run(SourceFile:17)
D/StrictMode(22751): 	at com.google.common.util.concurrent.bi.run(SourceFile:3)
D/StrictMode(22751): 	at com.google.android.apps.gsa.a.f.a.i.run(SourceFile:7)
D/StrictMode(22751): 	at java.util.concurrent.ThreadPoolExecutor.runWorker(ThreadPoolExecutor.java:1112)
D/StrictMode(22751): 	at java.util.concurrent.ThreadPoolExecutor$Worker.run(ThreadPoolExecutor.java:587)
D/StrictMode(22751): 	at com.google.android.finsky.bo.q.run(Unknown Source)
D/StrictMode(22751): 	at java.lang.Thread.run(Thread.java:818)
I/Finsky  (22751): [190] com.google.android.finsky.wear.br.a(11): Component class com.google.android.finsky.wear.WearSupportService enabled via PackageManager.
I/Finsky  (22751): [190] com.google.android.finsky.wear.br.a(11): Component class com.google.android.finsky.wear.WearChangeListenerService enabled via PackageManager.
D/StrictMode(22751): StrictMode policy violation: android.os.StrictMode$StrictModeDiskReadViolation: policy=31 violation=2
D/StrictMode(22751): 	at android.os.StrictMode$AndroidBlockGuardPolicy.onReadFromDisk(StrictMode.java:1137)
D/StrictMode(22751): 	at libcore.io.BlockGuardOs.open(BlockGuardOs.java:182)
D/StrictMode(22751): 	at libcore.io.IoUtils.canOpenReadOnly(IoUtils.java:165)
D/StrictMode(22751): 	at dalvik.system.DexPathList.findLibrary(DexPathList.java:383)
D/StrictMode(22751): 	at dalvik.system.BaseDexClassLoader.findLibrary(BaseDexClassLoader.java:77)
D/StrictMode(22751): 	at java.lang.Runtime.loadLibrary(Runtime.java:360)
D/StrictMode(22751): 	at java.lang.System.loadLibrary(System.java:988)
D/StrictMode(22751): 	at org.chromium.net.impl.CronetLibraryLoader.a(SourceFile:13)
D/StrictMode(22751): 	at org.chromium.net.impl.CronetUrlRequestContext.<init>(SourceFile:12)
D/StrictMode(22751): 	at org.chromium.net.impl.bt.a(SourceFile:6)
D/StrictMode(22751): 	at org.chromium.net.o.a(SourceFile:4)
D/StrictMode(22751): 	at com.google.android.finsky.am.a.a(SourceFile:90)
D/StrictMode(22751): 	at com.google.android.finsky.application.a.ba.a(SourceFile:5)
D/StrictMode(22751): 	at b.a.c.a(SourceFile:9)
D/StrictMode(22751): 	at com.google.android.finsky.application.impl.c.dv(SourceFile:524)
D/StrictMode(22751): 	at com.google.android.finsky.application.impl.c.bd(SourceFile:582)
D/StrictMode(22751): 	at com.google.android.finsky.application.impl.c.cY(SourceFile:475)
D/StrictMode(22751): 	at com.google.android.finsky.application.impl.br.a_(SourceFile:21)
D/StrictMode(22751): 	at b.b.a.f.a(SourceFile:11)
D/StrictMode(22751): 	at com.google.common.util.concurrent.s.a(SourceFile:5)
D/StrictMode(22751): 	at com.google.common.util.concurrent.r.run(SourceFile:17)
D/StrictMode(22751): 	at com.google.common.util.concurrent.bi.run(SourceFile:3)
D/StrictMode(22751): 	at com.google.android.apps.gsa.a.f.a.i.run(SourceFile:7)
D/StrictMode(22751): 	at java.util.concurrent.ThreadPoolExecutor.runWorker(ThreadPoolExecutor.java:1112)
D/StrictMode(22751): 	at java.util.concurrent.ThreadPoolExecutor$Worker.run(ThreadPoolExecutor.java:587)
D/StrictMode(22751): 	at com.google.android.finsky.bo.q.run(Unknown Source)
D/StrictMode(22751): 	at java.lang.Thread.run(Thread.java:818)
W/linker  (22751): libcronet.71.0.3562.0.so: unused DT entry: type 0x6ffffef5 arg 0x200c8
W/linker  (22751): libcronet.71.0.3562.0.so: unused DT entry: type 0x6ffffffe arg 0x20068
W/linker  (22751): libcronet.71.0.3562.0.so: unused DT entry: type 0x6fffffff arg 0x3
D/ConnectivityManager.CallbackHandler(22751): CM callback handler got msg 524290
I/cr_CronetLibraryLoader(22751): Cronet version: 71.0.3562.0, arch: aarch64
I/Finsky  (22751): [221] com.google.android.finsky.library.a.f.j(57): Loaded library for account: [Jj51dw2THKD4Eh7cBCBJ_uZhNSM]
I/Finsky  (22751): [221] com.google.android.finsky.library.a.f.j(81): Finished loading 1 libraries.
I/Finsky  (22751): [1] com.google.android.finsky.verifier.impl.dq.b(115): Setup app restrictions monitor
I/Finsky  (22751): [1] com.google.android.finsky.verifier.impl.ey.a(16): Device wide unknown source restriction is changed.
I/Finsky  (22751): [1] com.google.android.finsky.scheduler.bp.<init>(19): Resetting scheduler db
I/Finsky  (22751): [1] com.google.android.finsky.scheduler.ae.a(39): Scheduling fallback in 43199993 (absolute: 142586466)
I/Finsky  (22751): [1] com.google.android.finsky.scheduler.ae.a(39): Scheduling fallback in 64799996 (absolute: 164186473)
D/wpa_supplicant(20154): wlan0: Control interface command 'SIGNAL_POLL'
I/Finsky  (22751): [1] com.google.android.finsky.deviceconfig.ac.a(8): Scheduling UploadDynamicConfig.
I/CheckinRequestProcessor(20856): updateCheckinIdTokenFileFromResponse, Reading existing AID
I/Finsky  (22751): [1] com.google.android.finsky.installer.a.t.<init>(15): Not checking if recovering from paused session because experiment is off
I/Finsky  (22751): [1] com.google.android.finsky.installer.a.ak.a(530): Installer kick - no action, not running yet
I/Finsky  (22751): [1] com.google.android.finsky.installer.a.ak.a(530): Installer kick - no action, not running yet
W/ChimeraUtils(20203): Non Chimera context
I/Finsky  (22751): [1] com.google.android.finsky.scheduler.bp.a(66): Jobs in database: 1-1337 21-333333333 26-1414141414 
I/Finsky  (22751): [1] com.google.android.finsky.scheduler.l.a(70): ConstraintMapping: 21-333333333, 1-1337,  -> L: 119790ms, D: 82799790ms, C: false, I: false, N: 1
I/Finsky  (22751): [1] com.google.android.finsky.scheduler.l.a(70): ConstraintMapping: 26-1414141414,  -> L: 33638207ms, D: 34538207ms, C: false, I: false, N: 0
I/Finsky  (22751): [1] com.google.android.finsky.scheduler.JobSchedulerEngine.a(108): Cancelling existing job with id: 9000
I/Finsky  (22751): [1] com.google.android.finsky.scheduler.JobSchedulerEngine.a(108): Cancelling existing job with id: 9002
I/Finsky  (22751): [1] com.google.android.finsky.scheduler.JobSchedulerEngine.a(108): Cancelling existing job with id: 9003
I/Finsky  (22751): [1] com.google.android.finsky.scheduler.JobSchedulerEngine.a(108): Cancelling existing job with id: 9001
I/Finsky  (22751): [1] com.google.android.finsky.scheduler.JobSchedulerEngine.a(47): Scheduling job Id: 9004, L: 119790, D: 82799790, C: false, I: false, N: 1
I/Finsky  (22751): [1] com.google.android.finsky.scheduler.JobSchedulerEngine.a(47): Scheduling job Id: 9005, L: 33638207, D: 34538207, C: false, I: false, N: 0
I/Finsky  (22751): [1] com.google.android.finsky.scheduler.JobSchedulerEngine.a(47): Scheduling job Id: 9006, L: 119790, D: 82799790, C: false, I: false, N: 1
I/Finsky  (22751): [1] com.google.android.finsky.scheduler.JobSchedulerEngine.a(47): Scheduling job Id: 9007, L: 33638207, D: 34538207, C: false, I: false, N: 0
I/Finsky  (22751): [1] com.google.android.finsky.scheduler.bp.a(66): Jobs in database: 1-1337 21-333333333 26-1414141414 
I/Finsky  (22751): [1] com.google.android.finsky.scheduler.l.a(70): ConstraintMapping: 21-333333333, 1-1337,  -> L: 119695ms, D: 82799695ms, C: false, I: false, N: 1
I/Finsky  (22751): [1] com.google.android.finsky.scheduler.l.a(70): ConstraintMapping: 26-1414141414,  -> L: 33638115ms, D: 34538115ms, C: false, I: false, N: 0
I/Finsky  (22751): [1] com.google.android.finsky.scheduler.JobSchedulerEngine.a(108): Cancelling existing job with id: 9005
I/Finsky  (22751): [1] com.google.android.finsky.scheduler.JobSchedulerEngine.a(108): Cancelling existing job with id: 9004
I/Finsky  (22751): [1] com.google.android.finsky.scheduler.JobSchedulerEngine.a(108): Cancelling existing job with id: 9006
I/Finsky  (22751): [1] com.google.android.finsky.scheduler.JobSchedulerEngine.a(108): Cancelling existing job with id: 9007
I/Finsky  (22751): [1] com.google.android.finsky.scheduler.JobSchedulerEngine.a(47): Scheduling job Id: 9000, L: 119695, D: 82799695, C: false, I: false, N: 1
I/Finsky  (22751): [1] com.google.android.finsky.scheduler.JobSchedulerEngine.a(47): Scheduling job Id: 9001, L: 33638115, D: 34538115, C: false, I: false, N: 0
I/CheckinRequestProcessor(20856): CheckinNowTaskTag : Checkin Succeeded: https://android.clients.google.com/checkin (fragment #1): 
I/Finsky  (22751): [1] com.google.android.finsky.scheduler.JobSchedulerEngine.a(47): Scheduling job Id: 9002, L: 119695, D: 82799695, C: false, I: false, N: 1
I/Finsky  (22751): [1] com.google.android.finsky.scheduler.JobSchedulerEngine.a(47): Scheduling job Id: 9003, L: 33638115, D: 34538115, C: false, I: false, N: 0
I/Finsky  (22751): [1] com.google.android.finsky.splitinstallservice.di.a(10): Connecting InstallListener to SplitInstallService broadcaster...
I/ServiceManager(  323): Waiting for service display.qservice...
W/mm-pp-daemon( 4521): type=1400 audit(0.0:3396): avc: denied { call } for scontext=u:r:mm-pp-daemon:s0 tcontext=u:r:servicemanager:s0 tclass=binder permissive=0
W/ChimeraUtils(20856): Non Chimera context
I/Auth    (20856): [WorkAccount] update authenticator enabled for boot or update
W/ChimeraUtils(20203): Non Chimera context
I/Auth    (20203): [WorkAccount] init work authenticator
W/art     (22831): Suspending all threads took: 28.609ms
W/ChimeraUtils(20203): Non Chimera context
W/WakefulBroadcastReceiv.(20203): No active wake lock id #4
I/Auth    (20856): [SupervisedAccountIntentOperation] onHandleIntent(): android.intent.action.BOOT_COMPLETED
I/Auth    (20856): [SupervisedAccountIntentOperation] This operation is disabled
I/ServiceManager(17691): Waiting for service AtCmdFwd...
D/StatusBar.NetworkController(19886): hasService: mServiceState=1 1 home null null null  Unknown Unknown CSS not supported 0 0 RoamInd=0 DefRoamInd=0 EmergOnly=true retVal=false
D/StatusBar.NetworkController(19886): refreshViews: Data not connected!! Set no data type icon / Roaming
D/StatusBar.NetworkController(19886): hasService: mServiceState=1 1 home null null null  Unknown Unknown CSS not supported 0 0 RoamInd=0 DefRoamInd=0 EmergOnly=true retVal=false
D/StatusBar.NetworkController(19886): refreshViews connected={ wifi } level=0 combinedSignalIconId=0x7f020343/com.android.systemui:drawable/stat_sys_wifi_signal_4_fully combinedActivityIconId=0x0 mobileLabel=Emergency calls only wifiLabel="SW2_We8h"xxxxXXXXxxxxXXXX emergencyOnly=true combinedLabel="SW2_We8h"xxxxXXXXxxxxXXXX mAirplaneMode=false mDataActivity=0 mPhoneSignalIconId=0x0/(null) mQSPhoneSignalIconId=0x7f0200ab/com.android.systemui:drawable/ic_qs_signal_no_signal mDataDirectionIconId=0x0/(null) mDataSignalIconId=0x0/(null) mDataTypeIconId=0x0/(null) mQSDataTypeIconId=0x0/(null) mNoSimIconId=0x7f02008b/com.android.systemui:drawable/ic_qs_no_sim mWifiIconId=0x7f020343/com.android.systemui:drawable/stat_sys_wifi_signal_4_fully mQSWifiIconId=0x7f0200bc/com.android.systemui:drawable/ic_qs_wifi_full_4 mWifiActivityIconId=0x0/(null) mBluetoothTetherIconId=0x108069b/android:drawable/stat_sys_tether_bluetooth
W/ChimeraUtils(20856): Non Chimera context
W/art     (20856): Verification of void hgi.a(hgn) took 102.842ms
I/AutofillModuleInitInten(20856): AutofillModuleInitIntentOperation onInitRuntimeState(3) [CONTEXT service_id=177 ]
W/ChimeraUtils(20856): Non Chimera context
I/Auth    (20203): [AccountStateSyncAdapter] performSync(account=<ELLIDED:1065450437>)
I/ServiceManager(  323): Waiting for service display.qservice...
W/mm-pp-daemon( 4521): type=1400 audit(0.0:3397): avc: denied { call } for scontext=u:r:mm-pp-daemon:s0 tcontext=u:r:servicemanager:s0 tclass=binder permissive=0
I/Backup  (20856): [TargetEnabler] Setting target components to enabled = false
I/Backup  (20856): [SourceEnabler] Setting source components to enabled = true
W/Backup  (20856): [ComponentEnablerUtil] Unable to set component 'com.google.android.gms.backup.component.CloudRestoreFlowActivity' to enabled=true
W/Backup  (20856): [ComponentEnablerUtil] Unable to set component 'com.google.android.gms.backup.component.RestoreSessionV0Service' to enabled=true
W/Backup  (20856): [ComponentEnablerUtil] Unable to set component 'com.google.android.gms.backup.component.D2dMigrateFlowActivity' to enabled=false
W/Backup  (20856): [ComponentEnablerUtil] Unable to set component 'com.google.android.gms.backup.component.UsbDeviceAttachedActivity' to enabled=false
W/art     (22831): Suspending all threads took: 8.921ms
D/audio_hw_primary(19468): out_standby: enter: stream (0xaac685f8) usecase(1: low-latency-playback)
I/Babel_telephony(22831): TeleModule.onApplicationCreate
I/Babel_App(22831): Startup - clean
D/Babel_SmsDep(22831): disabled
D/Babel_SmsDepStand(22831): count:2
D/Babel_SmsDep(22831): disabled
W/art     (20856): Verification of int kki.l(android.content.Context) took 287.980ms
W/art     (20856): Verification of void com.google.android.gms.backup.transport.component.FullBackupJobLoggerChimeraService.<init>() took 249.609ms
W/art     (20856): Verification of hgn hgh.a(android.os.Bundle) took 265.486ms
W/art     (20856): Verification of byte[] pyl.a(android.content.Context, java.lang.String) took 268.874ms
D/soundtrigger(19468): audio_extn_sound_trigger_update_stream_status: uc_id 1 of type 0 for Event 2, with Raise=0
D/hardware_info(19468): hw_info_append_hw_type : device_name = speaker
I/soundtrigger(19468): audio_extn_sound_trigger_update_device_status: device 0x2 of type 0 for Event 0, with Raise=0
D/CAR.SETUP(20856): onInitRuntimeState: Intent { act=android.intent.action.BOOT_COMPLETED flg=0x8000010 cmp=com.google.android.gms/.chimera.GmsIntentOperationService (has extras) }
I/Babel   (22831): Invalid account: 0 isEmptyName: true nameEqualsGaiaId: false
D/Babel_AcctMgr(22831): created account bluebirdtest7730@gmail.com => Redacted-26-chars
I/Babel   (22831): Deleting: false for 0
V/WLAN_PSA(  258): NL MSG, len[048], NL type[0x11] WNI type[0x5050] len[028]
V/WLAN_PSA(  258): NL MSG, PID: 258
I/Ads     (20856): Parental control value is stale. Refreshing.
I/Ads     (20856): Initialized AdMob in container 14.3.66 (020408-213742215)
I/Authzen (20856): [AuthZenEventHandler] Handling event: android.intent.action.BOOT_COMPLETED
I/Authzen (20856): [SyncManager] Sync requested for event 0, account bluebirdtest7730@gmail.com, and components 3, with reason 1
I/Authzen (20856): [SyncManager] Triggering AuthZen registration check...
D/CAR.SETUP(20856): update DrivingMode components to false
I/ChromeSync(20856): [Sync,SyncIntentOperation] Handling the intent: Intent { act=android.intent.action.BOOT_COMPLETED flg=0x8000010 cmp=com.google.android.gms/.chimera.GmsIntentOperationService (has extras) }.
I/Babel_SMS(22831): MmsConfig: mnc/mcc: 0/0
I/Babel_SMS(22831): MmsConfig.loadMmsSettings
I/Babel_SMS(22831): MmsConfig.loadDeviceMmsSettings from API: userAgent=Android-Mms/2.0, uaProfUrl=http://www.google.com/oha/rdf/ua-profile-kila.xml
I/Babel_SMS(22831): MmsConfig.loadFromDatabase
I/ServiceManager(17691): Waiting for service AtCmdFwd...
I/BootCount(20203): (BOOT_COMPLETE intent)Device boot count in Clearcut increased.
I/constellation(20856): [intent_handler] Received onBootCompleted intent
I/constellation(20856): [reboot_checker] Reboot checker check status.
I/Authzen (20856): [htu] Opening database auth.proximity.permit_store...
I/CheckinChimeraService(20856): Starting Checkin Task: CheckinNowTaskTag Reason : 1 Force : false UserId: 0
I/Finsky  (22751): [184] com.google.android.finsky.contentfilterui.o.a(6): Received content filters request from sharedUserId=com.google.uid.shared:10008
E/PhoneInterfaceManager(20296): [PhoneIntfMgr] getIccId: ICC ID is null or empty.
I/Fido    (20856): [FidoInitIntentOperation] Initializing Fido module, InitRuntimeState=3
W/Binder_2(21235): type=1400 audit(0.0:3398): avc: denied { read } for name="/" dev="tmpfs" ino=7504 scontext=u:r:untrusted_app:s0 tcontext=u:object_r:device:s0 tclass=dir permissive=0
I/Adreno-EGL(21218): <qeglDrvAPI_eglInitialize:379>: EGL 1.4 QUALCOMM build: AU_LINUX_ANDROID_LA.BR.1.1.3_RB1.05.01.00.032.017_msm8916_64_LA.BR.1.1.3_RB1__release_AU (Ie228694f41)
