I/GCoreUlr(20203): Unbound from all signal providers.
I/GCoreUlr(20203): Stopping handler for UlrDispSvcFast
I/GeofencerStateMachine(20203): removeGeofences: removeRequest=RemoveGeofencingRequest[REMOVE_BY_PENDING_INTENT pendingIntent=PendingIntent[creatorPackage=com.google.android.gms], packageName=null]
I/GeofencerStateMachine(20203): removeGeofences: removeRequest=RemoveGeofencingRequest[REMOVE_BY_PENDING_INTENT pendingIntent=PendingIntent[creatorPackage=com.google.android.gms], packageName=null]
D/BluetoothManagerService(19709): Message: 20
D/BluetoothManagerService(19709): Added callback: android.bluetooth.IBluetoothManagerCallback$Stub$Proxy@28e5512f:true
D/BluetoothAdapter(20742): 226455669: getState() :  mService = null. Returning STATE_OFF
I/Places  (20203): ?: Couldn't find platform key file.
W/ResourceType(23112): ResTable_typeSpec entry count inconsistent: given 19, previously 27
I/CheckinRequestProcessor(20856): CheckinNowTaskTag : Checkin Succeeded: https://android.clients.google.com/checkin (fragment #1): 
I/GeofencerStateMachine(20203): removeGeofences: removeRequest=RemoveGeofencingRequest[REMOVE_BY_PENDING_INTENT pendingIntent=PendingIntent[creatorPackage=com.google.android.gms], packageName=null]
I/GeofencerStateMachine(20203): removeGeofences: removeRequest=RemoveGeofencingRequest[REMOVE_BY_PENDING_INTENT pendingIntent=PendingIntent[creatorPackage=com.google.android.gms], packageName=null]
I/GeofencerStateMachine(20203): removeGeofences: removeRequest=RemoveGeofencingRequest[REMOVE_BY_PENDING_INTENT pendingIntent=PendingIntent[creatorPackage=com.google.android.gms], packageName=null]
I/GeofencerStateMachine(20203): removeGeofences: removeRequest=RemoveGeofencingRequest[REMOVE_BY_PENDING_INTENT pendingIntent=PendingIntent[creatorPackage=com.google.android.gms], packageName=null]
I/GeofencerStateMachine(20203): removeGeofences: removeRequest=RemoveGeofencingRequest[REMOVE_BY_PENDING_INTENT pendingIntent=PendingIntent[creatorPackage=com.google.android.googlequicksearchbox], packageName=null]
E/GeofenceHelper(20742): Failed: remove geofences by PendingIntent
E/Finsky  (22751): [232] com.google.android.finsky.at.c.a(27): Unable to build selector: /storage/emulated/0/Download/marketenvs.csv: open failed: ENOENT (No such file or directory)
I/Finsky  (22751): [233] com.google.android.finsky.wear.eg.a(14): Do not start WearSupportService due to Wear service optimization
I/Finsky  (22751): [223] com.google.android.finsky.dt.a.a.a.b(29): Triggered update for experiment package com.google.android.finsky.regular.
W/DynamiteModule(23092): Local module descriptor class for com.google.android.gms.googlecertificates not found.
I/DynamiteModule(23092): Considering local module com.google.android.gms.googlecertificates:0 and remote module com.google.android.gms.googlecertificates:4
I/DynamiteModule(23092): Selected remote version of com.google.android.gms.googlecertificates, version >= 4
I/ShortcutBadger(22751): Checking if platform supports badge counters, attempt 1/3.
I/PeopleContactsSync(20856): CP2 cleanup done, kept= duration=379 ms
W/ResourcesManager(23092): Asset path '/system/framework/com.android.media.remotedisplay.jar' does not exist or contains no resources.
W/ResourcesManager(23092): Asset path '/system/framework/com.android.location.provider.jar' does not exist or contains no resources.
I/ShortcutBadger(22751): Checking if platform supports badge counters, attempt 2/3.
I/ShortcutBadger(22751): Checking if platform supports badge counters, attempt 3/3.
I/ServiceManager(  323): Waiting for service display.qservice...
W/mm-pp-daemon( 4521): type=1400 audit(0.0:3405): avc: denied { call } for scontext=u:r:mm-pp-daemon:s0 tcontext=u:r:servicemanager:s0 tclass=binder permissive=0
I/PeopleContactsSync(20856):   updateBabelActionMimeType
W/ShortcutBadger(22751): Badge counter seems not supported in this platform: unable to resolve intent: Intent { act=android.intent.action.BADGE_COUNT_UPDATE (has extras) }
I/Finsky  (22751): [235] com.google.android.finsky.verifier.impl.dq.e(125): Restoring notifications
I/PeopleContactsSync(20856):   new mimetype=vnd.android.cursor.item/vnd.googleplus.profile.comm
E/SQLiteLog(20313): (284) automatic index on sqlite_sq_5574AB7160(STAT_DATA_ID)
W/linker  (23112): /data/app/com.google.android.apps.maps-1/lib/arm64/libgmm-jni.so: unused DT entry: type 0x6ffffffe arg 0x81c0
W/linker  (23112): /data/app/com.google.android.apps.maps-1/lib/arm64/libgmm-jni.so: unused DT entry: type 0x6fffffff arg 0x3
I/Finsky  (22751): [235] com.google.android.finsky.verifier.impl.dq.e(131): Done restoring notifications
I/Finsky  (22751): [1] com.google.android.finsky.setup.bf.run(7): Detected restoreservicev2://recovery not needed, will not run
I/ActivityManager(19709): Killing 22317:kr.co.bluebird.android.bbupdate/1000 (adj 15): empty #17
E/SQLiteLog(20313): (284) automatic index on sqlite_sq_5574ABA650(STAT_DATA_ID)
E/Vold    (  236): Failed to find mounted volume for /storage/sdcard1/Android/data/com.google.android.apps.maps/files/
W/Vold    (  236): Returning OperationFailed - no handler for errno 0
W/ContextImpl(23112): Failed to ensure directory: /storage/sdcard1/Android/data/com.google.android.apps.maps/files
W/art     (23092): Verification of void e.c() took 687.781ms
E/libprocessgroup(19709): failed to kill 1 processes for processgroup 22317
D/ActivityManager(19709): cleanUpApplicationRecord -- 22317
E/qdutils (  323): getBinder: invalid binder object
E/PPDaemon(  323): Success: Failed to signal HWC
E/Vold    (  236): Failed to find mounted volume for /storage/sdcard1/Android/data/com.google.android.apps.maps/files/
W/Vold    (  236): Returning OperationFailed - no handler for errno 0
W/ContextImpl(23112): Failed to ensure directory: /storage/sdcard1/Android/data/com.google.android.apps.maps/files
W/art     (23092): Verification of void e.d() took 379.054ms
I/PeopleContactsSync(20856): Updated babel action mime type
W/art     (23112): Suspending all threads took: 17.043ms
W/art     (23112): Suspending all threads took: 7.122ms
W/art     (22997): Verification of void bnab.<init>(char[][][][][][][][][][][][][][][][][][][][][][][][][][][][][][][][][][][][][][][][][][][][][][][][][][][][][][][][][][][][][][][][][][][][][][][][][][][][][][][][][][][][][][][][][][][][][][][][][][][][][][][][][][][][][][][][][][][][][][][][][][][][][][][][][][][][][][][][][][][][][][][][][][][][][][][][][][][][][][][][][][][][][][][][][][][][][][][][][][][][][][][]) took 125.163ms
I/Finsky  (22751): [223] com.google.android.finsky.dt.a.a.a.b(49): Already at the latest configurations for experiment package com.google.android.finsky.regular.
I/PeopleContactsSync(20856): CP2 cleanup done, kept= duration=237 ms
I/Finsky  (22751): [222] com.google.android.finsky.dt.a.a.a.b(29): Triggered update for experiment package com.google.android.finsky.regular.
I/Finsky  (22751): [222] com.google.android.finsky.dt.a.j.a(5): Started reading experiment flags from file [v6B-2IolLQRBwrwPhscSaeg04As].
I/Finsky  (22751): [222] com.google.android.finsky.dt.a.j.a(39): Finished reading experiment flags from file [v6B-2IolLQRBwrwPhscSaeg04As].
I/Finsky  (22751): [222] com.google.android.finsky.dt.a.a.a.b(49): Already at the latest configurations for experiment package com.google.android.finsky.regular.
I/Finsky  (22751): [234] com.google.android.finsky.dt.a.a.a.b(29): Triggered update for experiment package com.google.android.finsky.stable.
I/Finsky  (22751): [234] com.google.android.finsky.dt.a.a.a.b(49): Already at the latest configurations for experiment package com.google.android.finsky.stable.
D/wpa_supplicant(20154): wlan0: Control interface command 'SIGNAL_POLL'
I/ServiceManager(  323): Waiting for service display.qservice...
W/mm-pp-daemon( 4521): type=1400 audit(0.0:3406): avc: denied { call } for scontext=u:r:mm-pp-daemon:s0 tcontext=u:r:servicemanager:s0 tclass=binder permissive=0
I/ActivityManager(19709): Waited long enough for: ServiceRecord{2478f62c u0 com.qualcomm.svi/.SVIService}
V/WLAN_PSA(  258): NL MSG, len[048], NL type[0x11] WNI type[0x5050] len[028]
V/WLAN_PSA(  258): NL MSG, PID: 258
W/art     (20856): Verification of boolean ainc.e() took 135.919ms
W/art     (23112): Suspending all threads took: 28.210ms
W/ResourceType(20335): ResTable_typeSpec entry count inconsistent: given 19, previously 27
D/LocationManagerService(19709): getLastLocation: Request[ACCURACY_FINE gps requested=0 fastest=0 num=1]
D/LocationManagerService(19709): getLastLocation: Request[POWER_LOW network requested=0 fastest=0 num=1]
W/art     (23112): Suspending all threads took: 16.071ms
D/DownloadManager(22050): [41] Finished with status SUCCESS
W/ResourcesManager(23112): Asset path '/system/framework/com.android.media.remotedisplay.jar' does not exist or contains no resources.
W/ResourcesManager(23112): Asset path '/system/framework/com.android.location.provider.jar' does not exist or contains no resources.
W/art     (23112): Suspending all threads took: 11.930ms
W/ResourcesManager(20296): Asset path '/system/framework/com.google.android.media.effects.jar' does not exist or contains no resources.
I/InputReader(19709): Reconfiguring input devices.  changes=0x00000010
D/BackupManagerService(19709): Received broadcast Intent { act=android.intent.action.PACKAGE_CHANGED dat=package:com.google.android.gms flg=0x4000010 (has extras) }
W/BackupManagerService(19709): Proposed transport ComponentInfo{com.google.android.gms/com.google.android.gms.backup.BackupTransportService} not whitelisted; ignoring
E/Vold    (  236): Failed to find mounted volume for /storage/sdcard1/Android/data/com.google.android.apps.maps/files/
W/Vold    (  236): Returning OperationFailed - no handler for errno 0
W/ContextImpl(23112): Failed to ensure directory: /storage/sdcard1/Android/data/com.google.android.apps.maps/files
E/Vold    (  236): Failed to find mounted volume for /storage/sdcard1/Android/data/com.google.android.apps.maps/files/
W/Vold    (  236): Returning OperationFailed - no handler for errno 0
W/ContextImpl(23112): Failed to ensure directory: /storage/sdcard1/Android/data/com.google.android.apps.maps/files
I/ServiceManager(  323): Waiting for service display.qservice...
W/mm-pp-daemon( 4521): type=1400 audit(0.0:3407): avc: denied { call } for scontext=u:r:mm-pp-daemon:s0 tcontext=u:r:servicemanager:s0 tclass=binder permissive=0
D/android.widget.GridLayout(20335): vertical constraints: y1-y0>=599, y2-y1>=599, y3-y2>=599, y3-y0<=1579 are inconsistent; permanently removing: y3-y0<=1579. 
D/android.widget.GridLayout(20335): vertical constraints: y1-y0>=599, y2-y1>=599, y3-y2>=599, y3-y0<=1579 are inconsistent; permanently removing: y3-y0<=1579. 
D/android.widget.GridLayout(20335): vertical constraints: y1-y0>=599, y2-y1>=599, y3-y2>=599, y3-y0<=1579 are inconsistent; permanently removing: y3-y0<=1579. 
D/ConnectivityService(19709): listenForNetwork for NetworkRequest [ id=9, legacyType=-1, [ Capabilities: INTERNET&NOT_RESTRICTED&TRUSTED] ]
D/ConnectivityService(19709): handleRegisterNetworkRequest checking NetworkAgentInfo [WIFI () - 100]
D/ConnectivityService(19709): apparently satisfied.  currentScore=60
D/ConnectivityManager.CallbackHandler(23112): CM callback handler got msg 524290
D/android.widget.GridLayout(20335): vertical constraints: y1-y0>=599, y2-y1>=599, y3-y2>=599, y3-y0<=1579 are inconsistent; permanently removing: y3-y0<=1579. 
W/linker  (23112): /data/data/com.google.android.gms/app_chimera/m/00000001/n/arm64-v8a/libcronet.68.0.3440.70.so: unused DT entry: type 0x6ffffef5 arg 0x98c08
W/linker  (23112): /data/data/com.google.android.gms/app_chimera/m/00000001/n/arm64-v8a/libcronet.68.0.3440.70.so: unused DT entry: type 0x6ffffffe arg 0x98ba4
W/linker  (23112): /data/data/com.google.android.gms/app_chimera/m/00000001/n/arm64-v8a/libcronet.68.0.3440.70.so: unused DT entry: type 0x6fffffff arg 0x3
I/cr_CronetLibraryLoader(23112): Cronet version: 68.0.3440.70, arch: aarch64
W/art     (23112): Verification of void com.google.android.apps.gmm.offline.m.a.a(com.google.android.apps.gmm.offline.l.ak, com.google.android.apps.gmm.offline.l.av) took 241.920ms
D/android.widget.GridLayout(20335): vertical constraints: y1-y0>=599, y2-y1>=599, y3-y2>=599, y3-y0<=1579 are inconsistent; permanently removing: y3-y0<=1579. 
D/android.widget.GridLayout(20335): vertical constraints: y1-y0>=599, y2-y1>=599, y3-y2>=599, y3-y0<=1579 are inconsistent; permanently removing: y3-y0<=1579. 
D/android.widget.GridLayout(20335): vertical constraints: y1-y0>=599, y2-y1>=599, y3-y2>=599, y3-y0<=1579 are inconsistent; permanently removing: y3-y0<=1579. 
D/android.widget.GridLayout(20335): vertical constraints: y1-y0>=599, y2-y1>=599, y3-y2>=599, y3-y0<=1579 are inconsistent; permanently removing: y3-y0<=1579. 
I/art     (23112): Rejecting re-init on previously-failed class java.lang.Class<android.support.v4.app.ca>
I/art     (23112): Rejecting re-init on previously-failed class java.lang.Class<android.support.v4.app.ca>
I/PeopleContactsSync(20856): CP2 cleanup done, kept= duration=620 ms
W/art     (23112): Verification of void com.google.android.apps.gmm.offline.m.a.i() took 150.844ms
W/art     (23112): Verification of void android.support.v4.app.bu.onCreate() took 146.414ms
I/GeofencerStateMachine(20203): removeGeofences: removeRequest=RemoveGeofencingRequest[REMOVE_BY_IDS Ids=[atn_geofence_request_id], packageName=com.google.android.apps.maps]
I/ActivityManager(19709): Start proc 23214:com.google.android.apps.plus/u0a72 for broadcast com.google.android.apps.plus/.notifications.channels.ChannelsUpdateReceiver
E/Vold    (  236): Failed to find mounted volume for /storage/sdcard1/Android/data/com.google.android.apps.maps/files/
W/Vold    (  236): Returning OperationFailed - no handler for errno 0
W/ContextImpl(23112): Failed to ensure directory: /storage/sdcard1/Android/data/com.google.android.apps.maps/files
I/ActivityManager(19709): Killing 22428:com.google.android.configupdater/u0a35 (adj 15): empty #17
W/mm-pp-daemon( 4521): type=1400 audit(0.0:3408): avc: denied { call } for scontext=u:r:mm-pp-daemon:s0 tcontext=u:r:servicemanager:s0 tclass=binder permissive=0
I/ServiceManager(  323): Waiting for service display.qservice...
W/art     (22997): Suspending all threads took: 7.856s
D/ActivityManager(19709): cleanUpApplicationRecord -- 22428
I/art     (22997): WaitForGcToComplete blocked for 4.178s for cause HomogeneousSpaceCompact
W/art     (22997): Suspending all threads took: 9.497ms
W/Primes  (22997): Primes not initialized, returning default (no-op) Primes instance which will ignore all calls. Please call Primes.initialize(...) before using any Primes API.
I/ActivityManager(19709): Killing 22464:.remote/1000 (adj 15): empty #17
D/ActivityManager(19709): cleanUpApplicationRecord -- 22464
I/MagicTether(22997): [HostValidator] InvalidHost. MobileData: true, Tethering: false, whitelist: false, ble: true
W/ActivityManager(19709): getRunningAppProcesses: caller 10072 does not hold REAL_GET_TASKS; limiting output
W/art     (23214): Suspending all threads took: 5.343ms
W/PrimesInit(23214): Primes instant initialization
W/Primes  (23214): background initialization
I/ActivityManager(19709): Start proc 23245:com.google.android.inputmethod.japanese/u0a58 for broadcast com.google.android.inputmethod.japanese/com.google.android.apps.inputmethod.libs.framework.core.LauncherIconVisibilityInitializer
I/art     (19461): Explicit concurrent mark sweep GC freed 709(30KB) AllocSpace objects, 0(0B) LOS objects, 89% free, 126KB/1150KB, paused 600us total 20.027ms
I/art     (19461): Explicit concurrent mark sweep GC freed 5(160B) AllocSpace objects, 0(0B) LOS objects, 89% free, 126KB/1150KB, paused 234us total 16.822ms
I/art     (19461): Explicit concurrent mark sweep GC freed 5(160B) AllocSpace objects, 0(0B) LOS objects, 89% free, 126KB/1150KB, paused 177us total 14.791ms
I/ActivityManager(19709): Killing 22531:com.caf.fmradio/1000 (adj 15): empty #17
D/DownloadManager(22050): [42] Finished with status SUCCESS
D/ActivityManager(19709): cleanUpApplicationRecord -- 22531
I/PrimesTesting(23214): GserviceFlagsSupplier.get()
I/InputContentProvider(23245): Created InputContentProvider: exported=[true]
I/ServiceManager(  323): Waiting for service display.qservice...
W/mm-pp-daemon( 4521): type=1400 audit(0.0:3409): avc: denied { call } for scontext=u:r:mm-pp-daemon:s0 tcontext=u:r:servicemanager:s0 tclass=binder permissive=0
D/wpa_supplicant(20154): wlan0: Control interface command 'SIGNAL_POLL'
D/Launcher.Workspace(20335): 11683562 - addExtraEmptyScreenOnDrag()
D/Launcher.Workspace(20335): 11683562 - insertNewWorkspaceScreen(): -201 at index: 2
I/ActivityManager(19709): Killing 22481:com.android.email/u0a40 (adj 15): empty #17
I/art     (19709): Background sticky concurrent mark sweep GC freed 20183(1399KB) AllocSpace objects, 5(100KB) LOS objects, 8% free, 16MB/18MB, paused 7.743ms total 44.040ms
I/TransientFileCleaner(23245): Deleting 0 files
I/TransientFileCleaner(23245): Deleting 0 files
D/ActivityManager(19709): cleanUpApplicationRecord -- 22481
I/ModuleManager(23245): Key 'module:com.google.android.apps.inputmethod.japanese.symbol.ISymbolKeyboardExtension' has value 'res/xml/extension_symbol.xml'
I/ModuleManager(23245): Adding [GIMS_UserUnlocked] NotificationListener for module com.google.android.apps.inputmethod.japanese.symbol.SymbolKeyboardExtension
I/ModuleManager(23245): Key 'module:com.google.android.apps.inputmethod.libs.mozc.extension.IJapaneseMozcExtension' has value 'res/xml/extension_japanese_mozc.xml'
I/ModuleManager(23245): Adding [App_UserUnlocked] NotificationListener for module com.google.android.apps.inputmethod.libs.mozc.extension.JapaneseMozcExtension
I/ModuleManager(23245): Key 'module:com.google.android.apps.inputmethod.libs.search.IEmoticonExtension' has value 'res/xml/extension_japanese_emoticon.xml'
I/ModuleManager(23245): Adding [GIMS_UserUnlocked] NotificationListener for module com.google.android.apps.inputmethod.libs.search.emoji.EmoticonExtension
I/ModuleManager(23245): Unexpected key 'com.google.android.backup.api_key' does not match 'module:'
I/ModuleManager(23245): Key 'module:com.google.android.apps.inputmethod.libs.search.IEmojiDataExtension' has value 'res/xml/extension_emoji_data.xml'
I/ModuleManager(23245): Adding [GIMS_UserUnlocked] NotificationListener for module com.google.android.apps.inputmethod.libs.search.emojisuggestion.EmptyEmojiDataExtension
I/ModuleManager(23245): Key 'module:com.google.android.apps.inputmethod.libs.search.IEmojiOrGifExtension' has value 'res/xml/extension_emoji_or_gif.xml'
I/ModuleManager(23245): Adding [GIMS_UserUnlocked] NotificationListener for module com.google.android.apps.inputmethod.libs.search.ArtExtension
I/ModuleManager(23245): Key 'module:com.google.android.apps.inputmethod.japanese.symbol.IDigitKeyboardExtension' has value 'res/xml/extension_digit.xml'
I/ModuleManager(23245): Adding [GIMS_UserUnlocked] NotificationListener for module com.google.android.apps.inputmethod.japanese.symbol.DigitKeyboardExtension
I/ModuleManager(23245): Unexpected key 'com.google.android.gms.version' does not match 'module:'
I/ModuleManager(23245): Key 'module:com.google.android.apps.inputmethod.libs.search.IEmojiSearchExtension' has value 'res/xml/extension_japanese_emoji_search.xml'
I/ModuleManager(23245): Adding [GIMS_UserUnlocked] NotificationListener for module com.google.android.apps.inputmethod.japanese.symbol.JapaneseEmojiSearchExtension
I/ModuleManager(23245): Key 'module:com.google.android.apps.inputmethod.libs.framework.module.IEmojiSuggestionExtension' has value 'res/xml/extension_emoji_suggestion.xml'
I/ModuleManager(23245): Adding [GIMS_UserUnlocked] NotificationListener for module com.google.android.apps.inputmethod.libs.search.emojisuggestion.EmojiSuggestionExtension
I/TransientFileCleaner(23245): Deleting 0 files
I/LauncherIconVisibility(23245): doUpdate() : Visible = false
E/AndroidIME(23245): azx: Can not upgrade InputMethodSubtype: TrySuppressingImeSwitcher,AsciiCapable,SupportTouchPositionCorrection,EmojiCapable
I/PhenotypeExpConfig(23245): refreshConfiguration() : Force = true : UpdateAvailable = true : Age = 25674338 minutes : MaxAge = 720 minutes
I/FirebaseJobDispatcher(23245): Schedule task: fetch_configuration. Success.
I/FirebaseJobDispatcher(23245): Schedule task: register. Success.
I/FirebaseJobDispatcher(23245): Schedule task: daily_ping_task. Success.
I/ModuleManager(23245): Module object of interface com.google.android.apps.inputmethod.libs.mozc.extension.JapaneseMozcExtension loaded.
I/ModuleManager(23245): com.google.android.apps.inputmethod.libs.mozc.extension.IJapaneseMozcExtension changed to available
I/LauncherIconVisibility(23245): doUpdate() : Visible = false
I/AndroidIME(23245): cai: mozc.data is found in asset file.
E/Vold    (  236): Failed to find mounted volume for /storage/sdcard1/Android/data/com.google.android.inputmethod.japanese/cache/
W/Vold    (  236): Returning OperationFailed - no handler for errno 0
W/ContextImpl(23245): Failed to ensure directory: /storage/sdcard1/Android/data/com.google.android.inputmethod.japanese/cache
E/Vold    (  236): Failed to find mounted volume for /storage/sdcard1/Android/data/com.google.android.inputmethod.japanese/files/
W/Vold    (  236): Returning OperationFailed - no handler for errno 0
W/ContextImpl(23245): Failed to ensure directory: /storage/sdcard1/Android/data/com.google.android.inputmethod.japanese/files
I/AndroidIME(23245): cai: Available directory /data/data/com.google.android.inputmethod.japanese/cache
I/AndroidIME(23245): cai: Available directory /storage/emulated/0/Android/data/com.google.android.inputmethod.japanese/cache
I/AndroidIME(23245): cai: Available directory /data/data/com.google.android.inputmethod.japanese/files
I/AndroidIME(23245): cai: Available directory /storage/emulated/0/Android/data/com.google.android.inputmethod.japanese/files
I/ActivityManager(19709): Start proc 23282:com.google.android.gm/u0a49 for broadcast com.google.android.gm/.GoogleMailDeviceStartupReceiver
I/ActivityManager(19709): Killing 22556:com.google.android.apps.inputmethod.hindi/u0a51 (adj 15): empty #17
D/ActivityManager(19709): cleanUpApplicationRecord -- 22556
I/AndroidIME(23245): cai: Data file is unzipped into /data/data/com.google.android.inputmethod.japanese/files/mozc.data
W/art     (23282): Suspending all threads took: 8.003ms
I/ServiceManager(  323): Waiting for service display.qservice...
W/mm-pp-daemon( 4521): type=1400 audit(0.0:3410): avc: denied { call } for scontext=u:r:mm-pp-daemon:s0 tcontext=u:r:servicemanager:s0 tclass=binder permissive=0
W/art     (23282): Suspending all threads took: 39.560ms
W/art     (23282): Suspending all threads took: 7.051ms
E/SQLiteLog(23282): (283) recovered 21 frames from WAL file /data/data/com.google.android.gm/databases/mailstore.bluebirdtest7730@gmail.com.db-wal
D/ActivityThread(23282): Loading provider com.google.android.gm.sapi: com.google.android.gm.sapi.SapiUiProvider
D/Babel_SmsDep(22831): disabled
D/Launcher.Workspace(20335): 6557954 Animate widget drop, final view is appWidgetHostView
D/StatusBar.NetworkController(19886): hasService: mServiceState=1 1 home null null null  Unknown Unknown CSS not supported 0 0 RoamInd=0 DefRoamInd=0 EmergOnly=true retVal=false
D/StatusBar.NetworkController(19886): refreshViews: Data not connected!! Set no data type icon / Roaming
D/StatusBar.NetworkController(19886): hasService: mServiceState=1 1 home null null null  Unknown Unknown CSS not supported 0 0 RoamInd=0 DefRoamInd=0 EmergOnly=true retVal=false
D/StatusBar.NetworkController(19886): refreshViews connected={ wifi } level=0 combinedSignalIconId=0x7f020343/com.android.systemui:drawable/stat_sys_wifi_signal_4_fully combinedActivityIconId=0x0 mobileLabel=Emergency calls only wifiLabel="SW2_We8h"xxxxXXXXxxxxXXXX emergencyOnly=true combinedLabel="SW2_We8h"xxxxXXXXxxxxXXXX mAirplaneMode=false mDataActivity=0 mPhoneSignalIconId=0x0/(null) mQSPhoneSignalIconId=0x7f0200ab/com.android.systemui:drawable/ic_qs_signal_no_signal mDataDirectionIconId=0x0/(null) mDataSignalIconId=0x0/(null) mDataTypeIconId=0x0/(null) mQSDataTypeIconId=0x0/(null) mNoSimIconId=0x7f02008b/com.android.systemui:drawable/ic_qs_no_sim mWifiIconId=0x7f020343/com.android.systemui:drawable/stat_sys_wifi_signal_4_fully mQSWifiIconId=0x7f0200bc/com.android.systemui:drawable/ic_qs_wifi_full_4 mWifiActivityIconId=0x0/(null) mBluetoothTetherIconId=0x108069b/android:drawable/stat_sys_tether_bluetooth
W/PrimesInit(23282): Primes instant initialization
W/Primes  (23282): background initialization
D/Ulp_jni (19709): Location CB invoked
D/LocationManagerService(19709): incoming location: Location[fused 37.488738,127.053543 acc=1773 et=+1d3h36m43s284ms alt=0.0 vel=0.0 bear=81.0 {Bundle[{}]}]
D/LocationManagerService(19709): incoming location: Location[fused 37.488738,127.053543 acc=1773 et=+1d3h36m43s284ms alt=0.0 vel=0.0 bear=81.0 {Bundle[{}]}]
D/GpsLocationProvider(19709): NetworkLocationListener=Location[fused 37.488738,127.053543 acc=1773 et=+1d3h36m43s284ms alt=0.0 vel=0.0 bear=81.0 {Bundle[{noGPSLocation=Location[network 37.488738,127.053543 acc=18 et=+1d3h36m3s863ms alt=90.69999694824219 {Bundle[{networkLocationType=wifi, coarseLocation=Location[network 37.495495,127.038871 acc=2000 et=+1d3h36m3s863ms]}]}]}]}]
D/GpsLocationProvider(19709): This Location Timezone is [ Asia/Seoul ]
D/AlarmManagerService(19709): Kernel timezone updated to -540 minutes west of GMT
W/GAV2    (23282): Thread[main,5,main]: Need to call initialize() and be in fallback mode to start dispatch.
I/PrimesTesting(23282): GserviceFlagsSupplier.get()
W/Gmail   (23282): Gmail:For b/73513912, load account content://com.android.gmail.ui/account.-2137146394 from MailAppProvider. Is account valid result: 1.
W/Gmail   (23282): Gmail:For b/73513912, load account content://com.google.android.gm.email.provider/account.-437561172?suppress_combined%3Dtrue from MailAppProvider. Is account valid result: 1.
D/Launcher.Workspace(20335): 11683562 - removeExtraEmptyScreen()
D/Launcher.Workspace(20335): 11683562 - convertFinalScreenToEmptyScreenIfNecessary()
D/Launcher.Workspace(20335): 11683562 - fadeAndRemoveEmptyScreen()
W/BackupManagerService(19709): dataChanged but no participant pkg='com.android.launcher3' uid=10012
E/qdutils (  323): getBinder: invalid binder object
E/PPDaemon(  323): Success: Failed to signal HWC
V/WLAN_PSA(  258): NL MSG, len[048], NL type[0x11] WNI type[0x5050] len[028]
V/WLAN_PSA(  258): NL MSG, PID: 258
W/ActivityManager(19709): Unable to start service Intent { cmp=com.google.android.gm/com.android.email.service.AttachmentService } U=0: not found
W/Gmail   (23282): EasBundling:ExchangeUpgradeReceiver: action=android.intent.action.BOOT_COMPLETED data=null
W/Gmail   (23282): EasBundling:ExchangeUpgradeUtils: isExchangeLegacy=false
E/Vold    (  236): Failed to find mounted volume for /storage/sdcard1/Android/data/com.google.android.gm/cache/
W/Vold    (  236): Returning OperationFailed - no handler for errno 0
I/ActivityManager(19709): Start proc 23343:com.google.android.inputmethod.pinyin/u0a52 for broadcast com.google.android.inputmethod.pinyin/com.google.android.apps.inputmethod.libs.framework.core.LauncherIconVisibilityInitializer
W/art     (23282): Suspending all threads took: 61.955ms
W/ContextImpl(23282): Failed to ensure directory: /storage/sdcard1/Android/data/com.google.android.gm/cache
I/ActivityManager(19709): Killing 22504:com.android.exchange/u0a41 (adj 15): empty #17
D/ActivityManager(19709): cleanUpApplicationRecord -- 22504
W/ActivityManager(19709): getRunningAppProcesses: caller 10052 does not hold REAL_GET_TASKS; limiting output
E/AndroidIME(23343): ajy: Can not upgrade InputMethodSubtype: TrySuppressingImeSwitcher,AsciiCapable,SupportTouchPositionCorrection,EmojiCapable
D/wpa_supplicant(20154): wlan0: Control interface command 'SIGNAL_POLL'
W/AndroidIME(23343): com.google.android.apps.inputmethod.libs.hmm.AbstractHmmEngineFactory: You need to override this method to specify your own downloadable data consumer ID.
W/AndroidIME(23343): com.google.android.apps.inputmethod.libs.hmm.AbstractHmmEngineFactory: You need to override this method to specify your own downloadable data consumer ID.
W/AndroidIME(23343): com.google.android.apps.inputmethod.libs.hmm.AbstractHmmEngineFactory: You need to override this method to specify your own downloadable data consumer ID.
W/AndroidIME(23343): com.google.android.apps.inputmethod.libs.hmm.AbstractHmmEngineFactory: You need to override this method to specify your own downloadable data consumer ID.
W/AndroidIME(23343): com.google.android.apps.inputmethod.libs.hmm.AbstractHmmEngineFactory: You need to override this method to specify your own downloadable data consumer ID.
W/AndroidIME(23343): com.google.android.apps.inputmethod.libs.hmm.AbstractHmmEngineFactory: You need to override this method to specify your own downloadable data consumer ID.
I/ActivityManager(19709): Start proc 23378:kr.hwangti.batterylog/u0a86 for broadcast kr.hwangti.batterylog/.BootReceiver
I/ActivityManager(19709): Killing 22579:com.google.android.inputmethod.korean/u0a59 (adj 15): empty #17
E/SQLiteLog(23282): (283) recovered 103 frames from WAL file /data/data/com.google.android.gm/databases/bigTopDataDB.-188575405-wal
D/ActivityManager(19709): cleanUpApplicationRecord -- 22579
W/ContextImpl(23378): Implicit intents with startService are not safe: Intent { act=kr.hwangti.batterylog.BatteryLogService } android.content.ContextWrapper.startService:516 android.content.ContextWrapper.startService:516 kr.hwangti.batterylog.BootReceiver.onReceive:25 
E/SQLiteLog(22399): (284) automatic index on view_events(_id)
I/BgTaskExecutorImpl(20742): Starting EXCLUSIVE background task UPDATE_HOTWORD_MODELS.
I/ModelDownloadController(20742): requestHotwordModelUpdate modelType-OK_GOOGLE
I/ModelDownloadController(20742): Handle the downloaded hotword model
I/ModelDownloadController(20742): the model is already used
I/Authzen (20856): [DeviceStateSyncManager] Device state fast sync is disabled
W/MDM     (20856): [310] adeq.c: enableNfc
E/NetworkScheduler(20203): Invalid component specified.
W/MDM     (20856): [310] adeq.c: EnableNfc flag is true
V/NFC     (20856): this device does not have NFC support
E/NetworkScheduler(20203): Invalid component specified.
I/CastDatabase(20856): Opening the database
D/StatusBar.NetworkController(19886): hasService: mServiceState=1 1 home null null null  Unknown Unknown CSS not supported 0 0 RoamInd=0 DefRoamInd=0 EmergOnly=true retVal=false
D/StatusBar.NetworkController(19886): refreshViews: Data not connected!! Set no data type icon / Roaming
D/StatusBar.NetworkController(19886): hasService: mServiceState=1 1 home null null null  Unknown Unknown CSS not supported 0 0 RoamInd=0 DefRoamInd=0 EmergOnly=true retVal=false
D/StatusBar.NetworkController(19886): refreshViews connected={ wifi } level=0 combinedSignalIconId=0x7f020343/com.android.systemui:drawable/stat_sys_wifi_signal_4_fully combinedActivityIconId=0x0 mobileLabel=Emergency calls only wifiLabel="SW2_We8h"xxxxXXXXxxxxXXXX emergencyOnly=true combinedLabel="SW2_We8h"xxxxXXXXxxxxXXXX mAirplaneMode=false mDataActivity=0 mPhoneSignalIconId=0x0/(null) mQSPhoneSignalIconId=0x7f0200ab/com.android.systemui:drawable/ic_qs_signal_no_signal mDataDirectionIconId=0x0/(null) mDataSignalIconId=0x0/(null) mDataTypeIconId=0x0/(null) mQSDataTypeIconId=0x0/(null) mNoSimIconId=0x7f02008b/com.android.systemui:drawable/ic_qs_no_sim mWifiIconId=0x7f020343/com.android.systemui:drawable/stat_sys_wifi_signal_4_fully mQSWifiIconId=0x7f0200bc/com.android.systemui:drawable/ic_qs_wifi_full_4 mWifiActivityIconId=0x0/(null) mBluetoothTetherIconId=0x108069b/android:drawable/stat_sys_tether_bluetooth
I/SQLiteCastDBHelper(20856): Creating cast database
I/SQLiteCastStore(20856): 0 CastNetworkInfo instances loaded, 0 CastDeviceInfo instances loaded, 0 paired guest mode devices loaded.
W/trp     (23282): Failed to find local clusters.
W/trp     (23282): Failed to find local clusters.
W/trp     (23282): Failed to find local clusters.
D/Launcher.Workspace(20335): 11683562 - addExtraEmptyScreenOnDrag()
D/Launcher.Workspace(20335): 11683562 - insertNewWorkspaceScreen(): -201 at index: 2
I/CastSocket(20856): 22 >= 18. Adding new CastClientAuthKeyManager.
E/WifiStateMachine(19709): WifiStateMachine CMD_START_SCAN source 10008 txSuccessRate=588.57 rxSuccessRate=1490.25 targetRoamBSSID=any RSSI=-40
D/wpa_supplicant(20154): wlan0: Control interface command 'SCAN TYPE=ONLY'
D/wpa_supplicant(20154): wlan0: Setting scan request: 0.000000 sec
D/wpa_supplicant(20154): wlan0: Starting AP scan for wildcard SSID
D/wpa_supplicant(20154): wlan0: Add radio work 'scan'@0x55a6e747c0
D/wpa_supplicant(20154): wlan0: First radio work item in the queue - schedule start immediately
D/wpa_supplicant(20154): wlan0: Starting radio work 'scan'@0x55a6e747c0 after 0.000039 second wait
D/wpa_supplicant(20154): wlan0: nl80211: scan request
D/wpa_supplicant(20154): nl80211: Scan SSID - hexdump(len=0): [NULL]
D/wpa_supplicant(20154): Scan requested (ret=0) - scan timeout 30 seconds
D/wpa_supplicant(20154): nl80211: Event message available
D/wpa_supplicant(20154): nl80211: Drv Event 33 (NL80211_CMD_TRIGGER_SCAN) received for wlan0
D/wpa_supplicant(20154): wlan0: nl80211: Scan trigger
D/wpa_supplicant(20154): wlan0: Event SCAN_STARTED (49) received
I/WifiHAL (19709): Poll result = 1
D/wpa_supplicant(20154): wlan0: Own scan request started a scan in 0.000106 seconds
I/WifiHAL (19709): Found some events!!!
D/WifiHAL (19709): no_seq_check received
D/wpa_supplicant(20154): CTRL_IFACE monitor sent successfully to /data/misc/wifi/sockets/wpa_ctrl_19709-2\x00
I/WifiHAL (19709): event received NL80211_CMD_TRIGGER_SCAN
I/WifiHAL (19709): event received NL80211_CMD_TRIGGER_SCAN, vendor_id = 0x0
I/WifiHAL (19709): event ignored!!
V/WLAN_PSA(  258): NL MSG, len[914], NL type[0x11] WNI type[0x5050] len[894]
V/WLAN_PSA(  258): NL MSG, PID: 258
V/WLAN_PSA(  258): NL MSG, len[048], NL type[0x11] WNI type[0x5050] len[028]
V/WLAN_PSA(  258): NL MSG, PID: 258
I/DiscoveryManager(20856): WifiGuestModeDeviceScanner enabled.
W/ResourcesManager(23282): Asset path '/system/framework/com.android.media.remotedisplay.jar' does not exist or contains no resources.
W/ResourcesManager(23282): Asset path '/system/framework/com.android.location.provider.jar' does not exist or contains no resources.
E/AudioPolicyManager(19468): unknown stream type 13
E/AudioPolicyManager(19468): unknown stream type 13
I/MediaRouter(20856): Found default route: MediaRouter.RouteInfo{ uniqueId=android/ahs:DEFAULT_ROUTE, name=Phone, description=null, iconUri=null, enabled=true, connecting=false, connectionState=0, canDisconnect=false, playbackType=0, playbackStream=3, deviceType=0, volumeHandling=1, volume=11, volumeMax=15, presentationDisplayId=-1, extras=null, settingsIntent=null, providerPackageName=android }
I/MediaRouter(20856): Unselecting the current route because it is no longer selectable: null
W/linker  (23282): /data/app/com.google.android.gms-1/lib/arm64/libconscrypt_gmscore_jni.so: unused DT entry: type 0x6ffffffe arg 0x18e4
W/linker  (23282): /data/app/com.google.android.gms-1/lib/arm64/libconscrypt_gmscore_jni.so: unused DT entry: type 0x6fffffff arg 0x2
V/NativeCrypto(23282): Registering com/google/android/gms/org/conscrypt/NativeCrypto's 287 native methods...
I/art     (23282): Rejecting re-init on previously-failed class java.lang.Class<com.google.android.gms.org.conscrypt.Java7ExtendedSSLSession>
I/art     (23282): Rejecting re-init on previously-failed class java.lang.Class<com.google.android.gms.org.conscrypt.Java7ExtendedSSLSession>
I/art     (23282): Rejecting re-init on previously-failed class java.lang.Class<com.google.android.gms.org.conscrypt.Java8ExtendedSSLSession>
I/art     (23282): Rejecting re-init on previously-failed class java.lang.Class<com.google.android.gms.org.conscrypt.Java8ExtendedSSLSession>
V/WLAN_PSA(  258): NL MSG, len[914], NL type[0x11] WNI type[0x5050] len[894]
V/WLAN_PSA(  258): NL MSG, PID: 258
I/ProviderInstaller(23282): Installed default security provider GmsCore_OpenSSL
V/WLAN_PSA(  258): NL MSG, len[914], NL type[0x11] WNI type[0x5050] len[894]
V/WLAN_PSA(  258): NL MSG, PID: 258
V/WLAN_PSA(  258): NL MSG, len[048], NL type[0x11] WNI type[0x5050] len[028]
V/WLAN_PSA(  258): NL MSG, PID: 258
E/NetworkScheduler(20203): Invalid component specified.
V/WLAN_PSA(  258): NL MSG, len[914], NL type[0x11] WNI type[0x5050] len[894]
V/WLAN_PSA(  258): NL MSG, PID: 258
E/NetworkScheduler(20203): Invalid component specified.
W/SearchServiceCore(20742): Abort, client detached.
E/NetworkScheduler(20203): Invalid component specified.
I/EventLogSendingHelper(20742): Sending log events.
E/NetworkScheduler(20203): Invalid component specified.
I/GCoreUlr(20203): Starting service, intent=Intent { act=com.google.android.location.reporting.ACTION_UPDATE_WORLD cmp=com.google.android.gms/com.google.android.location.reporting.service.DispatchingService (has extras) }, extras=Bundle[{receiverAction=com.google.android.location.internal.server.ACTION_RESTARTED}]
V/WLAN_PSA(  258): NL MSG, len[914], NL type[0x11] WNI type[0x5050] len[894]
V/WLAN_PSA(  258): NL MSG, PID: 258
V/WLAN_PSA(  258): NL MSG, len[048], NL type[0x11] WNI type[0x5050] len[028]
V/WLAN_PSA(  258): NL MSG, PID: 258
I/ActivityManager(19709): Start proc 23425:com.android.mms/u0a14 for broadcast com.android.mms/.transaction.SmsReceiver
D/StatusBar.NetworkController(19886): hasService: mServiceState=1 1 home null null null  Unknown Unknown CSS not supported 0 0 RoamInd=0 DefRoamInd=0 EmergOnly=true retVal=false
D/StatusBar.NetworkController(19886): refreshViews: Data not connected!! Set no data type icon / Roaming
D/StatusBar.NetworkController(19886): hasService: mServiceState=1 1 home null null null  Unknown Unknown CSS not supported 0 0 RoamInd=0 DefRoamInd=0 EmergOnly=true retVal=false
D/StatusBar.NetworkController(19886): refreshViews connected={ wifi } level=0 combinedSignalIconId=0x7f020343/com.android.systemui:drawable/stat_sys_wifi_signal_4_fully combinedActivityIconId=0x0 mobileLabel=Emergency calls only wifiLabel="SW2_We8h"xxxxXXXXxxxxXXXX emergencyOnly=true combinedLabel="SW2_We8h"xxxxXXXXxxxxXXXX mAirplaneMode=false mDataActivity=0 mPhoneSignalIconId=0x0/(null) mQSPhoneSignalIconId=0x7f0200ab/com.android.systemui:drawable/ic_qs_signal_no_signal mDataDirectionIconId=0x0/(null) mDataSignalIconId=0x0/(null) mDataTypeIconId=0x0/(null) mQSDataTypeIconId=0x0/(null) mNoSimIconId=0x7f02008b/com.android.systemui:drawable/ic_qs_no_sim mWifiIconId=0x7f020343/com.android.systemui:drawable/stat_sys_wifi_signal_4_fully mQSWifiIconId=0x7f0200bc/com.android.systemui:drawable/ic_qs_wifi_full_4 mWifiActivityIconId=0x0/(null) mBluetoothTetherIconId=0x108069b/android:drawable/stat_sys_tether_bluetooth
I/GCoreUlr(20203): WorldUpdater received intent Intent { act=com.google.android.location.reporting.ACTION_UPDATE_WORLD cmp=com.google.android.gms/com.google.android.location.reporting.service.DispatchingService (has extras) } with receiverAction com.google.android.location.internal.server.ACTION_RESTARTED
I/GCoreUlr(20203): WorldUpdater:com.google.android.location.internal.server.ACTION_RESTARTED: Ensuring that reporting is stopped because of reasons: {account#-5#=[InactiveReason{mIdentifier=6, mName='ReportingNotEnabled'}]}
V/WLAN_PSA(  258): NL MSG, len[914], NL type[0x11] WNI type[0x5050] len[894]
V/WLAN_PSA(  258): NL MSG, PID: 258
I/GCoreUlr(20203): Unbound from all signal providers.
I/GCoreUlr(20203): DispatchingService ignoring Intent { act=android.net.wifi.WIFI_STATE_CHANGED flg=0x4000010 (has extras) } because ULR inactive
D/CountryDetector(19709): The first listener is added
V/WLAN_PSA(  258): NL MSG, len[914], NL type[0x11] WNI type[0x5050] len[894]
V/WLAN_PSA(  258): NL MSG, PID: 258
V/WLAN_PSA(  258): NL MSG, len[048], NL type[0x11] WNI type[0x5050] len[028]
V/WLAN_PSA(  258): NL MSG, PID: 258
I/GCoreUlr(20203): Unbound from all signal providers.
I/GCoreUlr(20203): Stopping handler for UlrDispSvcFast
V/Mms     (23425): mnc/mcc: 
V/Mms     (23425): tag: bool value: enabledMMS - true
V/Mms     (23425): tag: bool value: enableOMACP - false
V/Mms     (23425): tag: int value: maxMessageSize - 307200
V/Mms     (23425): tag: int value: maxImageHeight - 480
V/Mms     (23425): tag: int value: maxImageWidth - 640
V/Mms     (23425): tag: int value: defaultSMSMessagesPerThread - 1000
V/Mms     (23425): tag: int value: defaultMMSMessagesPerThread - 1000
V/Mms     (23425): tag: int value: minMessageCountPerThread - 10
V/Mms     (23425): tag: int value: maxMessageCountPerThread - 5000
V/Mms     (23425): tag: string value: uaProfUrl - http://www.google.com/oha/rdf/ua-profile-kila.xml
V/Mms     (23425): tag: int value: recipientLimit - -1
V/Mms     (23425): tag: bool value: enableMultipartSMS - true
V/Mms     (23425): tag: int value: smsToMmsTextThreshold - -1
V/Mms     (23425): tag: bool value: enableSlideDuration - true
V/Mms     (23425): tag: int value: maxMessageTextSize - -1
V/Mms     (23425): tag: bool value: enableCreationMode - false
I/ContactPhotoManager(23425): Cache adj: 1.0
E/ContactPhotoManager(23425): No contact photo service in context: com.android.mms.MmsApp@114ca500
I/ActivityManager(19709): Start proc 23451:com.google.android.music:main/u0a64 for broadcast com.google.android.music/.autocache.AutoCacheSchedulingService$EnablingReceiver
W/ResourcesManager(23425): Asset path '/system/framework/com.google.android.media.effects.jar' does not exist or contains no resources.
W/ResourcesManager(23425): Asset path '/system/framework/com.google.android.media.effects.jar' does not exist or contains no resources.
V/Mms     (23425): onStart: #1 resultCode: -1 = Activity.RESULT_OK
V/WLAN_PSA(  258): NL MSG, len[914], NL type[0x11] WNI type[0x5050] len[894]
V/WLAN_PSA(  258): NL MSG, PID: 258
D/Mms     (23425): Cursor= >>>>> Dumping cursor android.content.ContentResolver$CursorWrapperInner@d0dfcd7
D/Mms     (23425): <<<<<
I/ActivityManager(19709): Killing 22610:com.bluebird.factory.reliability/1000 (adj 15): empty #17
V/WLAN_PSA(  258): NL MSG, len[914], NL type[0x11] WNI type[0x5050] len[894]
V/WLAN_PSA(  258): NL MSG, PID: 258
V/WLAN_PSA(  258): NL MSG, len[048], NL type[0x11] WNI type[0x5050] len[028]
V/WLAN_PSA(  258): NL MSG, PID: 258
D/ActivityManager(19709): cleanUpApplicationRecord -- 22610
V/WLAN_PSA(  258): NL MSG, len[914], NL type[0x11] WNI type[0x5050] len[894]
V/WLAN_PSA(  258): NL MSG, PID: 258
I/MultiDex(23451): VM with version 2.1.0 has multidex support
I/MultiDex(23451): install
I/MultiDex(23451): VM has multidex support, MultiDex support library is disabled.
W/art     (23451): Suspending all threads took: 30.866ms
V/WLAN_PSA(  258): NL MSG, len[914], NL type[0x11] WNI type[0x5050] len[894]
V/WLAN_PSA(  258): NL MSG, PID: 258
V/WLAN_PSA(  258): NL MSG, len[048], NL type[0x11] WNI type[0x5050] len[028]
V/WLAN_PSA(  258): NL MSG, PID: 258
D/ProcessNameProvider(23451): Content provider MainProcessTypeInitializerContentProvider created for process MAIN
D/MusicLifecycle(23451): com.google.android.music.store.ConfigContentProvider generated event: Content provider created
D/MusicLifecycle(23451): com.google.android.music.api.MusicPublicContentProvider generated event: Content provider created
D/MusicLifecycle(23451): com.google.android.music.store.MusicContentProvider generated event: Content provider created
V/WLAN_PSA(  258): NL MSG, len[914], NL type[0x11] WNI type[0x5050] len[894]
V/WLAN_PSA(  258): NL MSG, PID: 258
D/InitAlarmsService(22369): Clearing and rescheduling alarms.
D/MusicLifecycle(23451): com.google.android.music.ui.PhoneMusicApplication generated event: Application created
I/AndroidMusic(23451): Application start. Process=MAIN
I/ActivityManager(19709): Killing 22369:com.android.calendar/u0a28 (adj 15): empty #17
D/StatusBar.NetworkController(19886): hasService: mServiceState=1 1 home null null null  Unknown Unknown CSS not supported 0 0 RoamInd=0 DefRoamInd=0 EmergOnly=true retVal=false
D/StatusBar.NetworkController(19886): refreshViews: Data not connected!! Set no data type icon / Roaming
D/StatusBar.NetworkController(19886): hasService: mServiceState=1 1 home null null null  Unknown Unknown CSS not supported 0 0 RoamInd=0 DefRoamInd=0 EmergOnly=true retVal=false
D/StatusBar.NetworkController(19886): refreshViews connected={ wifi } level=0 combinedSignalIconId=0x7f020343/com.android.systemui:drawable/stat_sys_wifi_signal_4_fully combinedActivityIconId=0x0 mobileLabel=Emergency calls only wifiLabel="SW2_We8h"xxxxXXXXxxxxXXXX emergencyOnly=true combinedLabel="SW2_We8h"xxxxXXXXxxxxXXXX mAirplaneMode=false mDataActivity=0 mPhoneSignalIconId=0x0/(null) mQSPhoneSignalIconId=0x7f0200ab/com.android.systemui:drawable/ic_qs_signal_no_signal mDataDirectionIconId=0x0/(null) mDataSignalIconId=0x0/(null) mDataTypeIconId=0x0/(null) mQSDataTypeIconId=0x0/(null) mNoSimIconId=0x7f02008b/com.android.systemui:drawable/ic_qs_no_sim mWifiIconId=0x7f020343/com.android.systemui:drawable/stat_sys_wifi_signal_4_fully mQSWifiIconId=0x7f0200bc/com.android.systemui:drawable/