01-25 00:46:47.731   450   450 I vold    : Vold 3.0 (the awakening) firing up
01-25 00:46:47.731   450   450 V vold    : Detected support for: ext4 vfat
01-25 00:46:47.786   450   456 D vold    : e4crypt_init_user0
01-25 00:46:47.786   450   456 D vold    : e4crypt_prepare_user_storage for volume null, user 0, serial 0, flags 1
01-25 00:46:47.786   450   456 D vold    : Preparing: /data/system/users/0
01-25 00:46:47.786   450   456 D vold    : Preparing: /data/misc/profiles/cur/0
01-25 00:46:47.787   450   456 D vold    : Preparing: /data/misc/profiles/cur/0/foreign-dex
01-25 00:46:47.788   450   456 D vold    : Preparing: /data/system_de/0
01-25 00:46:47.788   450   456 D vold    : Preparing: /data/misc_de/0
01-25 00:46:47.788   450   456 D vold    : Preparing: /data/user_de/0
01-25 00:46:47.789   450   456 D vold    : e4crypt_unlock_user_key 0 serial=0 token_present=0
01-25 00:46:48.937   546   546 I irsc_util: Starting irsc tool
01-25 00:46:48.945   546   546 I irsc_util: Num of entries:290
01-25 00:46:48.955   546   546 I irsc_util: Ending irsc tool
11-20 11:31:19.670   625   817 I QISL    : QSEE Interrupt Service Listener Thread is started
11-20 11:31:19.678   625   817 I QISL    : QSEE Interrupt Service Listener was activated successfully
11-20 11:31:23.550  1397  1397 I InstallerConnection: connecting...
11-20 11:31:23.576  1397  1397 I InstallerConnection: disconnecting...
11-20 11:31:23.625  1397  1397 I SystemServer: Entered the Android system server!
11-20 11:31:23.740  1397  1397 I SystemServiceManager: Starting com.android.server.pm.Installer
11-20 11:31:23.749  1397  1397 I Installer: Waiting for installd to be ready.
11-20 11:31:23.749  1397  1397 I InstallerConnection: connecting...
11-20 11:31:23.751  1397  1397 I SystemServiceManager: Starting com.android.server.am.ActivityManagerService$Lifecycle
11-20 11:31:23.788  1397  1397 I ActivityManager: Memory class: 192
11-20 11:31:23.790  1397  1468 I ServiceThread: Enabled StrictMode logging for ActivityManager looper.
11-20 11:31:23.792  1397  1469 I ServiceThread: Enabled StrictMode logging for android.ui looper.
11-20 11:31:23.807  1397  1397 D BatteryStatsImpl: Reading daily items from /data/system/batterystats-daily.xml
11-20 11:31:24.074  1397  1397 W ProcessCpuTracker: Skipping unknown process pid 1483
11-20 11:31:24.075  1397  1397 W ProcessCpuTracker: Skipping unknown process pid 1484
11-20 11:31:24.092  1397  1397 I IntentFirewall: Read new rules (A:0 B:0 S:0)
11-20 11:31:24.106  1397  1513 I ServiceThread: Enabled StrictMode logging for android.display looper.
11-20 11:31:24.110  1397  1397 D AppOps  : AppOpsService published
11-20 11:31:24.110  1397  1397 I SystemServiceManager: Starting com.android.server.power.PowerManagerService
11-20 11:31:24.124  1397  1515 I ServiceThread: Enabled StrictMode logging for PowerManagerService looper.
11-20 11:31:24.136  1397  1397 I SystemServiceManager: Starting com.android.server.lights.LightsService
11-20 11:31:24.148  1397  1397 I SystemServiceManager: Starting com.android.server.display.DisplayManagerService
11-20 11:31:24.151  1397  1397 I SystemServiceManager: Starting phase 100
11-20 11:31:24.164  1397  1513 I DisplayManagerService: Display device added: DisplayDeviceInfo{"Built-in Screen": uniqueId="local:0", 320 x 480, modeId 1, defaultModeId 1, supportedModes [{id=1, width=320, height=480, fps=60.000004}], colorMode 0, supportedColorModes [0], HdrCapabilities android.view.Display$HdrCapabilities@a69d6308, density 150, 150.0 x 150.0 dpi, appVsyncOff 1000000, presDeadline 16666666, touch INTERNAL, rotation 0, type BUILT_IN, state UNKNOWN, FLAG_DEFAULT_DISPLAY, FLAG_ROTATES_WITH_CONTENT, FLAG_SECURE, FLAG_SUPPORTS_PROTECTED_BUFFERS}
11-20 11:31:24.166  1397  1513 I DisplayManagerService: Display device changed state: "Built-in Screen", ON
11-20 11:31:24.167  1397  1397 I SystemServer: Regionalization Service
11-20 11:31:24.168  1397  1397 I SystemServer: StartPackageManagerService
11-20 11:31:24.311  1397  1397 D SELinuxMMAC: Using policy file /system/etc/security/mac_permissions.xml
11-20 11:31:24.869  1397  1397 W PackageManager: Library not found: /system/framework/org.apache.http.legacy.jar
11-20 11:31:25.001  1397  1397 W PackageManager: Library not found: /system/framework/org.apache.http.legacy.jar
11-20 11:31:25.028  1397  1575 W PackageManager: Failed to parse /system/framework/arm: Missing base APK in /system/framework/arm
11-20 11:31:25.028  1397  1576 W PackageManager: Failed to parse /system/framework/arm64: Missing base APK in /system/framework/arm64
11-20 11:31:25.030  1397  1578 W PackageManager: Failed to parse /system/framework/oat: Missing base APK in /system/framework/oat
11-20 11:31:25.145  1397  1580 W PackageManager: Permission android.permission.DOWNLOAD_WITHOUT_NOTIFICATION from package com.android.providers.downloads in an unknown group android.permission-group.NETWORK
11-20 11:31:25.146  1397  1577 W PackageParser: No actions in intent filter at /system/priv-app/Contacts/Contacts.apk Binary XML file line #434
11-20 11:31:25.191  1397  1575 W PackageParser: No actions in intent filter at /system/priv-app/Dialer/Dialer.apk Binary XML file line #200
11-20 11:31:25.202  1397  1578 W PackageParser: Unknown element under <manifest>: uses-library at /system/priv-app/GoogleFeedback/GoogleFeedback.apk Binary XML file line #33
11-20 11:31:25.213  1397  1575 W PackageParser: Ignoring duplicate uses-permissions/uses-permissions-sdk-m: com.google.android.providers.gsf.permission.READ_GSERVICES in package: com.google.android.partnersetup at: Binary XML file line #32
11-20 11:31:25.253  1397  1578 W PackageManager: Permission com.google.android.googleapps.permission.GOOGLE_AUTH from package com.google.android.gsf in an unknown group android.permission-group.ACCOUNTS
11-20 11:31:25.253  1397  1578 W PackageManager: Permission com.google.android.googleapps.permission.GOOGLE_AUTH.ALL_SERVICES from package com.google.android.gsf in an unknown group android.permission-group.ACCOUNTS
11-20 11:31:25.253  1397  1578 W PackageManager: Permission com.google.android.googleapps.permission.GOOGLE_AUTH.OTHER_SERVICES from package com.google.android.gsf in an unknown group android.permission-group.ACCOUNTS
11-20 11:31:25.253  1397  1578 W PackageManager: Permission com.google.android.googleapps.permission.GOOGLE_AUTH.mail from package com.google.android.gsf in an unknown group android.permission-group.ACCOUNTS
11-20 11:31:25.253  1397  1578 W PackageManager: Permission com.google.android.googleapps.permission.GOOGLE_AUTH.cl from package com.google.android.gsf in an unknown group android.permission-group.ACCOUNTS
11-20 11:31:25.253  1397  1578 W PackageManager: Permission com.google.android.googleapps.permission.GOOGLE_AUTH.android from package com.google.android.gsf in an unknown group android.permission-group.ACCOUNTS
11-20 11:31:25.253  1397  1578 W PackageManager: Permission com.google.android.googleapps.permission.GOOGLE_AUTH.androidsecure from package com.google.android.gsf in an unknown group android.permission-group.ACCOUNTS
11-20 11:31:25.253  1397  1578 W PackageManager: Permission com.google.android.googleapps.permission.GOOGLE_AUTH.sierra from package com.google.android.gsf in an unknown group android.permission-group.ACCOUNTS
11-20 11:31:25.253  1397  1578 W PackageManager: Permission com.google.android.googleapps.permission.GOOGLE_AUTH.sierraqa from package com.google.android.gsf in an unknown group android.permission-group.ACCOUNTS
11-20 11:31:25.253  1397  1578 W PackageManager: Permission com.google.android.googleapps.permission.GOOGLE_AUTH.sierrasandbox from package com.google.android.gsf in an unknown group android.permission-group.ACCOUNTS
11-20 11:31:25.254  1397  1578 W PackageManager: Permission com.google.android.googleapps.permission.GOOGLE_AUTH.youtube from package com.google.android.gsf in an unknown group android.permission-group.ACCOUNTS
11-20 11:31:25.254  1397  1578 W PackageManager: Permission com.google.android.googleapps.permission.GOOGLE_AUTH.YouTubeUser from package com.google.android.gsf in an unknown group android.permission-group.ACCOUNTS
11-20 11:31:25.254  1397  1578 W PackageManager: Permission com.google.android.googleapps.permission.GOOGLE_AUTH.talk from package com.google.android.gsf in an unknown group android.permission-group.ACCOUNTS
11-20 11:31:25.254  1397  1578 W PackageManager: Permission com.google.android.googleapps.permission.GOOGLE_AUTH.ig from package com.google.android.gsf in an unknown group android.permission-group.ACCOUNTS
11-20 11:31:25.254  1397  1578 W PackageManager: Permission com.google.android.googleapps.permission.GOOGLE_AUTH.lh2 from package com.google.android.gsf in an unknown group android.permission-group.ACCOUNTS
11-20 11:31:25.254  1397  1578 W PackageManager: Permission com.google.android.googleapps.permission.GOOGLE_AUTH.mobile from package com.google.android.gsf in an unknown group android.permission-group.ACCOUNTS
11-20 11:31:25.254  1397  1578 W PackageManager: Permission com.google.android.googleapps.permission.GOOGLE_AUTH.cp from package com.google.android.gsf in an unknown group android.permission-group.ACCOUNTS
11-20 11:31:25.254  1397  1578 W PackageManager: Permission com.google.android.googleapps.permission.GOOGLE_AUTH.adsense from package com.google.android.gsf in an unknown group android.permission-group.ACCOUNTS
11-20 11:31:25.254  1397  1578 W PackageManager: Permission com.google.android.googleapps.permission.GOOGLE_AUTH.adwords from package com.google.android.gsf in an unknown group android.permission-group.ACCOUNTS
11-20 11:31:25.254  1397  1578 W PackageManager: Permission com.google.android.googleapps.permission.GOOGLE_AUTH.blogger from package com.google.android.gsf in an unknown group android.permission-group.ACCOUNTS
11-20 11:31:25.254  1397  1578 W PackageManager: Permission com.google.android.googleapps.permission.GOOGLE_AUTH.dodgeball from package com.google.android.gsf in an unknown group android.permission-group.ACCOUNTS
11-20 11:31:25.254  1397  1578 W PackageManager: Permission com.google.android.googleapps.permission.GOOGLE_AUTH.gbase from package com.google.android.gsf in an unknown group android.permission-group.ACCOUNTS
11-20 11:31:25.254  1397  1578 W PackageManager: Permission com.google.android.googleapps.permission.GOOGLE_AUTH.groups2 from package com.google.android.gsf in an unknown group android.permission-group.ACCOUNTS
11-20 11:31:25.254  1397  1578 W PackageManager: Permission com.google.android.googleapps.permission.GOOGLE_AUTH.health from package com.google.android.gsf in an unknown group android.permission-group.ACCOUNTS
11-20 11:31:25.254  1397  1578 W PackageManager: Permission com.google.android.googleapps.permission.GOOGLE_AUTH.jotspot from package com.google.android.gsf in an unknown group android.permission-group.ACCOUNTS
11-20 11:31:25.254  1397  1578 W PackageManager: Permission com.google.android.googleapps.permission.GOOGLE_AUTH.knol from package com.google.android.gsf in an unknown group android.permission-group.ACCOUNTS
11-20 11:31:25.254  1397  1578 W PackageManager: Permission com.google.android.googleapps.permission.GOOGLE_AUTH.news from package com.google.android.gsf in an unknown group android.permission-group.ACCOUNTS
11-20 11:31:25.254  1397  1578 W PackageManager: Permission com.google.android.googleapps.permission.GOOGLE_AUTH.orkut from package com.google.android.gsf in an unknown group android.permission-group.ACCOUNTS
11-20 11:31:25.254  1397  1578 W PackageManager: Permission com.google.android.googleapps.permission.GOOGLE_AUTH.print from package com.google.android.gsf in an unknown group android.permission-group.ACCOUNTS
11-20 11:31:25.254  1397  1578 W PackageManager: Permission com.google.android.googleapps.permission.GOOGLE_AUTH.sitemaps from package com.google.android.gsf in an unknown group android.permission-group.ACCOUNTS
11-20 11:31:25.254  1397  1578 W PackageManager: Permission com.google.android.googleapps.permission.GOOGLE_AUTH.wifi from package com.google.android.gsf in an unknown group android.permission-group.ACCOUNTS
11-20 11:31:25.254  1397  1578 W PackageManager: Permission com.google.android.googleapps.permission.GOOGLE_AUTH.finance from package com.google.android.gsf in an unknown group android.permission-group.ACCOUNTS
11-20 11:31:25.254  1397  1578 W PackageManager: Permission com.google.android.googleapps.permission.GOOGLE_AUTH.local from package com.google.android.gsf in an unknown group android.permission-group.ACCOUNTS
11-20 11:31:25.254  1397  1578 W PackageManager: Permission com.google.android.googleapps.permission.GOOGLE_AUTH.ah from package com.google.android.gsf in an unknown group android.permission-group.ACCOUNTS
11-20 11:31:25.255  1397  1578 W PackageManager: Permission com.google.android.googleapps.permission.GOOGLE_AUTH.notebook from package com.google.android.gsf in an unknown group android.permission-group.ACCOUNTS
11-20 11:31:25.255  1397  1578 W PackageManager: Permission com.google.android.googleapps.permission.GOOGLE_AUTH.writely from package com.google.android.gsf in an unknown group android.permission-group.ACCOUNTS
11-20 11:31:25.255  1397  1578 W PackageManager: Permission com.google.android.googleapps.permission.GOOGLE_AUTH.wise from package com.google.android.gsf in an unknown group android.permission-group.ACCOUNTS
11-20 11:31:25.255  1397  1578 W PackageManager: Permission com.google.android.googleapps.permission.GOOGLE_AUTH.grandcentral from package com.google.android.gsf in an unknown group android.permission-group.ACCOUNTS
11-20 11:31:25.255  1397  1578 W PackageManager: Permission com.google.android.googleapps.permission.GOOGLE_AUTH.speechpersonalization from package com.google.android.gsf in an unknown group android.permission-group.ACCOUNTS
11-20 11:31:25.255  1397  1578 W PackageManager: Permission com.google.android.googleapps.permission.GOOGLE_AUTH.speech from package com.google.android.gsf in an unknown group android.permission-group.ACCOUNTS
11-20 11:31:25.255  1397  1578 W PackageManager: Permission com.google.android.providers.talk.permission.READ_ONLY from package com.google.android.gsf in an unknown group android.permission-group.MESSAGES
11-20 11:31:25.255  1397  1578 W PackageManager: Permission com.google.android.providers.talk.permission.WRITE_ONLY from package com.google.android.gsf in an unknown group android.permission-group.MESSAGES
11-20 11:31:25.255  1397  1578 W PackageManager: Permission com.google.android.gtalkservice.permission.GTALK_SERVICE from package com.google.android.gsf in an unknown group android.permission-group.MESSAGES
11-20 11:31:25.255  1397  1578 W PackageManager: Permission com.google.android.gtalkservice.permission.SEND_HEARTBEAT from package com.google.android.gsf in an unknown group android.permission-group.NETWORK
11-20 11:31:25.255  1397  1578 W PackageManager: Permission com.google.android.permission.BROADCAST_DATA_MESSAGE from package com.google.android.gsf in an unknown group android.permission-group.NETWORK
11-20 11:31:25.255  1397  1578 W PackageManager: Permission com.google.android.c2dm.permission.SEND from package com.google.android.gsf in an unknown group android.permission-group.NETWORK
11-20 11:31:25.255  1397  1578 W PackageManager: Permission com.google.android.c2dm.permission.RECEIVE from package com.google.android.gsf in an unknown group android.permission-group.NETWORK
11-20 11:31:25.255  1397  1578 W PackageManager: Permission com.google.android.xmpp.permission.BROADCAST from package com.google.android.gsf in an unknown group android.permission-group.NETWORK
11-20 11:31:25.255  1397  1578 W PackageManager: Permission com.google.android.xmpp.permission.SEND_RECEIVE from package com.google.android.gsf in an unknown group android.permission-group.NETWORK
11-20 11:31:25.255  1397  1578 W PackageManager: Permission com.google.android.xmpp.permission.XMPP_ENDPOINT_BROADCAST from package com.google.android.gsf in an unknown group android.permission-group.NETWORK
11-20 11:31:25.255  1397  1578 W PackageManager: Permission com.google.android.xmpp.permission.USE_XMPP_ENDPOINT from package com.google.android.gsf in an unknown group android.permission-group.NETWORK
11-20 11:31:25.255  1397  1578 W PackageManager: Permission com.google.android.providers.gsf.permission.READ_GSERVICES from package com.google.android.gsf in an unknown group android.permission-group.ACCOUNTS
11-20 11:31:25.325  1397  1577 W PackageParser: Ignoring duplicate uses-permissions/uses-permissions-sdk-m: android.permission.INSTALL_GRANT_RUNTIME_PERMISSIONS in package: com.android.shell at: Binary XML file line #102
11-20 11:31:25.344  1397  1575 W PackageManager: Permission com.android.vending.appdiscoveryservice.permission.ACCESS_APP_DISCOVERY_SERVICE from package com.android.vending in an unknown group android.permission-group.NETWORK
11-20 11:31:25.344  1397  1575 W PackageManager: Permission com.android.vending.CHECK_LICENSE from package com.android.vending in an unknown group android.permission-group.NETWORK
11-20 11:31:25.344  1397  1575 W PackageManager: Permission com.android.vending.BILLING from package com.android.vending in an unknown group android.permission-group.NETWORK
11-20 11:31:25.361  1397  1580 W PackageManager: Permission com.google.android.gms.permission.ACTIVITY_RECOGNITION from package com.google.android.gms in an unknown group android.permission-group.PERSONAL_INFO
11-20 11:31:25.440  1397  1575 W PackageParser: Ignoring duplicate uses-permissions/uses-permissions-sdk-m: android.permission.CONFIGURE_WIFI_DISPLAY in package: com.android.systemui at: Binary XML file line #123
11-20 11:31:25.456  1397  1578 W PackageParser: Ignoring duplicate uses-permissions/uses-permissions-sdk-m: android.permission.USE_CREDENTIALS in package: com.android.settings at: Binary XML file line #56
11-20 11:31:25.457  1397  1578 W PackageParser: Ignoring duplicate uses-permissions/uses-permissions-sdk-m: android.permission.READ_SYNC_SETTINGS in package: com.android.settings at: Binary XML file line #61
11-20 11:31:25.457  1397  1578 W PackageParser: Ignoring duplicate uses-permissions/uses-permissions-sdk-m: android.permission.WRITE_SYNC_SETTINGS in package: com.android.settings at: Binary XML file line #62
11-20 11:31:25.469  1397  1578 W PackageParser: No actions in intent filter at /system/priv-app/Settings/Settings.apk Binary XML file line #621
11-20 11:31:25.520  1397  1580 W PackageParser: Ignoring duplicate uses-permissions/uses-permissions-sdk-m: android.permission.READ_PHONE_STATE in package: com.google.android.googlequicksearchbox at: Binary XML file line #233
11-20 11:31:25.521  1397  1580 W PackageParser: Ignoring duplicate uses-permissions/uses-permissions-sdk-m: android.permission.CAMERA in package: com.google.android.googlequicksearchbox at: Binary XML file line #269
11-20 11:31:25.552  1397  1580 W PackageManager: Permission com.google.android.launcher.permission.READ_SETTINGS from package com.google.android.googlequicksearchbox in an unknown group android.permission-group.SYSTEM_TOOLS
11-20 11:31:25.552  1397  1580 W PackageManager: Permission com.google.android.launcher.permission.WRITE_SETTINGS from package com.google.android.googlequicksearchbox in an unknown group android.permission-group.SYSTEM_TOOLS
11-20 11:31:25.552  1397  1580 W PackageManager: Permission com.android.launcher.permission.INSTALL_SHORTCUT from package com.google.android.googlequicksearchbox in an unknown group android.permission-group.SYSTEM_TOOLS
11-20 11:31:25.576  1397  1575 W PackageParser: Ignoring duplicate uses-permissions/uses-permissions-sdk-m: android.permission.READ_CONTACTS in package: com.android.bluetooth at: Binary XML file line #61
11-20 11:31:25.578  1397  1575 W PackageParser: No actions in intent filter at /system/app/Bluetooth/Bluetooth.apk Binary XML file line #224
11-20 11:31:25.578  1397  1578 W PackageParser: Unknown element under <application>: uses-feature at /system/app/BluetoothExt/BluetoothExt.apk Binary XML file line #57
11-20 11:31:25.578  1397  1578 W PackageParser: No actions in intent filter at /system/app/BluetoothExt/BluetoothExt.apk Binary XML file line #137
11-20 11:31:25.578  1397  1578 W PackageParser: No actions in intent filter at /system/app/BluetoothExt/BluetoothExt.apk Binary XML file line #161
11-20 11:31:25.617  1397  1576 W PackageParser: No actions in intent filter at /system/app/CMFileManager/CMFileManager.apk Binary XML file line #156
11-20 11:31:25.634  1397  1577 W PackageManager: Non-privileged app; cap priority to 0; package: com.google.android.calendar activity: com.android.calendar.event.LaunchInfoActivity origPrio: 50
11-20 11:31:25.634  1397  1577 W PackageManager: Non-privileged app; cap priority to 0; package: com.google.android.calendar activity: com.android.calendar.event.LaunchInfoActivity origPrio: 50
11-20 11:31:25.651  1397  1581 W PackageManager: Non-privileged app; cap priority to 0; package: com.android.cts.ctsshim activity: com.android.cts.ctsshim.InstallPriority origPrio: 100
11-20 11:31:25.651  1397  1581 W PackageManager: Non-privileged app; cap priority to 0; package: com.android.cts.ctsshim activity: com.android.cts.ctsshim.InstallPriority origPrio: 100
11-20 11:31:25.651  1397  1581 W PackageManager: Non-privileged app; cap priority to 0; package: com.android.cts.ctsshim activity: com.android.cts.ctsshim.InstallPriority origPrio: 100
11-20 11:31:25.651  1397  1581 W PackageManager: Non-privileged app; cap priority to 0; package: com.android.cts.ctsshim activity: com.android.cts.ctsshim.InstallPriority origPrio: 100
11-20 11:31:25.651  1397  1581 W PackageManager: Non-privileged app; cap priority to 0; package: com.android.cts.ctsshim activity: com.android.cts.ctsshim.InstallPriority origPrio: 100
11-20 11:31:25.697  1397  1580 W PackageManager: Permission com.android.chrome.permission.DEBUG from package com.android.chrome in an unknown group android.permission-group.DEVELOPMENT_TOOLS
11-20 11:31:25.714  1397  1577 W PackageParser: Ignoring duplicate uses-permissions/uses-permissions-sdk-m: android.permission.GET_ACCOUNTS in package: com.google.android.apps.tachyon at: Binary XML file line #58
11-20 11:31:25.794  1397  1575 W PackageManager: Permission com.google.android.apps.docs.permission.READ_MY_DATA from package com.google.android.apps.docs in an unknown group android.permission-group.PERSONAL_INFO
11-20 11:31:25.794  1397  1575 W PackageManager: Permission com.google.android.apps.docs.permission.SYNC_STATUS from package com.google.android.apps.docs in an unknown group android.permission-group.PERSONAL_INFO
11-20 11:31:25.808  1397  1575 W PackageParser: Ignoring duplicate uses-permissions/uses-permissions-sdk-m: android.permission.ACCESS_COARSE_LOCATION in package: com.bluebird.test.hiddentestmenu at: Binary XML file line #17
11-20 11:31:25.808  1397  1575 W PackageParser: Ignoring duplicate uses-permissions/uses-permissions-sdk-m: android.permission.ACCESS_FINE_LOCATION in package: com.bluebird.test.hiddentestmenu at: Binary XML file line #18
11-20 11:31:25.808  1397  1575 W PackageParser: Ignoring duplicate uses-permissions/uses-permissions-sdk-m: android.permission.WRITE_SETTINGS in package: com.bluebird.test.hiddentestmenu at: Binary XML file line #28
11-20 11:31:25.808  1397  1575 W PackageParser: Ignoring duplicate uses-permissions/uses-permissions-sdk-m: android.permission.HARDWARE_TEST in package: com.bluebird.test.hiddentestmenu at: Binary XML file line #33
11-20 11:31:25.808  1397  1575 W PackageParser: Ignoring duplicate uses-permissions/uses-permissions-sdk-m: android.permission.MODIFY_AUDIO_SETTINGS in package: com.bluebird.test.hiddentestmenu at: Binary XML file line #35
11-20 11:31:25.808  1397  1575 W PackageParser: Ignoring duplicate uses-permissions/uses-permissions-sdk-m: android.permission.INTERNET in package: com.bluebird.test.hiddentestmenu at: Binary XML file line #36
11-20 11:31:25.808  1397  1575 W PackageParser: Ignoring duplicate uses-permissions/uses-permissions-sdk-m: android.permission.MODIFY_PHONE_STATE in package: com.bluebird.test.hiddentestmenu at: Binary XML file line #37
11-20 11:31:25.809  1397  1575 W PackageParser: Ignoring duplicate uses-permissions/uses-permissions-sdk-m: android.permission.CHANGE_WIFI_STATE in package: com.bluebird.test.hiddentestmenu at: Binary XML file line #42
11-20 11:31:25.809  1397  1575 W PackageParser: Ignoring duplicate uses-permissions/uses-permissions-sdk-m: android.permission.ACCESS_FINE_LOCATION in package: com.bluebird.test.hiddentestmenu at: Binary XML file line #43
11-20 11:31:25.809  1397  1575 W PackageParser: Ignoring duplicate uses-permissions/uses-permissions-sdk-m: android.permission.WRITE_SETTINGS in package: com.bluebird.test.hiddentestmenu at: Binary XML file line #44
11-20 11:31:25.809  1397  1575 W PackageParser: Ignoring duplicate uses-permissions/uses-permissions-sdk-m: android.permission.WAKE_LOCK in package: com.bluebird.test.hiddentestmenu at: Binary XML file line #46
11-20 11:31:25.809  1397  1575 W PackageParser: Ignoring duplicate uses-permissions/uses-permissions-sdk-m: android.permission.INTERNET in package: com.bluebird.test.hiddentestmenu at: Binary XML file line #47
11-20 11:31:25.834  1397  1578 W PackageParser: No actions in intent filter at /system/app/Gmail2/Gmail2.apk Binary XML file line #281
11-20 11:31:25.846  1397  1578 W PackageManager: Permission com.google.android.gm.email.permission.READ_ATTACHMENT from package com.google.android.gm in an unknown group android.permission-group.MESSAGES
11-20 11:31:25.846  1397  1578 W PackageManager: Permission com.google.android.gm.permission.READ_GMAIL from package com.google.android.gm in an unknown group android.permission-group.MESSAGES
11-20 11:31:25.846  1397  1578 W PackageManager: Permission com.google.android.gm.permission.WRITE_GMAIL from package com.google.android.gm in an unknown group android.permission-group.MESSAGES
11-20 11:31:25.846  1397  1578 W PackageManager: Permission com.google.android.gm.permission.AUTO_SEND from package com.google.android.gm in an unknown group android.permission-group.MESSAGES
11-20 11:31:25.846  1397  1578 W PackageManager: Permission com.google.android.gm.permission.READ_CONTENT_PROVIDER from package com.google.android.gm in an unknown group android.permission-group.MESSAGES
11-20 11:31:25.869  1397  1581 W PackageManager: Permission com.android.launcher3.permission.READ_SETTINGS from package com.android.launcher3 in an unknown group android.permission-group.SYSTEM_TOOLS
11-20 11:31:25.869  1397  1581 W PackageManager: Permission com.android.launcher3.permission.WRITE_SETTINGS from package com.android.launcher3 in an unknown group android.permission-group.SYSTEM_TOOLS
11-20 11:31:25.869  1397  1581 W PackageManager: Permission com.android.launcher.permission.INSTALL_SHORTCUT from package com.android.launcher3 in an unknown group android.permission-group.SYSTEM_TOOLS
11-20 11:31:25.949  1397  1578 W PackageParser: Unknown element under <manifest>: meta-data at /system/app/Music2/Music2.apk Binary XML file line #92
11-20 11:31:25.967  1397  1576 W PackageParser: Unknown element under <manifest>: meta-data at /system/app/Messages/Messages.apk Binary XML file line #89
11-20 11:31:25.967  1397  1581 W PackageParser: Ignoring duplicate uses-permissions/uses-permissions-sdk-m: android.permission.WAKE_LOCK in package: com.google.android.apps.maps at: Binary XML file line #148
11-20 11:31:26.018  1397  1581 W PackageParser: Ignoring duplicate uses-permissions/uses-permissions-sdk-m: android.permission.READ_SYNC_SETTINGS in package: com.qualcomm.simcontacts at: Binary XML file line #52
11-20 11:31:26.018  1397  1581 W PackageParser: Ignoring duplicate uses-permissions/uses-permissions-sdk-m: android.permission.WRITE_SYNC_SETTINGS in package: com.qualcomm.simcontacts at: Binary XML file line #54
11-20 11:31:26.033  1397  1577 W PackageManager: Non-privileged app; cap priority to 0; package: com.qualcomm.qti.simsettings activity: com.qualcomm.qti.simsettings.SimSettingsActivity origPrio: 1
11-20 11:31:26.034  1397  1577 W PackageManager: Non-privileged app; cap priority to 0; package: com.qualcomm.qti.simsettings activity: com.qualcomm.qti.simsettings.SimSettingsActivity origPrio: 2
11-20 11:31:26.098  1397  1576 W PackageParser: Ignoring duplicate uses-permissions/uses-permissions-sdk-m: android.permission.READ_CONTACTS in package: com.google.android.youtube at: Binary XML file line #174
11-20 11:31:26.098  1397  1576 W PackageParser: Ignoring duplicate uses-permissions/uses-permissions-sdk-m: android.permission.RECORD_AUDIO in package: com.google.android.youtube at: Binary XML file line #177
11-20 11:31:26.146  1397  1575 W PackageParser: Ignoring duplicate uses-permissions/uses-permissions-sdk-m: android.permission.CHANGE_WIFI_STATE in package: com.android.nfc at: Binary XML file line #48
11-20 11:31:26.146  1397  1575 W PackageParser: Ignoring duplicate uses-permissions/uses-permissions-sdk-m: android.permission.ACCESS_WIFI_STATE in package: com.android.nfc at: Binary XML file line #49
11-20 11:31:26.149  1397  1576 W PackageManager: Permission com.qti.snapdragon.sdk.permission.DISPLAY_SETTINGS from package com.qti.service.colorservice in an unknown group android.permission-group.SYSTEM_TOOLS
11-20 11:31:26.150  1397  1575 W PackageManager: Permission group com.gsma.services.nfc.permission from package com.android.nfc ignored: original from com.qualcomm.qti.gsma.services.nfc
11-20 11:31:26.152  1397  1581 W PackageParser: Service exported request ignored due to singleUser: org.codeaurora.ims.ImsService at /system/vendor/app/ims/ims.apk Binary XML file line #40
11-20 11:31:26.186  1397  1576 W PackageManager: Package net.soti.mobicontrol.pidion desires unavailable shared library com.lge.mdm; ignoring!
11-20 11:31:26.209  1397  1397 W PackageManager: Protected action; cap priority to 0; package: com.android.cts.priv.ctsshim activity: com.android.cts.priv.ctsshim.InstallPriority origPrio: 100
11-20 11:31:26.209  1397  1397 W PackageManager: Protected action; cap priority to 0; package: com.android.cts.priv.ctsshim activity: com.android.cts.priv.ctsshim.InstallPriority origPrio: 100
11-20 11:31:26.209  1397  1397 W PackageManager: Protected action; cap priority to 0; package: com.android.cts.priv.ctsshim activity: com.android.cts.priv.ctsshim.InstallPriority origPrio: 100
11-20 11:31:26.209  1397  1397 W PackageManager: Protected action; cap priority to 0; package: com.android.cts.priv.ctsshim activity: com.android.cts.priv.ctsshim.InstallPriority origPrio: 100
11-20 11:31:26.209  1397  1397 W PackageManager: Protected action; cap priority to 0; package: com.google.android.packageinstaller activity: com.android.packageinstaller.PackageInstallerActivity origPrio: 1
11-20 11:31:26.209  1397  1397 W PackageManager: Protected action; cap priority to 0; package: com.google.android.gms activity: com.google.android.gms.appinvite.AppInviteAcceptInvitationActivity origPrio: 900
11-20 11:31:26.209  1397  1397 W PackageManager: Protected action; cap priority to 0; package: com.google.android.gms activity: com.google.android.gms.matchstick.ui.EntryActivity origPrio: 999
11-20 11:31:26.209  1397  1397 W PackageManager: Protected action; cap priority to 0; package: com.google.android.gms activity: com.google.android.gms.tapandpay.tokenization.AddNewCardThroughBrowserActivity origPrio: 999
11-20 11:31:26.209  1397  1397 W PackageManager: Protected action; cap priority to 0; package: com.google.android.gms activity: com.google.android.gms.walletp2p.feature.transfer.TransferMoneyActivity origPrio: 900
11-20 11:31:26.209  1397  1397 W PackageManager: Package org.codeaurora.bluetooth desires unavailable shared library com.quicinc.wbc; ignoring!
11-20 11:31:26.209  1397  1397 W PackageManager: Package com.google.android.gms desires unavailable shared library com.google.android.ble; ignoring!
11-20 11:31:26.209  1397  1397 W PackageManager: Package com.google.android.gms desires unavailable shared library com.google.android.wearable; ignoring!
11-20 11:31:26.209  1397  1397 W PackageManager: Package com.google.android.videos desires unavailable shared library com.google.widevine.software.drm; ignoring!
11-20 11:31:26.209  1397  1397 W PackageManager: Package net.soti.mobicontrol.pidion desires unavailable shared library com.lge.mdm; ignoring!
11-20 11:31:26.210  1397  1397 I PackageManager: Adjusting ABI for com.android.providers.downloads.ui to arm64-v8a (requirer=com.android.mtp, scannedPackage=null)
11-20 11:31:26.210  1397  1397 I PackageManager: Adjusting ABI for com.android.providers.media to arm64-v8a (requirer=com.android.mtp, scannedPackage=null)
11-20 11:31:26.211  1397  1397 I PackageManager: Adjusting ABI for com.android.providers.downloads to arm64-v8a (requirer=com.android.mtp, scannedPackage=null)
11-20 11:31:26.211  1397  1397 I PackageManager: Adjusting ABI for com.google.android.gsf to arm64-v8a (requirer=com.google.android.gms, scannedPackage=null)
11-20 11:31:26.212  1397  1397 I PackageManager: Adjusting ABI for com.google.android.gsf.login to arm64-v8a (requirer=com.google.android.gms, scannedPackage=null)
11-20 11:31:26.212  1397  1397 I PackageManager: Adjusting ABI for com.google.android.backuptransport to arm64-v8a (requirer=com.google.android.gms, scannedPackage=null)
11-20 11:31:26.213  1397  1397 I PackageManager: Adjusting ABI for com.qualcomm.atfwd to arm64-v8a (requirer=android, scannedPackage=null)
11-20 11:31:26.213  1397  1397 I PackageManager: Adjusting ABI for com.qualcomm.qti.logkit to arm64-v8a (requirer=android, scannedPackage=null)
11-20 11:31:26.214  1397  1397 I PackageManager: Adjusting ABI for com.qualcomm.qti.auth.fidosuiservice to arm64-v8a (requirer=android, scannedPackage=null)
11-20 11:31:26.214  1397  1397 I PackageManager: Adjusting ABI for com.qualcomm.qti.auth.fidocryptoservice to arm64-v8a (requirer=android, scannedPackage=null)
11-20 11:31:26.215  1397  1397 I PackageManager: Adjusting ABI for com.qualcomm.qti.securemsm.mdtp to arm64-v8a (requirer=android, scannedPackage=null)
11-20 11:31:26.215  1397  1397 I PackageManager: Adjusting ABI for com.qualcomm.fastdormancy to arm64-v8a (requirer=android, scannedPackage=null)
11-20 11:31:26.216  1397  1397 I PackageManager: Adjusting ABI for com.qualcomm.qti.RIDL to arm64-v8a (requirer=android, scannedPackage=null)
11-20 11:31:26.216  1397  1397 I PackageManager: Adjusting ABI for com.qualcomm.location.XT to arm64-v8a (requirer=android, scannedPackage=null)
11-20 11:31:26.217  1397  1397 I PackageManager: Adjusting ABI for com.qti.launcherunreadservice to arm64-v8a (requirer=android, scannedPackage=null)
11-20 11:31:26.217  1397  1397 I PackageManager: Adjusting ABI for com.bluebird.devcheck to arm64-v8a (requirer=android, scannedPackage=null)
11-20 11:31:26.217  1397  1397 I PackageManager: Adjusting ABI for com.android.keychain to arm64-v8a (requirer=android, scannedPackage=null)
11-20 11:31:26.218  1397  1397 I PackageManager: Adjusting ABI for org.simalliance.openmobileapi.service to arm64-v8a (requirer=android, scannedPackage=null)
11-20 11:31:26.218  1397  1397 I PackageManager: Adjusting ABI for com.qti.qualcomm.deviceinfo to arm64-v8a (requirer=android, scannedPackage=null)
11-20 11:31:26.219  1397  1397 I PackageManager: Adjusting ABI for com.android.inputdevices to arm64-v8a (requirer=android, scannedPackage=null)
11-20 11:31:26.219  1397  1397 I PackageManager: Adjusting ABI for com.qualcomm.qti.simsettings to arm64-v8a (requirer=android, scannedPackage=null)
11-20 11:31:26.220  1397  1397 I PackageManager: Adjusting ABI for com.qti.datastoragecleanerservice to arm64-v8a (requirer=android, scannedPackage=null)
11-20 11:31:26.220  1397  1397 I PackageManager: Adjusting ABI for com.qti.diagservices to arm64-v8a (requirer=android, scannedPackage=null)
11-20 11:31:26.220  1397  1397 I PackageManager: Adjusting ABI for com.qualcomm.wfd.service to arm64-v8a (requirer=android, scannedPackage=null)
11-20 11:31:26.221  1397  1397 I PackageManager: Adjusting ABI for com.qualcomm.qti.services.secureui to arm64-v8a (requirer=android, scannedPackage=null)
11-20 11:31:26.221  1397  1397 I PackageManager: Adjusting ABI for com.android.server.telecom to arm64-v8a (requirer=android, scannedPackage=null)
11-20 11:31:26.222  1397  1397 I PackageManager: Adjusting ABI for com.qualcomm.qti.modemtestmode to arm64-v8a (requirer=android, scannedPackage=null)
11-20 11:31:26.222  1397  1397 I PackageManager: Adjusting ABI for com.android.location.fused to arm64-v8a (requirer=android, scannedPackage=null)
11-20 11:31:26.222  1397  1397 I PackageManager: Adjusting ABI for com.android.settings to arm64-v8a (requirer=android, scannedPackage=null)
11-20 11:31:26.223  1397  1397 I PackageManager: Adjusting ABI for com.android.wallpaperbackup to arm64-v8a (requirer=android, scannedPackage=null)
11-20 11:31:26.223  1397  1397 I PackageManager: Adjusting ABI for com.qti.dpmserviceapp to arm64-v8a (requirer=android, scannedPackage=null)
11-20 11:31:26.224  1397  1397 I PackageManager: Adjusting ABI for com.qti.service.colorservice to arm64-v8a (requirer=android, scannedPackage=null)
11-20 11:31:26.224  1397  1397 I PackageManager: Adjusting ABI for com.qti.csm to arm64-v8a (requirer=android, scannedPackage=null)
11-20 11:31:26.224  1397  1397 I PackageManager: Adjusting ABI for kr.co.bluebird.android.bbupdate to arm64-v8a (requirer=android, scannedPackage=null)
11-20 11:31:26.225  1397  1397 I PackageManager: Adjusting ABI for com.quicinc.cne.CNEService to arm64-v8a (requirer=android, scannedPackage=null)
11-20 11:31:26.225  1397  1397 I PackageManager: Adjusting ABI for com.qualcomm.qti.auth.secureextauthservice to arm64-v8a (requirer=android, scannedPackage=null)
11-20 11:31:26.226  1397  1397 I PackageManager: Adjusting ABI for com.qualcomm.qti.qs to arm64-v8a (requirer=android, scannedPackage=null)
11-20 11:31:26.226  1397  1397 I PackageManager: Adjusting ABI for com.qualcomm.cabl to arm64-v8a (requirer=android, scannedPackage=null)
11-20 11:31:26.226  1397  1397 I PackageManager: Adjusting ABI for com.qualcomm.qti.extsettings to arm64-v8a (requirer=android, scannedPackage=null)
11-20 11:31:26.227  1397  1397 I PackageManager: Adjusting ABI for com.android.providers.settings to arm64-v8a (requirer=android, scannedPackage=null)
11-20 11:31:26.227  1397  1397 I PackageManager: Adjusting ABI for com.qualcomm.qti.appnetaccess to arm64-v8a (requirer=android, scannedPackage=null)
11-20 11:31:26.228  1397  1397 I PackageManager: Adjusting ABI for com.qualcomm.simcontacts to arm64-v8a (requirer=android, scannedPackage=null)
11-20 11:31:26.228  1397  1397 I PackageManager: Adjusting ABI for com.qualcomm.svi to arm64-v8a (requirer=android, scannedPackage=null)
11-20 11:31:26.229  1397  1397 I PackageManager: Adjusting ABI for com.qualcomm.qti.auth.securesampleauthservice to arm64-v8a (requirer=android, scannedPackage=null)
11-20 11:31:26.229  1397  1397 I PackageManager: Adjusting ABI for com.bluebird.test.hiddentestmenu to arm64-v8a (requirer=android, scannedPackage=null)
11-20 11:31:26.230  1397  1397 I PackageManager: Adjusting ABI for org.codeaurora.btmultisim to arm64-v8a (requirer=android, scannedPackage=null)
11-20 11:31:26.230  1397  1397 I PackageManager: Adjusting ABI for com.dsi.ant.server to arm64-v8a (requirer=android, scannedPackage=null)
11-20 11:31:26.230  1397  1397 I PackageManager: Adjusting ABI for com.qualcomm.location to arm64-v8a (requirer=android, scannedPackage=null)
11-20 11:31:26.231  1397  1397 I PackageManager: Adjusting ABI for com.android.timerswitch to arm64-v8a (requirer=android, scannedPackage=null)
11-20 11:31:26.231  1397  1397 I PackageManager: Adjusting ABI for com.qualcomm.qti.tetherservice to arm64-v8a (requirer=android, scannedPackage=null)
11-20 11:31:26.231  1397  1397 I PackageManager: Adjusting ABI for com.qualcomm.timeservice to arm64-v8a (requirer=android, scannedPackage=null)
11-20 11:31:26.232  1397  1397 I PackageManager: Adjusting ABI for com.qti.xdivert to arm64-v8a (requirer=org.codeaurora.ims, scannedPackage=null)
11-20 11:31:26.232  1397  1397 I PackageManager: Adjusting ABI for com.qualcomm.uimremoteserver to arm64-v8a (requirer=org.codeaurora.ims, scannedPackage=null)
11-20 11:31:26.233  1397  1397 I PackageManager: Adjusting ABI for com.qualcomm.qti.ims to arm64-v8a (requirer=org.codeaurora.ims, scannedPackage=null)
11-20 11:31:26.233  1397  1397 I PackageManager: Adjusting ABI for com.qualcomm.qti.radioconfiginterface to arm64-v8a (requirer=org.codeaurora.ims, scannedPackage=null)
11-20 11:31:26.234  1397  1397 I PackageManager: Adjusting ABI for com.android.mms.service to arm64-v8a (requirer=org.codeaurora.ims, scannedPackage=null)
11-20 11:31:26.234  1397  1397 I PackageManager: Adjusting ABI for com.android.providers.telephony to arm64-v8a (requirer=org.codeaurora.ims, scannedPackage=null)
11-20 11:31:26.234  1397  1397 I PackageManager: Adjusting ABI for com.qualcomm.qti.CdmaCallOptions to arm64-v8a (requirer=org.codeaurora.ims, scannedPackage=null)
11-20 11:31:26.235  1397  1397 I PackageManager: Adjusting ABI for com.qualcomm.qti.networksetting to arm64-v8a (requirer=org.codeaurora.ims, scannedPackage=null)
11-20 11:31:26.235  1397  1397 I PackageManager: Adjusting ABI for com.ex.bootcomplete to arm64-v8a (requirer=org.codeaurora.ims, scannedPackage=null)
11-20 11:31:26.236  1397  1397 I PackageManager: Adjusting ABI for com.android.phone to arm64-v8a (requirer=org.codeaurora.ims, scannedPackage=null)
11-20 11:31:26.236  1397  1397 I PackageManager: Adjusting ABI for com.qualcomm.qti.phonefeature to arm64-v8a (requirer=org.codeaurora.ims, scannedPackage=null)
11-20 11:31:26.237  1397  1397 I PackageManager: Adjusting ABI for com.qualcomm.uimremoteclient to arm64-v8a (requirer=org.codeaurora.ims, scannedPackage=null)
11-20 11:31:26.237  1397  1397 I PackageManager: Adjusting ABI for com.qti.qualcomm.datastatusnotification to arm64-v8a (requirer=org.codeaurora.ims, scannedPackage=null)
11-20 11:31:26.237  1397  1397 I PackageManager: Adjusting ABI for com.qualcomm.qti.telephony.vodafonepack to arm64-v8a (requirer=org.codeaurora.ims, scannedPackage=null)
11-20 11:31:26.238  1397  1397 I PackageManager: Adjusting ABI for com.qualcomm.qcrilmsgtunnel to arm64-v8a (requirer=org.codeaurora.ims, scannedPackage=null)
11-20 11:31:26.238  1397  1397 I PackageManager: Adjusting ABI for com.android.stk to arm64-v8a (requirer=org.codeaurora.ims, scannedPackage=null)
11-20 11:31:26.239  1397  1397 I PackageManager: Adjusting ABI for com.qualcomm.qti.rcsbootstraputil to arm64-v8a (requirer=org.codeaurora.ims, scannedPackage=null)
11-20 11:31:26.239  1397  1397 I PackageManager: Adjusting ABI for com.qualcomm.qti.loadcarrier to arm64-v8a (requirer=org.codeaurora.ims, scannedPackage=null)
11-20 11:31:26.240  1397  1397 I PackageManager: Adjusting ABI for com.qualcomm.qti.confdialer to arm64-v8a (requirer=org.codeaurora.ims, scannedPackage=null)
11-20 11:31:26.245  1397  1397 I PackageManager: Time to scan packages: 1.621 seconds
11-20 11:31:26.245  1397  1397 W PackageManager: Unknown permission bluebird.permission.SAM_DATA_RECEIVABLE in package com.bluebird.devcheck
11-20 11:31:26.246  1397  1397 W PackageManager: Not granting permission android.permission.MANAGE_DOCUMENTS to package com.google.android.youtube (protectionLevel=2 flags=0x385bbe45)
11-20 11:31:26.246  1397  1397 W PackageManager: Unknown permission com.sec.android.provider.badge.permission.READ in package com.google.android.youtube
11-20 11:31:26.246  1397  1397 W PackageManager: Unknown permission com.sec.android.provider.badge.permission.WRITE in package com.google.android.youtube
11-20 11:31:26.246  1397  1397 W PackageManager: Unknown permission com.htc.launcher.permission.READ_SETTINGS in package com.google.android.youtube
11-20 11:31:26.246  1397  1397 W PackageManager: Unknown permission com.htc.launcher.permission.UPDATE_SHORTCUT in package com.google.android.youtube
11-20 11:31:26.246  1397  1397 W PackageManager: Unknown permission com.sonyericsson.home.permission.BROADCAST_BADGE in package com.google.android.youtube
11-20 11:31:26.246  1397  1397 W PackageManager: Unknown permission com.sonymobile.home.permission.PROVIDER_INSERT_BADGE in package com.google.android.youtube
11-20 11:31:26.246  1397  1397 W PackageManager: Unknown permission com.google.android.launcher.permission.CONTENT_REDIRECT in package com.google.android.googlequicksearchbox
11-20 11:31:26.246  1397  1397 W PackageManager: Unknown permission com.google.android.voicesearch.SHORTCUTS_ACCESS in package com.google.android.googlequicksearchbox
11-20 11:31:26.246  1397  1397 W PackageManager: Unknown permission com.google.android.voicesearch.ACCESS_SETTINGS in package com.google.android.googlequicksearchbox
11-20 11:31:26.246  1397  1397 W PackageManager: Unknown permission com.android.browser.permission.PRELOAD in package com.google.android.googlequicksearchbox
11-20 11:31:26.246  1397  1397 W PackageManager: Unknown permission com.google.android.ears.permission.WRITE in package com.google.android.googlequicksearchbox
11-20 11:31:26.246  1397  1397 W PackageManager: Unknown permission com.google.googlenav.friend.permission.OPT_IN in package com.google.android.googlequicksearchbox
11-20 11:31:26.246  1397  1397 W PackageManager: Unknown permission com.google.android.apps.googlevoice.permission.AUTO_SEND in package com.google.android.googlequicksearchbox
11-20 11:31:26.246  1397  1397 W PackageManager: Unknown permission com.google.android.hangouts.START_HANGOUT in package com.google.android.googlequicksearchbox
11-20 11:31:26.246  1397  1397 W PackageManager: Unknown permission com.android.chrome.PRERENDER_URL in package com.google.android.googlequicksearchbox
11-20 11:31:26.247  1397  1397 W PackageManager: Not granting permission com.google.android.googleapps.permission.GOOGLE_AUTH to package com.android.providers.calendar (protectionLevel=2 flags=0x30083e45)
11-20 11:31:26.247  1397  1397 W PackageManager: Not granting permission com.google.android.googleapps.permission.GOOGLE_AUTH.cl to package com.android.providers.calendar (protectionLevel=2 flags=0x30083e45)
11-20 11:31:26.247  1397  1397 W PackageManager: Unknown permission com.android.nfc.permission.NFCEE_ADMIN in package org.simalliance.openmobileapi.service
11-20 11:31:26.247  1397  1397 W PackageManager: Unknown permission org.simalliance.openmobileapi.permission.SIM_STATE_CHANGED in package org.simalliance.openmobileapi.service
11-20 11:31:26.247  1397  1397 W PackageManager: Unknown permission com.google.android.ims.providers.ACCESS_DATA in package com.google.android.apps.messaging
11-20 11:31:26.247  1397  1397 W PackageManager: Unknown permission com.google.android.ims.LOG_ACCESS in package com.google.android.apps.messaging
11-20 11:31:26.247  1397  1397 W PackageManager: Unknown permission com.sec.android.provider.badge.permission.READ in package com.google.android.apps.messaging
11-20 11:31:26.247  1397  1397 W PackageManager: Unknown permission com.sec.android.provider.badge.permission.WRITE in package com.google.android.apps.messaging
11-20 11:31:26.247  1397  1397 W PackageManager: Unknown permission com.htc.launcher.permission.READ_SETTINGS in package com.google.android.apps.messaging
11-20 11:31:26.247  1397  1397 W PackageManager: Unknown permission com.htc.launcher.permission.UPDATE_SHORTCUT in package com.google.android.apps.messaging
11-20 11:31:26.247  1397  1397 W PackageManager: Unknown permission com.sonyericsson.home.permission.BROADCAST_BADGE in package com.google.android.apps.messaging
11-20 11:31:26.247  1397  1397 W PackageManager: Unknown permission com.sonymobile.home.permission.PROVIDER_INSERT_BADGE in package com.google.android.apps.messaging
11-20 11:31:26.247  1397  1397 W PackageManager: Unknown permission com.anddoes.launcher.permission.UPDATE_COUNT in package com.google.android.apps.messaging
11-20 11:31:26.247  1397  1397 W PackageManager: Unknown permission com.majeur.launcher.permission.UPDATE_BADGE in package com.google.android.apps.messaging
11-20 11:31:26.247  1397  1397 W PackageManager: Unknown permission com.huawei.android.launcher.permission.CHANGE_BADGE in package com.google.android.apps.messaging
11-20 11:31:26.248  1397  1397 W PackageManager: Unknown permission com.huawei.android.launcher.permission.READ_SETTINGS in package com.google.android.apps.messaging
11-20 11:31:26.248  1397  1397 W PackageManager: Unknown permission com.huawei.android.launcher.permission.WRITE_SETTINGS in package com.google.android.apps.messaging
11-20 11:31:26.248  1397  1397 W PackageManager: Unknown permission android.permission.READ_APP_BADGE in package com.google.android.apps.messaging
11-20 11:31:26.248  1397  1397 W PackageManager: Unknown permission com.oppo.launcher.permission.READ_SETTINGS in package com.google.android.apps.messaging
11-20 11:31:26.248  1397  1397 W PackageManager: Unknown permission com.oppo.launcher.permission.WRITE_SETTINGS in package com.google.android.apps.messaging
11-20 11:31:26.248  1397  1397 W PackageManager: Not granting permission android.permission.SEND_DOWNLOAD_COMPLETED_INTENTS to package com.android.vending (protectionLevel=2 flags=0x384abe45)
11-20 11:31:26.248  1397  1397 W PackageManager: Not granting permission android.permission.INSTALL_GRANT_RUNTIME_PERMISSIONS to package com.android.vending (protectionLevel=770 flags=0x384abe45)
11-20 11:31:26.248  1397  1397 W PackageManager: Not granting permission android.permission.GRANT_RUNTIME_PERMISSIONS to package com.android.vending (protectionLevel=770 flags=0x384abe45)
11-20 11:31:26.248  1397  1397 W PackageManager: Not granting permission android.permission.REVOKE_RUNTIME_PERMISSIONS to package com.android.vending (protectionLevel=770 flags=0x384abe45)
