11-20 11:31:28.314  1397  1397 I SystemServer: StartWiredAccessoryManager
11-20 11:31:28.315  1397  1397 W WiredAccessoryManager: This kernel does not have usb audio support
11-20 11:31:28.315  1397  1397 W WiredAccessoryManager: This kernel does not have HDMI audio support
11-20 11:31:28.316  1397  1397 I SystemServiceManager: Starting com.android.server.midi.MidiService$Lifecycle
11-20 11:31:28.317  1397  1397 I SystemServiceManager: Starting com.android.server.usb.UsbService$Lifecycle
11-20 11:31:28.326  1397  1397 I SystemServer: StartSerialService
11-20 11:31:28.328  1397  1397 I SystemServiceManager: Starting com.android.server.twilight.TwilightService
11-20 11:31:28.329  1397  1397 I SystemServiceManager: Starting com.android.server.job.JobSchedulerService
11-20 11:31:28.331  1397  1397 D JobStore: Start tag: job-info
11-20 11:31:28.337  1397  1397 I SystemServiceManager: Starting com.android.server.soundtrigger.SoundTriggerService
11-20 11:31:28.339  1397  1397 I SystemServiceManager: Starting com.android.server.backup.BackupManagerService$Lifecycle
11-20 11:31:28.341  1397  1397 I SystemServiceManager: Starting com.android.server.appwidget.AppWidgetService
11-20 11:31:28.349  1397  1397 I SystemServiceManager: Starting com.android.server.voiceinteraction.VoiceInteractionManagerService
11-20 11:31:28.351  1397  1397 I SystemServer: Gesture Launcher Service
11-20 11:31:28.351  1397  1397 I SystemServiceManager: Starting com.android.server.GestureLauncherService
11-20 11:31:28.352  1397  1397 I SystemServiceManager: Starting com.android.server.SensorNotificationService
11-20 11:31:28.352  1397  1397 I SystemServiceManager: Starting com.android.server.ContextHubSystemService
11-20 11:31:28.353  1397  1397 I SystemServer: StartDiskStatsService
11-20 11:31:28.355  1397  1397 I SystemServer: StartSamplingProfilerService
11-20 11:31:28.362  1397  1397 I SystemServer: StartNetworkTimeUpdateService
11-20 11:31:28.363  1397  1397 I SystemServer: StartCommonTimeManagementService
11-20 11:31:28.365  1397  1397 I SystemServer: CertBlacklister
11-20 11:31:28.365  1397  1397 I SystemServiceManager: Starting com.android.server.emergency.EmergencyAffordanceService
11-20 11:31:28.366  1397  1397 I SystemServiceManager: Starting com.android.server.dreams.DreamManagerService
11-20 11:31:28.368  1397  1397 I SystemServer: StartAssetAtlasService
11-20 11:31:28.372  1397  1397 I SystemServiceManager: Starting com.android.server.print.PrintManagerService
11-20 11:31:28.376  1397  1397 I SystemServiceManager: Starting com.android.server.restrictions.RestrictionsManagerService
11-20 11:31:28.378  1397  1397 I SystemServiceManager: Starting com.android.server.media.MediaSessionService
11-20 11:31:28.381  1397  1397 I SystemServer: StartMediaRouterService
11-20 11:31:28.383  1397  1397 I SystemServiceManager: Starting com.android.server.trust.TrustManagerService
11-20 11:31:28.384  1397  1397 I SystemServer: StartBackgroundDexOptService
11-20 11:31:28.385  1397  1397 I SystemServiceManager: Starting com.android.server.pm.ShortcutService$Lifecycle
11-20 11:31:28.390  1397  1397 I SystemServiceManager: Starting com.android.server.pm.LauncherAppsService
11-20 11:31:28.393  1397  1397 I SystemServiceManager: Starting com.android.server.media.projection.MediaProjectionManagerService
11-20 11:31:28.399  1397  1397 I SystemServer: SystemUpdateManagerService
11-20 11:31:28.404  1397  1397 I SystemServiceManager: Starting com.android.server.MmsServiceBroker
11-20 11:31:28.433  1397  1397 E LockSettingsStorage: Cannot read file java.io.FileNotFoundException: /data/system/gatekeeper.password.key: open failed: ENOENT (No such file or directory)
11-20 11:31:28.433  1397  1397 E LockSettingsStorage: Cannot read file java.io.FileNotFoundException: /data/system/password.key: open failed: ENOENT (No such file or directory)
11-20 11:31:28.434  1397  1397 E LockSettingsStorage: Cannot read file java.io.FileNotFoundException: /data/system/gatekeeper.pattern.key: open failed: ENOENT (No such file or directory)
11-20 11:31:28.434  1397  1397 E LockSettingsStorage: Cannot read file java.io.FileNotFoundException: /data/system/gatekeeper.gesture.key: open failed: ENOENT (No such file or directory)
11-20 11:31:28.434  1397  1397 E LockSettingsStorage: Cannot read file java.io.FileNotFoundException: /data/system/gesture.key: open failed: ENOENT (No such file or directory)
11-20 11:31:28.434  1397  1397 I SystemServiceManager: Starting phase 480
11-20 11:31:28.452  1397  1397 I DevicePolicyManagerService: Set ro.device_owner property to false
11-20 11:31:28.455  1397  1397 W ShortcutService: Clock rewound
11-20 11:31:28.455  1397  1397 I SystemServiceManager: Starting phase 500
11-20 11:31:28.474  1397  1397 I WifiService: WifiService starting up with Wi-Fi enabled
11-20 11:31:28.476  1397  1397 D WifiService: setWifiEnabled: true pid=1397, uid=1000
11-20 11:31:28.481  1397  1687 D ConnectivityService: Got NetworkFactory Messenger for Ethernet
11-20 11:31:28.489  1397  1397 D ZenLog  : config: cleanUpZenRules,ZenModeConfig[user=0,allowCalls=true,allowRepeatCallers=false,allowMessages=false,allowCallsFrom=contacts,allowMessagesFrom=contacts,allowReminders=true,allowEvents=true,allowWhenScreenOff=true,allowWhenScreenOn=true,automaticRules={5c3942b98c65434988daa7af846ccb83=ZenRule[enabled=false,snoozing=false,name=Weekend,zenMode=ZEN_MODE_ALARMS,conditionId=condition://android/schedule?days=6.7&start=23.30&end=10.0&exitAtAlarm=false,condition=Condition[id=condition://android/schedule?days=6.7&start=23.30&end=10.0&exitAtAlarm=false,summary=...,line1=...,line2=...,icon=0,state=STATE_FALSE,flags=2],component=ComponentInfo{android/com.android.server.notification.ScheduleConditionProvider},id=5c3942b98c65434988daa7af846ccb83,creationTime=1507236063527,enabler=null], 56b2289a6d954bcf86569e23e5558ccd=ZenRule[enabled=false,snoozing=false,name=Event,zenMode=ZEN_MODE_ALARMS,conditionId=condition://android/event?userId=-10000&calendar=&reply=1,condition=Condition[id=condition://android/event?userId=-10000&calendar=&reply=1,summary=...,line1=...,line2=...,icon=0,state=STATE_FALSE,flags=2],component=ComponentInfo{android/com.android.server.notification.EventConditionProvider},id=56b2289a6d954bcf86569e23e5558ccd,creationTime=1507236063528,enabler=null], 34c64493e38443ad8601cc2a36bdaa32=ZenRule[enabled=false,snoozing=false,name=Weeknight,zenMode=ZEN_MODE_ALARMS,conditionId=condition://android/schedule?days=1.2.3.4.5&start=22.0&end=7.0&exitAtAlarm=false,condition=Condition[id=condition://android/schedule?days=1.2.3.4.5&start=22.0&end=7.0&exitAtAlarm=false,summary=...,line1=...,line2=...,icon=0,state=STATE_FALSE,flags=2],component=ComponentInfo{android/com.android.server.notification.ScheduleConditionProvider},id=34c64493e38443ad8601cc2a36bdaa32,creationTime=1507236063527,enabler=null]},manualRule=null],Diff[]
11-20 11:31:28.489  1397  1397 D ZenLog  : set_zen_mode: off,onSystemReady
11-20 11:31:28.571  1397  1397 V UserManagerService: Found /data/user_de/0 with serial number 0
11-20 11:31:28.572  1397  1397 V UserManagerService: Found /data/user/0 with serial number 0
11-20 11:31:28.572  1397  1397 V UserManagerService: Found /data/system_de/0 with serial number 0
11-20 11:31:28.572  1397  1397 V UserManagerService: Found /data/system_ce/0 with serial number 0
11-20 11:31:28.576  1397  1397 I ActivityManager: System now ready
11-20 11:31:28.580  1397  1397 I SystemServer: Making services ready
11-20 11:31:28.580  1397  1397 I SystemServiceManager: Starting phase 550
11-20 11:31:28.587  1397  1515 W KeyguardServiceDelegate: onScreenTurningOn(): no keyguard service!
11-20 11:31:28.613  1397  1397 D BluetoothManagerService: Bluetooth boot completed
11-20 11:31:28.615  1397  1397 E InputMethodManagerService: Ignoring updateSystemUiLocked due to an invalid token. uid:1000 token:null
11-20 11:31:28.692  1397  1397 I ActivityManager: Start proc 1716:com.google.android.inputmethod.latin/u0a71 for service com.google.android.inputmethod.latin/com.android.inputmethod.latin.LatinIME
11-20 11:31:28.692  1397  1397 V InputMethodManagerService: Adding window token: android.os.Binder@8cd7aa1
11-20 11:31:28.692  1397  1674 D MountService: Thinking about init, mSystemReady=true, mDaemonConnected=true
11-20 11:31:28.692  1397  1674 D MountService: Setting up emulation state, initlocked=false
11-20 11:31:28.692  1397  1397 W TextServicesManagerService: no available spell checker services found
11-20 11:31:28.692  1397  1674 D CryptdConnector: SND -> {2 cryptfs unlock_user_key 0 0 ! !}
11-20 11:31:28.693  1397  1397 E WallpaperManagerService: Invalid wallpaper data
11-20 11:31:28.693  1397  1397 E WallpaperManagerService: Unable to apply new wallpaper
11-20 11:31:28.693   450   456 D vold    : e4crypt_unlock_user_key 0 serial=0 token_present=0
11-20 11:31:28.693  1397  1676 D CryptdConnector: RCV <- {200 2 Command succeeded}
11-20 11:31:28.694  1397  1674 D MountService: Thinking about reset, mSystemReady=true, mDaemonConnected=true
11-20 11:31:28.694  1397  1674 D VoldConnector: SND -> {3 volume reset}
11-20 11:31:28.694  1397  1468 I ActivityManager: Force stopping com.android.providers.media appid=10010 user=-1: vold reset
11-20 11:31:28.695  1397  1675 D VoldConnector: RCV <- {651 emulated 7}
11-20 11:31:28.695  1397  1675 D VoldConnector: RCV <- {659 emulated}
11-20 11:31:28.695  1397  1675 D VoldConnector: RCV <- {650 emulated 2 "" ""}
11-20 11:31:28.695  1397  1675 D VoldConnector: RCV <- {651 emulated 0}
11-20 11:31:28.695  1397  1675 D VoldConnector: RCV <- {200 3 Command succeeded}
11-20 11:31:28.696  1397  1674 D VoldConnector: SND -> {4 volume user_added 0 0}
11-20 11:31:28.696  1397  1510 V MountService: Found primary storage at VolumeInfo{emulated}:
11-20 11:31:28.696  1397  1510 V MountService:     type=EMULATED diskId=null partGuid=null mountFlags=0 mountUserId=-1 
11-20 11:31:28.696  1397  1510 V MountService:     state=UNMOUNTED 
11-20 11:31:28.696  1397  1510 V MountService:     fsType=null fsUuid=null fsLabel=null 
11-20 11:31:28.696  1397  1510 V MountService:     path=null internalPath=null 
11-20 11:31:28.697  1397  1675 D VoldConnector: RCV <- {200 4 Command succeeded}
11-20 11:31:28.721  1397  1397 I ActivityManager: Start proc 1730:com.android.systemui/u0a31 for service com.android.systemui/.ImageWallpaper
11-20 11:31:28.721  1397  1674 D VoldConnector: SND -> {5 volume mount emulated 3 -1}
11-20 11:31:28.726   450   455 V vold    : Waiting for FUSE to spin up...
11-20 11:31:28.727  1397  1675 D VoldConnector: RCV <- {651 emulated 1}
11-20 11:31:28.727  1397  1675 D VoldConnector: RCV <- {656 emulated /data/media}
11-20 11:31:28.727  1397  1675 D VoldConnector: RCV <- {655 emulated /storage/emulated}
11-20 11:31:28.730  1397  1397 D UsbAlsaManager: Adding ALSA device AlsaDevice: [card: 0, device: 42, type: 2]
11-20 11:31:28.730  1397  1397 D UsbAlsaManager: Adding ALSA device AlsaDevice: [card: 0, device: 42, type: 1]
11-20 11:31:28.731  1397  1397 D UsbAlsaManager: Adding ALSA device AlsaDevice: [card: 0, device: 41, type: 1]
11-20 11:31:28.731  1397  1397 D UsbAlsaManager: Adding ALSA device AlsaDevice: [card: 0, device: 40, type: 2]
11-20 11:31:28.731  1397  1397 D UsbAlsaManager: Adding ALSA device AlsaDevice: [card: 0, device: 39, type: 2]
11-20 11:31:28.731  1397  1397 D UsbAlsaManager: Adding ALSA device AlsaDevice: [card: 0, device: 38, type: 1]
11-20 11:31:28.731  1397  1397 D UsbAlsaManager: Adding ALSA device AlsaDevice: [card: 0, device: 37, type: 2]
11-20 11:31:28.731  1397  1397 D UsbAlsaManager: Adding ALSA device AlsaDevice: [card: 0, device: 36, type: 2]
11-20 11:31:28.731  1397  1397 D UsbAlsaManager: Adding ALSA device AlsaDevice: [card: 0, device: 36, type: 1]
11-20 11:31:28.731  1397  1397 D UsbAlsaManager: Adding ALSA device AlsaDevice: [card: 0, device: 35, type: 2]
11-20 11:31:28.731  1397  1397 D UsbAlsaManager: Adding ALSA device AlsaDevice: [card: 0, device: 35, type: 1]
11-20 11:31:28.731  1397  1397 D UsbAlsaManager: Adding ALSA device AlsaDevice: [card: 0, device: 27, type: 1]
11-20 11:31:28.731  1397  1397 D UsbAlsaManager: Adding ALSA device AlsaDevice: [card: 0, device: 26, type: 2]
11-20 11:31:28.731  1397  1397 D UsbAlsaManager: Adding ALSA device AlsaDevice: [card: 0, device: 26, type: 1]
11-20 11:31:28.731  1397  1397 D UsbAlsaManager: Adding ALSA device AlsaDevice: [card: 0, device: 25, type: 2]
11-20 11:31:28.731  1397  1397 D UsbAlsaManager: Adding ALSA device AlsaDevice: [card: 0, device: 25, type: 1]
11-20 11:31:28.731  1397  1397 D UsbAlsaManager: Adding ALSA device AlsaDevice: [card: 0, device: 23, type: 2]
11-20 11:31:28.731  1397  1397 D UsbAlsaManager: Adding ALSA device AlsaDevice: [card: 0, device: 22, type: 2]
11-20 11:31:28.731  1397  1397 D UsbAlsaManager: Adding ALSA device AlsaDevice: [card: 0, device: 21, type: 2]
11-20 11:31:28.731  1397  1397 D UsbAlsaManager: Adding ALSA device AlsaDevice: [card: 0, device: 20, type: 2]
11-20 11:31:28.731  1397  1397 D UsbAlsaManager: Adding ALSA device AlsaDevice: [card: 0, device: 19, type: 2]
11-20 11:31:28.731  1397  1397 D UsbAlsaManager: Adding ALSA device AlsaDevice: [card: 0, device: 18, type: 2]
11-20 11:31:28.731  1397  1397 D UsbAlsaManager: Adding ALSA device AlsaDevice: [card: 0, device: 18, type: 1]
11-20 11:31:28.731  1397  1397 D UsbAlsaManager: Adding ALSA device AlsaDevice: [card: 0, device: 17, type: 2]
11-20 11:31:28.731  1397  1397 D UsbAlsaManager: Adding ALSA device AlsaDevice: [card: 0, device: 17, type: 1]
11-20 11:31:28.731  1397  1397 D UsbAlsaManager: Adding ALSA device AlsaDevice: [card: 0, device: 16, type: 2]
11-20 11:31:28.731  1397  1397 D UsbAlsaManager: Adding ALSA device AlsaDevice: [card: 0, device: 16, type: 1]
11-20 11:31:28.731  1397  1397 D UsbAlsaManager: Adding ALSA device AlsaDevice: [card: 0, device: 15, type: 2]
11-20 11:31:28.731  1397  1397 D UsbAlsaManager: Adding ALSA device AlsaDevice: [card: 0, device: 15, type: 1]
11-20 11:31:28.731  1397  1397 D UsbAlsaManager: Adding ALSA device AlsaDevice: [card: 0, device: 14, type: 2]
11-20 11:31:28.731  1397  1397 D UsbAlsaManager: Adding ALSA device AlsaDevice: [card: 0, device: 14, type: 1]
11-20 11:31:28.731  1397  1397 D UsbAlsaManager: Adding ALSA device AlsaDevice: [card: 0, device: 13, type: 2]
11-20 11:31:28.732  1397  1397 D UsbAlsaManager: Adding ALSA device AlsaDevice: [card: 0, device: 13, type: 1]
11-20 11:31:28.732  1397  1397 D UsbAlsaManager: Adding ALSA device AlsaDevice: [card: 0, device: 12, type: 2]
11-20 11:31:28.732  1397  1397 D UsbAlsaManager: Adding ALSA device AlsaDevice: [card: 0, device: 12, type: 1]
11-20 11:31:28.732  1397  1397 D UsbAlsaManager: Adding ALSA device AlsaDevice: [card: 0, device: 11, type: 2]
11-20 11:31:28.732  1397  1397 D UsbAlsaManager: Adding ALSA device AlsaDevice: [card: 0, device: 11, type: 1]
11-20 11:31:28.732  1397  1397 D UsbAlsaManager: Adding ALSA device AlsaDevice: [card: 0, device: 10, type: 2]
11-20 11:31:28.732  1397  1397 D UsbAlsaManager: Adding ALSA device AlsaDevice: [card: 0, device: 10, type: 1]
11-20 11:31:28.732  1397  1397 D UsbAlsaManager: Adding ALSA device AlsaDevice: [card: 0, device: 8, type: 2]
11-20 11:31:28.732  1397  1397 D UsbAlsaManager: Adding ALSA device AlsaDevice: [card: 0, device: 7, type: 1]
11-20 11:31:28.732  1397  1397 D UsbAlsaManager: Adding ALSA device AlsaDevice: [card: 0, device: 6, type: 2]
11-20 11:31:28.732  1397  1397 D UsbAlsaManager: Adding ALSA device AlsaDevice: [card: 0, device: 6, type: 1]
11-20 11:31:28.732  1397  1397 D UsbAlsaManager: Adding ALSA device AlsaDevice: [card: 0, device: 5, type: 2]
11-20 11:31:28.732  1397  1397 D UsbAlsaManager: Adding ALSA device AlsaDevice: [card: 0, device: 5, type: 1]
11-20 11:31:28.732  1397  1397 D UsbAlsaManager: Adding ALSA device AlsaDevice: [card: 0, device: 4, type: 1]
11-20 11:31:28.732  1397  1397 D UsbAlsaManager: Adding ALSA device AlsaDevice: [card: 0, device: 3, type: 2]
11-20 11:31:28.732  1397  1397 D UsbAlsaManager: Adding ALSA device AlsaDevice: [card: 0, device: 3, type: 1]
11-20 11:31:28.732  1397  1397 D UsbAlsaManager: Adding ALSA device AlsaDevice: [card: 0, device: 2, type: 2]
11-20 11:31:28.732  1397  1397 D UsbAlsaManager: Adding ALSA device AlsaDevice: [card: 0, device: 2, type: 1]
11-20 11:31:28.732  1397  1397 D UsbAlsaManager: Adding ALSA device AlsaDevice: [card: 0, device: 1, type: 2]
11-20 11:31:28.732  1397  1397 D UsbAlsaManager: Adding ALSA device AlsaDevice: [card: 0, device: 1, type: 1]
11-20 11:31:28.732  1397  1397 D UsbAlsaManager: Adding ALSA device AlsaDevice: [card: 0, device: 0, type: 2]
11-20 11:31:28.732  1397  1397 D UsbAlsaManager: Adding ALSA device AlsaDevice: [card: 0, device: 0, type: 1]
11-20 11:31:28.741  1397  1397 I SystemServer: WebViewFactory preparation
11-20 11:31:28.777  1397  1675 D VoldConnector: RCV <- {651 emulated 2}
11-20 11:31:28.777  1397  1675 D VoldConnector: RCV <- {200 5 Command succeeded}
11-20 11:31:28.890  1397  1397 W ActivityManager: Slow operation: 73ms so far, now at startProcess: returned from zygote!
11-20 11:31:28.890  1397  1397 W ActivityManager: Slow operation: 74ms so far, now at startProcess: done updating battery stats
11-20 11:31:28.890  1397  1397 W ActivityManager: Slow operation: 74ms so far, now at startProcess: building log message
11-20 11:31:28.890  1397  1397 I ActivityManager: Start proc 1768:WebViewLoader-armeabi-v7a/1037 [android.webkit.WebViewFactory$RelroFileCreator] for 
11-20 11:31:28.890  1397  1397 W ActivityManager: Slow operation: 74ms so far, now at startProcess: starting to update pids map
11-20 11:31:28.890  1397  1397 W ActivityManager: Slow operation: 74ms so far, now at startProcess: done updating pids map
11-20 11:31:28.890  1397  1397 W ActivityManager: Slow operation: 75ms so far, now at startProcess: done starting proc!
11-20 11:31:28.915  1397  1397 I ActivityManager: Start proc 1789:WebViewLoader-arm64-v8a/1037 [android.webkit.WebViewFactory$RelroFileCreator] for 
11-20 11:31:28.919  1397  1397 D NetworkManagement: enabling bandwidth control
11-20 11:31:29.018  1730  1730 V FingerprintManager: FingerprintManagerService was null
11-20 11:31:29.292  1397  1397 D NetworkPolicy: setRestrictBackgroundUL(): false
11-20 11:31:29.336  1397  1444 I StatusBarManagerService: registerStatusBar bar=com.android.internal.statusbar.IStatusBar$Stub$Proxy@4b621e7
11-20 11:31:29.588  1397  1469 W WindowManager: Keyguard drawn timeout. Setting mKeyguardDrawComplete
11-20 11:31:29.597  1397  1397 I SystemServiceManager: Starting phase 600
11-20 11:31:29.609  1397  1397 D GestureLauncherService: Gesture launcher mEmergencyNumber = 112 hits = 3
11-20 11:31:29.611  1397  1397 D SensorNotificationService: Cannot obtain dynamic meta sensor, not supported.
11-20 11:31:29.652  1397  1397 W LocationProviderProxy-network: Odd, no component found for service com.android.location.service.v3.NetworkLocationProvider
11-20 11:31:29.653  1397  1397 W LocationProviderProxy-fused: Odd, no component found for service com.android.location.service.FusedLocationProvider
11-20 11:31:29.655  1397  1397 W GeocoderProxy: Odd, no component found for service com.android.location.service.GeocodeProvider
11-20 11:31:29.675  1397  1397 W FusedProxy: Odd, no component found for service com.android.location.service.FusedProvider
11-20 11:31:29.680  1397  1397 W GeofenceProxy: Odd, no component found for service com.android.location.service.GeofenceProvider
11-20 11:31:29.689  1397  1397 W ActivityRecognitionProxy: Odd, no component found for service com.android.location.service.ActivityRecognitionProvider
11-20 11:31:29.699  1397  1397 I MmsServiceBroker: Delay connecting to MmsService until an API is called
11-20 11:31:29.701  1397  1397 W VoiceInteractionManagerService: no available voice interaction services found for user 0
11-20 11:31:29.701  1397  1397 W VoiceInteractionManagerService: no available voice recognition services found for user 0
11-20 11:31:29.726  1397  1397 I ActivityManager: Start proc 1978:.dataservices/1000 for added application .dataservices
11-20 11:31:29.754  1397  1397 I ActivityManager: Start proc 1992:com.android.phone/1001 for added application com.android.phone
11-20 11:31:29.756  1397  1397 E ActivityManager: No home screen found for Intent { act=android.intent.action.MAIN cat=[android.intent.category.HOME] flg=0x100 }
11-20 11:31:29.756  1397  1397 E ActivityManager: java.lang.Throwable
11-20 11:31:29.756  1397  1397 E ActivityManager: 	at com.android.server.am.ActivityManagerService.startHomeActivityLocked(ActivityManagerService.java:4079)
11-20 11:31:29.756  1397  1397 E ActivityManager: 	at com.android.server.am.ActivityManagerService.systemReady(ActivityManagerService.java:13585)
11-20 11:31:29.756  1397  1397 E ActivityManager: 	at com.android.server.SystemServer.startOtherServices(SystemServer.java:1455)
11-20 11:31:29.756  1397  1397 E ActivityManager: 	at com.android.server.SystemServer.run(SystemServer.java:358)
11-20 11:31:29.756  1397  1397 E ActivityManager: 	at com.android.server.SystemServer.main(SystemServer.java:240)
11-20 11:31:29.756  1397  1397 E ActivityManager: 	at java.lang.reflect.Method.invoke(Native Method)
11-20 11:31:29.756  1397  1397 E ActivityManager: 	at com.android.internal.os.ZygoteInit$MethodAndArgsCaller.run(ZygoteInit.java:889)
11-20 11:31:29.756  1397  1397 E ActivityManager: 	at com.android.internal.os.ZygoteInit.main(ZygoteInit.java:779)
11-20 11:31:29.759  1397  1397 E ActivityManager: No home screen found for Intent { act=android.intent.action.MAIN cat=[android.intent.category.HOME] flg=0x100 }
11-20 11:31:29.759  1397  1397 E ActivityManager: java.lang.Throwable
11-20 11:31:29.759  1397  1397 E ActivityManager: 	at com.android.server.am.ActivityManagerService.startHomeActivityLocked(ActivityManagerService.java:4079)
11-20 11:31:29.759  1397  1397 E ActivityManager: 	at com.android.server.am.ActivityStackSupervisor.resumeHomeStackTask(ActivityStackSupervisor.java:705)
11-20 11:31:29.759  1397  1397 E ActivityManager: 	at com.android.server.am.ActivityStack.resumeTopActivityInnerLocked(ActivityStack.java:2199)
11-20 11:31:29.759  1397  1397 E ActivityManager: 	at com.android.server.am.ActivityStack.resumeTopActivityUncheckedLocked(ActivityStack.java:2146)
11-20 11:31:29.759  1397  1397 E ActivityManager: 	at com.android.server.am.ActivityStackSupervisor.resumeFocusedStackTopActivityLocked(ActivityStackSupervisor.java:1864)
11-20 11:31:29.759  1397  1397 E ActivityManager: 	at com.android.server.am.ActivityStackSupervisor.resumeFocusedStackTopActivityLocked(ActivityStackSupervisor.java:1854)
11-20 11:31:29.759  1397  1397 E ActivityManager: 	at com.android.server.am.ActivityManagerService.systemReady(ActivityManagerService.java:13629)
11-20 11:31:29.759  1397  1397 E ActivityManager: 	at com.android.server.SystemServer.startOtherServices(SystemServer.java:1455)
11-20 11:31:29.759  1397  1397 E ActivityManager: 	at com.android.server.SystemServer.run(SystemServer.java:358)
11-20 11:31:29.759  1397  1397 E ActivityManager: 	at com.android.server.SystemServer.main(SystemServer.java:240)
11-20 11:31:29.759  1397  1397 E ActivityManager: 	at java.lang.reflect.Method.invoke(Native Method)
11-20 11:31:29.759  1397  1397 E ActivityManager: 	at com.android.internal.os.ZygoteInit$MethodAndArgsCaller.run(ZygoteInit.java:889)
11-20 11:31:29.759  1397  1397 E ActivityManager: 	at com.android.internal.os.ZygoteInit.main(ZygoteInit.java:779)
11-20 11:31:29.760  1397  1397 I SystemServer: Enabled StrictMode for system server main thread.
11-20 11:31:29.766  1397  1397 D ConditionProviders.SCP: onConnected
11-20 11:31:29.767  1397  1397 D ZenLog  : set_zen_mode: off,readXml
11-20 11:31:29.777  1397  1397 D ConditionProviders: Subscribing to condition://android/schedule?days=6.7&start=23.30&end=10.0&exitAtAlarm=false with ComponentInfo{android/com.android.server.notification.ScheduleConditionProvider}
11-20 11:31:29.777  1397  1397 D ZenLog  : subscribe: condition://android/schedule?days=6.7&start=23.30&end=10.0&exitAtAlarm=false,ok
11-20 11:31:29.777  1397  1397 D ConditionProviders: Subscribing to condition://android/event?userId=-10000&calendar=&reply=1 with ComponentInfo{android/com.android.server.notification.EventConditionProvider}
11-20 11:31:29.777  1397  1397 D ZenLog  : subscribe: condition://android/event?userId=-10000&calendar=&reply=1,ok
11-20 11:31:29.777  1397  1397 D ConditionProviders: Subscribing to condition://android/schedule?days=1.2.3.4.5&start=22.0&end=7.0&exitAtAlarm=false with ComponentInfo{android/com.android.server.notification.ScheduleConditionProvider}
11-20 11:31:29.777  1397  1397 D ZenLog  : subscribe: condition://android/schedule?days=1.2.3.4.5&start=22.0&end=7.0&exitAtAlarm=false,ok
11-20 11:31:29.809  1397  1467 W LocationProviderProxy-network: Odd, no component found for service com.android.location.service.v3.NetworkLocationProvider
11-20 11:31:29.809  1397  1467 W LocationProviderProxy-fused: Odd, no component found for service com.android.location.service.FusedLocationProvider
11-20 11:31:29.809  1397  1467 W GeocoderProxy: Odd, no component found for service com.android.location.service.GeocodeProvider
11-20 11:31:29.809  1397  1467 W FusedProxy: Odd, no component found for service com.android.location.service.FusedProvider
11-20 11:31:29.809  1397  1467 W GeofenceProxy: Odd, no component found for service com.android.location.service.GeofenceProvider
11-20 11:31:29.809  1397  1467 W ActivityRecognitionProxy: Odd, no component found for service com.android.location.service.ActivityRecognitionProvider
11-20 11:31:29.809  1397  1397 D ZenLog  : set_zen_mode: off,cleanUpZenRules
11-20 11:31:29.863  1978  1978 W ContextImpl: Calling a method in the system process without a qualified user: android.app.ContextImpl.sendBroadcast:877 android.content.ContextWrapper.sendBroadcast:421 com.quicinc.cne.CNEService.CNEServiceApp.broadcastCNEStarted:103 com.quicinc.cne.CNEService.CNEServiceApp.startCne:123 com.quicinc.cne.CNEService.CNEServiceApp.onCreate:94 
11-20 11:31:29.883  1397  1397 I Telecom : SystemStateProvider: Registering car mode receiver: android.content.IntentFilter@a49bb95: TS.init@AAA
11-20 11:31:29.892  1397  2043 I Telecom : Telecom: Non-call EVENT: AUDIO_ROUTE, Entering state QuiescentEarpieceRoute
11-20 11:31:29.897  1397  2046 I Telecom : CallAudioModeStateMachine: Message received: null.: TS.init->CAMSM.pM_1@AAA_0
11-20 11:31:29.902  1397  1397 I Telecom : ViceNotificationImpl: ViceNotificationImpl: TS.init@AAA
11-20 11:31:29.913  1397  2048 E ActivityThread: Failed to find provider info for call_log
11-20 11:31:29.919  1397  1397 I Telecom : Class: TelecomSystem.INSTANCE being set
11-20 11:31:29.920  1397  1397 W ContextImpl: Calling a method in the system process without a qualified user: android.app.ContextImpl.startService:1357 android.content.ContextWrapper.startService:613 com.android.server.telecom.components.TelecomService.initializeTelecomSystem:196 com.android.server.telecom.components.TelecomService.onBind:64 android.app.ActivityThread.handleBindService:3219 
11-20 11:31:29.924  1730  2049 E ActivityThread: Failed to find provider info for com.android.contacts
11-20 11:31:29.926  1397  1397 W ContextImpl: Calling a method in the system process without a qualified user: android.app.ContextImpl.startService:1357 com.android.server.content.SyncManager$13.run:658 android.os.Handler.handleCallback:751 android.os.Handler.dispatchMessage:95 android.os.Looper.loop:154 
11-20 11:31:29.954  1397  1397 V WiredAccessoryManager: notifyWiredAccessoryChanged: when=0 bits= mask=54
11-20 11:31:29.955  1397  1397 V WiredAccessoryManager: newName=h2w newState=0 headsetState=0 prev headsetState=0
11-20 11:31:29.955  1397  1397 V WiredAccessoryManager: init()
11-20 11:31:29.958  1397  1397 D ConditionProviders.SCP: onSubscribe condition://android/schedule?days=6.7&start=23.30&end=10.0&exitAtAlarm=false
11-20 11:31:29.959  1397  1397 D ConditionProviders.SCP: setRegistered true
11-20 11:31:29.959  1397  1397 D ConditionProviders.SCP: notifyCondition condition://android/schedule?days=6.7&start=23.30&end=10.0&exitAtAlarm=false STATE_FALSE reason=!meetsSchedule
11-20 11:31:29.961  1397  1397 D ConditionProviders.SCP: Scheduling evaluate for Mon Nov 20 23:30:00 GMT+09:00 2017 (1511188200000), in +11h58m30s41ms, now=Mon Nov 20 11:31:29 GMT+09:00 2017 (1511145089959)
11-20 11:31:29.961  1397  1397 D ConditionProviders.SCP: onSubscribe condition://android/schedule?days=1.2.3.4.5&start=22.0&end=7.0&exitAtAlarm=false
11-20 11:31:29.962  1397  1397 D ConditionProviders.SCP: notifyCondition condition://android/schedule?days=6.7&start=23.30&end=10.0&exitAtAlarm=false STATE_FALSE reason=!meetsSchedule
11-20 11:31:29.962  1397  1397 D ConditionProviders.SCP: notifyCondition condition://android/schedule?days=1.2.3.4.5&start=22.0&end=7.0&exitAtAlarm=false STATE_FALSE reason=!meetsSchedule
11-20 11:31:29.963  1397  1397 D ConditionProviders.SCP: Scheduling evaluate for Mon Nov 20 22:00:00 GMT+09:00 2017 (1511182800000), in +10h28m30s38ms, now=Mon Nov 20 11:31:29 GMT+09:00 2017 (1511145089962)
11-20 11:31:29.966  1397  1693 E ActivityThread: Failed to find provider info for com.android.calendar
11-20 11:31:29.967  1397  1693 E ActivityThread: Failed to find provider info for com.android.calendar
11-20 11:31:30.046  1397  1397 I Telecom : WiredHeadsetManager: ACTION_HEADSET_PLUG event, plugged in: false, : WHC.oADA@AAE
11-20 11:31:30.050  1397  1397 I ActivityManager: user 0 is still locked. Cannot load recents
11-20 11:31:30.054  1397  1467 I SyncManager: Got SyncJobService instance.
11-20 11:31:30.096  1397  1468 I ActivityManager: Start proc 2092:com.android.cellbroadcastreceiver/u0a7 for broadcast com.android.cellbroadcastreceiver/.CellBroadcastReceiver
11-20 11:31:30.189  1397  1443 I ActivityManager: Start proc 2116:com.qualcomm.qcrilmsgtunnel/1001 for service com.qualcomm.qcrilmsgtunnel/.QcrilMsgTunnelService
11-20 11:31:30.266  1397  1687 D ConnectivityService: Got NetworkFactory Messenger for PhoneSwitcherNetworkRequstListener
11-20 11:31:30.274  1397  1687 D ConnectivityService: Got NetworkFactory Messenger for TelephonyNetworkFactory[0]
11-20 11:31:30.294  1992  2136 E ActivityThread: Failed to find provider info for com.android.contacts
11-20 11:31:30.384  1397  1682 D WifiService: New client listening to asynchronous messages
11-20 11:31:30.507  1397  1443 I ActivityManager: Start proc 2152:org.codeaurora.ims/1001 for broadcast org.codeaurora.ims/.ImsServiceAutoboot
11-20 11:31:30.608  1397  1443 I Telecom : PhoneAccountRegistrar: [ComponentInfo{com.android.phone/com.android.services.telephony.TelephonyConnectionService}, [e0184adedf913b076626646d3f52c3b49c39ad6d], UserHandle{0}(icon: Icon(typ=BITMAP size=18x23) -> Icon(typ=BITMAP size=18x23))]: TSI.rPA@AAc
11-20 11:31:30.610  1397  1443 I Telecom : : Sending phone-account registered intent as user: TSI.rPA@AAc
11-20 11:31:30.652  1397  1397 I Telecom : ViceNotificationImpl: mImsIntentReceiver: action com.android.ims.IMS_SERVICE_UP
11-20 11:31:30.721  1397  1748 I Telecom : PhoneAccountRegistrar: [ComponentInfo{com.android.phone/com.android.services.telephony.TelephonyConnectionService}, [e0184adedf913b076626646d3f52c3b49c39ad6d], UserHandle{0}(icon: Icon(typ=BITMAP size=18x23) -> Icon(typ=BITMAP size=18x23))]: TSI.rPA@AAo
11-20 11:31:30.722  1397  1748 I Telecom : : Sending phone-account registered intent as user: TSI.rPA@AAo
11-20 11:31:30.753  1397  1444 I Telecom : PhoneAccountRegistrar: [ComponentInfo{com.android.phone/com.android.services.telephony.TelephonyConnectionService}, [e0184adedf913b076626646d3f52c3b49c39ad6d], UserHandle{0}(icon: Icon(typ=BITMAP size=18x23) -> Icon(typ=BITMAP size=18x23))]: TSI.rPA@AA0
11-20 11:31:30.754  1397  1444 I Telecom : : Sending phone-account registered intent as user: TSI.rPA@AA0
11-20 11:31:30.819  1992  1992 D MccTable: updateMccMncConfiguration mccmnc='' fromServiceState=false
11-20 11:31:30.837  1397  1747 I Telecom : PhoneAccountRegistrar: [ComponentInfo{com.android.phone/com.android.services.telephony.TelephonyConnectionService}, [e0184adedf913b076626646d3f52c3b49c39ad6d], UserHandle{0}(icon: Icon(typ=BITMAP size=18x23) -> Icon(typ=BITMAP size=18x23))]: TSI.rPA@AA4
11-20 11:31:30.838  1397  1747 I Telecom : : Sending phone-account registered intent as user: TSI.rPA@AA4
11-20 11:31:30.854  1397  1997 I Telecom : PhoneAccountRegistrar: [ComponentInfo{com.android.phone/com.android.services.telephony.TelephonyConnectionService}, [e0184adedf913b076626646d3f52c3b49c39ad6d], UserHandle{0}(icon: Icon(typ=BITMAP size=18x23) -> Icon(typ=BITMAP size=18x23))]: TSI.rPA@ABE
11-20 11:31:30.855  1397  1997 I Telecom : : Sending phone-account registered intent as user: TSI.rPA@ABE
11-20 11:31:31.399  1397  1748 I Telecom : PhoneAccountRegistrar: [ComponentInfo{com.android.phone/com.android.services.telephony.TelephonyConnectionService}, [e0184adedf913b076626646d3f52c3b49c39ad6d], UserHandle{0}(icon: Icon(typ=BITMAP size=18x23) -> Icon(typ=BITMAP size=18x23))]: TSI.rPA@ABM
11-20 11:31:31.400  1397  1748 I Telecom : : Sending phone-account registered intent as user: TSI.rPA@ABM
11-20 11:31:31.414  1397  1444 I Telecom : PhoneAccountRegistrar: [ComponentInfo{com.android.phone/com.android.services.telephony.TelephonyConnectionService}, [e0184adedf913b076626646d3f52c3b49c39ad6d], UserHandle{0}(icon: Icon(typ=BITMAP size=18x23) -> Icon(typ=BITMAP size=18x23))]: TSI.rPA@ABc
11-20 11:31:31.415  1397  1444 I Telecom : : Sending phone-account registered intent as user: TSI.rPA@ABc
11-20 11:31:31.879  1397  1472 E BatteryStatsService: no controller energy info supplied
11-20 11:31:31.909  1397  1472 E BatteryStatsService: no controller energy info supplied
11-20 11:31:36.767  1397  1397 I EntropyMixer: Writing entropy...
11-20 11:31:36.770  1397  1472 E BatteryStatsService: no controller energy info supplied
11-20 11:31:36.770  1397  1472 E BatteryStatsService: no controller energy info supplied
11-20 11:31:36.839  1397  1468 W ProcessCpuTracker: Skipping unknown process pid 2227
11-20 11:31:38.311  1397  1997 I ActivityManager: Setting hasTopUi=true for pid=1730
11-20 11:31:38.315  1397  1747 I ActivityManager: Setting hasTopUi=false for pid=1730
11-20 11:31:38.338  1397  1443 I ActivityManager: Setting hasTopUi=true for pid=1730
11-20 11:36:02.108  1397  1472 E BatteryStatsService: no controller energy info supplied
11-20 11:36:02.108  1397  1472 E BatteryStatsService: no controller energy info supplied
