11-20 11:31:26.248  1397  1397 W PackageManager: Not granting permission android.permission.SET_PREFERRED_APPLICATIONS to package com.android.vending (protectionLevel=2 flags=0x384abe45)
11-20 11:31:26.248  1397  1397 W PackageManager: Unknown permission android.permission.ACCESS_INSTANT_APPS in package com.android.vending
11-20 11:31:26.248  1397  1397 W PackageManager: Unknown permission android.permission.ALLOCATE_AGGRESSIVE in package com.android.vending
11-20 11:31:26.248  1397  1397 W PackageManager: Unknown permission android.permission.MMS_PUSH in package org.codeaurora.bluetooth
11-20 11:31:26.248  1397  1397 W PackageManager: Unknown permission com.android.email.permission.ACCESS_PROVIDER in package org.codeaurora.bluetooth
11-20 11:31:26.248  1397  1397 W PackageManager: Unknown permission com.android.email.permission.READ_ATTACHMENT in package org.codeaurora.bluetooth
11-20 11:31:26.249  1397  1397 W PackageManager: Unknown permission com.qualcomm.qti.internal.permission.ACCESS_ENRICHED_CALL in package com.android.contacts
11-20 11:31:26.249  1397  1397 W PackageManager: Unknown permission android.permission.NFC_UNLOCK in package com.android.nfc
11-20 11:31:26.249  1397  1397 W PackageManager: Unknown permission com.android.launcher.permission.READ_SETTINGS in package com.android.launcher3
11-20 11:31:26.249  1397  1397 W PackageManager: Unknown permission com.android.launcher.permission.WRITE_SETTINGS in package com.android.launcher3
11-20 11:31:26.249  1397  1397 W PackageManager: Not granting permission android.permission.BIND_APPWIDGET to package com.android.launcher3 (protectionLevel=18 flags=0x3c4bbe45)
11-20 11:31:26.249  1397  1397 W PackageManager: Unknown permission com.google.android.email.permission.ACCESS_PROVIDER in package com.google.android.gm
11-20 11:31:26.249  1397  1397 W PackageManager: Unknown permission com.google.android.gm.exchange.BIND in package com.google.android.gm
11-20 11:31:26.249  1397  1397 W PackageManager: Unknown permission com.android.email.partnerprovider.PARTNER_PROVIDER in package com.google.android.gm
11-20 11:31:26.249  1397  1397 W PackageManager: Unknown permission com.android.email.permission.ACCESS_PROVIDER in package com.qti.launcherunreadservice
11-20 11:31:26.249  1397  1397 W PackageManager: Unknown permission com.samsung.android.providers.context.permission.WRITE_USE_APP_FEATURE_SURVEY in package com.google.android.music
11-20 11:31:26.250  1397  1397 W PackageManager: Unknown permission android.permission.WRITE_SYNC_STATS in package com.google.android.apps.docs
11-20 11:31:26.250  1397  1397 W PackageManager: Unknown permission com.qualcomm.qti.internal.permission.ACCESS_ENRICHED_CALL in package com.android.server.telecom
11-20 11:31:26.250  1397  1397 W PackageManager: Not granting permission android.permission.INTERACT_ACROSS_USERS to package com.google.android.syncadapters.contacts (protectionLevel=50 flags=0x38083e45)
11-20 11:31:26.250  1397  1397 W PackageManager: Unknown permission com.google.android.syncadapters.contacts.permission.GAL_SEARCH in package com.google.android.syncadapters.contacts
11-20 11:31:26.250  1397  1397 W PackageManager: Unknown permission com.chrome.permission.DEVICE_EXTRAS in package com.android.chrome
11-20 11:31:26.250  1397  1397 W PackageManager: Unknown permission com.sec.enterprise.knox.MDM_CONTENT_PROVIDER in package com.android.chrome
11-20 11:31:26.250  1397  1397 W PackageManager: Not granting permission android.permission.GRANT_RUNTIME_PERMISSIONS to package com.qualcomm.qti.calendarwidget (protectionLevel=770 flags=0x3808be45)
11-20 11:31:26.250  1397  1397 W PackageManager: Unknown permission com.qualcomm.qti.internal.permission.ACCESS_ENRICHED_CALL in package com.android.dialer
11-20 11:31:26.250  1397  1397 W PackageManager: Unknown permission android.permission.ADD_SYSTEM_SERVICE in package com.bluebird.test.hiddentestmenu
11-20 11:31:26.251  1397  1397 W PackageManager: Unknown permission com.qualcomm.permission.ACCESS_LOCATION_API in package com.bluebird.test.hiddentestmenu
11-20 11:31:26.251  1397  1397 W PackageManager: Unknown permission com.android.launcher.permission.WRITE_SETTINGS in package com.bluebird.test.hiddentestmenu
11-20 11:31:26.251  1397  1397 W PackageManager: Unknown permission com.android.launcher.permission.READ_SETTINGS in package com.bluebird.test.hiddentestmenu
11-20 11:31:26.251  1397  1397 I PackageManager: Un-granting permission android.permission.CLEAR_APP_USER_DATA from package com.google.android.packageinstaller (protectionLevel=258 flags=0x38483e45)
11-20 11:31:26.251  1397  1397 I PackageManager: Un-granting permission android.permission.GRANT_RUNTIME_PERMISSIONS from package com.google.android.packageinstaller (protectionLevel=770 flags=0x38483e45)
11-20 11:31:26.251  1397  1397 I PackageManager: Un-granting permission android.permission.REVOKE_RUNTIME_PERMISSIONS from package com.google.android.packageinstaller (protectionLevel=770 flags=0x38483e45)
11-20 11:31:26.251  1397  1397 I PackageManager: Un-granting permission android.permission.INSTALL_GRANT_RUNTIME_PERMISSIONS from package com.google.android.packageinstaller (protectionLevel=770 flags=0x38483e45)
11-20 11:31:26.251  1397  1397 I PackageManager: Un-granting permission android.permission.INTERACT_ACROSS_USERS_FULL from package com.google.android.packageinstaller (protectionLevel=258 flags=0x38483e45)
11-20 11:31:26.251  1397  1397 I PackageManager: Un-granting permission android.permission.KILL_UID from package com.google.android.packageinstaller (protectionLevel=258 flags=0x38483e45)
11-20 11:31:26.251  1397  1397 I PackageManager: Un-granting permission android.permission.MANAGE_APP_OPS_RESTRICTIONS from package com.google.android.packageinstaller (protectionLevel=258 flags=0x38483e45)
11-20 11:31:26.251  1397  1397 W PackageManager: Unknown permission com.google.android.permission.INSTALL_WEARABLE_PACKAGES in package com.google.android.packageinstaller
11-20 11:31:26.251  1397  1397 W PackageManager: Unknown permission com.google.android.apps.enterprise.dmagent.permission.AutoSyncPermission in package com.google.android.gms
11-20 11:31:26.251  1397  1397 W PackageManager: Unknown permission com.google.android.hangouts.START_HANGOUT in package com.google.android.gms
11-20 11:31:26.252  1397  1397 W PackageManager: Unknown permission com.google.android.wearable.READ_SETTINGS in package com.google.android.gms
11-20 11:31:26.252  1397  1397 W PackageManager: Unknown permission com.android.launcher.permission.PRELOAD_WORKSPACE in package com.google.android.partnersetup
11-20 11:31:26.252  1397  1397 W PackageManager: Not granting permission com.google.android.googleapps.permission.GOOGLE_AUTH to package com.google.android.videos (protectionLevel=2 flags=0x385bbe45)
11-20 11:31:26.252  1397  1397 W PackageManager: Unknown permission android.permission.ACCESS_SUPERUSER in package com.cyanogenmod.filemanager
11-20 11:31:26.252  1397  1397 W PackageManager: Unknown permission com.cyanogenmod.filemanager.permissions.READ_THEME in package com.cyanogenmod.filemanager
11-20 11:31:26.252  1397  1397 W PackageManager: Not granting permission android.permission.WRITE_MEDIA_STORAGE to package com.google.android.apps.photos (protectionLevel=18 flags=0x3859be45)
11-20 11:31:26.252  1397  1397 W PackageManager: Unknown permission com.google.android.gm.exchange.BIND in package com.google.android.calendar
11-20 11:31:26.252  1397  1397 W PackageManager: Unknown permission com.google.android.gallery3d.permission.PICASA_STORE in package com.android.dreams.phototable
11-20 11:31:26.253  1397  1397 W PackageManager: Not granting permission android.permission.CONTROL_KEYGUARD to package com.google.android.gsf.login (protectionLevel=2 flags=0x3048be45)
11-20 11:31:26.253  1397  1397 W PackageManager: Unknown permission com.android.vending.billing.IBillingAccountService.BIND2 in package com.google.android.gsf.login
11-20 11:31:26.253  1397  1397 W PackageManager: Unknown permission com.android.launcher.permission.READ_SETTINGS in package com.android.settings
11-20 11:31:26.253  1397  1397 W PackageManager: Unknown permission com.android.launcher.permission.WRITE_SETTINGS in package com.android.settings
11-20 11:31:26.253  1397  1397 W PackageManager: Unknown permission com.qualcomm.permission.ACCESS_LOCATION_API in package com.qualcomm.location
11-20 11:31:26.254  1397  1397 W PackageManager: Not granting permission android.permission.INTERACT_ACROSS_USERS_FULL to package org.codeaurora.snapcam (protectionLevel=258 flags=0x3858bc45)
11-20 11:31:26.254  1397  1397 W PackageManager: Not granting permission android.permission.SET_ORIENTATION to package org.codeaurora.snapcam (protectionLevel=2 flags=0x3858bc45)
11-20 11:31:26.254  1397  1397 W PackageManager: Unknown permission net.soti.mobicontrol.permission.MDM_USE_ENTERPRISE_MNGT in package net.soti.mobicontrol.pidion
11-20 11:31:26.255  1397  1397 W PackageManager: Not granting permission android.permission.CAMERA to package net.soti.mobicontrol.pidion because it was previously installed without
11-20 11:31:26.255  1397  1397 W PackageManager: Not granting permission android.permission.READ_CONTACTS to package net.soti.mobicontrol.pidion because it was previously installed without
11-20 11:31:26.255  1397  1397 W PackageManager: Not granting permission android.permission.READ_CALL_LOG to package net.soti.mobicontrol.pidion because it was previously installed without
11-20 11:31:26.255  1397  1397 W PackageManager: Not granting permission android.permission.READ_PHONE_STATE to package net.soti.mobicontrol.pidion because it was previously installed without
11-20 11:31:26.255  1397  1397 W PackageManager: Not granting permission android.permission.READ_EXTERNAL_STORAGE to package net.soti.mobicontrol.pidion because it was previously installed without
11-20 11:31:26.255  1397  1397 W PackageManager: Not granting permission android.permission.WRITE_EXTERNAL_STORAGE to package net.soti.mobicontrol.pidion because it was previously installed without
11-20 11:31:26.255  1397  1397 W PackageManager: Not granting permission android.permission.ACCESS_FINE_LOCATION to package net.soti.mobicontrol.pidion because it was previously installed without
11-20 11:31:26.255  1397  1397 W PackageManager: Not granting permission android.permission.GET_ACCOUNTS to package net.soti.mobicontrol.pidion because it was previously installed without
11-20 11:31:26.255  1397  1397 W PackageManager: Not granting permission android.permission.CALL_PHONE to package net.soti.mobicontrol.pidion because it was previously installed without
11-20 11:31:26.255  1397  1397 W PackageManager: Not granting permission android.permission.PROCESS_OUTGOING_CALLS to package net.soti.mobicontrol.pidion because it was previously installed without
11-20 11:31:26.255  1397  1397 W PackageManager: Unknown permission android.permission.sec.MDM_APP_MGMT in package net.soti.mobicontrol.pidion
11-20 11:31:26.255  1397  1397 W PackageManager: Unknown permission android.permission.sec.MDM_WIFI in package net.soti.mobicontrol.pidion
11-20 11:31:26.255  1397  1397 W PackageManager: Unknown permission android.permission.sec.MDM_BLUETOOTH in package net.soti.mobicontrol.pidion
11-20 11:31:26.255  1397  1397 W PackageManager: Unknown permission android.permission.sec.MDM_ROAMING in package net.soti.mobicontrol.pidion
11-20 11:31:26.255  1397  1397 W PackageManager: Unknown permission android.permission.sec.MDM_HW_CONTROL in package net.soti.mobicontrol.pidion
11-20 11:31:26.255  1397  1397 W PackageManager: Unknown permission android.permission.sec.MDM_EXCHANGE in package net.soti.mobicontrol.pidion
11-20 11:31:26.255  1397  1397 W PackageManager: Unknown permission android.permission.sec.MDM_APN in package net.soti.mobicontrol.pidion
11-20 11:31:26.255  1397  1397 W PackageManager: Unknown permission android.permission.sec.MDM_SECURITY in package net.soti.mobicontrol.pidion
11-20 11:31:26.255  1397  1397 W PackageManager: Unknown permission android.permission.sec.MDM_REMOTE_CONTROL in package net.soti.mobicontrol.pidion
11-20 11:31:26.255  1397  1397 W PackageManager: Unknown permission android.permission.sec.MDM_RESTRICTION in package net.soti.mobicontrol.pidion
11-20 11:31:26.255  1397  1397 W PackageManager: Unknown permission android.permission.sec.MDM_LOCATION in package net.soti.mobicontrol.pidion
11-20 11:31:26.255  1397  1397 W PackageManager: Unknown permission android.permission.sec.MDM_EMAIL in package net.soti.mobicontrol.pidion
11-20 11:31:26.255  1397  1397 W PackageManager: Unknown permission android.permission.sec.MDM_VPN in package net.soti.mobicontrol.pidion
11-20 11:31:26.255  1397  1397 W PackageManager: Unknown permission android.permission.sec.MDM_KIOSK_MODE in package net.soti.mobicontrol.pidion
11-20 11:31:26.256  1397  1397 W PackageManager: Unknown permission android.permission.sec.MDM_FIREWALL in package net.soti.mobicontrol.pidion
11-20 11:31:26.256  1397  1397 W PackageManager: Unknown permission android.permission.sec.MDM_ENTERPRISE_VPN in package net.soti.mobicontrol.pidion
11-20 11:31:26.256  1397  1397 W PackageManager: Unknown permission android.permission.sec.MDM_PHONE_RESTRICTION in package net.soti.mobicontrol.pidion
11-20 11:31:26.256  1397  1397 W PackageManager: Unknown permission android.permission.sec.ENTERPRISE_DEVICE_ADMIN in package net.soti.mobicontrol.pidion
11-20 11:31:26.256  1397  1397 W PackageManager: Unknown permission android.permission.sec.MDM_DATE_TIME in package net.soti.mobicontrol.pidion
11-20 11:31:26.256  1397  1397 W PackageManager: Unknown permission android.permission.sec.MDM_BROWSER_SETTINGS in package net.soti.mobicontrol.pidion
11-20 11:31:26.256  1397  1397 W PackageManager: Unknown permission android.permission.sec.MDM_APP_BACKUP in package net.soti.mobicontrol.pidion
11-20 11:31:26.256  1397  1397 W PackageManager: Unknown permission com.android.email.permission.ACCESS_PROVIDER in package net.soti.mobicontrol.pidion
11-20 11:31:26.256  1397  1397 W PackageManager: Unknown permission net.soti.mobicontrol.password.PASSWORD_OR_POLICY_CHANGED in package net.soti.mobicontrol.pidion
11-20 11:31:26.256  1397  1397 W PackageManager: Unknown permission com.google.android.gallery3d.permission.GALLERY_PROVIDER in package com.android.bluetooth
11-20 11:31:26.256  1397  1397 W PackageManager: Unknown permission com.android.gallery3d.permission.GALLERY_PROVIDER in package com.android.bluetooth
11-20 11:31:26.256  1397  1397 W PackageManager: Unknown permission com.android.email.permission.ACCESS_PROVIDER in package com.android.bluetooth
11-20 11:31:26.256  1397  1397 W PackageManager: Unknown permission com.android.email.permission.READ_ATTACHMENT in package com.android.bluetooth
11-20 11:31:26.256  1397  1397 V PackageManager: reconcileAppsData for null u0 0x3
11-20 11:31:26.259  1397  1397 W PackageManager: Destroying /data/user/0/media due to: com.android.server.pm.PackageManagerException: Package media is unknown
11-20 11:31:27.176  1397  1397 V PackageManager: reconcileAppsData finished 173 packages
11-20 11:31:27.296  1397  1397 V PackageManager: Ephemeral resolver found; pkg: com.google.android.gms, info:ResolveInfo{efbf3eb com.google.android.gms/.chimera.PersistentBoundBrokerService m=0x108000}
11-20 11:31:27.297  1397  1397 I PackageManager: Ephemeral deactivated; missing installer
11-20 11:31:27.353  1397  1397 I SystemServer: StartOtaDexOptService
11-20 11:31:27.355  1397  1397 I SystemServer: StartUserManagerService
11-20 11:31:27.355  1397  1397 I SystemServiceManager: Starting com.android.server.pm.UserManagerService$LifeCycle
11-20 11:31:27.365  1397  1397 I SystemServiceManager: Starting com.android.server.BatteryService
11-20 11:31:27.374  1397  1397 I SystemServiceManager: Starting com.android.server.usage.UsageStatsService
11-20 11:31:27.379  1397  1472 E BatteryStatsService: no controller energy info supplied
11-20 11:31:27.387  1397  1472 I BatteryStatsImpl: Resetting battery stats: level=96 status=3 dischargeLevel=96 lowAmount=0 highAmount=0
11-20 11:31:27.388  1397  1397 I SystemServiceManager: Starting com.android.server.webkit.WebViewUpdateService
11-20 11:31:27.391  1397  1397 I SystemServer: Reading configuration...
11-20 11:31:27.391  1397  1397 I SystemServer: StartSchedulingPolicyService
11-20 11:31:27.393  1397  1397 I SystemServiceManager: Starting com.android.server.telecom.TelecomLoaderService
11-20 11:31:27.393  1397  1397 I SystemServer: StartTelephonyRegistry
11-20 11:31:27.396  1397  1397 I SystemServer: StartEntropyMixer
11-20 11:31:27.398  1397  1397 I EntropyMixer: Writing entropy...
11-20 11:31:27.413  1397  1397 I SystemServer: Camera Service
11-20 11:31:27.414  1397  1397 I SystemServiceManager: Starting com.android.server.camera.CameraService
11-20 11:31:27.417  1397  1599 I ServiceThread: Enabled StrictMode logging for CameraService_proxy looper.
11-20 11:31:27.419  1397  1397 I SystemServer: StartAccountManagerService
11-20 11:31:27.419  1397  1397 I SystemServiceManager: Starting com.android.server.accounts.AccountManagerService$Lifecycle
11-20 11:31:27.426  1397  1397 I SystemServer: StartContentService
11-20 11:31:27.426  1397  1397 I SystemServiceManager: Starting com.android.server.content.ContentService$Lifecycle
11-20 11:31:27.428  1397  1397 I SystemServer: InstallSystemProviders
11-20 11:31:27.514  1397  1397 I SystemServer: StartVibratorService
11-20 11:31:27.518  1397  1397 I SystemServer: StartConsumerIrService
11-20 11:31:27.519  1397  1397 I SystemServer: StartAlarmManagerService
11-20 11:31:27.520  1397  1397 I SystemServiceManager: Starting com.android.server.AlarmManagerService
11-20 11:31:27.527  1397  1397 I SystemServer: InitWatchdog
11-20 11:31:27.528  1397  1397 I SystemServer: StartInputManagerService
11-20 11:31:27.528  1397  1397 I InputManager: Initializing input manager, mUseDevInputEventForAudioJack=true
11-20 11:31:27.529  1397  1397 I SystemServer: StartWindowManagerService
11-20 11:31:27.550  1397  1513 I WindowManager: No existing display settings /data/system/display_settings.xml; starting empty
11-20 11:31:27.570  1397  1397 I SystemServer: StartVrManagerService
11-20 11:31:27.571  1397  1397 I SystemServiceManager: Starting com.android.server.vr.VrManagerService
11-20 11:31:27.575  1397  1397 I InputManager: Starting input manager
11-20 11:31:27.577  1397  1397 I SystemServiceManager: Starting com.android.server.BluetoothService
11-20 11:31:27.579  1397  1397 D BluetoothManagerService: Loading stored name and address
11-20 11:31:27.579  1397  1397 D BluetoothManagerService: Stored bluetooth Name=RP350,Address=22:22:1C:A2:6D:B9
11-20 11:31:27.580  1397  1397 D BluetoothManagerService: Bluetooth persisted state: 0
11-20 11:31:27.580  1397  1397 I SystemServer: ConnectivityMetricsLoggerService
11-20 11:31:27.580  1397  1397 I SystemServiceManager: Starting com.android.server.connectivity.MetricsLoggerService
11-20 11:31:27.580  1397  1397 I SystemServer: IpConnectivityMetrics
11-20 11:31:27.581  1397  1397 I SystemServiceManager: Starting com.android.server.connectivity.IpConnectivityMetrics
11-20 11:31:27.582  1397  1397 I SystemServer: PinnerService
11-20 11:31:27.582  1397  1397 I SystemServiceManager: Starting com.android.server.PinnerService
11-20 11:31:27.583  1397  1397 I SystemServiceManager: Starting com.android.server.InputMethodManagerService$Lifecycle
11-20 11:31:27.659  1397  1397 I SystemServer: StartAccessibilityManagerService
11-20 11:31:27.664  1397  1397 I ActivityManager: Config changes=1df8 {1.0 ?mcc?mnc [en_US] ldltr sw341dp w341dp h512dp 150dpi nrml port ?uimode ?night -touch -keyb/v/h -nav/h s.2}
11-20 11:31:27.674  1397  1513 I ActivityManager: Config changes=400 {1.0 ?mcc?mnc [en_US] ldltr sw341dp w341dp h487dp 150dpi nrml port ?uimode ?night -touch -keyb/v/h -nav/h s.3}
11-20 11:31:27.682  1397  1397 I SystemServiceManager: Starting com.android.server.MountService$Lifecycle
11-20 11:31:27.689  1397  1397 I SystemServiceManager: Starting com.android.server.UiModeManagerService
11-20 11:31:27.689  1397  1674 D MountService: Thinking about init, mSystemReady=false, mDaemonConnected=true
11-20 11:31:27.689  1397  1674 D MountService: Thinking about reset, mSystemReady=false, mDaemonConnected=true
11-20 11:31:27.689  1397  1674 D MountService: Thinking about init, mSystemReady=false, mDaemonConnected=true
11-20 11:31:27.689  1397  1674 D MountService: Thinking about reset, mSystemReady=false, mDaemonConnected=true
11-20 11:31:27.690  1397  1674 D CryptdConnector: SND -> {1 cryptfs getfield SystemLocale}
11-20 11:31:27.690  1397  1397 I ActivityManager: Config changes=200 {1.0 ?mcc?mnc [en_US] ldltr sw341dp w341dp h487dp 150dpi nrml port -touch -keyb/v/h -nav/h s.4}
11-20 11:31:27.690  1397  1676 D CryptdConnector: RCV <- {200 1 -1}
11-20 11:31:27.691  1397  1674 W MountService: No primary storage mounted!
11-20 11:31:27.691  1397  1674 D VoldConnector: SND -> {1 asec list}
11-20 11:31:27.693  1397  1675 D VoldConnector: RCV <- {200 1 asec operation succeeded}
11-20 11:31:27.693  1397  1674 W PackageManager: Unknown permission bluebird.permission.SAM_DATA_RECEIVABLE in package com.bluebird.devcheck
11-20 11:31:27.694  1397  1674 W PackageManager: Not granting permission android.permission.MANAGE_DOCUMENTS to package com.google.android.youtube (protectionLevel=2 flags=0x385bbe45)
11-20 11:31:27.694  1397  1674 W PackageManager: Unknown permission com.sec.android.provider.badge.permission.READ in package com.google.android.youtube
11-20 11:31:27.694  1397  1674 W PackageManager: Unknown permission com.sec.android.provider.badge.permission.WRITE in package com.google.android.youtube
11-20 11:31:27.694  1397  1674 W PackageManager: Unknown permission com.htc.launcher.permission.READ_SETTINGS in package com.google.android.youtube
11-20 11:31:27.694  1397  1674 W PackageManager: Unknown permission com.htc.launcher.permission.UPDATE_SHORTCUT in package com.google.android.youtube
11-20 11:31:27.694  1397  1674 W PackageManager: Unknown permission com.sonyericsson.home.permission.BROADCAST_BADGE in package com.google.android.youtube
11-20 11:31:27.694  1397  1674 W PackageManager: Unknown permission com.sonymobile.home.permission.PROVIDER_INSERT_BADGE in package com.google.android.youtube
11-20 11:31:27.694  1397  1674 W PackageManager: Unknown permission com.google.android.launcher.permission.CONTENT_REDIRECT in package com.google.android.googlequicksearchbox
11-20 11:31:27.694  1397  1674 W PackageManager: Unknown permission com.google.android.voicesearch.SHORTCUTS_ACCESS in package com.google.android.googlequicksearchbox
11-20 11:31:27.694  1397  1674 W PackageManager: Unknown permission com.google.android.voicesearch.ACCESS_SETTINGS in package com.google.android.googlequicksearchbox
11-20 11:31:27.694  1397  1674 W PackageManager: Unknown permission com.android.browser.permission.PRELOAD in package com.google.android.googlequicksearchbox
11-20 11:31:27.694  1397  1674 W PackageManager: Unknown permission com.google.android.ears.permission.WRITE in package com.google.android.googlequicksearchbox
11-20 11:31:27.694  1397  1674 W PackageManager: Unknown permission com.google.googlenav.friend.permission.OPT_IN in package com.google.android.googlequicksearchbox
11-20 11:31:27.694  1397  1674 W PackageManager: Unknown permission com.google.android.apps.googlevoice.permission.AUTO_SEND in package com.google.android.googlequicksearchbox
11-20 11:31:27.694  1397  1674 W PackageManager: Unknown permission com.google.android.hangouts.START_HANGOUT in package com.google.android.googlequicksearchbox
11-20 11:31:27.694  1397  1674 W PackageManager: Unknown permission com.android.chrome.PRERENDER_URL in package com.google.android.googlequicksearchbox
11-20 11:31:27.694  1397  1674 W PackageManager: Not granting permission com.google.android.googleapps.permission.GOOGLE_AUTH to package com.android.providers.calendar (protectionLevel=2 flags=0x30083e45)
11-20 11:31:27.694  1397  1674 W PackageManager: Not granting permission com.google.android.googleapps.permission.GOOGLE_AUTH.cl to package com.android.providers.calendar (protectionLevel=2 flags=0x30083e45)
11-20 11:31:27.695  1397  1674 W PackageManager: Unknown permission com.android.nfc.permission.NFCEE_ADMIN in package org.simalliance.openmobileapi.service
11-20 11:31:27.695  1397  1674 W PackageManager: Unknown permission org.simalliance.openmobileapi.permission.SIM_STATE_CHANGED in package org.simalliance.openmobileapi.service
11-20 11:31:27.695  1397  1674 W PackageManager: Unknown permission com.google.android.ims.providers.ACCESS_DATA in package com.google.android.apps.messaging
11-20 11:31:27.695  1397  1674 W PackageManager: Unknown permission com.google.android.ims.LOG_ACCESS in package com.google.android.apps.messaging
11-20 11:31:27.695  1397  1674 W PackageManager: Unknown permission com.sec.android.provider.badge.permission.READ in package com.google.android.apps.messaging
11-20 11:31:27.695  1397  1674 W PackageManager: Unknown permission com.sec.android.provider.badge.permission.WRITE in package com.google.android.apps.messaging
11-20 11:31:27.695  1397  1674 W PackageManager: Unknown permission com.htc.launcher.permission.READ_SETTINGS in package com.google.android.apps.messaging
11-20 11:31:27.695  1397  1674 W PackageManager: Unknown permission com.htc.launcher.permission.UPDATE_SHORTCUT in package com.google.android.apps.messaging
11-20 11:31:27.695  1397  1674 W PackageManager: Unknown permission com.sonyericsson.home.permission.BROADCAST_BADGE in package com.google.android.apps.messaging
11-20 11:31:27.695  1397  1674 W PackageManager: Unknown permission com.sonymobile.home.permission.PROVIDER_INSERT_BADGE in package com.google.android.apps.messaging
11-20 11:31:27.695  1397  1674 W PackageManager: Unknown permission com.anddoes.launcher.permission.UPDATE_COUNT in package com.google.android.apps.messaging
11-20 11:31:27.695  1397  1674 W PackageManager: Unknown permission com.majeur.launcher.permission.UPDATE_BADGE in package com.google.android.apps.messaging
11-20 11:31:27.695  1397  1674 W PackageManager: Unknown permission com.huawei.android.launcher.permission.CHANGE_BADGE in package com.google.android.apps.messaging
11-20 11:31:27.695  1397  1674 W PackageManager: Unknown permission com.huawei.android.launcher.permission.READ_SETTINGS in package com.google.android.apps.messaging
11-20 11:31:27.695  1397  1674 W PackageManager: Unknown permission com.huawei.android.launcher.permission.WRITE_SETTINGS in package com.google.android.apps.messaging
11-20 11:31:27.695  1397  1674 W PackageManager: Unknown permission android.permission.READ_APP_BADGE in package com.google.android.apps.messaging
11-20 11:31:27.695  1397  1674 W PackageManager: Unknown permission com.oppo.launcher.permission.READ_SETTINGS in package com.google.android.apps.messaging
11-20 11:31:27.695  1397  1674 W PackageManager: Unknown permission com.oppo.launcher.permission.WRITE_SETTINGS in package com.google.android.apps.messaging
11-20 11:31:27.695  1397  1674 W PackageManager: Not granting permission android.permission.SEND_DOWNLOAD_COMPLETED_INTENTS to package com.android.vending (protectionLevel=2 flags=0x384abe45)
11-20 11:31:27.695  1397  1674 W PackageManager: Not granting permission android.permission.INSTALL_GRANT_RUNTIME_PERMISSIONS to package com.android.vending (protectionLevel=770 flags=0x384abe45)
11-20 11:31:27.695  1397  1674 W PackageManager: Not granting permission android.permission.GRANT_RUNTIME_PERMISSIONS to package com.android.vending (protectionLevel=770 flags=0x384abe45)
11-20 11:31:27.695  1397  1674 W PackageManager: Not granting permission android.permission.REVOKE_RUNTIME_PERMISSIONS to package com.android.vending (protectionLevel=770 flags=0x384abe45)
11-20 11:31:27.695  1397  1674 W PackageManager: Not granting permission android.permission.SET_PREFERRED_APPLICATIONS to package com.android.vending (protectionLevel=2 flags=0x384abe45)
11-20 11:31:27.696  1397  1674 W PackageManager: Unknown permission android.permission.ACCESS_INSTANT_APPS in package com.android.vending
11-20 11:31:27.696  1397  1674 W PackageManager: Unknown permission android.permission.ALLOCATE_AGGRESSIVE in package com.android.vending
11-20 11:31:27.696  1397  1674 W PackageManager: Unknown permission android.permission.MMS_PUSH in package org.codeaurora.bluetooth
11-20 11:31:27.696  1397  1674 W PackageManager: Unknown permission com.android.email.permission.ACCESS_PROVIDER in package org.codeaurora.bluetooth
11-20 11:31:27.696  1397  1674 W PackageManager: Unknown permission com.android.email.permission.READ_ATTACHMENT in package org.codeaurora.bluetooth
11-20 11:31:27.696  1397  1674 W PackageManager: Unknown permission com.qualcomm.qti.internal.permission.ACCESS_ENRICHED_CALL in package com.android.contacts
11-20 11:31:27.696  1397  1674 W PackageManager: Unknown permission android.permission.NFC_UNLOCK in package com.android.nfc
11-20 11:31:27.696  1397  1674 W PackageManager: Unknown permission com.android.launcher.permission.READ_SETTINGS in package com.android.launcher3
11-20 11:31:27.696  1397  1674 W PackageManager: Unknown permission com.android.launcher.permission.WRITE_SETTINGS in package com.android.launcher3
11-20 11:31:27.696  1397  1674 W PackageManager: Not granting permission android.permission.BIND_APPWIDGET to package com.android.launcher3 (protectionLevel=18 flags=0x3c4bbe45)
11-20 11:31:27.696  1397  1674 W PackageManager: Unknown permission com.google.android.email.permission.ACCESS_PROVIDER in package com.google.android.gm
11-20 11:31:27.696  1397  1674 W PackageManager: Unknown permission com.google.android.gm.exchange.BIND in package com.google.android.gm
11-20 11:31:27.696  1397  1674 W PackageManager: Unknown permission com.android.email.partnerprovider.PARTNER_PROVIDER in package com.google.android.gm
11-20 11:31:27.697  1397  1674 W PackageManager: Unknown permission com.android.email.permission.ACCESS_PROVIDER in package com.qti.launcherunreadservice
11-20 11:31:27.697  1397  1674 W PackageManager: Unknown permission com.samsung.android.providers.context.permission.WRITE_USE_APP_FEATURE_SURVEY in package com.google.android.music
11-20 11:31:27.697  1397  1674 W PackageManager: Unknown permission android.permission.WRITE_SYNC_STATS in package com.google.android.apps.docs
11-20 11:31:27.697  1397  1674 W PackageManager: Unknown permission com.qualcomm.qti.internal.permission.ACCESS_ENRICHED_CALL in package com.android.server.telecom
11-20 11:31:27.697  1397  1674 W PackageManager: Not granting permission android.permission.INTERACT_ACROSS_USERS to package com.google.android.syncadapters.contacts (protectionLevel=50 flags=0x38083e45)
11-20 11:31:27.697  1397  1674 W PackageManager: Unknown permission com.google.android.syncadapters.contacts.permission.GAL_SEARCH in package com.google.android.syncadapters.contacts
11-20 11:31:27.697  1397  1674 W PackageManager: Unknown permission com.chrome.permission.DEVICE_EXTRAS in package com.android.chrome
11-20 11:31:27.697  1397  1674 W PackageManager: Unknown permission com.sec.enterprise.knox.MDM_CONTENT_PROVIDER in package com.android.chrome
11-20 11:31:27.697  1397  1674 W PackageManager: Not granting permission android.permission.GRANT_RUNTIME_PERMISSIONS to package com.qualcomm.qti.calendarwidget (protectionLevel=770 flags=0x3808be45)
11-20 11:31:27.698  1397  1674 W PackageManager: Unknown permission com.qualcomm.qti.internal.permission.ACCESS_ENRICHED_CALL in package com.android.dialer
11-20 11:31:27.698  1397  1674 W PackageManager: Unknown permission android.permission.ADD_SYSTEM_SERVICE in package com.bluebird.test.hiddentestmenu
11-20 11:31:27.698  1397  1674 W PackageManager: Unknown permission com.qualcomm.permission.ACCESS_LOCATION_API in package com.bluebird.test.hiddentestmenu
11-20 11:31:27.698  1397  1674 W PackageManager: Unknown permission com.android.launcher.permission.WRITE_SETTINGS in package com.bluebird.test.hiddentestmenu
11-20 11:31:27.698  1397  1674 W PackageManager: Unknown permission com.android.launcher.permission.READ_SETTINGS in package com.bluebird.test.hiddentestmenu
11-20 11:31:27.698  1397  1674 W PackageManager: Unknown permission com.google.android.permission.INSTALL_WEARABLE_PACKAGES in package com.google.android.packageinstaller
11-20 11:31:27.698  1397  1674 W PackageManager: Unknown permission com.google.android.apps.enterprise.dmagent.permission.AutoSyncPermission in package com.google.android.gms
11-20 11:31:27.698  1397  1674 W PackageManager: Unknown permission com.google.android.hangouts.START_HANGOUT in package com.google.android.gms
11-20 11:31:27.699  1397  1674 W PackageManager: Unknown permission com.google.android.wearable.READ_SETTINGS in package com.google.android.gms
11-20 11:31:27.699  1397  1674 W PackageManager: Unknown permission com.android.launcher.permission.PRELOAD_WORKSPACE in package com.google.android.partnersetup
11-20 11:31:27.699  1397  1674 W PackageManager: Not granting permission com.google.android.googleapps.permission.GOOGLE_AUTH to package com.google.android.videos (protectionLevel=2 flags=0x385bbe45)
11-20 11:31:27.699  1397  1674 W PackageManager: Unknown permission android.permission.ACCESS_SUPERUSER in package com.cyanogenmod.filemanager
11-20 11:31:27.699  1397  1674 W PackageManager: Unknown permission com.cyanogenmod.filemanager.permissions.READ_THEME in package com.cyanogenmod.filemanager
11-20 11:31:27.699  1397  1674 W PackageManager: Not granting permission android.permission.WRITE_MEDIA_STORAGE to package com.google.android.apps.photos (protectionLevel=18 flags=0x3859be45)
11-20 11:31:27.699  1397  1674 W PackageManager: Unknown permission com.google.android.gm.exchange.BIND in package com.google.android.calendar
11-20 11:31:27.699  1397  1674 W PackageManager: Unknown permission com.google.android.gallery3d.permission.PICASA_STORE in package com.android.dreams.phototable
11-20 11:31:27.700  1397  1674 W PackageManager: Not granting permission android.permission.CONTROL_KEYGUARD to package com.google.android.gsf.login (protectionLevel=2 flags=0x3048be45)
11-20 11:31:27.700  1397  1674 W PackageManager: Unknown permission com.android.vending.billing.IBillingAccountService.BIND2 in package com.google.android.gsf.login
11-20 11:31:27.700  1397  1674 W PackageManager: Unknown permission com.android.launcher.permission.READ_SETTINGS in package com.android.settings
11-20 11:31:27.700  1397  1674 W PackageManager: Unknown permission com.android.launcher.permission.WRITE_SETTINGS in package com.android.settings
11-20 11:31:27.700  1397  1674 W PackageManager: Unknown permission com.qualcomm.permission.ACCESS_LOCATION_API in package com.qualcomm.location
11-20 11:31:27.701  1397  1674 W PackageManager: Not granting permission android.permission.INTERACT_ACROSS_USERS_FULL to package org.codeaurora.snapcam (protectionLevel=258 flags=0x3858bc45)
11-20 11:31:27.701  1397  1674 W PackageManager: Not granting permission android.permission.SET_ORIENTATION to package org.codeaurora.snapcam (protectionLevel=2 flags=0x3858bc45)
11-20 11:31:27.701  1397  1674 W PackageManager: Unknown permission net.soti.mobicontrol.permission.MDM_USE_ENTERPRISE_MNGT in package net.soti.mobicontrol.pidion
11-20 11:31:27.701  1397  1674 W PackageManager: Not granting permission android.permission.CAMERA to package net.soti.mobicontrol.pidion because it was previously installed without
11-20 11:31:27.701  1397  1674 W PackageManager: Not granting permission android.permission.READ_CONTACTS to package net.soti.mobicontrol.pidion because it was previously installed without
11-20 11:31:27.701  1397  1674 W PackageManager: Not granting permission android.permission.READ_CALL_LOG to package net.soti.mobicontrol.pidion because it was previously installed without
11-20 11:31:27.701  1397  1674 W PackageManager: Not granting permission android.permission.READ_PHONE_STATE to package net.soti.mobicontrol.pidion because it was previously installed without
11-20 11:31:27.702  1397  1674 W PackageManager: Not granting permission android.permission.READ_EXTERNAL_STORAGE to package net.soti.mobicontrol.pidion because it was previously installed without
11-20 11:31:27.702  1397  1674 W PackageManager: Not granting permission android.permission.WRITE_EXTERNAL_STORAGE to package net.soti.mobicontrol.pidion because it was previously installed without
11-20 11:31:27.702  1397  1674 W PackageManager: Not granting permission android.permission.ACCESS_FINE_LOCATION to package net.soti.mobicontrol.pidion because it was previously installed without
11-20 11:31:27.702  1397  1674 W PackageManager: Not granting permission android.permission.GET_ACCOUNTS to package net.soti.mobicontrol.pidion because it was previously installed without
11-20 11:31:27.702  1397  1674 W PackageManager: Not granting permission android.permission.CALL_PHONE to package net.soti.mobicontrol.pidion because it was previously installed without
11-20 11:31:27.702  1397  1674 W PackageManager: Not granting permission android.permission.PROCESS_OUTGOING_CALLS to package net.soti.mobicontrol.pidion because it was previously installed without
11-20 11:31:27.702  1397  1674 W PackageManager: Unknown permission android.permission.sec.MDM_APP_MGMT in package net.soti.mobicontrol.pidion
11-20 11:31:27.702  1397  1674 W PackageManager: Unknown permission android.permission.sec.MDM_WIFI in package net.soti.mobicontrol.pidion
11-20 11:31:27.702  1397  1674 W PackageManager: Unknown permission android.permission.sec.MDM_BLUETOOTH in package net.soti.mobicontrol.pidion
11-20 11:31:27.702  1397  1674 W PackageManager: Unknown permission android.permission.sec.MDM_ROAMING in package net.soti.mobicontrol.pidion
11-20 11:31:27.702  1397  1674 W PackageManager: Unknown permission android.permission.sec.MDM_HW_CONTROL in package net.soti.mobicontrol.pidion
11-20 11:31:27.702  1397  1674 W PackageManager: Unknown permission android.permission.sec.MDM_EXCHANGE in package net.soti.mobicontrol.pidion
11-20 11:31:27.702  1397  1674 W PackageManager: Unknown permission android.permission.sec.MDM_APN in package net.soti.mobicontrol.pidion
11-20 11:31:27.702  1397  1674 W PackageManager: Unknown permission android.permission.sec.MDM_SECURITY in package net.soti.mobicontrol.pidion
11-20 11:31:27.702  1397  1674 W PackageManager: Unknown permission android.permission.sec.MDM_REMOTE_CONTROL in package net.soti.mobicontrol.pidion
11-20 11:31:27.702  1397  1674 W PackageManager: Unknown permission android.permission.sec.MDM_RESTRICTION in package net.soti.mobicontrol.pidion
11-20 11:31:27.702  1397  1674 W PackageManager: Unknown permission android.permission.sec.MDM_LOCATION in package net.soti.mobicontrol.pidion
11-20 11:31:27.702  1397  1674 W PackageManager: Unknown permission android.permission.sec.MDM_EMAIL in package net.soti.mobicontrol.pidion
11-20 11:31:27.702  1397  1674 W PackageManager: Unknown permission android.permission.sec.MDM_VPN in package net.soti.mobicontrol.pidion
11-20 11:31:27.702  1397  1674 W PackageManager: Unknown permission android.permission.sec.MDM_KIOSK_MODE in package net.soti.mobicontrol.pidion
11-20 11:31:27.702  1397  1467 I UsageStatsService: User[0] Rollover scheduled @ 2017-11-17 16:25:31(1510903531771)
11-20 11:31:27.702  1397  1674 W PackageManager: Unknown permission android.permission.sec.MDM_FIREWALL in package net.soti.mobicontrol.pidion
11-20 11:31:27.702  1397  1674 W PackageManager: Unknown permission android.permission.sec.MDM_ENTERPRISE_VPN in package net.soti.mobicontrol.pidion
11-20 11:31:27.702  1397  1674 W PackageManager: Unknown permission android.permission.sec.MDM_PHONE_RESTRICTION in package net.soti.mobicontrol.pidion
11-20 11:31:27.703  1397  1674 W PackageManager: Unknown permission android.permission.sec.ENTERPRISE_DEVICE_ADMIN in package net.soti.mobicontrol.pidion
11-20 11:31:27.703  1397  1674 W PackageManager: Unknown permission android.permission.sec.MDM_DATE_TIME in package net.soti.mobicontrol.pidion
11-20 11:31:27.703  1397  1674 W PackageManager: Unknown permission android.permission.sec.MDM_BROWSER_SETTINGS in package net.soti.mobicontrol.pidion
11-20 11:31:27.703  1397  1674 W PackageManager: Unknown permission android.permission.sec.MDM_APP_BACKUP in package net.soti.mobicontrol.pidion
11-20 11:31:27.703  1397  1674 W PackageManager: Unknown permission com.android.email.permission.ACCESS_PROVIDER in package net.soti.mobicontrol.pidion
11-20 11:31:27.703  1397  1674 W PackageManager: Unknown permission net.soti.mobicontrol.password.PASSWORD_OR_POLICY_CHANGED in package net.soti.mobicontrol.pidion
11-20 11:31:27.703  1397  1674 W PackageManager: Unknown permission com.google.android.gallery3d.permission.GALLERY_PROVIDER in package com.android.bluetooth
11-20 11:31:27.703  1397  1674 W PackageManager: Unknown permission com.android.gallery3d.permission.GALLERY_PROVIDER in package com.android.bluetooth
11-20 11:31:27.703  1397  1674 W PackageManager: Unknown permission com.android.email.permission.ACCESS_PROVIDER in package com.android.bluetooth
11-20 11:31:27.703  1397  1674 W PackageManager: Unknown permission com.android.email.permission.READ_ATTACHMENT in package com.android.bluetooth
11-20 11:31:27.705  1397  1467 I UsageStatsService: User[0] Rolling over usage stats
11-20 11:31:27.734  1397  1467 I UsageStatsService: User[0] Rollover scheduled @ 2017-11-21 11:31:27(1511231487664)
11-20 11:31:27.735  1397  1467 I UsageStatsService: User[0] Rolling over usage stats complete. Took 29 milliseconds
11-20 11:31:27.813  1397  1674 W MountService: No primary storage mounted!
11-20 11:31:27.813  1397  1674 D VoldConnector: SND -> {2 asec list}
11-20 11:31:27.813  1397  1397 I SystemServer: StartLockSettingsService
11-20 11:31:27.813  1397  1397 I SystemServiceManager: Starting com.android.server.LockSettingsService$Lifecycle
11-20 11:31:27.813  1397  1675 D VoldConnector: RCV <- {200 2 asec operation succeeded}
11-20 11:31:27.820  1397  1397 I SystemServiceManager: Starting com.android.server.PersistentDataBlockService
11-20 11:31:27.825  1397  1397 I SystemServiceManager: Starting com.android.server.DeviceIdleController
11-20 11:31:27.827  1397  1397 E DeviceIdleController: Bad device idle settings
11-20 11:31:27.827  1397  1397 E DeviceIdleController: java.lang.IllegalArgumentException: 'null' in 'null' is not a valid key-value pair
11-20 11:31:27.827  1397  1397 E DeviceIdleController: 	at android.util.KeyValueListParser.setString(KeyValueListParser.java:57)
11-20 11:31:27.827  1397  1397 E DeviceIdleController: 	at com.android.server.DeviceIdleController$Constants.updateConstants(DeviceIdleController.java:791)
11-20 11:31:27.827  1397  1397 E DeviceIdleController: 	at com.android.server.DeviceIdleController$Constants.<init>(DeviceIdleController.java:780)
11-20 11:31:27.827  1397  1397 E DeviceIdleController: 	at com.android.server.DeviceIdleController.onStart(DeviceIdleController.java:1351)
11-20 11:31:27.827  1397  1397 E DeviceIdleController: 	at com.android.server.SystemServiceManager.startService(SystemServiceManager.java:113)
11-20 11:31:27.827  1397  1397 E DeviceIdleController: 	at com.android.server.SystemServer.startOtherServices(SystemServer.java:805)
11-20 11:31:27.827  1397  1397 E DeviceIdleController: 	at com.android.server.SystemServer.run(SystemServer.java:358)
11-20 11:31:27.827  1397  1397 E DeviceIdleController: 	at com.android.server.SystemServer.main(SystemServer.java:240)
11-20 11:31:27.827  1397  1397 E DeviceIdleController: 	at java.lang.reflect.Method.invoke(Native Method)
11-20 11:31:27.827  1397  1397 E DeviceIdleController: 	at com.android.internal.os.ZygoteInit$MethodAndArgsCaller.run(ZygoteInit.java:889)
11-20 11:31:27.827  1397  1397 E DeviceIdleController: 	at com.android.internal.os.ZygoteInit.main(ZygoteInit.java:779)
11-20 11:31:27.830  1397  1397 I SystemServiceManager: Starting com.android.server.devicepolicy.DevicePolicyManagerService$Lifecycle
11-20 11:31:27.840  1397  1397 I SystemServer: StartStatusBarManagerService
11-20 11:31:27.843  1397  1397 I SystemServer: StartClipboardService
11-20 11:31:27.845  1397  1397 I SystemServer: StartNetworkManagementService
11-20 11:31:27.848  1397  1677 I NetworkManagement: onDaemonConnected()
11-20 11:31:27.851  1397  1397 I SystemServiceManager: Starting com.android.server.TextServicesManagerService$Lifecycle
11-20 11:31:27.853  1397  1397 W TextServicesManagerService: no available spell checker services found
11-20 11:31:27.854  1397  1397 I SystemServer: StartNetworkScoreService
11-20 11:31:27.855  1397  1397 I SystemServer: StartNetworkStatsService
11-20 11:31:27.862  1397  1397 I SystemServer: StartNetworkPolicyManagerService
11-20 11:31:27.866  1397  1397 I SystemServer: No Wi-Fi NAN Service (NAN support Not Present)
11-20 11:31:27.878  1397  1397 I SystemServiceManager: Starting com.android.server.wifi.p2p.WifiP2pService
11-20 11:31:27.905  1397  1397 I SystemServiceManager: Starting com.android.server.wifi.WifiService
11-20 11:31:28.080  1397  1672 I ActivityManager: Config changes=8 {1.0 ?mcc?mnc [en_US] ldltr sw341dp w341dp h487dp 150dpi nrml port finger -keyb/v/h -nav/h s.5}
11-20 11:31:28.176  1397  1397 I SystemServiceManager: Starting com.android.server.wifi.scanner.WifiScanningService
11-20 11:31:28.179  1397  1397 I SystemServiceManager: Starting com.android.server.wifi.RttService
11-20 11:31:28.181  1397  1397 I SystemServiceManager: Starting com.android.server.ethernet.EthernetService
11-20 11:31:28.184  1397  1397 I SystemServer: StartConnectivityService
11-20 11:31:28.190  1397  1397 D ConnectivityService: ConnectivityService starting up
11-20 11:31:28.192  1397  1397 D ConnectivityService: wifiOnly=false
11-20 11:31:28.193  1397  1397 E ConnectivityService: Ignoring protectedNetwork 14
11-20 11:31:28.202  1397  1397 I SystemServer: StartNsdService
11-20 11:31:28.206  1397  1397 I SystemServer: StartUpdateLockService
11-20 11:31:28.207  1397  1397 I SystemServiceManager: Starting com.android.server.RecoverySystemService
11-20 11:31:28.210  1397  1397 I SystemServiceManager: Starting com.android.server.notification.NotificationManagerService
11-20 11:31:28.220  1397  1397 D ConditionProviders.SCP: new ScheduleConditionProvider()
11-20 11:31:28.224  1397  1397 D ZenLog  : config: readXml,ZenModeConfig[user=0,allowCalls=true,allowRepeatCallers=false,allowMessages=false,allowCallsFrom=contacts,allowMessagesFrom=contacts,allowReminders=true,allowEvents=true,allowWhenScreenOff=true,allowWhenScreenOn=true,automaticRules={5c3942b98c65434988daa7af846ccb83=ZenRule[enabled=false,snoozing=false,name=Weekend,zenMode=ZEN_MODE_ALARMS,conditionId=condition://android/schedule?days=6.7&start=23.30&end=10.0&exitAtAlarm=false,condition=Condition[id=condition://android/schedule?days=6.7&start=23.30&end=10.0&exitAtAlarm=false,summary=...,line1=...,line2=...,icon=0,state=STATE_FALSE,flags=2],component=ComponentInfo{android/com.android.server.notification.ScheduleConditionProvider},id=5c3942b98c65434988daa7af846ccb83,creationTime=1507236063527,enabler=null], 56b2289a6d954bcf86569e23e5558ccd=ZenRule[enabled=false,snoozing=false,name=Event,zenMode=ZEN_MODE_ALARMS,conditionId=condition://android/event?userId=-10000&calendar=&reply=1,condition=Condition[id=condition://android/event?userId=-10000&calendar=&reply=1,summary=...,line1=...,line2=...,icon=0,state=STATE_FALSE,flags=2],component=ComponentInfo{android/com.android.server.notification.EventConditionProvider},id=56b2289a6d954bcf86569e23e5558ccd,creationTime=1507236063528,enabler=null], 34c64493e38443ad8601cc2a36bdaa32=ZenRule[enabled=false,snoozing=false,name=Weeknight,zenMode=ZEN_MODE_ALARMS,conditionId=condition://android/schedule?days=1.2.3.4.5&start=22.0&end=7.0&exitAtAlarm=false,condition=Condition[id=condition://android/schedule?days=1.2.3.4.5&start=22.0&end=7.0&exitAtAlarm=false,summary=...,line1=...,line2=...,icon=0,state=STATE_FALSE,flags=2],component=ComponentInfo{android/com.android.server.notification.ScheduleConditionProvider},id=34c64493e38443ad8601cc2a36bdaa32,creationTime=1507236063527,enabler=null]},manualRule=null],Diff[automaticRule[5c3942b98c65434988daa7af846ccb83]:insert,automaticRule[56b2289a6d954bcf86569e23e5558ccd]:insert,automaticRule[34c64493e38443ad8601cc2a36bdaa32]:insert,automaticRule[02dbd1e77d304154923ca5596df9d605]:delete,automaticRule[f129e8239f3a4dc38e792aa3162058b3]:delete,automaticRule[16031c33fa8443d288d45be86edf707f]:delete]
11-20 11:31:28.238  1397  1397 D ZenLog  : set_zen_mode: off,init
11-20 11:31:28.241  1397  1397 I SystemServiceManager: Starting com.android.server.storage.DeviceStorageMonitorService
11-20 11:31:28.244  1397  1397 I SystemServer: StartLocationManagerService
11-20 11:31:28.250  1397  1397 I SystemServer: StartCountryDetectorService
11-20 11:31:28.252  1397  1397 I SystemServer: StartSearchManagerService
11-20 11:31:28.252  1397  1397 I SystemServiceManager: Starting com.android.server.search.SearchManagerService$Lifecycle
11-20 11:31:28.254  1397  1397 I SystemServiceManager: Starting com.android.server.DropBoxManagerService
11-20 11:31:28.256  1397  1397 I SystemServer: StartWallpaperManagerService
11-20 11:31:28.256  1397  1397 I SystemServiceManager: Starting com.android.server.wallpaper.WallpaperManagerService$Lifecycle
11-20 11:31:28.259  1397  1397 E WallpaperManagerService: Invalid wallpaper data
11-20 11:31:28.259  1397  1397 E WallpaperManagerService: Unable to apply new wallpaper
11-20 11:31:28.261  1397  1397 I SystemServer: StartAudioService
11-20 11:31:28.261  1397  1397 I SystemServiceManager: Starting com.android.server.audio.AudioService$Lifecycle
11-20 11:31:28.311  1397  1397 I SystemServiceManager: Starting com.android.server.DockObserver
11-20 11:31:28.312  1397  1397 W DockObserver: This kernel does not have dock station support
